******************************************************************************
                  TI ARM Linker Unix v5.2.6                    
******************************************************************************
>> Linked Tue Apr  5 02:50:15 2016

OUTPUT FILE NAME:   <uartecho_MSP_EXP432P401R_TI_MSP432P401R.out>
ENTRY POINT SYMBOL: "_c_int00"  address: 00005495


MEMORY CONFIGURATION

         name            origin    length      used     unused   attr    fill
----------------------  --------  ---------  --------  --------  ----  --------
  MAIN                  00000000   00040000  0000b536  00034aca  R  X
  INFO                  00200000   00004000  00000000  00004000  R  X
  SRAM_CODE             01000000   00010000  00000000  00010000  RW X
  SRAM_DATA             20000000   00010000  000027cd  0000d833  RW  


SEGMENT ALLOCATION MAP

run origin  load origin   length   init length attrs members
----------  ----------- ---------- ----------- ----- -------
00000000    00000000    0000b540   0000b540    r-x
  00000000    00000000    0000003c   0000003c    r-- .resetVecs
  00000040    00000040    00008322   00008322    r-x .text
  00008364    00008364    00002ba8   00002ba8    r-- .const
  0000af10    0000af10    00000630   00000630    r-- .cinit
20000000    20000000    00000140   00000000    rw-
  20000000    20000000    00000140   00000000    rw- .vecs
20000180    20000180    0000238d   00000000    rw-
  20000180    20000180    00001ab0   00000000    rw- .bss
  20001c30    20001c30    000008dd   00000000    rw- .data
2000fd00    2000fd00    00000300   00000000    rw-
  2000fd00    2000fd00    00000300   00000000    rw- .stack


SECTION ALLOCATION MAP

 output                                  attributes/
section   page    origin      length       input sections
--------  ----  ----------  ----------   ----------------
.text      0    00000040    00008322     
                  00000040    0000047e     string.obj (.text:Graphics_drawString)
                  000004be    00000002     power_tirtos_MSP432P401R.aem4f : PowerMSP432_tirtos.oem4f (.text:PowerMSP432_initPolicy)
                  000004c0    00000430     sysbios.aem4f : BIOS.obj (.text:ti_sysbios_family_arm_m3_Hwi_excDumpRegs__I)
                  000008f0    0000034c     ti.targets.arm.rtsarm.aem4f : System.oem4f (.text:xdc_runtime_System_doPrint__I)
                  00000c3c    000002d4     rtsv7M4_T_le_v4SPD16_eabi.lib : trgdrv.obj (.text)
                  00000f10    00000260     drivers_MSP432P401R.aem4f : UARTMSP432.oem4f (.text:UARTMSP432_open)
                  00001170    000001ce     Crystalfontz128x128_ST7735.obj (.text:Crystalfontz128x128_PixelDrawMultiple)
                  0000133e    000001a0     msp432p4xx_driverlib.lib : pcm.o (.text:__PCM_setPowerStateAdvanced)
                  000014de    00000002     rtsv7M4_T_le_v4SPD16_eabi.lib : i_div0.obj (.text)
                  000014e0    00000174     sysbios.aem4f : BIOS.obj (.text:ti_sysbios_family_arm_m3_Hwi_excBusFault__I)
                  00001654    00000004     msp432p4xx_driverlib.lib : cpu.o (.text:CPU_wfi)
                  00001658    00000164     sysbios.aem4f : BIOS.obj (.text:ti_sysbios_family_arm_m3_Hwi_excUsageFault__I)
                  000017bc    00000154     msp432p4xx_driverlib.lib : adc14.o (.text:_getIndexForMemRegister)
                  00001910    00000148     sysbios.aem4f : BIOS.obj (.text:ti_sysbios_family_arm_m3_Hwi_excMemFault__I)
                  00001a58    00000140     drivers_MSP432P401R.aem4f : GPIOMSP432.oem4f (.text:GPIO_setConfig)
                  00001b98    00000138     uartecho_pem4f.oem4f (.text:ti_uia_loggers_LoggerStopMode_writeMemoryRange__E)
                  00001cd0    00000134     Crystalfontz128x128_ST7735.obj (.text:Crystalfontz128x128_SetDrawFrame)
                  00001e04    0000012c     Crystalfontz128x128_ST7735.obj (.text:Crystalfontz128x128_Init)
                  00001f30    00000128     sysbios.aem4f : BIOS.obj (.text:ti_sysbios_knl_Semaphore_pend__E)
                  00002058    00000118     ti.targets.arm.rtsarm.aem4f : Error.oem4f (.text:xdc_runtime_Error_policyDefault__E)
                  00002170    0000010c     sysbios.aem4f : BIOS.obj (.text:ti_sysbios_family_arm_m3_Hwi_excFillContext__I)
                  0000227c    0000010c     uartecho_pem4f.oem4f (.text:ti_uia_loggers_LoggerStopMode_write8__E)
                  00002388    00000108     sysbios.aem4f : BIOS.obj (.text:ti_sysbios_family_arm_m3_Hwi_excHandlerMax__I)
                  00002490    00000100     ti.targets.arm.rtsarm.aem4f : Core-mem.oem4f (.text:xdc_runtime_Core_createObject__I)
                  00002590    000000fa     string.obj (.text:Graphics_getStringWidth)
                  0000268a    00000002     uartecho_pem4f.oem4f (.text:ti_sysbios_BIOS_nullFunc__I)
                  0000268c    000000f8     ti.targets.arm.rtsarm.aem4f : Startup.oem4f (.text:xdc_runtime_Startup_startMods__I)
                  00002784    000000f8     uartecho_pem4f.oem4f (.text:xdc_runtime_System_printfExtend__I)
                  0000287c    000000f4     drivers_MSP432P401R.aem4f : PowerMSP432.oem4f (.text:Power_sleep)
                  00002970    000000f4     sysbios.aem4f : m3_Hwi_asm.obj (.text:ti_sysbios_family_arm_m3_Hwi_dispatch__I)
                  00002a64    000000f4     uartecho_pem4f.oem4f (.text:ti_uia_loggers_LoggerStopMode_write4__E)
                  00002b58    000000f0     drivers_MSP432P401R.aem4f : PowerMSP432.oem4f (.text:initPerfControl)
                  00002c48    000000e8     main.obj (.text:echoFxn)
                  00002d30    000000e8     uartecho_pem4f.oem4f (.text:ti_uia_loggers_LoggerStopMode_write2__E)
                  00002e18    000000e4     uartecho_pem4f.oem4f (.text:ti_uia_loggers_LoggerStopMode_write1__E)
                  00002efc    000000e0     msp432p4xx_driverlib.lib : cs.o (.text:CS_initClockSignal)
                  00002fdc    000000dc                              : pcm.o (.text:__PCM_setPowerModeAdvanced)
                  000030b8    000000d8     uartecho_pem4f.oem4f (.text:ti_uia_loggers_LoggerStopMode_write0__E)
                  00003190    000000cc     sysbios.aem4f : BIOS.obj (.text:ti_sysbios_heaps_HeapMem_alloc__E)
                  0000325c    000000cc     ti.targets.arm.rtsarm.aem4f : Core-smem.oem4f (.text:xdc_runtime_Core_constructObject__I)
                  00003328    000000c4     ped_adc.obj (.text:init_adc)
                  000033ec    00000004     msp432p4xx_driverlib.lib : spi.o (.text:EUSCI_A_SPI_transmitData)
                  000033f0    000000bc     sysbios.aem4f : BIOS.obj (.text:ti_sysbios_family_arm_m3_Hwi_excDebugMon__I)
                  000034ac    00000004     msp432p4xx_driverlib.lib : spi.o (.text:EUSCI_B_SPI_transmitData)
                  000034b0    000000bc     sysbios.aem4f : BIOS.obj (.text:ti_sysbios_family_arm_m3_Hwi_excHardFault__I)
                  0000356c    00000004     tirtosport.aem4f : HwiP_tirtos.oem4f (.text:HwiP_disable)
                  00003570    000000b4     sysbios.aem4f : BIOS.obj (.text:ti_sysbios_knl_Task_checkStacks__E)
                  00003624    000000b0     drivers_MSP432P401R.aem4f : UARTMSP432.oem4f (.text:UARTMSP432_readPolling)
                  000036d4    000000b0     msp432p4xx_driverlib.lib : pcm.o (.text:__PCM_setCoreVoltageLevelAdvanced)
                  00003784    00000004     drivers_MSP432P401R.aem4f : List.oem4f (.text:List_head)
                  00003788    000000a8     sysbios.aem4f : BIOS.obj (.text:ti_sysbios_family_arm_msp432_Timer_periodicStub__E)
                  00003830    000000a4     drivers_MSP432P401R.aem4f : UARTMSP432.oem4f (.text:UARTMSP432_control)
                  000038d4    000000a0     auto_init.aem4f : auto_init.oem4f (.text)
                  00003974    000000a0     ti.targets.arm.rtsarm.aem4f : Text.oem4f (.text:xdc_runtime_Text_putMod__E)
                  00003a14    0000009c     Crystalfontz128x128_ST7735.obj (.text:Crystalfontz128x128_RectFill)
                  00003ab0    0000009c     line.obj (.text:Graphics_drawLineH)
                  00003b4c    0000009c     drivers_MSP432P401R.aem4f : UARTMSP432.oem4f (.text:readTaskBlocking)
                  00003be8    0000009c     rtsv7M4_T_le_v4SPD16_eabi.lib : memcpy_t2.obj (.text)
                  00003c84    0000009a     ti.targets.arm.rtsarm.aem4f : Text.oem4f (.text:xdc_runtime_Text_putSite__E)
                  00003d1e    00000002     uartecho_pem4f.oem4f (.text:ti_uia_loggers_LoggerStopMode_setFilterLevel__E)
                  00003d20    00000094     msp432p4xx_driverlib.lib : uart.o (.text:UART_initModule)
                  00003db4    00000004     drivers_MSP432P401R.aem4f : List.oem4f (.text:List_next)
                  00003db8    00000094     sysbios.aem4f : BIOS.obj (.text:ti_sysbios_family_arm_m3_Hwi_Instance_init__E)
                  00003e4c    00000004     drivers_MSP432P401R.aem4f : PowerMSP432.oem4f (.text:PowerMSP432_getNumPerfLevels)
                  00003e50    00000094     sysbios.aem4f : BIOS.obj (.text:ti_sysbios_family_arm_m3_Hwi_initNVIC__E)
                  00003ee4    00000090     ti.uia.loggers.aem4f : LoggerStopMode.oem4f (.text:ti_uia_loggers_LoggerStopMode_initQueueDescriptor__E)
                  00003f74    0000008c     sysbios.aem4f : m3_TaskSupport_asm.obj (.text:ti_sysbios_family_arm_m3_TaskSupport_buildTaskStack)
                  00004000    0000008c                   : BIOS.obj (.text:ti_sysbios_knl_Task_postInit__I)
                  0000408c    0000008a     drivers_MSP432P401R.aem4f : UARTMSP432.oem4f (.text:UARTMSP432_close)
                  00004116    00000088     msp432p4xx_driverlib.lib : spi.o (.text:SPI_initMaster)
                  0000419e    00000002     ti.uia.loggers.aem4f : LoggerStopMode.oem4f (.text:ti_uia_loggers_LoggerStopMode_setPriority__E)
                  000041a0    00000088     sysbios.aem4f : BIOS.obj (.text:ti_sysbios_knl_Mailbox_post__E)
                  00004228    00000084     drivers_MSP432P401R.aem4f : UARTMSP432.oem4f (.text:initHw)
                  000042ac    00000084     lcd_display.obj (.text:init_lcd)
                  00004330    00000084     sysbios.aem4f : BIOS.obj (.text:ti_sysbios_family_arm_m3_Hwi_postInit__I)
                  000043b4    00000084     drivers_MSP432P401R.aem4f : UARTMSP432.oem4f (.text:writeData)
                  00004438    00000082                               : UARTMSP432.oem4f (.text:readIsrTextCallback)
                  000044ba    00000006     msp432p4xx_driverlib.lib : uart.o (.text:UART_getInterruptStatus)
                  000044c0    00000080     sysbios.aem4f : BIOS.obj (.text:ti_sysbios_utils_Load_updateLoads__E)
                  00004540    0000007c     msp432p4xx_driverlib.lib : pcm.o (.text:PCM_gotoLPM3)
                  000045bc    00000004     uartecho_pem4f.oem4f (.text:ti_sysbios_BIOS_RtsGateProxy_enter__E)
                  000045c0    0000007c     sysbios.aem4f : BIOS.obj (.text:ti_sysbios_family_arm_m3_TimestampProvider_get64__E)
                  0000463c    00000004     uartecho_pem4f.oem4f (.text:ti_sysbios_BIOS_RtsGateProxy_leave__E)
                  00004640    0000007c     sysbios.aem4f : BIOS.obj (.text:ti_sysbios_heaps_HeapMem_free__E)
                  000046bc    0000007a     drivers_MSP432P401R.aem4f : UARTMSP432.oem4f (.text:UARTMSP432_write)
                  00004736    0000007a                               : UARTMSP432.oem4f (.text:readTaskCallback)
                  000047b0    0000007a     rtsv7M4_T_le_v4SPD16_eabi.lib : memset_t2.obj (.text)
                  0000482a    00000074     drivers_MSP432P401R.aem4f : UARTMSP432.oem4f (.text:readIsrTextBlocking)
                  0000489e    00000002     --HOLE-- [fill = 0]
                  000048a0    00000074     sysbios.aem4f : BIOS.obj (.text:ti_sysbios_knl_Mailbox_pend__E)
                  00004914    00000074     ti.uia.runtime.aem4f : QueueDescriptor.oem4f (.text:ti_uia_runtime_QueueDescriptor_addToList__E)
                  00004988    00000070     sysbios.aem4f : BIOS.obj (.text:ti_sysbios_knl_Semaphore_post__E)
                  000049f8    0000006d     ti.targets.arm.rtsarm.aem4f : System.oem4f (.text:xdc_runtime_System_formatNum__I)
                  00004a65    00000003     --HOLE-- [fill = 0]
                  00004a68    0000006c     sysbios.aem4f : BIOS.obj (.text:ti_sysbios_knl_Clock_workFunc__E)
                  00004ad4    00000004     uartecho_pem4f.oem4f (.text:ti_sysbios_family_arm_m3_Hwi_destruct)
                  00004ad8    0000006c     sysbios.aem4f : BIOS.obj (.text:ti_sysbios_knl_Swi_restoreHwi__E)
                  00004b44    00000004     uartecho_pem4f.oem4f (.text:ti_sysbios_family_arm_m3_TaskSupport_Module__startupDone__S)
                  00004b48    0000006c     sysbios.aem4f : BIOS.obj (.text:ti_sysbios_knl_Task_exit__E)
                  00004bb4    0000006c     ti.targets.arm.rtsarm.aem4f : Error.oem4f (.text:xdc_runtime_Error_print__E)
                  00004c20    0000006c                                 : Memory.oem4f (.text:xdc_runtime_Memory_alloc__E)
                  00004c8c    0000006a     rtsv7M4_T_le_v4SPD16_eabi.lib : copy_decompress_rle.obj (.text)
                  00004cf6    00000002     --HOLE-- [fill = 0]
                  00004cf8    00000068     main.obj (.text:ADC14_IRQHandler)
                  00004d60    00000068     rtsv7M4_T_le_v4SPD16_eabi.lib : trgmsg.obj (.text)
                  00004dc8    00000066     ti.uia.loggers.aem4f : LoggerStopMode.oem4f (.text:ti_uia_loggers_LoggerStopMode_flush__E)
                  00004e2e    00000066     ti.targets.arm.rtsarm.aem4f : Core-mem.oem4f (.text:xdc_runtime_Core_deleteObject__I)
                  00004e94    00000064     drivers_MSP432P401R.aem4f : UARTMSP432.oem4f (.text:UARTMSP432_writePolling)
                  00004ef8    00000064     sysbios.aem4f : BIOS.obj (.text:ti_sysbios_family_arm_m3_Hwi_dispatchC__I)
                  00004f5c    00000004     uartecho_pem4f.oem4f (.text:ti_sysbios_heaps_HeapMem_Module_GateProxy_enter__E)
                  00004f60    00000064     sysbios.aem4f : BIOS.obj (.text:ti_sysbios_utils_Load_idleFxn__E)
                  00004fc4    00000062     tirtosport.aem4f : HwiP_tirtos.oem4f (.text:HwiP_create)
                  00005026    00000060     Crystalfontz128x128_ST7735.obj (.text:Crystalfontz128x128_LineDrawH)
                  00005086    00000060     Crystalfontz128x128_ST7735.obj (.text:Crystalfontz128x128_LineDrawV)
                  000050e6    00000002     --HOLE-- [fill = 0]
                  000050e8    00000060     sysbios.aem4f : BIOS.obj (.text:ti_sysbios_family_arm_m3_TimestampProvider_get32__E)
                  00005148    00000060                   : BIOS.obj (.text:ti_sysbios_knl_Task_schedule__I)
                  000051a8    0000005c     drivers_MSP432P401R.aem4f : GPIOMSP432.oem4f (.text:GPIO_init)
                  00005204    00000004     uartecho_pem4f.oem4f (.text:ti_sysbios_heaps_HeapMem_Module_GateProxy_leave__E)
                  00005208    0000005c     sysbios.aem4f : BIOS.obj (.text:ti_sysbios_knl_Swi_run__I)
                  00005264    00000004     uartecho_pem4f.oem4f (.text:ti_sysbios_knl_Clock_TimerProxy_getMaxTicks__E)
                  00005268    0000005c     sysbios.aem4f : BIOS.obj (.text:ti_sysbios_knl_Swi_schedule__I)
                  000052c4    00000004     uartecho_pem4f.oem4f (.text:ti_sysbios_knl_Clock_destruct)
                  000052c8    0000005c     sysbios.aem4f : BIOS.obj (.text:ti_sysbios_knl_Task_Module_startup__E)
                  00005324    00000004     uartecho_pem4f.oem4f (.text:ti_sysbios_knl_Queue_destruct)
                  00005328    0000005c     sysbios.aem4f : BIOS.obj (.text:ti_sysbios_knl_Task_startCore__E)
                  00005384    0000005b     ti.targets.arm.rtsarm.aem4f : Text.oem4f (.text:xdc_runtime_Text_putLab__E)
                  000053df    00000001     --HOLE-- [fill = 0]
                  000053e0    0000005a     tirtosport.aem4f : ClockP_tirtos.oem4f (.text:ClockP_create)
                  0000543a    00000058                      : SemaphoreP_tirtos.oem4f (.text:SemaphoreP_create)
                  00005492    00000002     --HOLE-- [fill = 0]
                  00005494    00000058     boot.aem4f : boot.oem4f (.text)
                  000054ec    00000058     uartecho_pem4f.oem4f (.text:ti_sysbios_family_arm_m3_Hwi_construct)
                  00005544    00000058     sysbios.aem4f : m3_Hwi_asm_switch.obj (.text:ti_sysbios_family_arm_m3_Hwi_initStacks__E)
                  0000559c    00000054     Crystalfontz128x128_ST7735.obj (.text:Crystalfontz128x128_SetOrientation)
                  000055f0    00000054     drivers_MSP432P401R.aem4f : GPIOMSP432.oem4f (.text:GPIO_hwiIntFxn)
                  00005644    00000054                               : GPIOMSP432.oem4f (.text:GPIO_setCallback)
                  00005698    00000054     sysbios.aem4f : BIOS.obj (.text:ti_sysbios_family_arm_m3_Timer_start__E)
                  000056ec    00000004     uartecho_pem4f.oem4f (.text:ti_sysbios_knl_Semaphore_destruct)
                  000056f0    00000054     sysbios.aem4f : BIOS.obj (.text:ti_sysbios_family_arm_msp432_Timer_initDevice__I)
                  00005744    00000004     ti.uia.loggers.aem4f : LoggerStopMode.oem4f (.text:ti_uia_loggers_LoggerStopMode_getContents__E)
                  00005748    00000054     sysbios.aem4f : BIOS.obj (.text:ti_sysbios_family_arm_msp432_init_Boot_configureClocksHigh)
                  0000579c    00000054     ti.targets.arm.rtsarm.aem4f : Assert.oem4f (.text:xdc_runtime_Assert_raise__I)
                  000057f0    00000052     drivers_MSP432P401R.aem4f : UARTMSP432.oem4f (.text:UARTMSP432_writeCancel)
                  00005842    00000002     --HOLE-- [fill = 0]
                  00005844    00000050     msp432p4xx_driverlib.lib : pcm.o (.text:PCM_shutdownDevice)
                  00005894    00000050     power_tirtos_MSP432P401R.aem4f : PowerMSP432_tirtos.oem4f (.text:PowerMSP432_sleepPolicy)
                  000058e4    00000004     uartecho_pem4f.oem4f (.text:ti_uia_loggers_LoggerStopMode_getFilterLevel__E)
                  000058e8    00000050     sysbios.aem4f : BIOS.obj (.text:ti_sysbios_family_arm_m3_Hwi_Module_startup__E)
                  00005938    00000050     ti.targets.arm.rtsarm.aem4f : Startup.oem4f (.text:xdc_runtime_Startup_exec__E)
                  00005988    00000050                                 : Text.oem4f (.text:xdc_runtime_Text_visitRope2__I)
                  000059d8    0000004c     msp432p4xx_driverlib.lib : gpio.o (.text:GPIO_setAsPeripheralModuleFunctionOutputPin)
                  00005a24    0000004c     rtsv7M4_T_le_v4SPD16_eabi.lib : cpy_tbl.obj (.text)
                  00005a70    0000004c     sysbios.aem4f : BIOS.obj (.text:ti_sysbios_family_arm_msp432_Timer_start__E)
                  00005abc    00000004     ti.uia.loggers.aem4f : LoggerStopMode.oem4f (.text:ti_uia_loggers_LoggerStopMode_getInstanceId__E)
                  00005ac0    0000004c     sysbios.aem4f : BIOS.obj (.text:ti_sysbios_heaps_HeapMem_getStats__E)
                  00005b0c    00000004     ti.uia.loggers.aem4f : LoggerStopMode.oem4f (.text:ti_uia_loggers_LoggerStopMode_getMaxLength__E)
                  00005b10    0000004c     sysbios.aem4f : BIOS.obj (.text:ti_sysbios_knl_Swi_runLoop__I)
                  00005b5c    00000004     ti.uia.loggers.aem4f : LoggerStopMode.oem4f (.text:ti_uia_loggers_LoggerStopMode_getPriority__E)
                  00005b60    0000004c     sysbios.aem4f : BIOS.obj (.text:ti_sysbios_knl_Task_allBlockedFunction__I)
                  00005bac    0000004c     ti.uia.loggers.aem4f : LoggerStopMode.oem4f (.text:ti_uia_loggers_LoggerStopMode_Module_startup__E)
                  00005bf8    0000004c     lcd_display.obj (.text:write_lcd)
                  00005c44    0000004a     context.obj (.text:Graphics_initContext)
                  00005c8e    00000002     --HOLE-- [fill = 0]
                  00005c90    00000048     msp432p4xx_driverlib.lib : gpio.o (.text:GPIO_setAsPeripheralModuleFunctionInputPin)
                  00005cd8    00000048     string.obj (.text:Graphics_drawStringCentered)
                  00005d20    00000048     main.obj (.text:adcCalc)
                  00005d68    00000048     sysbios.aem4f : BIOS.obj (.text:ti_sysbios_family_arm_m3_Hwi_disableInterrupt__E)
                  00005db0    00000048                   : BIOS.obj (.text:ti_sysbios_family_arm_m3_Hwi_enableInterrupt__E)
                  00005df8    00000048                   : BIOS.obj (.text:ti_sysbios_family_arm_m3_Hwi_excReserved__I)
                  00005e40    00000048                   : BIOS.obj (.text:ti_sysbios_family_arm_m3_Timer_initDevice__I)
                  00005e88    00000048                   : BIOS.obj (.text:ti_sysbios_family_arm_m3_Timer_setPeriod__E)
                  00005ed0    00000048                   : BIOS.obj (.text:ti_sysbios_knl_Mailbox_Module_startup__E)
                  00005f18    00000046     drivers_MSP432P401R.aem4f : RingBuf.oem4f (.text:RingBuf_put)
                  00005f5e    00000046                               : UARTMSP432.oem4f (.text:readIsrBinaryBlocking)
                  00005fa4    00000046     ti.targets.arm.rtsarm.aem4f : Core-params.oem4f (.text:xdc_runtime_Core_assignParams__I)
                  00005fea    00000002     --HOLE-- [fill = 0]
                  00005fec    00000044     rtsv7M4_T_le_v4SPD16_eabi.lib : exit.obj (.text)
                  00006030    00000044     sysbios.aem4f : BIOS.obj (.text:ti_sysbios_family_arm_m3_Hwi_getStackInfo__E)
                  00006074    00000004     ti.uia.loggers.aem4f : LoggerStopMode.oem4f (.text:ti_uia_loggers_LoggerStopMode_getTransferType__E)
                  00006078    00000044     sysbios.aem4f : BIOS.obj (.text:ti_sysbios_knl_Swi_post__E)
                  000060bc    00000044     ti.uia.loggers.aem4f : LoggerStopMode.oem4f (.text:ti_uia_loggers_LoggerStopMode_initBuffer__I)
                  00006100    00000044     ti.targets.arm.rtsarm.aem4f : Error.oem4f (.text:xdc_runtime_Error_setX__E)
                  00006144    00000044                                 : SysMin.oem4f (.text:xdc_runtime_SysMin_flush__E)
                  00006188    00000044                                 : Text.oem4f (.text:xdc_runtime_Text_xprintf__I)
                  000061cc    00000042     drivers_MSP432P401R.aem4f : UARTMSP432.oem4f (.text:UARTMSP432_hwiIntFxn)
                  0000620e    00000040     Crystalfontz128x128_ST7735.obj (.text:Crystalfontz128x128_PixelDraw)
                  0000624e    00000002     --HOLE-- [fill = 0]
                  00006250    00000040     msp432p4xx_driverlib.lib : flash.o (.text:FlashCtl_disableReadBuffering)
                  00006290    00000040     string.obj (.text:Graphics_getNumberOfLeadingZeros)
                  000062d0    00000040     HAL_MSP_EXP432P401R_Crystalfontz128x128_ST7735.obj (.text:HAL_LCD_SpiInit)
                  00006310    00000040     drivers_MSP432P401R.aem4f : RingBuf.oem4f (.text:RingBuf_get)
                  00006350    00000040                               : UARTMSP432.oem4f (.text:UARTMSP432_read)
                  00006390    00000040                               : PowerMSP432.oem4f (.text:notify)
                  000063d0    00000040     rtsv7M4_T_le_v4SPD16_eabi.lib : u_divt2.obj (.text)
                  00006410    00000040     sysbios.aem4f : BIOS.obj (.text:ti_sysbios_family_arm_msp432_Timer_Module_startup__E)
                  00006450    00000040                   : BIOS.obj (.text:ti_sysbios_family_arm_msp432_Timer_startup__E)
                  00006490    00000040                   : BIOS.obj (.text:ti_sysbios_heaps_HeapMem_Instance_init__E)
                  000064d0    0000003c     drivers_MSP432P401R.aem4f : PowerMSP432.oem4f (.text:Power_init)
                  0000650c    00000004     ti.targets.arm.rtsarm.aem4f : Error.oem4f (.text:xdc_runtime_Error_getSite__E)
                  00006510    0000003c     sysbios.aem4f : BIOS.obj (.text:ti_sysbios_family_arm_m3_Hwi_excSvCall__I)
                  0000654c    00000004     uartecho_pem4f.oem4f (.text:xdc_runtime_System_Module_GateProxy_enter__E)
                  00006550    0000003c     sysbios.aem4f : BIOS.obj (.text:ti_sysbios_heaps_HeapMem_init__I)
                  0000658c    00000004     uartecho_pem4f.oem4f (.text:xdc_runtime_System_Module_GateProxy_leave__E)
                  00006590    0000003c     sysbios.aem4f : BIOS.obj (.text:ti_sysbios_knl_Clock_Instance_init__E)
                  000065cc    00000004     ti.targets.arm.rtsarm.aem4f : System.oem4f (.text:xdc_runtime_System_aprintf_va__F)
                  000065d0    0000003c     sysbios.aem4f : BIOS.obj (.text:ti_sysbios_knl_Swi_restore__E)
                  0000660c    0000003a     drivers_MSP432P401R.aem4f : UARTMSP432.oem4f (.text:readIsrBinaryCallback)
                  00006646    00000002     --HOLE-- [fill = 0]
                  00006648    00000038     main.obj (.text:LcDTask)
                  00006680    00000038     drivers_MSP432P401R.aem4f : UART.oem4f (.text:UART_init)
                  000066b8    00000038     sysbios.aem4f : BIOS.obj (.text:ti_sysbios_family_arm_m3_Hwi_excNoIsr__I)
                  000066f0    00000038     ti.targets.arm.rtsarm.aem4f : SysMin.oem4f (.text:xdc_runtime_SysMin_putch__E)
                  00006728    00000038                                 : System.oem4f (.text:xdc_runtime_System_atexit__E)
                  00006760    00000036     drivers_MSP432P401R.aem4f : UARTMSP432.oem4f (.text:UARTMSP432_readCancel)
                  00006796    00000036                               : UARTMSP432.oem4f (.text:perfChangeNotifyFxn)
                  000067cc    00000034     msp432p4xx_driverlib.lib : flash.o (.text:FlashCtl_enableReadBuffering)
                  00006800    00000034     display.obj (.text:Graphics_drawHorizontalLineOnDisplay)
                  00006834    00000034     HAL_MSP_EXP432P401R_Crystalfontz128x128_ST7735.obj (.text:HAL_LCD_writeCommand)
                  00006868    00000034     sysbios.aem4f : BIOS.obj (.text:ti_sysbios_family_arm_m3_Hwi_Instance_finalize__E)
                  0000689c    00000004     ti.targets.arm.rtsarm.aem4f : System.oem4f (.text:xdc_runtime_System_printf_va__F)
                  000068a0    00000034     sysbios.aem4f : BIOS.obj (.text:ti_sysbios_family_arm_m3_Hwi_excNmi__I)
                  000068d4    00000004     --HOLE-- [fill = 0]
                  000068d8    00000034                   : BIOS.obj (.text:ti_sysbios_family_arm_m3_Timer_periodicStub__I)
                  0000690c    00000004     --HOLE-- [fill = 0]
                  00006910    00000034                   : BIOS.obj (.text:ti_sysbios_hal_Hwi_checkStack)
                  00006944    00000034     uartecho_pem4f.oem4f (.text:ti_sysbios_knl_Clock_construct)
                  00006978    00000034     ti.uia.loggers.aem4f : LoggerStopMode.oem4f (.text:ti_uia_loggers_LoggerStopMode_reset__E)
                  000069ac    00000034     ti.targets.arm.rtsarm.aem4f : Core-label.oem4f (.text:xdc_runtime_Core_assignLabel__I)
                  000069e0    00000033                                 : Text.oem4f (.text:xdc_runtime_Text_printVisFxn__I)
                  00006a13    00000005     --HOLE-- [fill = 0]
                  00006a18    00000032     sysbios.aem4f : BIOS.obj (.text:ti_sysbios_hal_Hwi_initStack)
                  00006a4a    00000002     --HOLE-- [fill = 0]
                  00006a4c    00000030     drivers_MSP432P401R.aem4f : GPIOMSP432.oem4f (.text:GPIO_getEnabledInterruptStatus_WA)
                  00006a7c    00000030     msp432p4xx_driverlib.lib : gpio.o (.text:GPIO_setAsInputPinWithPullDownResistor)
                  00006aac    00000030                              : gpio.o (.text:GPIO_setAsInputPinWithPullUpResistor)
                  00006adc    00000030     HAL_MSP_EXP432P401R_Crystalfontz128x128_ST7735.obj (.text:HAL_LCD_PortInit)
                  00006b0c    00000030     drivers_MSP432P401R.aem4f : UART.oem4f (.text:UART_open)
                  00006b3c    00000030     msp432p4xx_driverlib.lib : spi.o (.text:is_A_Module)
                  00006b6c    00000030     uartecho_pem4f.oem4f (.text:ti_sysbios_BIOS_atExitFunc__I)
                  00006b9c    00000004     --HOLE-- [fill = 0]
                  00006ba0    00000030     sysbios.aem4f : BIOS.obj (.text:ti_sysbios_family_arm_m3_TaskSupport_start__E)
                  00006bd0    00000030                   : BIOS.obj (.text:ti_sysbios_family_arm_msp432_Timer_setPeriod__E)
                  00006c00    00000030     uartecho_pem4f.oem4f (.text:ti_sysbios_gates_GateHwi_Object__create__S)
                  00006c30    00000030     uartecho_pem4f.oem4f (.text:ti_sysbios_gates_GateMutex_Object__create__S)
                  00006c60    00000030     sysbios.aem4f : BIOS.obj (.text:ti_sysbios_gates_GateMutex_enter__E)
                  00006c90    00000030     uartecho_pem4f.oem4f (.text:ti_sysbios_heaps_HeapMem_Object__create__S)
                  00006cc0    00000030     sysbios.aem4f : BIOS.obj (.text:ti_sysbios_knl_Mailbox_postInit__I)
                  00006cf0    00000030     uartecho_pem4f.oem4f (.text:ti_sysbios_knl_Semaphore_construct)
                  00006d20    00000030     sysbios.aem4f : BIOS.obj (.text:ti_sysbios_knl_Semaphore_pendTimeout__I)
                  00006d50    00000030                   : BIOS.obj (.text:ti_sysbios_knl_Task_processVitalTaskFlag__I)
                  00006d80    00000030                   : BIOS.obj (.text:ti_sysbios_knl_Task_unblockI__E)
                  00006db0    00000030                   : BIOS.obj (.text:ti_sysbios_utils_Load_updateCurrentThreadTime__E)
                  00006de0    00000030     uartecho_pem4f.oem4f (.text:ti_uia_loggers_LoggerStopMode_Object__create__S)
                  00006e10    00000030     ti.targets.arm.rtsarm.aem4f : SysMin.oem4f (.text:xdc_runtime_SysMin_abort__E)
                  00006e40    00000030                                 : System.oem4f (.text:xdc_runtime_System_processAtExit__E)
                  00006e70    0000002c     Crystalfontz128x128_ST7735.obj (.text:Crystalfontz128x128_ClearScreen)
                  00006e9c    0000002c     msp432p4xx_driverlib.lib : gpio.o (.text:GPIO_setAsInputPin)
                  00006ec8    0000002c                              : pcm.o (.text:PCM_getCoreVoltageLevel)
                  00006ef4    0000002c     power_tirtos_MSP432P401R.aem4f : PowerMSP432_tirtos.oem4f (.text:PowerMSP432_updateFreqs)
                  00006f20    0000002c     drivers_MSP432P401R.aem4f : PowerMSP432.oem4f (.text:Power_releaseConstraint)
                  00006f4c    0000002c                               : PowerMSP432.oem4f (.text:Power_setConstraint)
                  00006f78    0000002c     main.obj (.text:start_button)
                  00006fa4    0000002c     uartecho_pem4f.oem4f (.text:ti_sysbios_knl_Clock_doTick__I)
                  00006fd0    0000002c     uartecho_pem4f.oem4f (.text:ti_sysbios_knl_Queue_construct)
                  00006ffc    00000004     --HOLE-- [fill = 0]
                  00007000    0000002c     sysbios.aem4f : BIOS.obj (.text:ti_sysbios_knl_Task_restore__E)
                  0000702c    0000002c     ti.targets.arm.rtsarm.aem4f : Text.oem4f (.text:xdc_runtime_Text_cordText__E)
                  00007058    0000002a     display.obj (.text:Graphics_drawPixelOnDisplay)
                  00007082    0000002a     msp432p4xx_driverlib.lib : pcm.o (.text:PCM_getPowerMode)
                  000070ac    0000002a     drivers_MSP432P401R.aem4f : UARTMSP432.oem4f (.text:findBaudDividerIndex)
                  000070d6    0000002a     ped_adc.obj (.text:init_clocks)
                  00007100    0000002a     ti.targets.arm.rtsarm.aem4f : System.oem4f (.text:xdc_runtime_System_putchar__I)
                  0000712a    00000028     Crystalfontz128x128_ST7735.obj (.text:Crystalfontz128x128_ColorTranslate)
                  00007152    00000002     --HOLE-- [fill = 0]
                  00007154    00000028     msp432p4xx_driverlib.lib : flash.o (.text:FlashCtl_setWaitState)
                  0000717c    00000028                              : pcm.o (.text:PCM_gotoLPM0)
                  000071a4    00000028     uartecho_pem4f.oem4f (.text:ti_sysbios_BIOS_startFunc__I)
                  000071cc    00000004     --HOLE-- [fill = 0]
                  000071d0    00000028     sysbios.aem4f : BIOS.obj (.text:ti_sysbios_knl_Clock_addI__E)
                  000071f8    00000028                   : BIOS.obj (.text:ti_sysbios_knl_Swi_Module_startup__E)
                  00007220    00000026     drivers_MSP432P401R.aem4f : List.oem4f (.text:List_put)
                  00007246    00000026     main.obj (.text:main)
                  0000726c    00000026     sysbios.aem4f : m3_Hwi_asm.obj (.text:ti_sysbios_family_arm_m3_Hwi_pendSV__I)
                  00007292    00000026     ti.targets.arm.rtsarm.aem4f : System.oem4f (.text:xdc_runtime_System_avprintf__E)
                  000072b8    00000024     msp432p4xx_driverlib.lib : cs.o (.text:CS_setDCOCenteredFrequency)
                  000072dc    00000024                              : gpio.o (.text:GPIO_setAsOutputPin)
                  00007300    00000024     HAL_MSP_EXP432P401R_Crystalfontz128x128_ST7735.obj (.text:HAL_LCD_writeData)
                  00007324    00000024     msp432p4xx_driverlib.lib : rtc_c.o (.text:RTC_C_holdClock)
                  00007348    00000024                              : rtc_c.o (.text:RTC_C_startClock)
                  0000736c    00000024                              : uart.o (.text:UART_disableInterrupt)
                  00007390    00000024                              : uart.o (.text:UART_receiveData)
                  000073b4    00000024                              : uart.o (.text:UART_transmitData)
                  000073d8    00000024     uartecho_pem4f.oem4f (.text:ti_sysbios_BIOS_errorRaiseHook__I)
                  000073fc    00000024     uartecho_pem4f.oem4f (.text:ti_sysbios_BIOS_registerRTSLock__I)
                  00007420    00000024     uartecho_pem4f.oem4f (.text:ti_sysbios_BIOS_removeRTSLock__I)
                  00007444    00000004     --HOLE-- [fill = 0]
                  00007448    00000024     sysbios.aem4f : BIOS.obj (.text:ti_sysbios_family_arm_m3_Timer_Module_startup__E)
                  0000746c    00000004     --HOLE-- [fill = 0]
                  00007470    00000024                   : BIOS.obj (.text:ti_sysbios_family_arm_m3_Timer_postInit__I)
                  00007494    00000004     --HOLE-- [fill = 0]
                  00007498    00000024                   : BIOS.obj (.text:ti_sysbios_family_arm_m3_Timer_startup__E)
                  000074bc    00000004     --HOLE-- [fill = 0]
                  000074c0    00000024                   : BIOS.obj (.text:ti_sysbios_family_arm_msp432_ClockFreqs_setFrequency__E)
                  000074e4    00000004     --HOLE-- [fill = 0]
                  000074e8    00000024                   : BIOS.obj (.text:ti_sysbios_family_arm_msp432_Timer_postInit__I)
                  0000750c    00000024     uartecho_pem4f.oem4f (.text:ti_sysbios_gates_GateMutex_Object__delete__S)
                  00007530    00000024     sysbios.aem4f : BIOS.obj (.text:ti_sysbios_knl_Clock_Module_startup__E)
                  00007554    00000004     --HOLE-- [fill = 0]
                  00007558    00000024                   : BIOS.obj (.text:ti_sysbios_knl_Clock_start__E)
                  0000757c    00000004     --HOLE-- [fill = 0]
                  00007580    00000024                   : BIOS.obj (.text:ti_sysbios_knl_Semaphore_Instance_init__E)
                  000075a4    00000004     --HOLE-- [fill = 0]
                  000075a8    00000024                   : BIOS.obj (.text:ti_sysbios_knl_Task_restoreHwi__E)
                  000075cc    00000004     --HOLE-- [fill = 0]
                  000075d0    00000024                   : BIOS.obj (.text:ti_sysbios_utils_Load_updateThreadContexts__E)
                  000075f4    00000024     ti.targets.arm.rtsarm.aem4f : System.oem4f (.text:xdc_runtime_System_vprintf__E)
                  00007618    00000022     uartecho_pem4f.oem4f (.text:xdc_runtime_SysMin_output__I)
                  0000763a    00000002     --HOLE-- [fill = 0]
                  0000763c    00000020     msp432p4xx_driverlib.lib : gpio.o (.text:GPIO_interruptEdgeSelect)
                  0000765c    00000020     drivers_MSP432P401R.aem4f : PowerMSP432.oem4f (.text:PowerMSP432_getFreqs)
                  0000767c    00000020                               : PowerMSP432.oem4f (.text:Power_idleFunc)
                  0000769c    00000020                               : PowerMSP432.oem4f (.text:Power_unregisterNotify)
                  000076bc    00000020     msp432p4xx_driverlib.lib : spi.o (.text:SPI_transmitData)
                  000076dc    00000020     uartecho_pem4f.oem4f (.text:ti_sysbios_BIOS_rtsLock__I)
                  000076fc    00000020     sysbios.aem4f : m3_Hwi_asm.obj (.text:ti_sysbios_family_arm_m3_Hwi_excHandlerAsm__I)
                  0000771c    00000004     --HOLE-- [fill = 0]
                  00007720    00000020                   : BIOS.obj (.text:ti_sysbios_family_arm_m3_Hwi_excHandler__I)
                  00007740    00000020                   : BIOS.obj (.text:ti_sysbios_family_arm_m3_TimestampProvider_Module_startup__E)
                  00007760    00000020     uartecho_pem4f.oem4f (.text:ti_sysbios_gates_GateHwi_Object__delete__S)
                  00007780    00000020     uartecho_pem4f.oem4f (.text:ti_sysbios_heaps_HeapMem_Object__delete__S)
                  000077a0    00000020     uartecho_pem4f.oem4f (.text:ti_sysbios_knl_Clock_Object__destruct__S)
                  000077c0    00000020     sysbios.aem4f : BIOS.obj (.text:ti_sysbios_knl_Idle_run__E)
                  000077e0    00000020     uartecho_pem4f.oem4f (.text:ti_sysbios_knl_Semaphore_Object__destruct__S)
                  00007800    00000020     uartecho_pem4f.oem4f (.text:ti_uia_loggers_LoggerStopMode_Object__delete__S)
                  00007820    00000020     ti.targets.arm.rtsarm.aem4f : Registry.oem4f (.text:xdc_runtime_Registry_findById__E)
                  00007840    00000020                                 : SysMin.oem4f (.text:xdc_runtime_SysMin_Module_startup__E)
                  00007860    0000001e     sysbios.aem4f : m3_Hwi_asm_switch.obj (.text:ti_sysbios_family_xxx_Hwi_switchAndRunFunc)
                  0000787e    0000001c     MSP_EXP432P401R.obj (.text:MSP_EXP432P401R_initUART)
                  0000789a    00000002     --HOLE-- [fill = 0]
                  0000789c    0000001c     drivers_MSP432P401R.aem4f : PowerMSP432.oem4f (.text:Power_registerNotify)
                  000078b8    0000001c     uartecho_pem4f.oem4f (.text:ti_sysbios_family_arm_m3_Hwi_Object__destruct__S)
                  000078d4    00000004     --HOLE-- [fill = 0]
                  000078d8    0000001c     sysbios.aem4f : BIOS.obj (.text:ti_sysbios_family_arm_m3_Timer_stop__E)
                  000078f4    00000004     --HOLE-- [fill = 0]
                  000078f8    0000001c                   : BIOS.obj (.text:ti_sysbios_gates_GateMutex_Instance_init__E)
                  00007914    00000004     --HOLE-- [fill = 0]
                  00007918    0000001c                   : BIOS.obj (.text:ti_sysbios_knl_Clock_Instance_finalize__E)
                  00007934    0000001c     uartecho_pem4f.oem4f (.text:ti_sysbios_knl_Queue_Object__destruct__S)
                  00007950    0000001c     sysbios.aem4f : BIOS.obj (.text:ti_sysbios_knl_Queue_get__E)
                  0000796c    00000004     --HOLE-- [fill = 0]
                  00007970    0000001c                   : BIOS.obj (.text:ti_sysbios_knl_Queue_put__E)
                  0000798c    00000004     --HOLE-- [fill = 0]
                  00007990    0000001c                   : BIOS.obj (.text:ti_sysbios_knl_Task_enter__I)
                  000079ac    0000001c     ti.uia.loggers.aem4f : LoggerStopMode.oem4f (.text:ti_uia_loggers_LoggerStopMode_Instance_init__E)
                  000079c8    0000001c     ti.targets.arm.rtsarm.aem4f : Error.oem4f (.text:xdc_runtime_Error_raiseX__E)
                  000079e4    0000001c                                 : Memory.oem4f (.text:xdc_runtime_Memory_valloc__E)
                  00007a00    0000001c                                 : SysMin.oem4f (.text:xdc_runtime_SysMin_exit__E)
                  00007a1c    0000001c                                 : System.oem4f (.text:xdc_runtime_System_abort__E)
                  00007a38    0000001a     context.obj (.text:Graphics_setBackgroundColor)
                  00007a52    0000001a     context.obj (.text:Graphics_setFont)
                  00007a6c    0000001a     drivers_MSP432P401R.aem4f : List.oem4f (.text:List_remove)
                  00007a86    0000001a     msp432p4xx_driverlib.lib : spi.o (.text:SPI_enableModule)
                  00007aa0    0000001a     uartecho_pem4f.oem4f (.text:ti_sysbios_family_arm_m3_Hwi_Handle__label__S)
                  00007aba    0000001a     uartecho_pem4f.oem4f (.text:ti_sysbios_gates_GateHwi_Handle__label__S)
                  00007ad4    0000001a     uartecho_pem4f.oem4f (.text:ti_sysbios_gates_GateMutex_Handle__label__S)
                  00007aee    0000001a     uartecho_pem4f.oem4f (.text:ti_sysbios_heaps_HeapMem_Handle__label__S)
                  00007b08    0000001a     uartecho_pem4f.oem4f (.text:ti_sysbios_knl_Swi_Handle__label__S)
                  00007b22    0000001a     uartecho_pem4f.oem4f (.text:ti_sysbios_knl_Task_Handle__label__S)
                  00007b3c    0000001a     uartecho_pem4f.oem4f (.text:ti_uia_loggers_LoggerStopMode_Handle__label__S)
                  00007b56    0000001a     uartecho_pem4f.oem4f (.text:xdc_runtime_System_aprintf__E)
                  00007b70    0000001a     uartecho_pem4f.oem4f (.text:xdc_runtime_System_printf__E)
                  00007b8a    00000002     --HOLE-- [fill = 0]
                  00007b8c    00000018     msp432p4xx_driverlib.lib : adc14.o (.text:ADC14_getResult)
                  00007ba4    00000018                              : gpio.o (.text:GPIO_clearInterruptFlag)
                  00007bbc    00000018                              : gpio.o (.text:GPIO_setDriveStrengthLow)
                  00007bd4    00000018                              : gpio.o (.text:GPIO_setOutputLowOnPin)
                  00007bec    00000018     display.obj (.text:Graphics_clearDisplayOnDisplay)
                  00007c04    00000018     drivers_MSP432P401R.aem4f : UART.oem4f (.text:UART_Params_init)
                  00007c1c    00000018     msp432p4xx_driverlib.lib : wdt_a.o (.text:WDT_A_holdTimer)
                  00007c34    00000018     rtsv7M4_T_le_v4SPD16_eabi.lib : args_main.obj (.text)
                  00007c4c    00000018     uartecho_pem4f.oem4f (.text:ti_sysbios_BIOS_rtsUnlock__I)
                  00007c64    00000018     uartecho_pem4f.oem4f (.text:ti_sysbios_family_arm_m3_Hwi_Module__startupDone__F)
                  00007c7c    00000018     sysbios.aem4f : m3_TaskSupport_asm.obj (.text:ti_sysbios_family_arm_m3_TaskSupport_swap__E)
                  00007c94    00000018     uartecho_pem4f.oem4f (.text:ti_sysbios_family_arm_msp432_Timer_Module__startupDone__F)
                  00007cac    00000004     --HOLE-- [fill = 0]
                  00007cb0    00000018     sysbios.aem4f : BIOS.obj (.text:ti_sysbios_gates_GateMutex_leave__E)
                  00007cc8    00000018     ti.targets.arm.rtsarm.aem4f : Error.oem4f (.text:xdc_runtime_Error_check__E)
                  00007ce0    00000018                                 : System.oem4f (.text:xdc_runtime_System_exit__E)
                  00007cf8    00000018                                 : Text.oem4f (.text:xdc_runtime_Text_ropeText__E)
                  00007d10    00000016     tirtosport.aem4f : ClockP_tirtos.oem4f (.text:ClockP_delete)
                  00007d26    00000016     context.obj (.text:Graphics_setForegroundColor)
                  00007d3c    00000016     display.obj (.text:Graphics_translateColorOnDisplay)
                  00007d52    00000016     tirtosport.aem4f : HwiP_tirtos.oem4f (.text:HwiP_delete)
                  00007d68    00000016                      : SemaphoreP_tirtos.oem4f (.text:SemaphoreP_delete)
                  00007d7e    00000016     msp432p4xx_driverlib.lib : uart.o (.text:UART_enableInterrupt)
                  00007d94    00000016     uartecho_pem4f.oem4f (.text:ti_sysbios_BIOS_exitFunc__I)
                  00007daa    00000006     msp432p4xx_driverlib.lib : uart.o (.text:UART_queryStatusFlags)
                  00007db0    00000016     sysbios.aem4f : BIOS.obj (.text:ti_sysbios_knl_Task_unblock__E)
                  00007dc6    00000016     ti.uia.loggers.aem4f : LoggerStopMode.oem4f (.text:ti_uia_loggers_LoggerStopMode_disable__E)
                  00007ddc    00000016                          : LoggerStopMode.oem4f (.text:ti_uia_loggers_LoggerStopMode_enable__E)
                  00007df2    00000002     --HOLE-- [fill = 0]
                  00007df4    00000014     msp432p4xx_driverlib.lib : gpio.o (.text:GPIO_setDriveStrengthHigh)
                  00007e08    00000014                              : gpio.o (.text:GPIO_setOutputHighOnPin)
                  00007e1c    00000014                              : wdt_a.o (.text:WDT_A_startTimer)
                  00007e30    00000014     rtsv7M4_T_le_v4SPD16_eabi.lib : _lock.obj (.text)
                  00007e44    00000014                                   : strcpy.obj (.text)
                  00007e58    00000014                                   : strlen.obj (.text)
                  00007e6c    00000014     uartecho_pem4f.oem4f (.text:ti_sysbios_family_arm_m3_Hwi_Object__get__S)
                  00007e80    00000014     sysbios.aem4f : BIOS.obj (.text:ti_sysbios_family_arm_m3_Hwi_switchFromBootStack__E)
                  00007e94    00000014     uartecho_pem4f.oem4f (.text:ti_sysbios_heaps_HeapMem_Object__get__S)
                  00007ea8    00000014     uartecho_pem4f.oem4f (.text:ti_sysbios_knl_Mailbox_Object__get__S)
                  00007ebc    00000014     uartecho_pem4f.oem4f (.text:ti_sysbios_knl_Swi_Object__get__S)
                  00007ed0    00000012     tirtosport.aem4f : ClockP_tirtos.oem4f (.text:ClockP_start)
                  00007ee2    00000012     context.obj (.text:Graphics_clearDisplay)
                  00007ef4    00000012     drivers_MSP432P401R.aem4f : RingBuf.oem4f (.text:RingBuf_construct)
                  00007f06    00000012     tirtosport.aem4f : SemaphoreP_tirtos.oem4f (.text:SemaphoreP_pend)
                  00007f18    00000012     sysbios.aem4f : BIOS.obj (.text:ti_sysbios_hal_Hwi_Module_startup__E)
                  00007f2a    00000012     uartecho_pem4f.oem4f (.text:xdc_runtime_Startup_exec__I)
                  00007f3c    00000010     msp432p4xx_driverlib.lib : gpio.o (.text:GPIO_getInterruptStatus)
                  00007f4c    00000010                              : pcm.o (.text:PCM_gotoLPM4)
                  00007f5c    00000010     drivers_MSP432P401R.aem4f : UARTMSP432.oem4f (.text:readBlockingTimeout)
                  00007f6c    00000004     --HOLE-- [fill = 0]
                  00007f70    00000010     sysbios.aem4f : BIOS.obj (.text:ti_sysbios_BIOS_exit__E)
                  00007f80    00000010                   : BIOS.obj (.text:ti_sysbios_BIOS_getCpuFreq__E)
                  00007f90    00000010                   : BIOS.obj (.text:ti_sysbios_BIOS_setCpuFreq__E)
                  00007fa0    00000010                   : BIOS.obj (.text:ti_sysbios_BIOS_setThreadType__E)
                  00007fb0    00000010                   : BIOS.obj (.text:ti_sysbios_BIOS_start__E)
                  00007fc0    00000010                   : m3_TaskSupport_asm.obj (.text:ti_sysbios_family_arm_m3_TaskSupport_glue)
                  00007fd0    00000010                   : BIOS.obj (.text:ti_sysbios_family_arm_msp432_init_Boot_disableWatchdog)
                  00007fe0    00000010                   : BIOS.obj (.text:ti_sysbios_gates_GateMutex_Instance_finalize__E)
                  00007ff0    00000010                   : BIOS.obj (.text:ti_sysbios_knl_Semaphore_Instance_finalize__E)
                  00008000    00000010                   : BIOS.obj (.text:ti_sysbios_knl_Swi_disable__E)
                  00008010    00000010     uartecho_pem4f.oem4f (.text:ti_sysbios_knl_Task_Object__get__S)
                  00008020    00000010     sysbios.aem4f : BIOS.obj (.text:ti_sysbios_knl_Task_disable__E)
                  00008030    00000010     uartecho_pem4f.oem4f (.text:ti_uia_loggers_LoggerStopMode_Object__get__S)
                  00008040    00000010     ti.uia.loggers.aem4f : LoggerStopMode.oem4f (.text:ti_uia_loggers_LoggerStopMode_isEmpty__E)
                  00008050    00000010     ti.targets.arm.rtsarm.aem4f : Gate.oem4f (.text:xdc_runtime_Gate_leaveSystem__E)
                  00008060    00000010                                 : Memory.oem4f (.text:xdc_runtime_Memory_free__E)
                  00008070    00000010                                 : SysMin.oem4f (.text:xdc_runtime_SysMin_ready__E)
                  00008080    00000010                                 : System.oem4f (.text:xdc_runtime_System_vsnprintf__E)
                  00008090    00000010     uartecho_pem4f.oem4f (.text:xdc_runtime_Text_visitRope__I)
                  000080a0    0000000e     tirtosport.aem4f : HwiP_tirtos.oem4f (.text:HwiP_Params_init)
                  000080ae    0000000e     msp432p4xx_driverlib.lib : uart.o (.text:UART_clearInterruptFlag)
                  000080bc    0000000e     rtsv7M4_T_le_v4SPD16_eabi.lib : copy_decompress_none.obj (.text:decompress:none)
                  000080ca    00000006     ti.targets.arm.rtsarm.aem4f : xdc_noinit.oem4f (.text:__xdc__init)
                  000080d0    0000000e     sysbios.aem4f : BIOS.obj (.text:ti_sysbios_knl_Clock_removeI__E)
                  000080de    00000002     --HOLE-- [fill = 0]
                  000080e0    0000000e                   : BIOS.obj (.text:ti_sysbios_knl_Idle_loop__E)
                  000080ee    00000002     --HOLE-- [fill = 0]
                  000080f0    0000000e                   : BIOS.obj (.text:ti_sysbios_knl_Queue_empty__E)
                  000080fe    0000000c     uartecho_pem4f.oem4f (.text:.bootCodeSection:ti_sysbios_family_arm_msp432_init_Boot_init__I)
                  0000810a    0000000c     msp432p4xx_driverlib.lib : cpu.o (.text:CPU_cpsid)
                  00008116    0000000c                              : cpu.o (.text:CPU_cpsie)
                  00008122    0000000c                              : spi.o (.text:EUSCI_A_SPI_enable)
                  0000812e    0000000c                              : spi.o (.text:EUSCI_B_SPI_enable)
                  0000813a    00000002     --HOLE-- [fill = 0]
                  0000813c    0000000c                              : pcm.o (.text:PCM_getPowerState)
                  00008148    0000000c     drivers_MSP432P401R.aem4f : PowerMSP432.oem4f (.text:Power_getConstraintMask)
                  00008154    0000000c                               : PowerMSP432.oem4f (.text:Power_getPerformanceLevel)
                  00008160    0000000c                               : RingBuf.oem4f (.text:RingBuf_peek)
                  0000816c    0000000c                               : UARTMSP432.oem4f (.text:UARTMSP432_init)
                  00008178    0000000c     msp432p4xx_driverlib.lib : uart.o (.text:UART_disableModule)
                  00008184    0000000c                              : uart.o (.text:UART_enableModule)
                  00008190    0000000c     rtsv7M4_T_le_v4SPD16_eabi.lib : copy_zero_init.obj (.text:decompress:ZI)
                  0000819c    0000000c     uartecho_pem4f.oem4f (.text:ti_sysbios_family_arm_m3_Hwi_Params__init__S)
                  000081a8    0000000c     sysbios.aem4f : BIOS.obj (.text:ti_sysbios_family_arm_m3_Hwi_disableFxn__E)
                  000081b4    00000004     --HOLE-- [fill = 0]
                  000081b8    0000000c                   : BIOS.obj (.text:ti_sysbios_family_arm_m3_TaskSupport_checkStack__E)
                  000081c4    00000004     --HOLE-- [fill = 0]
                  000081c8    0000000c                   : BIOS.obj (.text:ti_sysbios_family_arm_m3_TimestampProvider_startTimer__E)
                  000081d4    00000004     --HOLE-- [fill = 0]
                  000081d8    0000000c                   : BIOS.obj (.text:ti_sysbios_family_arm_msp432_Timer_getMaxTicks__E)
                  000081e4    00000004     --HOLE-- [fill = 0]
                  000081e8    0000000c                   : BIOS.obj (.text:ti_sysbios_gates_GateHwi_enter__E)
                  000081f4    0000000c     uartecho_pem4f.oem4f (.text:ti_sysbios_knl_Clock_Params__init__S)
                  00008200    0000000c     uartecho_pem4f.oem4f (.text:ti_sysbios_knl_Queue_Object__get__S)
                  0000820c    0000000c     uartecho_pem4f.oem4f (.text:ti_sysbios_knl_Semaphore_Params__init__S)
                  00008218    0000000c     ti.targets.arm.rtsarm.aem4f : Error.oem4f (.text:xdc_runtime_Error_init__E)
                  00008224    0000000c                                 : Gate.oem4f (.text:xdc_runtime_Gate_enterSystem__E)
                  00008230    0000000c                                 : Memory.oem4f (.text:xdc_runtime_Memory_calloc__E)
                  0000823c    0000000c                                 : Memory.oem4f (.text:xdc_runtime_Memory_getMaxDefaultTypeAlign__E)
                  00008248    0000000a     tirtosport.aem4f : ClockP_tirtos.oem4f (.text:ClockP_stop)
                  00008252    0000000a     Crystalfontz128x128_ST7735.obj (.text:Crystalfontz128x128_Flush)
                  0000825c    0000000a     tirtosport.aem4f : SemaphoreP_tirtos.oem4f (.text:SemaphoreP_post)
                  00008266    0000000a     drivers_MSP432P401R.aem4f : UART.oem4f (.text:UART_read)
                  00008270    0000000a                               : UART.oem4f (.text:UART_write)
                  0000827a    0000000a     uartecho_pem4f.oem4f (.text:xdc_runtime_IHeap_alloc)
                  00008284    0000000a     uartecho_pem4f.oem4f (.text:xdc_runtime_IHeap_free)
                  0000828e    00000008     tirtosport.aem4f : ClockP_tirtos.oem4f (.text:ClockP_Params_init)
                  00008296    00000008     msp432p4xx_driverlib.lib : spi.o (.text:EUSCI_B_SPI_getInterruptStatus)
                  0000829e    00000008     MSP_EXP432P401R.obj (.text:MSP_EXP432P401R_initGPIO)
                  000082a6    00000008     MSP_EXP432P401R.obj (.text:MSP_EXP432P401R_initGeneral)
                  000082ae    00000008     msp432p4xx_driverlib.lib : pcm.o (.text:PCM_setPowerMode)
                  000082b6    00000008                              : pcm.o (.text:PCM_setPowerState)
                  000082be    00000008     tirtosport.aem4f : SemaphoreP_tirtos.oem4f (.text:SemaphoreP_Params_init)
                  000082c6    00000008     drivers_MSP432P401R.aem4f : UARTMSP432.oem4f (.text:readSemCallback)
                  000082ce    00000002     --HOLE-- [fill = 0]
                  000082d0    00000008     sysbios.aem4f : BIOS.obj (.text:ti_sysbios_family_arm_m3_Hwi_doSwiRestore__I)
                  000082d8    00000008                   : BIOS.obj (.text:ti_sysbios_family_arm_m3_Hwi_startup__E)
                  000082e0    00000008     drivers_MSP432P401R.aem4f : UARTMSP432.oem4f (.text:writeSemCallback)
                  000082e8    00000006     rtsv7M4_T_le_v4SPD16_eabi.lib : copy_decompress_rle.obj (.text:decompress:rle24)
                  000082ee    00000002     --HOLE-- [fill = 0]
                  000082f0    00000006     sysbios.aem4f : BIOS.obj (.text:ti_sysbios_family_arm_m3_Hwi_doTaskRestore__I)
                  000082f6    00000002     --HOLE-- [fill = 0]
                  000082f8    00000006                   : BIOS.obj (.text:ti_sysbios_family_arm_m3_Hwi_restoreFxn__E)
                  000082fe    00000002     --HOLE-- [fill = 0]
                  00008300    00000006                   : BIOS.obj (.text:ti_sysbios_gates_GateHwi_leave__E)
                  00008306    00000002     --HOLE-- [fill = 0]
                  00008308    00000006                   : BIOS.obj (.text:ti_sysbios_heaps_HeapMem_isBlocking__E)
                  0000830e    00000002     --HOLE-- [fill = 0]
                  00008310    00000006                   : BIOS.obj (.text:ti_sysbios_knl_Clock_stop__E)
                  00008316    00000002     --HOLE-- [fill = 0]
                  00008318    00000006                   : BIOS.obj (.text:ti_sysbios_knl_Queue_Instance_init__E)
                  0000831e    00000002     --HOLE-- [fill = 0]
                  00008320    00000006                   : BIOS.obj (.text:ti_sysbios_knl_Swi_startup__E)
                  00008326    00000006     ti.targets.arm.rtsarm.aem4f : System.oem4f (.text:xdc_runtime_System_Module_startup__E)
                  0000832c    00000004     --HOLE-- [fill = 0]
                  00008330    00000004     sysbios.aem4f : BIOS.obj (.text:ti_sysbios_gates_GateHwi_query__E)
                  00008334    00000004     --HOLE-- [fill = 0]
                  00008338    00000004                   : BIOS.obj (.text:ti_sysbios_gates_GateMutex_query__E)
                  0000833c    00000004     --HOLE-- [fill = 0]
                  00008340    00000004                   : BIOS.obj (.text:ti_sysbios_knl_Clock_setTimeout__E)
                  00008344    00000004     --HOLE-- [fill = 0]
                  00008348    00000004                   : BIOS.obj (.text:ti_sysbios_knl_Task_startup__E)
                  0000834c    00000004     --HOLE-- [fill = 0]
                  00008350    00000002                   : BIOS.obj (.text:ti_sysbios_family_arm_m3_TimestampProvider_rolloverFunc__E)
                  00008352    00000006     --HOLE-- [fill = 0]
                  00008358    00000002                   : BIOS.obj (.text:ti_sysbios_gates_GateHwi_Instance_init__E)
                  0000835a    00000006     --HOLE-- [fill = 0]
                  00008360    00000002                   : BIOS.obj (.text:ti_sysbios_knl_Clock_logTick__E)

.const     0    00008364    00002ba8     
                  00008364    00001f35     uartecho_pem4f.oem4f (.const:xdc_runtime_Text_charTab__A)
                  0000a299    000002f8     fontfixed6x8.obj (.const:.string:g_pucFontFixed6x8Data)
                  0000a591    00000001     uartecho_pem4f.oem4f (.const:xdc_runtime_Error_policy__C)
                  0000a592    00000100     uartecho_pem4f.oem4f (.const:xdc_runtime_Text_nodeTab__A)
                  0000a692    00000002     uartecho_pem4f.oem4f (.const:ti_sysbios_family_arm_m3_Hwi_Module__id__C)
                  0000a694    000000c8     fontfixed6x8.obj (.const:g_sFontFixed6x8)
                  0000a75c    00000080     msp432p4xx_driverlib.lib : adc14.o (.const:_ctlRegs)
                  0000a7dc    00000070     MSP_EXP432P401R.obj (.const:uartMSP432Baudrates)
                  0000a84c    00000060     uartecho_pem4f.oem4f (.const:ti_uia_loggers_LoggerStopMode_Module__FXNS__C)
                  0000a8ac    00000048     uartecho_pem4f.oem4f (.const:.string)
                  0000a8f4    00000048     MSP_EXP432P401R.obj (.const:uartMSP432HWAttrs)
                  0000a93c    00000030     uartecho_pem4f.oem4f (.const:ti_sysbios_family_arm_m3_Hwi_Object__PARAMS__C)
                  0000a96c    00000030     uartecho_pem4f.oem4f (.const:xdc_runtime_Startup_sfxnTab__A)
                  0000a99c    0000002c     Crystalfontz128x128_ST7735.obj (.const:g_sCrystalfontz128x128)
                  0000a9c8    00000028     drivers_MSP432P401R.aem4f : UARTMSP432.oem4f (.const:UARTMSP432_fxnTable)
                  0000a9f0    00000028     uartecho_pem4f.oem4f (.const:ti_sysbios_heaps_HeapMem_Module__FXNS__C)
                  0000aa18    00000028     uartecho_pem4f.oem4f (.const:ti_uia_loggers_LoggerStopMode_Object__PARAMS__C)
                  0000aa40    00000024     MSP_EXP432P401R.obj (.const:UART_config)
                  0000aa64    00000024     drivers_MSP432P401R.aem4f : UART.oem4f (.const:UART_defaultParams)
                  0000aa88    00000024                               : UARTMSP432.oem4f (.const)
                  0000aaac    00000024     uartecho_pem4f.oem4f (.const:ti_sysbios_gates_GateHwi_Module__FXNS__C)
                  0000aad0    00000024     uartecho_pem4f.oem4f (.const:ti_sysbios_gates_GateMutex_Module__FXNS__C)
                  0000aaf4    00000024     uartecho_pem4f.oem4f (.const:ti_sysbios_heaps_HeapMem_Object__PARAMS__C)
                  0000ab18    00000024     uartecho_pem4f.oem4f (.const:ti_sysbios_knl_Clock_Object__PARAMS__C)
                  0000ab3c    00000024     uartecho_pem4f.oem4f (.const:ti_sysbios_knl_Semaphore_Object__PARAMS__C)
                  0000ab60    00000020     uartecho_pem4f.oem4f (.const:ti_sysbios_family_arm_m3_Hwi_Object__DESC__C)
                  0000ab80    00000020     uartecho_pem4f.oem4f (.const:ti_sysbios_gates_GateHwi_Object__DESC__C)
                  0000aba0    00000020     uartecho_pem4f.oem4f (.const:ti_sysbios_gates_GateMutex_Object__DESC__C)
                  0000abc0    00000020     uartecho_pem4f.oem4f (.const:ti_sysbios_heaps_HeapMem_Object__DESC__C)
                  0000abe0    00000020     uartecho_pem4f.oem4f (.const:ti_sysbios_knl_Clock_Object__DESC__C)
                  0000ac00    00000020     uartecho_pem4f.oem4f (.const:ti_sysbios_knl_Queue_Object__DESC__C)
                  0000ac20    00000020     uartecho_pem4f.oem4f (.const:ti_sysbios_knl_Semaphore_Object__DESC__C)
                  0000ac40    00000020     uartecho_pem4f.oem4f (.const:ti_uia_loggers_LoggerStopMode_Object__DESC__C)
                  0000ac60    00000020     uartecho_pem4f.oem4f (.const)
                  0000ac80    0000001c     HAL_MSP_EXP432P401R_Crystalfontz128x128_ST7735.obj (.const)
                  0000ac9c    00000018     uartecho_pem4f.oem4f (.const:ti_sysbios_gates_GateHwi_Object__PARAMS__C)
                  0000acb4    00000018     uartecho_pem4f.oem4f (.const:ti_sysbios_gates_GateMutex_Object__PARAMS__C)
                  0000accc    00000018     uartecho_pem4f.oem4f (.const:ti_sysbios_knl_Queue_Object__PARAMS__C)
                  0000ace4    00000018     uartecho_pem4f.oem4f (.const:xdc_runtime_Startup_sfxnRts__A)
                  0000acfc    00000014     MSP_EXP432P401R.obj (.const:GPIOMSP432_config)
                  0000ad10    00000013     main.obj (.const:.string)
                  0000ad23    00000001     --HOLE-- [fill = 0]
                  0000ad24    00000010     MSP_EXP432P401R.obj (.const)
                  0000ad34    00000010     uartecho_pem4f.oem4f (.const:ti_sysbios_knl_Idle_funcList__A)
                  0000ad44    0000000c     drivers_MSP432P401R.aem4f : GPIOMSP432.oem4f (.const:.string)
                  0000ad50    0000000c     uartecho_pem4f.oem4f (.const:xdc_runtime_Startup_firstFxns__A)
                  0000ad5c    00000008     Crystalfontz128x128_ST7735.obj (.const)
                  0000ad64    00000008     uartecho_pem4f.oem4f (.const:ti_sysbios_family_arm_m3_Hwi_excHookFuncs__A)
                  0000ad6c    00000008     uartecho_pem4f.oem4f (.const:ti_sysbios_knl_Idle_funcList__C)
                  0000ad74    00000008     uartecho_pem4f.oem4f (.const:xdc_runtime_Startup_firstFxns__C)
                  0000ad7c    00000008     uartecho_pem4f.oem4f (.const:xdc_runtime_Startup_lastFxns__C)
                  0000ad84    00000005     drivers_MSP432P401R.aem4f : UARTMSP432.oem4f (.const:.string)
                  0000ad89    00000001     --HOLE-- [fill = 0]
                  0000ad8a    00000002     uartecho_pem4f.oem4f (.const:ti_sysbios_family_arm_m3_Timer_Module__id__C)
                  0000ad8c    00000004     uartecho_pem4f.oem4f (.const:ti_sysbios_family_arm_m3_Hwi_E_NMI__C)
                  0000ad90    00000004     uartecho_pem4f.oem4f (.const:ti_sysbios_family_arm_m3_Hwi_E_alreadyDefined__C)
                  0000ad94    00000004     uartecho_pem4f.oem4f (.const:ti_sysbios_family_arm_m3_Hwi_E_busFault__C)
                  0000ad98    00000004     uartecho_pem4f.oem4f (.const:ti_sysbios_family_arm_m3_Hwi_E_debugMon__C)
                  0000ad9c    00000004     uartecho_pem4f.oem4f (.const:ti_sysbios_family_arm_m3_Hwi_E_hardFault__C)
                  0000ada0    00000004     uartecho_pem4f.oem4f (.const:ti_sysbios_family_arm_m3_Hwi_E_memFault__C)
                  0000ada4    00000004     uartecho_pem4f.oem4f (.const:ti_sysbios_family_arm_m3_Hwi_E_noIsr__C)
                  0000ada8    00000004     uartecho_pem4f.oem4f (.const:ti_sysbios_family_arm_m3_Hwi_E_reserved__C)
                  0000adac    00000004     uartecho_pem4f.oem4f (.const:ti_sysbios_family_arm_m3_Hwi_E_svCall__C)
                  0000adb0    00000004     uartecho_pem4f.oem4f (.const:ti_sysbios_family_arm_m3_Hwi_E_usageFault__C)
                  0000adb4    00000004     uartecho_pem4f.oem4f (.const:ti_sysbios_family_arm_m3_Hwi_NUM_INTERRUPTS__C)
                  0000adb8    00000004     uartecho_pem4f.oem4f (.const:ti_sysbios_family_arm_m3_Hwi_Object__count__C)
                  0000adbc    00000004     uartecho_pem4f.oem4f (.const:ti_sysbios_family_arm_m3_Hwi_ccr__C)
                  0000adc0    00000004     uartecho_pem4f.oem4f (.const:ti_sysbios_family_arm_m3_Hwi_excHandlerFunc__C)
                  0000adc4    00000004     uartecho_pem4f.oem4f (.const:ti_sysbios_family_arm_m3_Hwi_excHookFuncs__C)
                  0000adc8    00000004     uartecho_pem4f.oem4f (.const:ti_sysbios_family_arm_m3_Hwi_nullIsrFunc__C)
                  0000adcc    00000004     uartecho_pem4f.oem4f (.const:ti_sysbios_family_arm_m3_Hwi_priGroup__C)
                  0000add0    00000004     uartecho_pem4f.oem4f (.const:ti_sysbios_family_arm_m3_Timer_E_cannotSupport__C)
                  0000add4    00000004     uartecho_pem4f.oem4f (.const:ti_sysbios_family_arm_m3_Timer_startupNeeded__C)
                  0000add8    00000004     uartecho_pem4f.oem4f (.const:ti_sysbios_family_arm_msp432_Timer_numTimerDevices__C)
                  0000addc    00000004     uartecho_pem4f.oem4f (.const:ti_sysbios_family_arm_msp432_Timer_startupNeeded__C)
                  0000ade0    00000004     uartecho_pem4f.oem4f (.const:ti_sysbios_gates_GateMutex_Instance_State_sem__O)
                  0000ade4    00000004     uartecho_pem4f.oem4f (.const:ti_sysbios_hal_Hwi_E_stackOverflow__C)
                  0000ade8    00000004     uartecho_pem4f.oem4f (.const:ti_sysbios_heaps_HeapMem_E_memory__C)
                  0000adec    00000004     uartecho_pem4f.oem4f (.const:ti_sysbios_heaps_HeapMem_Module__gateObj__C)
                  0000adf0    00000004     uartecho_pem4f.oem4f (.const:ti_sysbios_heaps_HeapMem_Object__count__C)
                  0000adf4    00000004     uartecho_pem4f.oem4f (.const:ti_sysbios_heaps_HeapMem_reqAlign__C)
                  0000adf8    00000004     uartecho_pem4f.oem4f (.const:ti_sysbios_knl_Clock_Module_State_clockQ__O)
                  0000adfc    00000004     uartecho_pem4f.oem4f (.const:ti_sysbios_knl_Mailbox_Instance_State_dataQue__O)
                  0000ae00    00000004     uartecho_pem4f.oem4f (.const:ti_sysbios_knl_Mailbox_Instance_State_dataSem__O)
                  0000ae04    00000004     uartecho_pem4f.oem4f (.const:ti_sysbios_knl_Mailbox_Instance_State_freeQue__O)
                  0000ae08    00000004     uartecho_pem4f.oem4f (.const:ti_sysbios_knl_Mailbox_Instance_State_freeSem__O)
                  0000ae0c    00000004     uartecho_pem4f.oem4f (.const:ti_sysbios_knl_Mailbox_Object__count__C)
                  0000ae10    00000004     uartecho_pem4f.oem4f (.const:ti_sysbios_knl_Mailbox_maxTypeAlign__C)
                  0000ae14    00000004     uartecho_pem4f.oem4f (.const:ti_sysbios_knl_Semaphore_Instance_State_pendQ__O)
                  0000ae18    00000004     uartecho_pem4f.oem4f (.const:ti_sysbios_knl_Swi_Object__count__C)
                  0000ae1c    00000004     uartecho_pem4f.oem4f (.const:ti_sysbios_knl_Task_E_spOutOfBounds__C)
                  0000ae20    00000004     uartecho_pem4f.oem4f (.const:ti_sysbios_knl_Task_E_stackOverflow__C)
                  0000ae24    00000004     uartecho_pem4f.oem4f (.const:ti_sysbios_knl_Task_Module_State_inactiveQ__O)
                  0000ae28    00000004     uartecho_pem4f.oem4f (.const:ti_sysbios_knl_Task_Object__count__C)
                  0000ae2c    00000004     uartecho_pem4f.oem4f (.const:ti_sysbios_knl_Task_allBlockedFunc__C)
                  0000ae30    00000004     uartecho_pem4f.oem4f (.const:ti_sysbios_knl_Task_numConstructedTasks__C)
                  0000ae34    00000004     uartecho_pem4f.oem4f (.const:ti_sysbios_utils_Load_postUpdate__C)
                  0000ae38    00000004     uartecho_pem4f.oem4f (.const:ti_sysbios_utils_Load_windowInMs__C)
                  0000ae3c    00000004     uartecho_pem4f.oem4f (.const:ti_uia_loggers_LoggerStopMode_Module__diagsEnabled__C)
                  0000ae40    00000004     uartecho_pem4f.oem4f (.const:ti_uia_loggers_LoggerStopMode_Module__diagsIncluded__C)
                  0000ae44    00000004     uartecho_pem4f.oem4f (.const:ti_uia_loggers_LoggerStopMode_Module__diagsMask__C)
                  0000ae48    00000004     uartecho_pem4f.oem4f (.const:ti_uia_loggers_LoggerStopMode_Object__count__C)
                  0000ae4c    00000004     uartecho_pem4f.oem4f (.const:ti_uia_runtime_ILoggerSnapshot_Interface__BASE__C)
                  0000ae50    00000004     uartecho_pem4f.oem4f (.const:ti_uia_runtime_IUIATransfer_Interface__BASE__C)
                  0000ae54    00000004     uartecho_pem4f.oem4f (.const:xdc_runtime_Assert_E_assertFailed__C)
                  0000ae58    00000004     uartecho_pem4f.oem4f (.const:xdc_runtime_Core_A_initializedParams__C)
                  0000ae5c    00000004     uartecho_pem4f.oem4f (.const:xdc_runtime_Core_Module__diagsEnabled__C)
                  0000ae60    00000004     uartecho_pem4f.oem4f (.const:xdc_runtime_Core_Module__diagsIncluded__C)
                  0000ae64    00000004     uartecho_pem4f.oem4f (.const:xdc_runtime_Core_Module__diagsMask__C)
                  0000ae68    00000004     uartecho_pem4f.oem4f (.const:xdc_runtime_Error_E_memory__C)
                  0000ae6c    00000004     uartecho_pem4f.oem4f (.const:xdc_runtime_Error_Module__diagsEnabled__C)
                  0000ae70    00000004     uartecho_pem4f.oem4f (.const:xdc_runtime_Error_Module__diagsIncluded__C)
                  0000ae74    00000004     uartecho_pem4f.oem4f (.const:xdc_runtime_Error_Module__diagsMask__C)
                  0000ae78    00000004     uartecho_pem4f.oem4f (.const:xdc_runtime_Error_Module__loggerFxn8__C)
                  0000ae7c    00000004     uartecho_pem4f.oem4f (.const:xdc_runtime_Error_Module__loggerObj__C)
                  0000ae80    00000004     uartecho_pem4f.oem4f (.const:xdc_runtime_Error_policyFxn__C)
                  0000ae84    00000004     uartecho_pem4f.oem4f (.const:xdc_runtime_Error_raiseHook__C)
                  0000ae88    00000004     uartecho_pem4f.oem4f (.const:xdc_runtime_IFilterLogger_Interface__BASE__C)
                  0000ae8c    00000004     uartecho_pem4f.oem4f (.const:xdc_runtime_IGateProvider_Interface__BASE__C)
                  0000ae90    00000004     uartecho_pem4f.oem4f (.const:xdc_runtime_IHeap_Interface__BASE__C)
                  0000ae94    00000004     uartecho_pem4f.oem4f (.const:xdc_runtime_ILogger_Interface__BASE__C)
                  0000ae98    00000004     uartecho_pem4f.oem4f (.const:xdc_runtime_IModule_Interface__BASE__C)
                  0000ae9c    00000004     uartecho_pem4f.oem4f (.const:xdc_runtime_Log_L_error__C)
                  0000aea0    00000004     uartecho_pem4f.oem4f (.const:xdc_runtime_Memory_defaultHeapInstance__C)
                  0000aea4    00000004     uartecho_pem4f.oem4f (.const:xdc_runtime_Startup_execImpl__C)
                  0000aea8    00000004     uartecho_pem4f.oem4f (.const:xdc_runtime_Startup_lastFxns__A)
                  0000aeac    00000004     uartecho_pem4f.oem4f (.const:xdc_runtime_Startup_maxPasses__C)
                  0000aeb0    00000004     uartecho_pem4f.oem4f (.const:xdc_runtime_Startup_sfxnRts__C)
                  0000aeb4    00000004     uartecho_pem4f.oem4f (.const:xdc_runtime_Startup_sfxnTab__C)
                  0000aeb8    00000004     uartecho_pem4f.oem4f (.const:xdc_runtime_SysMin_bufSize__C)
                  0000aebc    00000004     uartecho_pem4f.oem4f (.const:xdc_runtime_SysMin_outputFunc__C)
                  0000aec0    00000004     uartecho_pem4f.oem4f (.const:xdc_runtime_System_Module__gateObj__C)
                  0000aec4    00000004     uartecho_pem4f.oem4f (.const:xdc_runtime_System_abortFxn__C)
                  0000aec8    00000004     uartecho_pem4f.oem4f (.const:xdc_runtime_System_exitFxn__C)
                  0000aecc    00000004     uartecho_pem4f.oem4f (.const:xdc_runtime_System_extendFxn__C)
                  0000aed0    00000004     uartecho_pem4f.oem4f (.const:xdc_runtime_System_maxAtexitHandlers__C)
                  0000aed4    00000004     uartecho_pem4f.oem4f (.const:xdc_runtime_Text_charTab__C)
                  0000aed8    00000004     uartecho_pem4f.oem4f (.const:xdc_runtime_Text_nameEmpty__C)
                  0000aedc    00000004     uartecho_pem4f.oem4f (.const:xdc_runtime_Text_nameStatic__C)
                  0000aee0    00000004     uartecho_pem4f.oem4f (.const:xdc_runtime_Text_nameUnknown__C)
                  0000aee4    00000004     uartecho_pem4f.oem4f (.const:xdc_runtime_Text_nodeTab__C)
                  0000aee8    00000004     uartecho_pem4f.oem4f (.const:xdc_runtime_Text_visitRopeFxn__C)
                  0000aeec    00000002     uartecho_pem4f.oem4f (.const:ti_sysbios_family_arm_m3_TimestampProvider_configTimer__C)
                  0000aeee    00000002     uartecho_pem4f.oem4f (.const:ti_sysbios_hal_Hwi_Module__id__C)
                  0000aef0    00000002     uartecho_pem4f.oem4f (.const:ti_sysbios_heaps_HeapMem_Module__id__C)
                  0000aef2    00000002     uartecho_pem4f.oem4f (.const:ti_sysbios_knl_Task_Module__id__C)
                  0000aef4    00000002     uartecho_pem4f.oem4f (.const:ti_sysbios_utils_Load_updateInIdle__C)
                  0000aef6    00000002     uartecho_pem4f.oem4f (.const:ti_uia_loggers_LoggerStopMode_Module__id__C)
                  0000aef8    00000002     uartecho_pem4f.oem4f (.const:ti_uia_loggers_LoggerStopMode_isTimestampEnabled__C)
                  0000aefa    00000002     uartecho_pem4f.oem4f (.const:xdc_runtime_Core_Module__id__C)
                  0000aefc    00000002     uartecho_pem4f.oem4f (.const:xdc_runtime_Error_Module__loggerDefined__C)
                  0000aefe    00000002     uartecho_pem4f.oem4f (.const:xdc_runtime_Error_maxDepth__C)
                  0000af00    00000002     uartecho_pem4f.oem4f (.const:xdc_runtime_Memory_Module__id__C)
                  0000af02    00000002     uartecho_pem4f.oem4f (.const:xdc_runtime_SysMin_flushAtExit__C)
                  0000af04    00000002     uartecho_pem4f.oem4f (.const:xdc_runtime_Text_charCnt__C)
                  0000af06    00000002     uartecho_pem4f.oem4f (.const:xdc_runtime_Text_isLoaded__C)
                  0000af08    00000002     uartecho_pem4f.oem4f (.const:xdc_runtime_Text_registryModsLastId__C)
                  0000af0a    00000002     uartecho_pem4f.oem4f (.const:xdc_runtime_Text_unnamedModsLastId__C)

.cinit     0    0000af10    00000630     
                  0000af10    000005f7     (.cinit..data.load) [load image, compression = rle]
                  0000b507    00000001     --HOLE-- [fill = 0]
                  0000b508    0000000c     (__TI_handler_table)
                  0000b514    00000004     --HOLE-- [fill = 0]
                  0000b518    00000008     (.cinit..bss.load) [load image, compression = zero_init]
                  0000b520    00000008     (.cinit..vecs.load) [load image, compression = zero_init]
                  0000b528    00000018     (__TI_cinit_table)

.resetVecs 
*          0    00000000    0000003c     
                  00000000    0000003c     uartecho_pem4f.oem4f (.resetVecs)

.bss       0    20000180    00001ab0     UNINITIALIZED
                  20000180    00000a00     uartecho_pem4f.oem4f (.bss:taskStackSection)
                  20000b80    00000400     uartecho_pem4f.oem4f (.bss:ti_sysbios_heaps_HeapMem_Instance_State_0_buf__A)
                  20000f80    00000400     uartecho_pem4f.oem4f (.bss:ti_uia_loggers_LoggerStopMode_Instance_State_2_packetArray__A)
                  20001380    00000200     uartecho_pem4f.oem4f (.bss:ti_uia_loggers_LoggerStopMode_Instance_State_1_packetArray__A)
                  20001580    00000140     uartecho_pem4f.oem4f (.bss:ti_sysbios_family_arm_m3_Hwi_dispatchTable)
                  200016c0    00000120     rtsv7M4_T_le_v4SPD16_eabi.lib : trgmsg.obj (.bss:__CIOBUF_)
                  200017e0    0000001c     (.common:g_sContext)
                  200017fc    00000002     (.common:Lcd_ScreenHeigth)
                  200017fe    00000002     (.common:Lcd_ScreenWidth)
                  20001800    00000100     uartecho_pem4f.oem4f (.bss:ti_uia_loggers_LoggerStopMode_Instance_State_0_packetArray__A)
                  20001900    00000100     MSP_EXP432P401R.obj (.bss:uartMSP432Objects)
                  20001a00    00000080     uartecho_pem4f.oem4f (.bss:xdc_runtime_SysMin_Module_State_0_outbuf__A)
                  20001a80    00000040     MSP_EXP432P401R.obj (.bss:uartMSP432RingBuffer)
                  20001ac0    00000030     drivers_MSP432P401R.aem4f : GPIOMSP432.oem4f (.bss:gpioCallbackInfo)
                  20001af0    00000008     (.common:parmbuf)
                  20001af8    00000002     (.common:Lcd_TouchTrim)
                  20001afa    00000001     (.common:Lcd_FlagRead)
                  20001afb    00000001     (.common:Lcd_FontSolid)
                  20001afc    00000001     (.common:Lcd_Orientation)
                  20001afd    00000001     (.common:Lcd_PenSolid)
                  20001afe    00000002     --HOLE--
                  20001b00    00000030     uartecho_pem4f.oem4f (.bss:ti_uia_loggers_LoggerStopMode_Instance_State_0_hdr__A)
                  20001b30    00000018     (.common:ti_sysbios_knl_Mailbox_Instance_State_0_allocBuf__A)
                  20001b48    00000038     --HOLE--
                  20001b80    00000030     uartecho_pem4f.oem4f (.bss:ti_uia_loggers_LoggerStopMode_Instance_State_1_hdr__A)
                  20001bb0    00000050     --HOLE--
                  20001c00    00000030     uartecho_pem4f.oem4f (.bss:ti_uia_loggers_LoggerStopMode_Instance_State_2_hdr__A)

.data      0    20001c30    000008dd     UNINITIALIZED
                  20001c30    0000019c     uartecho_pem4f.oem4f (.data)
                  20001dcc    00000130     uartecho_pem4f.oem4f (.data:ti_sysbios_knl_Task_Object__table__V)
                  20001efc    0000009c     drivers_MSP432P401R.aem4f : PowerMSP432.oem4f (.data:PowerMSP432_perfLevels)
                  20001f98    0000009c     uartecho_pem4f.oem4f (.data:ti_uia_loggers_LoggerStopMode_Object__table__V)
                  20002034    00000098     uartecho_pem4f.oem4f (.data:ti_sysbios_utils_Load_Module__state__V)
                  200020cc    00000080     uartecho_pem4f.oem4f (.data:ti_sysbios_knl_Swi_Module_State_0_readyQ__A)
[...]
00008321  ti_sysbios_knl_Swi_startup__E                                
00008327  xdc_runtime_System_Module_startup__E                         
00008331  ti_sysbios_gates_GateHwi_query__E                            
00008331  xdc_runtime_Main_Module_GateProxy_query__E                   
00008331  xdc_runtime_System_Module_GateProxy_query__E                 
00008339  ti_sysbios_BIOS_RtsGateProxy_query__E                        
00008339  ti_sysbios_gates_GateMutex_query__E                          
00008339  ti_sysbios_heaps_HeapMem_Module_GateProxy_query__E           
00008341  ti_sysbios_knl_Clock_setTimeout__E                           
00008349  ti_sysbios_knl_Task_startup__E                               
00008351  ti_sysbios_family_arm_m3_TimestampProvider_rolloverFunc__E   
00008359  ti_sysbios_gates_GateHwi_Instance_init__E                    
00008361  ti_sysbios_knl_Clock_logTick__E                              
00008364  xdc_runtime_Text_charTab__A                                  
0000a591  xdc_runtime_Error_policy__C                                  
0000a592  xdc_runtime_Text_nodeTab__A                                  
0000a692  ti_sysbios_family_arm_m3_Hwi_Module__id__C                   
0000a694  g_sFontFixed6x8                                              
0000a7dc  uartMSP432Baudrates                                          
0000a84c  ti_uia_loggers_LoggerStopMode_Module__FXNS__C                
0000a8f4  uartMSP432HWAttrs                                            
0000a93c  ti_sysbios_family_arm_m3_Hwi_Object__PARAMS__C               
0000a96c  xdc_runtime_Startup_sfxnTab__A                               
0000a99c  g_sCrystalfontz128x128                                       
0000a9c8  UARTMSP432_fxnTable                                          
0000a9f0  ti_sysbios_heaps_HeapMem_Module__FXNS__C                     
0000aa18  ti_uia_loggers_LoggerStopMode_Object__PARAMS__C              
0000aa40  UART_config                                                  
0000aa64  UART_defaultParams                                           
0000aaac  ti_sysbios_gates_GateHwi_Module__FXNS__C                     
0000aad0  ti_sysbios_gates_GateMutex_Module__FXNS__C                   
0000aaf4  ti_sysbios_heaps_HeapMem_Object__PARAMS__C                   
0000ab18  ti_sysbios_knl_Clock_Object__PARAMS__C                       
0000ab3c  ti_sysbios_knl_Semaphore_Object__PARAMS__C                   
0000ab60  ti_sysbios_family_arm_m3_Hwi_Object__DESC__C                 
0000ab80  ti_sysbios_gates_GateHwi_Object__DESC__C                     
0000aba0  ti_sysbios_gates_GateMutex_Object__DESC__C                   
0000abc0  ti_sysbios_heaps_HeapMem_Object__DESC__C                     
0000abe0  ti_sysbios_knl_Clock_Object__DESC__C                         
0000ac00  ti_sysbios_knl_Queue_Object__DESC__C                         
0000ac20  ti_sysbios_knl_Semaphore_Object__DESC__C                     
0000ac40  ti_uia_loggers_LoggerStopMode_Object__DESC__C                
0000ac60  m3Hwi0                                                       
0000ac64  ADC_Mbx                                                      
0000ac68  task0                                                        
0000ac6c  task1                                                        
0000ac70  start_data_semaphore                                         
0000ac74  adc_calc_semaphore                                           
0000ac78  lcd_draw_semaphore                                           
0000ac7c  task2                                                        
0000ac9c  ti_sysbios_gates_GateHwi_Object__PARAMS__C                   
0000acb4  ti_sysbios_gates_GateMutex_Object__PARAMS__C                 
0000accc  ti_sysbios_knl_Queue_Object__PARAMS__C                       
0000ace4  xdc_runtime_Startup_sfxnRts__A                               
0000acfc  GPIOMSP432_config                                            
0000ad24  PowerMSP432_config                                           
0000ad34  ti_sysbios_knl_Idle_funcList__A                              
0000ad50  xdc_runtime_Startup_firstFxns__A                             
0000ad64  ti_sysbios_family_arm_m3_Hwi_excHookFuncs__A                 
0000ad6c  ti_sysbios_knl_Idle_funcList__C                              
0000ad74  xdc_runtime_Startup_firstFxns__C                             
0000ad7c  xdc_runtime_Startup_lastFxns__C                              
0000ad8a  ti_sysbios_family_arm_m3_Timer_Module__id__C                 
0000ad8c  ti_sysbios_family_arm_m3_Hwi_E_NMI__C                        
0000ad90  ti_sysbios_family_arm_m3_Hwi_E_alreadyDefined__C             
0000ad94  ti_sysbios_family_arm_m3_Hwi_E_busFault__C                   
0000ad98  ti_sysbios_family_arm_m3_Hwi_E_debugMon__C                   
0000ad9c  ti_sysbios_family_arm_m3_Hwi_E_hardFault__C                  
0000ada0  ti_sysbios_family_arm_m3_Hwi_E_memFault__C                   
0000ada4  ti_sysbios_family_arm_m3_Hwi_E_noIsr__C                      
0000ada8  ti_sysbios_family_arm_m3_Hwi_E_reserved__C                   
0000adac  ti_sysbios_family_arm_m3_Hwi_E_svCall__C                     
0000adb0  ti_sysbios_family_arm_m3_Hwi_E_usageFault__C                 
0000adb4  ti_sysbios_family_arm_m3_Hwi_NUM_INTERRUPTS__C               
0000adb8  ti_sysbios_family_arm_m3_Hwi_Object__count__C                
0000adbc  ti_sysbios_family_arm_m3_Hwi_ccr__C                          
0000adc0  ti_sysbios_family_arm_m3_Hwi_excHandlerFunc__C               
0000adc4  ti_sysbios_family_arm_m3_Hwi_excHookFuncs__C                 
0000adc8  ti_sysbios_family_arm_m3_Hwi_nullIsrFunc__C                  
0000adcc  ti_sysbios_family_arm_m3_Hwi_priGroup__C                     
0000add0  ti_sysbios_family_arm_m3_Timer_E_cannotSupport__C            
0000add4  ti_sysbios_family_arm_m3_Timer_startupNeeded__C              
0000add8  ti_sysbios_family_arm_msp432_Timer_numTimerDevices__C        
0000addc  ti_sysbios_family_arm_msp432_Timer_startupNeeded__C          
0000ade0  ti_sysbios_gates_GateMutex_Instance_State_sem__O             
0000ade4  ti_sysbios_hal_Hwi_E_stackOverflow__C                        
0000ade8  ti_sysbios_heaps_HeapMem_E_memory__C                         
0000adec  ti_sysbios_heaps_HeapMem_Module__gateObj__C                  
0000adf0  ti_sysbios_heaps_HeapMem_Object__count__C                    
0000adf4  ti_sysbios_heaps_HeapMem_reqAlign__C                         
0000adf8  ti_sysbios_knl_Clock_Module_State_clockQ__O                  
0000adfc  ti_sysbios_knl_Mailbox_Instance_State_dataQue__O             
0000ae00  ti_sysbios_knl_Mailbox_Instance_State_dataSem__O             
0000ae04  ti_sysbios_knl_Mailbox_Instance_State_freeQue__O             
0000ae08  ti_sysbios_knl_Mailbox_Instance_State_freeSem__O             
0000ae0c  ti_sysbios_knl_Mailbox_Object__count__C                      
0000ae10  ti_sysbios_knl_Mailbox_maxTypeAlign__C                       
0000ae14  ti_sysbios_knl_Semaphore_Instance_State_pendQ__O             
0000ae18  ti_sysbios_knl_Swi_Object__count__C                          
0000ae1c  ti_sysbios_knl_Task_E_spOutOfBounds__C                       
0000ae20  ti_sysbios_knl_Task_E_stackOverflow__C                       
0000ae24  ti_sysbios_knl_Task_Module_State_inactiveQ__O                
0000ae28  ti_sysbios_knl_Task_Object__count__C                         
0000ae2c  ti_sysbios_knl_Task_allBlockedFunc__C                        
0000ae30  ti_sysbios_knl_Task_numConstructedTasks__C                   
0000ae34  ti_sysbios_utils_Load_postUpdate__C                          
0000ae38  ti_sysbios_utils_Load_windowInMs__C                          
0000ae3c  ti_uia_loggers_LoggerStopMode_Module__diagsEnabled__C        
0000ae40  ti_uia_loggers_LoggerStopMode_Module__diagsIncluded__C       
0000ae44  ti_uia_loggers_LoggerStopMode_Module__diagsMask__C           
0000ae48  ti_uia_loggers_LoggerStopMode_Object__count__C               
0000ae4c  ti_uia_runtime_ILoggerSnapshot_Interface__BASE__C            
0000ae50  ti_uia_runtime_IUIATransfer_Interface__BASE__C               
0000ae54  xdc_runtime_Assert_E_assertFailed__C                         
0000ae58  xdc_runtime_Core_A_initializedParams__C                      
0000ae5c  xdc_runtime_Core_Module__diagsEnabled__C                     
0000ae60  xdc_runtime_Core_Module__diagsIncluded__C                    
0000ae64  xdc_runtime_Core_Module__diagsMask__C                        
0000ae68  xdc_runtime_Error_E_memory__C                                
0000ae6c  xdc_runtime_Error_Module__diagsEnabled__C                    
0000ae70  xdc_runtime_Error_Module__diagsIncluded__C                   
0000ae74  xdc_runtime_Error_Module__diagsMask__C                       
0000ae78  xdc_runtime_Error_Module__loggerFxn8__C                      
0000ae7c  xdc_runtime_Error_Module__loggerObj__C                       
0000ae80  xdc_runtime_Error_policyFxn__C                               
0000ae84  xdc_runtime_Error_raiseHook__C                               
0000ae88  xdc_runtime_IFilterLogger_Interface__BASE__C                 
0000ae8c  xdc_runtime_IGateProvider_Interface__BASE__C                 
0000ae90  xdc_runtime_IHeap_Interface__BASE__C                         
0000ae94  xdc_runtime_ILogger_Interface__BASE__C                       
0000ae98  xdc_runtime_IModule_Interface__BASE__C                       
0000ae9c  xdc_runtime_Log_L_error__C                                   
0000aea0  xdc_runtime_Memory_defaultHeapInstance__C                    
0000aea4  xdc_runtime_Startup_execImpl__C                              
0000aea8  xdc_runtime_Startup_lastFxns__A                              
0000aeac  xdc_runtime_Startup_maxPasses__C                             
0000aeb0  xdc_runtime_Startup_sfxnRts__C                               
0000aeb4  xdc_runtime_Startup_sfxnTab__C                               
0000aeb8  xdc_runtime_SysMin_bufSize__C                                
0000aebc  xdc_runtime_SysMin_outputFunc__C                             
0000aec0  xdc_runtime_System_Module__gateObj__C                        
0000aec4  xdc_runtime_System_abortFxn__C                               
0000aec8  xdc_runtime_System_exitFxn__C                                
0000aecc  xdc_runtime_System_extendFxn__C                              
0000aed0  xdc_runtime_System_maxAtexitHandlers__C                      
0000aed4  xdc_runtime_Text_charTab__C                                  
0000aed8  xdc_runtime_Text_nameEmpty__C                                
0000aedc  xdc_runtime_Text_nameStatic__C                               
0000aee0  xdc_runtime_Text_nameUnknown__C                              
0000aee4  xdc_runtime_Text_nodeTab__C                                  
0000aee8  xdc_runtime_Text_visitRopeFxn__C                             
0000aeec  ti_sysbios_family_arm_m3_TimestampProvider_configTimer__C    
0000aeee  ti_sysbios_hal_Hwi_Module__id__C                             
0000aef0  ti_sysbios_heaps_HeapMem_Module__id__C                       
0000aef2  ti_sysbios_knl_Task_Module__id__C                            
0000aef4  ti_sysbios_utils_Load_updateInIdle__C                        
0000aef6  ti_uia_loggers_LoggerStopMode_Module__id__C                  
0000aef8  ti_uia_loggers_LoggerStopMode_isTimestampEnabled__C          
0000aefa  xdc_runtime_Core_Module__id__C                               
0000aefc  xdc_runtime_Error_Module__loggerDefined__C                   
0000aefe  xdc_runtime_Error_maxDepth__C                                
0000af00  xdc_runtime_Memory_Module__id__C                             
0000af02  xdc_runtime_SysMin_flushAtExit__C                            
0000af04  xdc_runtime_Text_charCnt__C                                  
0000af06  xdc_runtime_Text_isLoaded__C                                 
0000af08  xdc_runtime_Text_registryModsLastId__C                       
0000af0a  xdc_runtime_Text_unnamedModsLastId__C                        
0000af10  __TI_static_base__                                           
0000b508  __TI_Handler_Table_Base                                      
0000b514  __TI_Handler_Table_Limit                                     
0000b528  __TI_CINIT_Base                                              
0000b540  __TI_CINIT_Limit                                             
20000000  ti_sysbios_family_arm_m3_Hwi_ramVectors                      
20000180  ti_sysbios_knl_Task_Instance_State_0_stack__A                
20000580  ti_sysbios_knl_Task_Instance_State_1_stack__A                
20000780  ti_sysbios_knl_Task_Instance_State_2_stack__A                
20000980  ti_sysbios_knl_Task_Instance_State_3_stack__A                
20000b80  ti_sysbios_heaps_HeapMem_Instance_State_0_buf__A             
20000f80  ti_uia_loggers_LoggerStopMode_Instance_State_2_packetArray__A
20001380  ti_uia_loggers_LoggerStopMode_Instance_State_1_packetArray__A
20001580  ti_sysbios_family_arm_m3_Hwi_dispatchTable                   
200016c0  __CIOBUF_                                                    
200017e0  g_sContext                                                   
200017fc  Lcd_ScreenHeigth                                             
200017fe  Lcd_ScreenWidth                                              
20001800  ti_uia_loggers_LoggerStopMode_Instance_State_0_packetArray__A
20001900  uartMSP432Objects                                            
20001a00  xdc_runtime_SysMin_Module_State_0_outbuf__A                  
20001a80  uartMSP432RingBuffer                                         
20001af8  Lcd_TouchTrim                                                
20001afa  Lcd_FlagRead                                                 
20001afb  Lcd_FontSolid                                                
20001afc  Lcd_Orientation                                              
20001afd  Lcd_PenSolid                                                 
20001b00  ti_uia_loggers_LoggerStopMode_Instance_State_0_hdr__A        
20001b30  ti_sysbios_knl_Mailbox_Instance_State_0_allocBuf__A          
20001b80  ti_uia_loggers_LoggerStopMode_Instance_State_1_hdr__A        
20001c00  ti_uia_loggers_LoggerStopMode_Instance_State_2_hdr__A        
20001c30  xdc_runtime_Diags_dictElems                                  
20001c50  ti_sysbios_family_arm_m3_Hwi_Module__root__V                 
20001c58  ti_sysbios_family_arm_m3_Hwi_Module_State_0_excActive__A     
20001c5c  ti_sysbios_family_arm_m3_Hwi_Module_State_0_excContext__A    
20001c60  ti_sysbios_family_arm_m3_Hwi_Module_State_0_excStack__A      
20001c64  ti_sysbios_family_arm_m3_Timer_Module__root__V               
20001c6c  ti_sysbios_family_arm_m3_Timer_Module__state__V              
20001c78  ti_sysbios_family_arm_m3_TimestampProvider_Module__state__V  
20001c7c  ti_sysbios_family_arm_msp432_ClockFreqs_Module__state__V     
20001c88  ti_sysbios_family_arm_msp432_Timer_Module__root__V           
20001c90  ti_sysbios_family_arm_msp432_Timer_Module_State_0_device__A  
20001cb0  ti_sysbios_family_arm_msp432_Timer_Module_State_0_handles__A 
20001cc0  ti_sysbios_family_arm_msp432_Timer_Module__state__V          
20001ccc  ti_sysbios_gates_GateHwi_Module__root__V                     
20001cd4  ti_sysbios_gates_GateHwi_Object__table__V                    
20001cd8  ti_sysbios_gates_GateMutex_Module__root__V                   
20001ce0  ti_sysbios_hal_Hwi_Module__root__V                           
20001ce8  ti_sysbios_heaps_HeapMem_Module__root__V                     
20001cf0  ti_sysbios_heaps_HeapMem_Object__table__V                    
20001d08  ti_sysbios_knl_Clock_Module__root__V                         
20001d10  ti_sysbios_knl_Event_Module__root__V                         
20001d1c  ti_sysbios_knl_Mailbox_Module__root__V                       
20001d24  ti_sysbios_knl_Queue_Module__root__V                         
20001d2c  ti_sysbios_knl_Semaphore_Module__root__V                     
20001d34  ti_sysbios_knl_Swi_Module__root__V                           
20001d3c  ti_sysbios_knl_Swi_Module__state__V                          
20001d58  ti_sysbios_knl_Task_Module__root__V                          
20001d64  ti_sysbios_knl_Task_Module_State_0_idleTask__A               
20001d68  ti_sysbios_utils_Load_Module_State_0_taskStartTime__A        
20001d6c  ti_sysbios_utils_Load_Module_State_0_runningTask__A          
20001d70  ti_uia_loggers_LoggerStopMode_Module__root__V                
20001d78  ti_uia_loggers_LoggerStopMode_Module__state__V               
20001d80  ti_uia_runtime_QueueDescriptor_Module__state__V              
20001d8c  xdc_runtime_Error_Module__state__V                           
20001d8e  xdc_runtime_Main_Module__root__V                             
20001d90  xdc_runtime_Memory_Module__state__V                          
20001d94  xdc_runtime_Registry_Module__state__V                        
20001d9c  xdc_runtime_Startup_Module__state__V                         
20001da4  xdc_runtime_SysMin_Module__state__V                          
20001db0  xdc_runtime_System_Module_State_0_atexitHandlers__A          
20001db8  xdc_runtime_System_Module__state__V                          
20001dc0  xdc_runtime_Text_Module__state__V                            
20001dc8  __xdc__init__addr                                            
20001dcc  ti_sysbios_knl_Task_Object__table__V                         
20001efc  PowerMSP432_perfLevels                                       
20001f98  ti_uia_loggers_LoggerStopMode_Object__table__V               
20002034  ti_sysbios_utils_Load_Module__state__V                       
200020cc  ti_sysbios_knl_Swi_Module_State_0_readyQ__A                  
2000214c  ti_sysbios_knl_Task_Module_State_0_readyQ__A                 
200021cc  ti_sysbios_knl_Mailbox_Object__table__V                      
2000221c  ti_sysbios_family_arm_msp432_Timer_Object__table__V          
20002268  ti_sysbios_family_arm_m3_Hwi_Object__table__V                
200022b0  ti_sysbios_knl_Task_Module__state__V                         
200022f4  ti_sysbios_knl_Semaphore_Object__table__V                    
20002330  ti_sysbios_gates_GateMutex_Object__table__V                  
20002368  ti_sysbios_family_arm_m3_Hwi_Module__state__V                
200023fc  ti_sysbios_family_arm_m3_Timer_Object__table__V              
2000242c  ti_sysbios_knl_Swi_Object__table__V                          
2000245c  ti_sysbios_knl_Clock_Module__state__V                        
20002488  PowerMSP432_module                                           
200024ac  ti_sysbios_BIOS_Module__state__V                             
200024d4  gpioPinConfigs                                               
200024e4  gpioCallbackFunctions                                        
200024ec  _lock                                                        
200024f0  _unlock                                                      
200024f4  __TI_cleanup_ptr                                             
200024f8  __TI_dtors_ptr                                               
200024fc  ti_uia_runtime_QueueDescriptor_gPtrToFirstDescriptor         
20002500  ti_uia_runtime_QueueDescriptor_gUpdateCount                  
20002508  main_func_sp                                                 
2000fd00  __stack                                                      
20010000  __STACK_END                                                  
4000480c  WDTCTL_SYM                                                   
e000e000  ti_sysbios_family_arm_m3_Hwi_nvic                            
ffffffff  __binit__                                                    
ffffffff  __c_args__                                                   
ffffffff  binit                                                        
UNDEFED   SHT$$INIT_ARRAY$$Base                                        
UNDEFED   SHT$$INIT_ARRAY$$Limit                                       

[791 symbols]
