******************************************************************************
                  TI ARM Linker Unix v5.2.6                    
******************************************************************************
>> Linked Thu Apr  7 21:27:28 2016

OUTPUT FILE NAME:   <uartecho_MSP_EXP432P401R_TI_MSP432P401R.out>
ENTRY POINT SYMBOL: "_c_int00"  address: 00005aed


MEMORY CONFIGURATION

         name            origin    length      used     unused   attr    fill
----------------------  --------  ---------  --------  --------  ----  --------
  MAIN                  00000000   00040000  0000bb8e  00034472  R  X
  INFO                  00200000   00004000  00000000  00004000  R  X
  SRAM_CODE             01000000   00010000  00000000  00010000  RW X
  SRAM_DATA             20000000   00010000  00002d1d  0000d2e3  RW  


SEGMENT ALLOCATION MAP

run origin  load origin   length   init length attrs members
----------  ----------- ---------- ----------- ----- -------
00000000    00000000    0000bb98   0000bb98    r-x
  00000000    00000000    0000003c   0000003c    r-- .resetVecs
  00000040    00000040    00008912   00008912    r-x .text
  00008954    00008954    00002bd0   00002bd0    r-- .const
  0000b528    0000b528    00000670   00000670    r-- .cinit
20000000    20000000    00000140   00000000    rw-
  20000000    20000000    00000140   00000000    rw- .vecs
20000180    20000180    000028dd   00000000    rw-
  20000180    20000180    00001fb0   00000000    rw- .bss
  20002130    20002130    0000092d   00000000    rw- .data
2000fd00    2000fd00    00000300   00000000    rw-
  2000fd00    2000fd00    00000300   00000000    rw- .stack


SECTION ALLOCATION MAP

 output                                  attributes/
section   page    origin      length       input sections
--------  ----  ----------  ----------   ----------------
.text      0    00000040    00008912     
                  00000040    0000047e     string.obj (.text:Graphics_drawString)
                  000004be    00000002     power_tirtos_MSP432P401R.aem4f : PowerMSP432_tirtos.oem4f (.text:PowerMSP432_initPolicy)
                  000004c0    00000430     sysbios.aem4f : BIOS.obj (.text:ti_sysbios_family_arm_m3_Hwi_excDumpRegs__I)
                  000008f0    0000034c     ti.targets.arm.rtsarm.aem4f : System.oem4f (.text:xdc_runtime_System_doPrint__I)
                  00000c3c    000002d4     rtsv7M4_T_le_v4SPD16_eabi.lib : trgdrv.obj (.text)
                  00000f10    00000260     drivers_MSP432P401R.aem4f : UARTMSP432.oem4f (.text:UARTMSP432_open)
                  00001170    0000024c     main.obj (.text:adcCalc)
                  000013bc    000001ce     Crystalfontz128x128_ST7735.obj (.text:Crystalfontz128x128_PixelDrawMultiple)
                  0000158a    00000002     rtsv7M4_T_le_v4SPD16_eabi.lib : i_div0.obj (.text)
                  0000158c    000001cc     main.obj (.text:uartFxn)
                  00001758    000001a0     msp432p4xx_driverlib.lib : pcm.o (.text:__PCM_setPowerStateAdvanced)
                  000018f8    00000174     sysbios.aem4f : BIOS.obj (.text:ti_sysbios_family_arm_m3_Hwi_excBusFault__I)
                  00001a6c    00000004     msp432p4xx_driverlib.lib : cpu.o (.text:CPU_wfi)
                  00001a70    00000164     sysbios.aem4f : BIOS.obj (.text:ti_sysbios_family_arm_m3_Hwi_excUsageFault__I)
                  00001bd4    00000154     msp432p4xx_driverlib.lib : adc14.o (.text:_getIndexForMemRegister)
                  00001d28    00000148     sysbios.aem4f : BIOS.obj (.text:ti_sysbios_family_arm_m3_Hwi_excMemFault__I)
                  00001e70    00000140     drivers_MSP432P401R.aem4f : GPIOMSP432.oem4f (.text:GPIO_setConfig)
                  00001fb0    00000138     uartecho_pem4f.oem4f (.text:ti_uia_loggers_LoggerStopMode_writeMemoryRange__E)
                  000020e8    00000134     Crystalfontz128x128_ST7735.obj (.text:Crystalfontz128x128_SetDrawFrame)
                  0000221c    0000012c     Crystalfontz128x128_ST7735.obj (.text:Crystalfontz128x128_Init)
                  00002348    00000128     sysbios.aem4f : BIOS.obj (.text:ti_sysbios_knl_Semaphore_pend__E)
                  00002470    00000120     lcd_display.obj (.text:init_lcd)
                  00002590    00000118     ti.targets.arm.rtsarm.aem4f : Error.oem4f (.text:xdc_runtime_Error_policyDefault__E)
                  000026a8    0000010c     sysbios.aem4f : BIOS.obj (.text:ti_sysbios_family_arm_m3_Hwi_excFillContext__I)
                  000027b4    0000010c     uartecho_pem4f.oem4f (.text:ti_uia_loggers_LoggerStopMode_write8__E)
                  000028c0    00000108     sysbios.aem4f : BIOS.obj (.text:ti_sysbios_family_arm_m3_Hwi_excHandlerMax__I)
                  000029c8    00000100     ti.targets.arm.rtsarm.aem4f : Core-mem.oem4f (.text:xdc_runtime_Core_createObject__I)
                  00002ac8    000000fa     string.obj (.text:Graphics_getStringWidth)
                  00002bc2    00000002     uartecho_pem4f.oem4f (.text:ti_sysbios_BIOS_nullFunc__I)
                  00002bc4    000000f8     lcd_display.obj (.text:combine_ints_to_string)
                  00002cbc    000000f8     ti.targets.arm.rtsarm.aem4f : Startup.oem4f (.text:xdc_runtime_Startup_startMods__I)
                  00002db4    000000f8     uartecho_pem4f.oem4f (.text:xdc_runtime_System_printfExtend__I)
                  00002eac    000000f4     drivers_MSP432P401R.aem4f : PowerMSP432.oem4f (.text:Power_sleep)
                  00002fa0    000000f4     sysbios.aem4f : m3_Hwi_asm.obj (.text:ti_sysbios_family_arm_m3_Hwi_dispatch__I)
                  00003094    000000f4     uartecho_pem4f.oem4f (.text:ti_uia_loggers_LoggerStopMode_write4__E)
                  00003188    000000f0     drivers_MSP432P401R.aem4f : PowerMSP432.oem4f (.text:initPerfControl)
                  00003278    000000e8     uartecho_pem4f.oem4f (.text:ti_uia_loggers_LoggerStopMode_write2__E)
                  00003360    000000e4     uartecho_pem4f.oem4f (.text:ti_uia_loggers_LoggerStopMode_write1__E)
                  00003444    000000e0     msp432p4xx_driverlib.lib : cs.o (.text:CS_initClockSignal)
                  00003524    000000dc                              : pcm.o (.text:__PCM_setPowerModeAdvanced)
                  00003600    000000d8     uartecho_pem4f.oem4f (.text:ti_uia_loggers_LoggerStopMode_write0__E)
                  000036d8    000000cc     sysbios.aem4f : BIOS.obj (.text:ti_sysbios_heaps_HeapMem_alloc__E)
                  000037a4    000000cc     ti.targets.arm.rtsarm.aem4f : Core-smem.oem4f (.text:xdc_runtime_Core_constructObject__I)
                  00003870    000000c4     ped_adc.obj (.text:init_adc)
                  00003934    00000004     msp432p4xx_driverlib.lib : spi.o (.text:EUSCI_A_SPI_transmitData)
                  00003938    000000bc     sysbios.aem4f : BIOS.obj (.text:ti_sysbios_family_arm_m3_Hwi_excDebugMon__I)
                  000039f4    00000004     msp432p4xx_driverlib.lib : spi.o (.text:EUSCI_B_SPI_transmitData)
                  000039f8    000000bc     sysbios.aem4f : BIOS.obj (.text:ti_sysbios_family_arm_m3_Hwi_excHardFault__I)
                  00003ab4    00000004     tirtosport.aem4f : HwiP_tirtos.oem4f (.text:HwiP_disable)
                  00003ab8    000000b4     sysbios.aem4f : BIOS.obj (.text:ti_sysbios_knl_Task_checkStacks__E)
                  00003b6c    000000b0     drivers_MSP432P401R.aem4f : UARTMSP432.oem4f (.text:UARTMSP432_readPolling)
                  00003c1c    000000b0     msp432p4xx_driverlib.lib : pcm.o (.text:__PCM_setCoreVoltageLevelAdvanced)
                  00003ccc    00000004     drivers_MSP432P401R.aem4f : List.oem4f (.text:List_head)
                  00003cd0    000000a8     sysbios.aem4f : BIOS.obj (.text:ti_sysbios_family_arm_msp432_Timer_periodicStub__E)
                  00003d78    000000a4     drivers_MSP432P401R.aem4f : UARTMSP432.oem4f (.text:UARTMSP432_control)
                  00003e1c    000000a0     auto_init.aem4f : auto_init.oem4f (.text)
                  00003ebc    000000a0     ti.targets.arm.rtsarm.aem4f : Text.oem4f (.text:xdc_runtime_Text_putMod__E)
                  00003f5c    0000009c     Crystalfontz128x128_ST7735.obj (.text:Crystalfontz128x128_RectFill)
                  00003ff8    0000009c     line.obj (.text:Graphics_drawLineH)
                  00004094    0000009c     drivers_MSP432P401R.aem4f : UARTMSP432.oem4f (.text:readTaskBlocking)
                  00004130    0000009c     rtsv7M4_T_le_v4SPD16_eabi.lib : memcpy_t2.obj (.text)
                  000041cc    0000009a     ti.targets.arm.rtsarm.aem4f : Text.oem4f (.text:xdc_runtime_Text_putSite__E)
                  00004266    00000002     uartecho_pem4f.oem4f (.text:ti_uia_loggers_LoggerStopMode_setFilterLevel__E)
                  00004268    00000094     msp432p4xx_driverlib.lib : uart.o (.text:UART_initModule)
                  000042fc    00000004     drivers_MSP432P401R.aem4f : List.oem4f (.text:List_next)
                  00004300    00000094     sysbios.aem4f : BIOS.obj (.text:ti_sysbios_family_arm_m3_Hwi_Instance_init__E)
                  00004394    00000004     drivers_MSP432P401R.aem4f : PowerMSP432.oem4f (.text:PowerMSP432_getNumPerfLevels)
                  00004398    00000094     sysbios.aem4f : BIOS.obj (.text:ti_sysbios_family_arm_m3_Hwi_initNVIC__E)
                  0000442c    00000090     ti.uia.loggers.aem4f : LoggerStopMode.oem4f (.text:ti_uia_loggers_LoggerStopMode_initQueueDescriptor__E)
                  000044bc    0000008c     sysbios.aem4f : m3_TaskSupport_asm.obj (.text:ti_sysbios_family_arm_m3_TaskSupport_buildTaskStack)
                  00004548    0000008c                   : BIOS.obj (.text:ti_sysbios_knl_Task_postInit__I)
                  000045d4    0000008a     drivers_MSP432P401R.aem4f : UARTMSP432.oem4f (.text:UARTMSP432_close)
                  0000465e    00000002     ti.uia.loggers.aem4f : LoggerStopMode.oem4f (.text:ti_uia_loggers_LoggerStopMode_setPriority__E)
                  00004660    00000088     main.obj (.text:LcDTask)
                  000046e8    00000088     msp432p4xx_driverlib.lib : spi.o (.text:SPI_initMaster)
                  00004770    00000088     sysbios.aem4f : BIOS.obj (.text:ti_sysbios_knl_Mailbox_post__E)
                  000047f8    00000088     lcd_display.obj (.text:write_lcd)
                  00004880    00000084     drivers_MSP432P401R.aem4f : UARTMSP432.oem4f (.text:initHw)
                  00004904    00000004     uartecho_pem4f.oem4f (.text:ti_sysbios_BIOS_RtsGateProxy_enter__E)
                  00004908    00000084     sysbios.aem4f : BIOS.obj (.text:ti_sysbios_family_arm_m3_Hwi_postInit__I)
                  0000498c    00000084     drivers_MSP432P401R.aem4f : UARTMSP432.oem4f (.text:writeData)
                  00004a10    00000082                               : UARTMSP432.oem4f (.text:readIsrTextCallback)
                  00004a92    00000002     --HOLE-- [fill = 0]
                  00004a94    00000080     main.obj (.text:ADC14_IRQHandler)
                  00004b14    00000004     uartecho_pem4f.oem4f (.text:ti_sysbios_BIOS_RtsGateProxy_leave__E)
                  00004b18    00000080     sysbios.aem4f : BIOS.obj (.text:ti_sysbios_utils_Load_updateLoads__E)
                  00004b98    0000007c     msp432p4xx_driverlib.lib : pcm.o (.text:PCM_gotoLPM3)
                  00004c14    00000004     uartecho_pem4f.oem4f (.text:ti_sysbios_family_arm_m3_Hwi_destruct)
                  00004c18    0000007c     sysbios.aem4f : BIOS.obj (.text:ti_sysbios_family_arm_m3_TimestampProvider_get64__E)
                  00004c94    00000004     uartecho_pem4f.oem4f (.text:ti_sysbios_family_arm_m3_TaskSupport_Module__startupDone__S)
                  00004c98    0000007c     sysbios.aem4f : BIOS.obj (.text:ti_sysbios_heaps_HeapMem_free__E)
                  00004d14    0000007a     drivers_MSP432P401R.aem4f : UARTMSP432.oem4f (.text:UARTMSP432_write)
                  00004d8e    0000007a                               : UARTMSP432.oem4f (.text:readTaskCallback)
                  00004e08    0000007a     rtsv7M4_T_le_v4SPD16_eabi.lib : memset_t2.obj (.text)
                  00004e82    00000074     drivers_MSP432P401R.aem4f : UARTMSP432.oem4f (.text:readIsrTextBlocking)
                  00004ef6    00000002     --HOLE-- [fill = 0]
                  00004ef8    00000074     sysbios.aem4f : BIOS.obj (.text:ti_sysbios_knl_Mailbox_pend__E)
                  00004f6c    00000074     ti.uia.runtime.aem4f : QueueDescriptor.oem4f (.text:ti_uia_runtime_QueueDescriptor_addToList__E)
                  00004fe0    00000070     sysbios.aem4f : BIOS.obj (.text:ti_sysbios_knl_Semaphore_post__E)
                  00005050    0000006d     ti.targets.arm.rtsarm.aem4f : System.oem4f (.text:xdc_runtime_System_formatNum__I)
                  000050bd    00000003     --HOLE-- [fill = 0]
                  000050c0    0000006c     sysbios.aem4f : BIOS.obj (.text:ti_sysbios_knl_Clock_workFunc__E)
                  0000512c    00000004     uartecho_pem4f.oem4f (.text:ti_sysbios_heaps_HeapMem_Module_GateProxy_enter__E)
                  00005130    0000006c     sysbios.aem4f : BIOS.obj (.text:ti_sysbios_knl_Swi_restoreHwi__E)
                  0000519c    00000004     uartecho_pem4f.oem4f (.text:ti_sysbios_heaps_HeapMem_Module_GateProxy_leave__E)
                  000051a0    0000006c     sysbios.aem4f : BIOS.obj (.text:ti_sysbios_knl_Task_exit__E)
                  0000520c    0000006c     ti.targets.arm.rtsarm.aem4f : Error.oem4f (.text:xdc_runtime_Error_print__E)
                  00005278    0000006c                                 : Memory.oem4f (.text:xdc_runtime_Memory_alloc__E)
                  000052e4    0000006a     rtsv7M4_T_le_v4SPD16_eabi.lib : copy_decompress_rle.obj (.text)
                  0000534e    00000002     --HOLE-- [fill = 0]
                  00005350    00000068                                   : trgmsg.obj (.text)
                  000053b8    00000066     ti.uia.loggers.aem4f : LoggerStopMode.oem4f (.text:ti_uia_loggers_LoggerStopMode_flush__E)
                  0000541e    00000066     ti.targets.arm.rtsarm.aem4f : Core-mem.oem4f (.text:xdc_runtime_Core_deleteObject__I)
                  00005484    00000064     drivers_MSP432P401R.aem4f : UARTMSP432.oem4f (.text:UARTMSP432_writePolling)
                  000054e8    00000064     lcd_display.obj (.text:itoa)
                  0000554c    00000004     uartecho_pem4f.oem4f (.text:ti_sysbios_knl_Clock_TimerProxy_getMaxTicks__E)
                  00005550    00000064     sysbios.aem4f : BIOS.obj (.text:ti_sysbios_family_arm_m3_Hwi_dispatchC__I)
                  000055b4    00000004     uartecho_pem4f.oem4f (.text:ti_sysbios_knl_Clock_destruct)
                  000055b8    00000064     sysbios.aem4f : BIOS.obj (.text:ti_sysbios_utils_Load_idleFxn__E)
                  0000561c    00000062     tirtosport.aem4f : HwiP_tirtos.oem4f (.text:HwiP_create)
                  0000567e    00000060     Crystalfontz128x128_ST7735.obj (.text:Crystalfontz128x128_LineDrawH)
                  000056de    00000060     Crystalfontz128x128_ST7735.obj (.text:Crystalfontz128x128_LineDrawV)
                  0000573e    00000002     --HOLE-- [fill = 0]
                  00005740    00000060     sysbios.aem4f : BIOS.obj (.text:ti_sysbios_family_arm_m3_TimestampProvider_get32__E)
                  000057a0    00000060                   : BIOS.obj (.text:ti_sysbios_knl_Task_schedule__I)
                  00005800    0000005c     drivers_MSP432P401R.aem4f : GPIOMSP432.oem4f (.text:GPIO_init)
                  0000585c    00000004     uartecho_pem4f.oem4f (.text:ti_sysbios_knl_Queue_destruct)
                  00005860    0000005c     sysbios.aem4f : BIOS.obj (.text:ti_sysbios_knl_Swi_run__I)
                  000058bc    00000004     uartecho_pem4f.oem4f (.text:ti_sysbios_knl_Semaphore_destruct)
                  000058c0    0000005c     sysbios.aem4f : BIOS.obj (.text:ti_sysbios_knl_Swi_schedule__I)
                  0000591c    00000004     ti.uia.loggers.aem4f : LoggerStopMode.oem4f (.text:ti_uia_loggers_LoggerStopMode_getContents__E)
                  00005920    0000005c     sysbios.aem4f : BIOS.obj (.text:ti_sysbios_knl_Task_Module_startup__E)
                  0000597c    00000004     uartecho_pem4f.oem4f (.text:ti_uia_loggers_LoggerStopMode_getFilterLevel__E)
                  00005980    0000005c     sysbios.aem4f : BIOS.obj (.text:ti_sysbios_knl_Task_startCore__E)
                  000059dc    0000005b     ti.targets.arm.rtsarm.aem4f : Text.oem4f (.text:xdc_runtime_Text_putLab__E)
                  00005a37    00000001     --HOLE-- [fill = 0]
                  00005a38    0000005a     tirtosport.aem4f : ClockP_tirtos.oem4f (.text:ClockP_create)
                  00005a92    00000058                      : SemaphoreP_tirtos.oem4f (.text:SemaphoreP_create)
                  00005aea    00000002     --HOLE-- [fill = 0]
                  00005aec    00000058     boot.aem4f : boot.oem4f (.text)
                  00005b44    00000058     uartecho_pem4f.oem4f (.text:ti_sysbios_family_arm_m3_Hwi_construct)
                  00005b9c    00000058     sysbios.aem4f : m3_Hwi_asm_switch.obj (.text:ti_sysbios_family_arm_m3_Hwi_initStacks__E)
                  00005bf4    00000054     Crystalfontz128x128_ST7735.obj (.text:Crystalfontz128x128_SetOrientation)
                  00005c48    00000054     drivers_MSP432P401R.aem4f : GPIOMSP432.oem4f (.text:GPIO_hwiIntFxn)
                  00005c9c    00000054                               : GPIOMSP432.oem4f (.text:GPIO_setCallback)
                  00005cf0    00000054     sysbios.aem4f : BIOS.obj (.text:ti_sysbios_family_arm_m3_Timer_start__E)
                  00005d44    00000004     ti.uia.loggers.aem4f : LoggerStopMode.oem4f (.text:ti_uia_loggers_LoggerStopMode_getInstanceId__E)
                  00005d48    00000054     sysbios.aem4f : BIOS.obj (.text:ti_sysbios_family_arm_msp432_Timer_initDevice__I)
                  00005d9c    00000004     ti.uia.loggers.aem4f : LoggerStopMode.oem4f (.text:ti_uia_loggers_LoggerStopMode_getMaxLength__E)
                  00005da0    00000054     sysbios.aem4f : BIOS.obj (.text:ti_sysbios_family_arm_msp432_init_Boot_configureClocksHigh)
                  00005df4    00000054     ti.targets.arm.rtsarm.aem4f : Assert.oem4f (.text:xdc_runtime_Assert_raise__I)
                  00005e48    00000052     drivers_MSP432P401R.aem4f : UARTMSP432.oem4f (.text:UARTMSP432_writeCancel)
                  00005e9a    00000052     lcd_display.obj (.text:reverse)
                  00005eec    00000050     msp432p4xx_driverlib.lib : pcm.o (.text:PCM_shutdownDevice)
                  00005f3c    00000050     power_tirtos_MSP432P401R.aem4f : PowerMSP432_tirtos.oem4f (.text:PowerMSP432_sleepPolicy)
                  00005f8c    00000004     ti.uia.loggers.aem4f : LoggerStopMode.oem4f (.text:ti_uia_loggers_LoggerStopMode_getPriority__E)
                  00005f90    00000050     sysbios.aem4f : BIOS.obj (.text:ti_sysbios_family_arm_m3_Hwi_Module_startup__E)
                  00005fe0    00000050     ti.targets.arm.rtsarm.aem4f : Startup.oem4f (.text:xdc_runtime_Startup_exec__E)
                  00006030    00000050                                 : Text.oem4f (.text:xdc_runtime_Text_visitRope2__I)
                  00006080    0000004c     msp432p4xx_driverlib.lib : gpio.o (.text:GPIO_setAsPeripheralModuleFunctionOutputPin)
                  000060cc    0000004c     rtsv7M4_T_le_v4SPD16_eabi.lib : cpy_tbl.obj (.text)
                  00006118    0000004c     sysbios.aem4f : BIOS.obj (.text:ti_sysbios_family_arm_msp432_Timer_start__E)
                  00006164    00000004     ti.uia.loggers.aem4f : LoggerStopMode.oem4f (.text:ti_uia_loggers_LoggerStopMode_getTransferType__E)
                  00006168    0000004c     sysbios.aem4f : BIOS.obj (.text:ti_sysbios_heaps_HeapMem_getStats__E)
                  000061b4    00000004     ti.targets.arm.rtsarm.aem4f : Error.oem4f (.text:xdc_runtime_Error_getSite__E)
                  000061b8    0000004c     sysbios.aem4f : BIOS.obj (.text:ti_sysbios_knl_Swi_runLoop__I)
                  00006204    00000004     uartecho_pem4f.oem4f (.text:xdc_runtime_System_Module_GateProxy_enter__E)
                  00006208    0000004c     sysbios.aem4f : BIOS.obj (.text:ti_sysbios_knl_Task_allBlockedFunction__I)
                  00006254    0000004c     ti.uia.loggers.aem4f : LoggerStopMode.oem4f (.text:ti_uia_loggers_LoggerStopMode_Module_startup__E)
                  000062a0    0000004a     context.obj (.text:Graphics_initContext)
                  000062ea    00000002     --HOLE-- [fill = 0]
                  000062ec    00000048     msp432p4xx_driverlib.lib : gpio.o (.text:GPIO_setAsPeripheralModuleFunctionInputPin)
                  00006334    00000048     string.obj (.text:Graphics_drawStringCentered)
                  0000637c    00000004     uartecho_pem4f.oem4f (.text:xdc_runtime_System_Module_GateProxy_leave__E)
                  00006380    00000048     sysbios.aem4f : BIOS.obj (.text:ti_sysbios_family_arm_m3_Hwi_disableInterrupt__E)
                  000063c8    00000048                   : BIOS.obj (.text:ti_sysbios_family_arm_m3_Hwi_enableInterrupt__E)
                  00006410    00000048                   : BIOS.obj (.text:ti_sysbios_family_arm_m3_Hwi_excReserved__I)
                  00006458    00000048                   : BIOS.obj (.text:ti_sysbios_family_arm_m3_Timer_initDevice__I)
                  000064a0    00000048                   : BIOS.obj (.text:ti_sysbios_family_arm_m3_Timer_setPeriod__E)
                  000064e8    00000048                   : BIOS.obj (.text:ti_sysbios_knl_Mailbox_Module_startup__E)
                  00006530    00000046     drivers_MSP432P401R.aem4f : RingBuf.oem4f (.text:RingBuf_put)
                  00006576    00000046                               : UARTMSP432.oem4f (.text:readIsrBinaryBlocking)
                  000065bc    00000046     ti.targets.arm.rtsarm.aem4f : Core-params.oem4f (.text:xdc_runtime_Core_assignParams__I)
                  00006602    00000002     --HOLE-- [fill = 0]
                  00006604    00000044     rtsv7M4_T_le_v4SPD16_eabi.lib : exit.obj (.text)
                  00006648    00000044     sysbios.aem4f : BIOS.obj (.text:ti_sysbios_family_arm_m3_Hwi_getStackInfo__E)
                  0000668c    00000004     ti.targets.arm.rtsarm.aem4f : System.oem4f (.text:xdc_runtime_System_aprintf_va__F)
                  00006690    00000044     sysbios.aem4f : BIOS.obj (.text:ti_sysbios_knl_Swi_post__E)
                  000066d4    00000044     ti.uia.loggers.aem4f : LoggerStopMode.oem4f (.text:ti_uia_loggers_LoggerStopMode_initBuffer__I)
                  00006718    00000044     ti.targets.arm.rtsarm.aem4f : Error.oem4f (.text:xdc_runtime_Error_setX__E)
                  0000675c    00000044                                 : SysMin.oem4f (.text:xdc_runtime_SysMin_flush__E)
                  000067a0    00000044                                 : Text.oem4f (.text:xdc_runtime_Text_xprintf__I)
                  000067e4    00000042     drivers_MSP432P401R.aem4f : UARTMSP432.oem4f (.text:UARTMSP432_hwiIntFxn)
                  00006826    00000040     Crystalfontz128x128_ST7735.obj (.text:Crystalfontz128x128_PixelDraw)
                  00006866    00000002     --HOLE-- [fill = 0]
                  00006868    00000040     msp432p4xx_driverlib.lib : flash.o (.text:FlashCtl_disableReadBuffering)
                  000068a8    00000040     string.obj (.text:Graphics_getNumberOfLeadingZeros)
                  000068e8    00000040     HAL_MSP_EXP432P401R_Crystalfontz128x128_ST7735.obj (.text:HAL_LCD_SpiInit)
                  00006928    00000040     drivers_MSP432P401R.aem4f : RingBuf.oem4f (.text:RingBuf_get)
                  00006968    00000040                               : UARTMSP432.oem4f (.text:UARTMSP432_read)
                  000069a8    00000040                               : PowerMSP432.oem4f (.text:notify)
                  000069e8    00000040     rtsv7M4_T_le_v4SPD16_eabi.lib : u_divt2.obj (.text)
                  00006a28    00000040     sysbios.aem4f : BIOS.obj (.text:ti_sysbios_family_arm_msp432_Timer_Module_startup__E)
                  00006a68    00000040                   : BIOS.obj (.text:ti_sysbios_family_arm_msp432_Timer_startup__E)
                  00006aa8    00000040                   : BIOS.obj (.text:ti_sysbios_heaps_HeapMem_Instance_init__E)
                  00006ae8    0000003c     drivers_MSP432P401R.aem4f : PowerMSP432.oem4f (.text:Power_init)
                  00006b24    00000004     ti.targets.arm.rtsarm.aem4f : System.oem4f (.text:xdc_runtime_System_printf_va__F)
                  00006b28    0000003c     sysbios.aem4f : BIOS.obj (.text:ti_sysbios_family_arm_m3_Hwi_excSvCall__I)
                  00006b64    00000004     --HOLE-- [fill = 0]
                  00006b68    0000003c                   : BIOS.obj (.text:ti_sysbios_heaps_HeapMem_init__I)
                  00006ba4    00000004     --HOLE-- [fill = 0]
                  00006ba8    0000003c                   : BIOS.obj (.text:ti_sysbios_knl_Clock_Instance_init__E)
                  00006be4    00000004     --HOLE-- [fill = 0]
                  00006be8    0000003c                   : BIOS.obj (.text:ti_sysbios_knl_Swi_restore__E)
                  00006c24    0000003a     drivers_MSP432P401R.aem4f : UARTMSP432.oem4f (.text:readIsrBinaryCallback)
                  00006c5e    00000002     --HOLE-- [fill = 0]
                  00006c60    00000038                               : UART.oem4f (.text:UART_init)
                  00006c98    00000038     main.obj (.text:start_button)
                  00006cd0    00000038     sysbios.aem4f : BIOS.obj (.text:ti_sysbios_family_arm_m3_Hwi_excNoIsr__I)
                  00006d08    00000038     ti.targets.arm.rtsarm.aem4f : SysMin.oem4f (.text:xdc_runtime_SysMin_putch__E)
                  00006d40    00000038                                 : System.oem4f (.text:xdc_runtime_System_atexit__E)
                  00006d78    00000036     drivers_MSP432P401R.aem4f : UARTMSP432.oem4f (.text:UARTMSP432_readCancel)
                  00006dae    00000036                               : UARTMSP432.oem4f (.text:perfChangeNotifyFxn)
                  00006de4    00000034     msp432p4xx_driverlib.lib : flash.o (.text:FlashCtl_enableReadBuffering)
                  00006e18    00000034     display.obj (.text:Graphics_drawHorizontalLineOnDisplay)
                  00006e4c    00000034     HAL_MSP_EXP432P401R_Crystalfontz128x128_ST7735.obj (.text:HAL_LCD_writeCommand)
                  00006e80    00000034     sysbios.aem4f : BIOS.obj (.text:ti_sysbios_family_arm_m3_Hwi_Instance_finalize__E)
                  00006eb4    00000004     --HOLE-- [fill = 0]
                  00006eb8    00000034                   : BIOS.obj (.text:ti_sysbios_family_arm_m3_Hwi_excNmi__I)
                  00006eec    00000004     --HOLE-- [fill = 0]
                  00006ef0    00000034                   : BIOS.obj (.text:ti_sysbios_family_arm_m3_Timer_periodicStub__I)
                  00006f24    00000004     --HOLE-- [fill = 0]
                  00006f28    00000034                   : BIOS.obj (.text:ti_sysbios_hal_Hwi_checkStack)
                  00006f5c    00000034     uartecho_pem4f.oem4f (.text:ti_sysbios_knl_Clock_construct)
                  00006f90    00000034     ti.uia.loggers.aem4f : LoggerStopMode.oem4f (.text:ti_uia_loggers_LoggerStopMode_reset__E)
                  00006fc4    00000034     ti.targets.arm.rtsarm.aem4f : Core-label.oem4f (.text:xdc_runtime_Core_assignLabel__I)
                  00006ff8    00000033                                 : Text.oem4f (.text:xdc_runtime_Text_printVisFxn__I)
                  0000702b    00000005     --HOLE-- [fill = 0]
                  00007030    00000032     sysbios.aem4f : BIOS.obj (.text:ti_sysbios_hal_Hwi_initStack)
                  00007062    00000002     --HOLE-- [fill = 0]
                  00007064    00000030     drivers_MSP432P401R.aem4f : GPIOMSP432.oem4f (.text:GPIO_getEnabledInterruptStatus_WA)
                  00007094    00000030     msp432p4xx_driverlib.lib : gpio.o (.text:GPIO_setAsInputPinWithPullDownResistor)
                  000070c4    00000030                              : gpio.o (.text:GPIO_setAsInputPinWithPullUpResistor)
                  000070f4    00000030     HAL_MSP_EXP432P401R_Crystalfontz128x128_ST7735.obj (.text:HAL_LCD_PortInit)
                  00007124    00000030     drivers_MSP432P401R.aem4f : UART.oem4f (.text:UART_open)
                  00007154    00000030     msp432p4xx_driverlib.lib : spi.o (.text:is_A_Module)
                  00007184    00000030     uartecho_pem4f.oem4f (.text:ti_sysbios_BIOS_atExitFunc__I)
                  000071b4    00000004     --HOLE-- [fill = 0]
                  000071b8    00000030     sysbios.aem4f : BIOS.obj (.text:ti_sysbios_family_arm_m3_TaskSupport_start__E)
                  000071e8    00000030                   : BIOS.obj (.text:ti_sysbios_family_arm_msp432_Timer_setPeriod__E)
                  00007218    00000030     uartecho_pem4f.oem4f (.text:ti_sysbios_gates_GateHwi_Object__create__S)
                  00007248    00000030     uartecho_pem4f.oem4f (.text:ti_sysbios_gates_GateMutex_Object__create__S)
                  00007278    00000030     sysbios.aem4f : BIOS.obj (.text:ti_sysbios_gates_GateMutex_enter__E)
                  000072a8    00000030     uartecho_pem4f.oem4f (.text:ti_sysbios_heaps_HeapMem_Object__create__S)
                  000072d8    00000030     sysbios.aem4f : BIOS.obj (.text:ti_sysbios_knl_Mailbox_postInit__I)
                  00007308    00000030     uartecho_pem4f.oem4f (.text:ti_sysbios_knl_Semaphore_construct)
                  00007338    00000030     sysbios.aem4f : BIOS.obj (.text:ti_sysbios_knl_Semaphore_pendTimeout__I)
                  00007368    00000030                   : BIOS.obj (.text:ti_sysbios_knl_Task_processVitalTaskFlag__I)
                  00007398    00000030                   : BIOS.obj (.text:ti_sysbios_knl_Task_unblockI__E)
                  000073c8    00000030                   : BIOS.obj (.text:ti_sysbios_utils_Load_updateCurrentThreadTime__E)
                  000073f8    00000030     uartecho_pem4f.oem4f (.text:ti_uia_loggers_LoggerStopMode_Object__create__S)
                  00007428    00000030     ti.targets.arm.rtsarm.aem4f : SysMin.oem4f (.text:xdc_runtime_SysMin_abort__E)
                  00007458    00000030                                 : System.oem4f (.text:xdc_runtime_System_processAtExit__E)
                  00007488    0000002c     Crystalfontz128x128_ST7735.obj (.text:Crystalfontz128x128_ClearScreen)
                  000074b4    0000002c     msp432p4xx_driverlib.lib : gpio.o (.text:GPIO_setAsInputPin)
                  000074e0    0000002c                              : pcm.o (.text:PCM_getCoreVoltageLevel)
                  0000750c    0000002c     power_tirtos_MSP432P401R.aem4f : PowerMSP432_tirtos.oem4f (.text:PowerMSP432_updateFreqs)
                  00007538    0000002c     drivers_MSP432P401R.aem4f : PowerMSP432.oem4f (.text:Power_releaseConstraint)
                  00007564    0000002c                               : PowerMSP432.oem4f (.text:Power_setConstraint)
                  00007590    0000002c     uartecho_pem4f.oem4f (.text:ti_sysbios_knl_Clock_doTick__I)
                  000075bc    0000002c     uartecho_pem4f.oem4f (.text:ti_sysbios_knl_Queue_construct)
                  000075e8    0000002c     sysbios.aem4f : BIOS.obj (.text:ti_sysbios_knl_Task_restore__E)
                  00007614    0000002c     ti.targets.arm.rtsarm.aem4f : Text.oem4f (.text:xdc_runtime_Text_cordText__E)
                  00007640    0000002a     display.obj (.text:Graphics_drawPixelOnDisplay)
                  0000766a    0000002a     msp432p4xx_driverlib.lib : pcm.o (.text:PCM_getPowerMode)
                  00007694    0000002a     drivers_MSP432P401R.aem4f : UARTMSP432.oem4f (.text:findBaudDividerIndex)
                  000076be    0000002a     ped_adc.obj (.text:init_clocks)
                  000076e8    0000002a     ti.targets.arm.rtsarm.aem4f : System.oem4f (.text:xdc_runtime_System_putchar__I)
                  00007712    00000028     Crystalfontz128x128_ST7735.obj (.text:Crystalfontz128x128_ColorTranslate)
                  0000773a    00000002     --HOLE-- [fill = 0]
                  0000773c    00000028     msp432p4xx_driverlib.lib : flash.o (.text:FlashCtl_setWaitState)
                  00007764    00000028                              : pcm.o (.text:PCM_gotoLPM0)
                  0000778c    00000028     uartecho_pem4f.oem4f (.text:ti_sysbios_BIOS_startFunc__I)
                  000077b4    00000004     --HOLE-- [fill = 0]
                  000077b8    00000028     sysbios.aem4f : BIOS.obj (.text:ti_sysbios_knl_Clock_addI__E)
                  000077e0    00000028                   : BIOS.obj (.text:ti_sysbios_knl_Swi_Module_startup__E)
                  00007808    00000026     drivers_MSP432P401R.aem4f : List.oem4f (.text:List_put)
                  0000782e    00000026     main.obj (.text:main)
                  00007854    00000026     sysbios.aem4f : m3_Hwi_asm.obj (.text:ti_sysbios_family_arm_m3_Hwi_pendSV__I)
                  0000787a    00000026     ti.targets.arm.rtsarm.aem4f : System.oem4f (.text:xdc_runtime_System_avprintf__E)
                  000078a0    00000024     msp432p4xx_driverlib.lib : cs.o (.text:CS_setDCOCenteredFrequency)
                  000078c4    00000024                              : gpio.o (.text:GPIO_setAsOutputPin)
                  000078e8    00000024     HAL_MSP_EXP432P401R_Crystalfontz128x128_ST7735.obj (.text:HAL_LCD_writeData)
                  0000790c    00000024     msp432p4xx_driverlib.lib : rtc_c.o (.text:RTC_C_holdClock)
                  00007930    00000024                              : rtc_c.o (.text:RTC_C_startClock)
                  00007954    00000024                              : uart.o (.text:UART_disableInterrupt)
                  00007978    00000024                              : uart.o (.text:UART_receiveData)
                  0000799c    00000024                              : uart.o (.text:UART_transmitData)
                  000079c0    00000024     uartecho_pem4f.oem4f (.text:ti_sysbios_BIOS_errorRaiseHook__I)
                  000079e4    00000024     uartecho_pem4f.oem4f (.text:ti_sysbios_BIOS_registerRTSLock__I)
                  00007a08    00000024     uartecho_pem4f.oem4f (.text:ti_sysbios_BIOS_removeRTSLock__I)
                  00007a2c    00000004     --HOLE-- [fill = 0]
                  00007a30    00000024     sysbios.aem4f : BIOS.obj (.text:ti_sysbios_family_arm_m3_Timer_Module_startup__E)
                  00007a54    00000004     --HOLE-- [fill = 0]
                  00007a58    00000024                   : BIOS.obj (.text:ti_sysbios_family_arm_m3_Timer_postInit__I)
                  00007a7c    00000004     --HOLE-- [fill = 0]
                  00007a80    00000024                   : BIOS.obj (.text:ti_sysbios_family_arm_m3_Timer_startup__E)
                  00007aa4    00000004     --HOLE-- [fill = 0]
                  00007aa8    00000024                   : BIOS.obj (.text:ti_sysbios_family_arm_msp432_ClockFreqs_setFrequency__E)
                  00007acc    00000004     --HOLE-- [fill = 0]
                  00007ad0    00000024                   : BIOS.obj (.text:ti_sysbios_family_arm_msp432_Timer_postInit__I)
                  00007af4    00000024     uartecho_pem4f.oem4f (.text:ti_sysbios_gates_GateMutex_Object__delete__S)
                  00007b18    00000024     sysbios.aem4f : BIOS.obj (.text:ti_sysbios_knl_Clock_Module_startup__E)
                  00007b3c    00000004     --HOLE-- [fill = 0]
                  00007b40    00000024                   : BIOS.obj (.text:ti_sysbios_knl_Clock_start__E)
                  00007b64    00000004     --HOLE-- [fill = 0]
                  00007b68    00000024                   : BIOS.obj (.text:ti_sysbios_knl_Semaphore_Instance_init__E)
                  00007b8c    00000004     --HOLE-- [fill = 0]
                  00007b90    00000024                   : BIOS.obj (.text:ti_sysbios_knl_Task_restoreHwi__E)
                  00007bb4    00000004     --HOLE-- [fill = 0]
                  00007bb8    00000024                   : BIOS.obj (.text:ti_sysbios_utils_Load_updateThreadContexts__E)
                  00007bdc    00000024     ti.targets.arm.rtsarm.aem4f : System.oem4f (.text:xdc_runtime_System_vprintf__E)
                  00007c00    00000022     uartecho_pem4f.oem4f (.text:xdc_runtime_SysMin_output__I)
                  00007c22    00000002     --HOLE-- [fill = 0]
                  00007c24    00000020     msp432p4xx_driverlib.lib : gpio.o (.text:GPIO_interruptEdgeSelect)
                  00007c44    00000020     drivers_MSP432P401R.aem4f : PowerMSP432.oem4f (.text:PowerMSP432_getFreqs)
                  00007c64    00000020                               : PowerMSP432.oem4f (.text:Power_idleFunc)
                  00007c84    00000020                               : PowerMSP432.oem4f (.text:Power_unregisterNotify)
                  00007ca4    00000020     msp432p4xx_driverlib.lib : spi.o (.text:SPI_transmitData)
                  00007cc4    00000020     uartecho_pem4f.oem4f (.text:ti_sysbios_BIOS_rtsLock__I)
                  00007ce4    00000020     sysbios.aem4f : m3_Hwi_asm.obj (.text:ti_sysbios_family_arm_m3_Hwi_excHandlerAsm__I)
                  00007d04    00000004     --HOLE-- [fill = 0]
                  00007d08    00000020                   : BIOS.obj (.text:ti_sysbios_family_arm_m3_Hwi_excHandler__I)
                  00007d28    00000020                   : BIOS.obj (.text:ti_sysbios_family_arm_m3_TimestampProvider_Module_startup__E)
                  00007d48    00000020     uartecho_pem4f.oem4f (.text:ti_sysbios_gates_GateHwi_Object__delete__S)
                  00007d68    00000020     uartecho_pem4f.oem4f (.text:ti_sysbios_heaps_HeapMem_Object__delete__S)
                  00007d88    00000020     uartecho_pem4f.oem4f (.text:ti_sysbios_knl_Clock_Object__destruct__S)
                  00007da8    00000020     sysbios.aem4f : BIOS.obj (.text:ti_sysbios_knl_Idle_run__E)
                  00007dc8    00000020     uartecho_pem4f.oem4f (.text:ti_sysbios_knl_Semaphore_Object__destruct__S)
                  00007de8    00000020     uartecho_pem4f.oem4f (.text:ti_uia_loggers_LoggerStopMode_Object__delete__S)
                  00007e08    00000020     ti.targets.arm.rtsarm.aem4f : Registry.oem4f (.text:xdc_runtime_Registry_findById__E)
                  00007e28    00000020                                 : SysMin.oem4f (.text:xdc_runtime_SysMin_Module_startup__E)
                  00007e48    0000001e     sysbios.aem4f : m3_Hwi_asm_switch.obj (.text:ti_sysbios_family_xxx_Hwi_switchAndRunFunc)
                  00007e66    0000001c     MSP_EXP432P401R.obj (.text:MSP_EXP432P401R_initUART)
                  00007e82    00000002     --HOLE-- [fill = 0]
                  00007e84    0000001c     drivers_MSP432P401R.aem4f : PowerMSP432.oem4f (.text:Power_registerNotify)
                  00007ea0    0000001c     uartecho_pem4f.oem4f (.text:ti_sysbios_family_arm_m3_Hwi_Object__destruct__S)
                  00007ebc    00000004     --HOLE-- [fill = 0]
                  00007ec0    0000001c     sysbios.aem4f : BIOS.obj (.text:ti_sysbios_family_arm_m3_Timer_stop__E)
                  00007edc    00000004     --HOLE-- [fill = 0]
                  00007ee0    0000001c                   : BIOS.obj (.text:ti_sysbios_gates_GateMutex_Instance_init__E)
                  00007efc    00000004     --HOLE-- [fill = 0]
                  00007f00    0000001c                   : BIOS.obj (.text:ti_sysbios_knl_Clock_Instance_finalize__E)
                  00007f1c    0000001c     uartecho_pem4f.oem4f (.text:ti_sysbios_knl_Queue_Object__destruct__S)
                  00007f38    0000001c     sysbios.aem4f : BIOS.obj (.text:ti_sysbios_knl_Queue_get__E)
                  00007f54    00000004     --HOLE-- [fill = 0]
                  00007f58    0000001c                   : BIOS.obj (.text:ti_sysbios_knl_Queue_put__E)
                  00007f74    00000004     --HOLE-- [fill = 0]
                  00007f78    0000001c                   : BIOS.obj (.text:ti_sysbios_knl_Task_enter__I)
                  00007f94    0000001c     ti.uia.loggers.aem4f : LoggerStopMode.oem4f (.text:ti_uia_loggers_LoggerStopMode_Instance_init__E)
                  00007fb0    0000001c     ti.targets.arm.rtsarm.aem4f : Error.oem4f (.text:xdc_runtime_Error_raiseX__E)
                  00007fcc    0000001c                                 : Memory.oem4f (.text:xdc_runtime_Memory_valloc__E)
                  00007fe8    0000001c                                 : SysMin.oem4f (.text:xdc_runtime_SysMin_exit__E)
                  00008004    0000001c                                 : System.oem4f (.text:xdc_runtime_System_abort__E)
                  00008020    0000001a     context.obj (.text:Graphics_setBackgroundColor)
                  0000803a    0000001a     context.obj (.text:Graphics_setFont)
                  00008054    0000001a     drivers_MSP432P401R.aem4f : List.oem4f (.text:List_remove)
                  0000806e    0000001a     msp432p4xx_driverlib.lib : spi.o (.text:SPI_enableModule)
                  00008088    0000001a     uartecho_pem4f.oem4f (.text:ti_sysbios_family_arm_m3_Hwi_Handle__label__S)
                  000080a2    0000001a     uartecho_pem4f.oem4f (.text:ti_sysbios_gates_GateHwi_Handle__label__S)
                  000080bc    0000001a     uartecho_pem4f.oem4f (.text:ti_sysbios_gates_GateMutex_Handle__label__S)
                  000080d6    0000001a     uartecho_pem4f.oem4f (.text:ti_sysbios_heaps_HeapMem_Handle__label__S)
                  000080f0    0000001a     uartecho_pem4f.oem4f (.text:ti_sysbios_knl_Swi_Handle__label__S)
                  0000810a    0000001a     uartecho_pem4f.oem4f (.text:ti_sysbios_knl_Task_Handle__label__S)
                  00008124    0000001a     uartecho_pem4f.oem4f (.text:ti_uia_loggers_LoggerStopMode_Handle__label__S)
                  0000813e    0000001a     uartecho_pem4f.oem4f (.text:xdc_runtime_System_aprintf__E)
                  00008158    0000001a     uartecho_pem4f.oem4f (.text:xdc_runtime_System_printf__E)
                  00008172    00000002     --HOLE-- [fill = 0]
                  00008174    00000018     msp432p4xx_driverlib.lib : adc14.o (.text:ADC14_getResult)
                  0000818c    00000018                              : gpio.o (.text:GPIO_clearInterruptFlag)
                  000081a4    00000018                              : gpio.o (.text:GPIO_setDriveStrengthLow)
                  000081bc    00000018                              : gpio.o (.text:GPIO_setOutputLowOnPin)
                  000081d4    00000018     display.obj (.text:Graphics_clearDisplayOnDisplay)
                  000081ec    00000018     drivers_MSP432P401R.aem4f : UART.oem4f (.text:UART_Params_init)
                  00008204    00000018     msp432p4xx_driverlib.lib : wdt_a.o (.text:WDT_A_holdTimer)
                  0000821c    00000018     rtsv7M4_T_le_v4SPD16_eabi.lib : args_main.obj (.text)
                  00008234    00000018     uartecho_pem4f.oem4f (.text:ti_sysbios_BIOS_rtsUnlock__I)
                  0000824c    00000018     uartecho_pem4f.oem4f (.text:ti_sysbios_family_arm_m3_Hwi_Module__startupDone__F)
                  00008264    00000018     sysbios.aem4f : m3_TaskSupport_asm.obj (.text:ti_sysbios_family_arm_m3_TaskSupport_swap__E)
                  0000827c    00000018     uartecho_pem4f.oem4f (.text:ti_sysbios_family_arm_msp432_Timer_Module__startupDone__F)
                  00008294    00000004     --HOLE-- [fill = 0]
                  00008298    00000018     sysbios.aem4f : BIOS.obj (.text:ti_sysbios_gates_GateMutex_leave__E)
                  000082b0    00000018     ti.targets.arm.rtsarm.aem4f : Error.oem4f (.text:xdc_runtime_Error_check__E)
                  000082c8    00000018                                 : System.oem4f (.text:xdc_runtime_System_exit__E)
                  000082e0    00000018                                 : Text.oem4f (.text:xdc_runtime_Text_ropeText__E)
                  000082f8    00000016     tirtosport.aem4f : ClockP_tirtos.oem4f (.text:ClockP_delete)
                  0000830e    00000016     context.obj (.text:Graphics_setForegroundColor)
                  00008324    00000016     display.obj (.text:Graphics_translateColorOnDisplay)
                  0000833a    00000016     tirtosport.aem4f : HwiP_tirtos.oem4f (.text:HwiP_delete)
                  00008350    00000016                      : SemaphoreP_tirtos.oem4f (.text:SemaphoreP_delete)
                  00008366    00000016     msp432p4xx_driverlib.lib : uart.o (.text:UART_enableInterrupt)
                  0000837c    00000016     uartecho_pem4f.oem4f (.text:ti_sysbios_BIOS_exitFunc__I)
                  00008392    00000006     msp432p4xx_driverlib.lib : uart.o (.text:UART_getInterruptStatus)
                  00008398    00000016     sysbios.aem4f : BIOS.obj (.text:ti_sysbios_knl_Task_unblock__E)
                  000083ae    00000016     ti.uia.loggers.aem4f : LoggerStopMode.oem4f (.text:ti_uia_loggers_LoggerStopMode_disable__E)
                  000083c4    00000016                          : LoggerStopMode.oem4f (.text:ti_uia_loggers_LoggerStopMode_enable__E)
                  000083da    00000002     --HOLE-- [fill = 0]
                  000083dc    00000014     msp432p4xx_driverlib.lib : gpio.o (.text:GPIO_setDriveStrengthHigh)
                  000083f0    00000014                              : gpio.o (.text:GPIO_setOutputHighOnPin)
                  00008404    00000014                              : wdt_a.o (.text:WDT_A_startTimer)
                  00008418    00000014     rtsv7M4_T_le_v4SPD16_eabi.lib : _lock.obj (.text)
                  0000842c    00000014                                   : strcpy.obj (.text)
                  00008440    00000014                                   : strlen.obj (.text)
                  00008454    00000014     uartecho_pem4f.oem4f (.text:ti_sysbios_family_arm_m3_Hwi_Object__get__S)
                  00008468    00000014     sysbios.aem4f : BIOS.obj (.text:ti_sysbios_family_arm_m3_Hwi_switchFromBootStack__E)
                  0000847c    00000014     uartecho_pem4f.oem4f (.text:ti_sysbios_heaps_HeapMem_Object__get__S)
                  00008490    00000014     uartecho_pem4f.oem4f (.text:ti_sysbios_knl_Mailbox_Object__get__S)
                  000084a4    00000014     uartecho_pem4f.oem4f (.text:ti_sysbios_knl_Swi_Object__get__S)
                  000084b8    00000012     tirtosport.aem4f : ClockP_tirtos.oem4f (.text:ClockP_start)
                  000084ca    00000012     context.obj (.text:Graphics_clearDisplay)
                  000084dc    00000012     drivers_MSP432P401R.aem4f : RingBuf.oem4f (.text:RingBuf_construct)
                  000084ee    00000012     tirtosport.aem4f : SemaphoreP_tirtos.oem4f (.text:SemaphoreP_pend)
                  00008500    00000012     sysbios.aem4f : BIOS.obj (.text:ti_sysbios_hal_Hwi_Module_startup__E)
                  00008512    00000012     uartecho_pem4f.oem4f (.text:xdc_runtime_Startup_exec__I)
                  00008524    00000010     msp432p4xx_driverlib.lib : gpio.o (.text:GPIO_getInterruptStatus)
                  00008534    00000010                              : pcm.o (.text:PCM_gotoLPM4)
                  00008544    00000010     drivers_MSP432P401R.aem4f : UARTMSP432.oem4f (.text:readBlockingTimeout)
                  00008554    00000004     --HOLE-- [fill = 0]
                  00008558    00000010     sysbios.aem4f : BIOS.obj (.text:ti_sysbios_BIOS_exit__E)
                  00008568    00000010                   : BIOS.obj (.text:ti_sysbios_BIOS_getCpuFreq__E)
                  00008578    00000010                   : BIOS.obj (.text:ti_sysbios_BIOS_setCpuFreq__E)
                  00008588    00000010                   : BIOS.obj (.text:ti_sysbios_BIOS_setThreadType__E)
                  00008598    00000010                   : BIOS.obj (.text:ti_sysbios_BIOS_start__E)
                  000085a8    00000010                   : m3_TaskSupport_asm.obj (.text:ti_sysbios_family_arm_m3_TaskSupport_glue)
                  000085b8    00000010                   : BIOS.obj (.text:ti_sysbios_family_arm_msp432_init_Boot_disableWatchdog)
                  000085c8    00000010                   : BIOS.obj (.text:ti_sysbios_gates_GateMutex_Instance_finalize__E)
                  000085d8    00000010                   : BIOS.obj (.text:ti_sysbios_knl_Semaphore_Instance_finalize__E)
                  000085e8    00000010                   : BIOS.obj (.text:ti_sysbios_knl_Swi_disable__E)
                  000085f8    00000010     uartecho_pem4f.oem4f (.text:ti_sysbios_knl_Task_Object__get__S)
                  00008608    00000010     sysbios.aem4f : BIOS.obj (.text:ti_sysbios_knl_Task_disable__E)
                  00008618    00000010     uartecho_pem4f.oem4f (.text:ti_uia_loggers_LoggerStopMode_Object__get__S)
                  00008628    00000010     ti.uia.loggers.aem4f : LoggerStopMode.oem4f (.text:ti_uia_loggers_LoggerStopMode_isEmpty__E)
                  00008638    00000010     ti.targets.arm.rtsarm.aem4f : Gate.oem4f (.text:xdc_runtime_Gate_leaveSystem__E)
                  00008648    00000010                                 : Memory.oem4f (.text:xdc_runtime_Memory_free__E)
                  00008658    00000010                                 : SysMin.oem4f (.text:xdc_runtime_SysMin_ready__E)
                  00008668    00000010                                 : System.oem4f (.text:xdc_runtime_System_vsnprintf__E)
                  00008678    00000010     uartecho_pem4f.oem4f (.text:xdc_runtime_Text_visitRope__I)
                  00008688    0000000e     tirtosport.aem4f : HwiP_tirtos.oem4f (.text:HwiP_Params_init)
                  00008696    0000000e     msp432p4xx_driverlib.lib : uart.o (.text:UART_clearInterruptFlag)
                  000086a4    0000000e     rtsv7M4_T_le_v4SPD16_eabi.lib : copy_decompress_none.obj (.text:decompress:none)
                  000086b2    00000006     msp432p4xx_driverlib.lib : uart.o (.text:UART_queryStatusFlags)
                  000086b8    0000000e     sysbios.aem4f : BIOS.obj (.text:ti_sysbios_knl_Clock_removeI__E)
                  000086c6    00000002     --HOLE-- [fill = 0]
                  000086c8    0000000e                   : BIOS.obj (.text:ti_sysbios_knl_Idle_loop__E)
                  000086d6    00000002     --HOLE-- [fill = 0]
                  000086d8    0000000e                   : BIOS.obj (.text:ti_sysbios_knl_Queue_empty__E)
                  000086e6    0000000c     uartecho_pem4f.oem4f (.text:.bootCodeSection:ti_sysbios_family_arm_msp432_init_Boot_init__I)
                  000086f2    0000000c     msp432p4xx_driverlib.lib : cpu.o (.text:CPU_cpsid)
                  000086fe    0000000c                              : cpu.o (.text:CPU_cpsie)
                  0000870a    0000000c                              : spi.o (.text:EUSCI_A_SPI_enable)
                  00008716    0000000c                              : spi.o (.text:EUSCI_B_SPI_enable)
                  00008722    00000002     --HOLE-- [fill = 0]
                  00008724    0000000c                              : pcm.o (.text:PCM_getPowerState)
                  00008730    0000000c     drivers_MSP432P401R.aem4f : PowerMSP432.oem4f (.text:Power_getConstraintMask)
                  0000873c    0000000c                               : PowerMSP432.oem4f (.text:Power_getPerformanceLevel)
                  00008748    0000000c                               : RingBuf.oem4f (.text:RingBuf_peek)
                  00008754    0000000c                               : UARTMSP432.oem4f (.text:UARTMSP432_init)
                  00008760    0000000c     msp432p4xx_driverlib.lib : uart.o (.text:UART_disableModule)
                  0000876c    0000000c                              : uart.o (.text:UART_enableModule)
                  00008778    0000000c     rtsv7M4_T_le_v4SPD16_eabi.lib : copy_zero_init.obj (.text:decompress:ZI)
                  00008784    0000000c     uartecho_pem4f.oem4f (.text:ti_sysbios_family_arm_m3_Hwi_Params__init__S)
                  00008790    0000000c     sysbios.aem4f : BIOS.obj (.text:ti_sysbios_family_arm_m3_Hwi_disableFxn__E)
                  0000879c    00000004     --HOLE-- [fill = 0]
                  000087a0    0000000c                   : BIOS.obj (.text:ti_sysbios_family_arm_m3_TaskSupport_checkStack__E)
                  000087ac    00000004     --HOLE-- [fill = 0]
                  000087b0    0000000c                   : BIOS.obj (.text:ti_sysbios_family_arm_m3_TimestampProvider_startTimer__E)
                  000087bc    00000004     --HOLE-- [fill = 0]
                  000087c0    0000000c                   : BIOS.obj (.text:ti_sysbios_family_arm_msp432_Timer_getMaxTicks__E)
                  000087cc    00000004     --HOLE-- [fill = 0]
                  000087d0    0000000c                   : BIOS.obj (.text:ti_sysbios_gates_GateHwi_enter__E)
                  000087dc    0000000c     uartecho_pem4f.oem4f (.text:ti_sysbios_knl_Clock_Params__init__S)
                  000087e8    0000000c     uartecho_pem4f.oem4f (.text:ti_sysbios_knl_Queue_Object__get__S)
                  000087f4    0000000c     uartecho_pem4f.oem4f (.text:ti_sysbios_knl_Semaphore_Params__init__S)
                  00008800    0000000c     ti.targets.arm.rtsarm.aem4f : Error.oem4f (.text:xdc_runtime_Error_init__E)
                  0000880c    0000000c                                 : Gate.oem4f (.text:xdc_runtime_Gate_enterSystem__E)
                  00008818    0000000c                                 : Memory.oem4f (.text:xdc_runtime_Memory_calloc__E)
                  00008824    0000000c                                 : Memory.oem4f (.text:xdc_runtime_Memory_getMaxDefaultTypeAlign__E)
                  00008830    0000000a     tirtosport.aem4f : ClockP_tirtos.oem4f (.text:ClockP_stop)
                  0000883a    0000000a     Crystalfontz128x128_ST7735.obj (.text:Crystalfontz128x128_Flush)
                  00008844    0000000a     tirtosport.aem4f : SemaphoreP_tirtos.oem4f (.text:SemaphoreP_post)
                  0000884e    0000000a     drivers_MSP432P401R.aem4f : UART.oem4f (.text:UART_read)
                  00008858    0000000a                               : UART.oem4f (.text:UART_write)
                  00008862    0000000a     uartecho_pem4f.oem4f (.text:xdc_runtime_IHeap_alloc)
                  0000886c    0000000a     uartecho_pem4f.oem4f (.text:xdc_runtime_IHeap_free)
                  00008876    00000008     tirtosport.aem4f : ClockP_tirtos.oem4f (.text:ClockP_Params_init)
                  0000887e    00000008     msp432p4xx_driverlib.lib : spi.o (.text:EUSCI_B_SPI_getInterruptStatus)
                  00008886    00000008     MSP_EXP432P401R.obj (.text:MSP_EXP432P401R_initGPIO)
                  0000888e    00000008     MSP_EXP432P401R.obj (.text:MSP_EXP432P401R_initGeneral)
                  00008896    00000008     msp432p4xx_driverlib.lib : pcm.o (.text:PCM_setPowerMode)
                  0000889e    00000008                              : pcm.o (.text:PCM_setPowerState)
                  000088a6    00000008     tirtosport.aem4f : SemaphoreP_tirtos.oem4f (.text:SemaphoreP_Params_init)
                  000088ae    00000008     drivers_MSP432P401R.aem4f : UARTMSP432.oem4f (.text:readSemCallback)
                  000088b6    00000002     --HOLE-- [fill = 0]
                  000088b8    00000008     sysbios.aem4f : BIOS.obj (.text:ti_sysbios_family_arm_m3_Hwi_doSwiRestore__I)
                  000088c0    00000008                   : BIOS.obj (.text:ti_sysbios_family_arm_m3_Hwi_startup__E)
                  000088c8    00000008     drivers_MSP432P401R.aem4f : UARTMSP432.oem4f (.text:writeSemCallback)
                  000088d0    00000006     ti.targets.arm.rtsarm.aem4f : xdc_noinit.oem4f (.text:__xdc__init)
                  000088d6    00000006     rtsv7M4_T_le_v4SPD16_eabi.lib : copy_decompress_rle.obj (.text:decompress:rle24)
                  000088dc    00000004     --HOLE-- [fill = 0]
                  000088e0    00000006     sysbios.aem4f : BIOS.obj (.text:ti_sysbios_family_arm_m3_Hwi_doTaskRestore__I)
                  000088e6    00000002     --HOLE-- [fill = 0]
                  000088e8    00000006                   : BIOS.obj (.text:ti_sysbios_family_arm_m3_Hwi_restoreFxn__E)
                  000088ee    00000002     --HOLE-- [fill = 0]
                  000088f0    00000006                   : BIOS.obj (.text:ti_sysbios_gates_GateHwi_leave__E)
                  000088f6    00000002     --HOLE-- [fill = 0]
                  000088f8    00000006                   : BIOS.obj (.text:ti_sysbios_heaps_HeapMem_isBlocking__E)
                  000088fe    00000002     --HOLE-- [fill = 0]
                  00008900    00000006                   : BIOS.obj (.text:ti_sysbios_knl_Clock_stop__E)
                  00008906    00000002     --HOLE-- [fill = 0]
                  00008908    00000006                   : BIOS.obj (.text:ti_sysbios_knl_Queue_Instance_init__E)
                  0000890e    00000002     --HOLE-- [fill = 0]
                  00008910    00000006                   : BIOS.obj (.text:ti_sysbios_knl_Swi_startup__E)
                  00008916    00000006     ti.targets.arm.rtsarm.aem4f : System.oem4f (.text:xdc_runtime_System_Module_startup__E)
                  0000891c    00000004     --HOLE-- [fill = 0]
                  00008920    00000004     sysbios.aem4f : BIOS.obj (.text:ti_sysbios_gates_GateHwi_query__E)
                  00008924    00000004     --HOLE-- [fill = 0]
                  00008928    00000004                   : BIOS.obj (.text:ti_sysbios_gates_GateMutex_query__E)
                  0000892c    00000004     --HOLE-- [fill = 0]
                  00008930    00000004                   : BIOS.obj (.text:ti_sysbios_knl_Clock_setTimeout__E)
                  00008934    00000004     --HOLE-- [fill = 0]
                  00008938    00000004                   : BIOS.obj (.text:ti_sysbios_knl_Task_startup__E)
                  0000893c    00000004     --HOLE-- [fill = 0]
                  00008940    00000002                   : BIOS.obj (.text:ti_sysbios_family_arm_m3_TimestampProvider_rolloverFunc__E)
                  00008942    00000006     --HOLE-- [fill = 0]
                  00008948    00000002                   : BIOS.obj (.text:ti_sysbios_gates_GateHwi_Instance_init__E)
                  0000894a    00000006     --HOLE-- [fill = 0]
                  00008950    00000002                   : BIOS.obj (.text:ti_sysbios_knl_Clock_logTick__E)

.const     0    00008954    00002bd0     
                  00008954    00001f3d     uartecho_pem4f.oem4f (.const:xdc_runtime_Text_charTab__A)
                  0000a891    000002f8     fontfixed6x8.obj (.const:.string:g_pucFontFixed6x8Data)
                  0000ab89    00000001     uartecho_pem4f.oem4f (.const:xdc_runtime_Error_policy__C)
                  0000ab8a    00000100     uartecho_pem4f.oem4f (.const:xdc_runtime_Text_nodeTab__A)
                  0000ac8a    00000002     uartecho_pem4f.oem4f (.const:ti_sysbios_family_arm_m3_Hwi_Module__id__C)
                  0000ac8c    000000c8     fontfixed6x8.obj (.const:g_sFontFixed6x8)
                  0000ad54    00000080     msp432p4xx_driverlib.lib : adc14.o (.const:_ctlRegs)
                  0000add4    00000070     MSP_EXP432P401R.obj (.const:uartMSP432Baudrates)
                  0000ae44    00000060     uartecho_pem4f.oem4f (.const:ti_uia_loggers_LoggerStopMode_Module__FXNS__C)
                  0000aea4    00000048     uartecho_pem4f.oem4f (.const:.string)
                  0000aeec    00000048     MSP_EXP432P401R.obj (.const:uartMSP432HWAttrs)
                  0000af34    00000030     uartecho_pem4f.oem4f (.const:ti_sysbios_family_arm_m3_Hwi_Object__PARAMS__C)
                  0000af64    00000030     uartecho_pem4f.oem4f (.const:xdc_runtime_Startup_sfxnTab__A)
                  0000af94    0000002c     Crystalfontz128x128_ST7735.obj (.const:g_sCrystalfontz128x128)
                  0000afc0    00000028     drivers_MSP432P401R.aem4f : UARTMSP432.oem4f (.const:UARTMSP432_fxnTable)
                  0000afe8    00000028     uartecho_pem4f.oem4f (.const:ti_sysbios_heaps_HeapMem_Module__FXNS__C)
                  0000b010    00000028     uartecho_pem4f.oem4f (.const:ti_uia_loggers_LoggerStopMode_Object__PARAMS__C)
                  0000b038    00000024     MSP_EXP432P401R.obj (.const:UART_config)
                  0000b05c    00000024     drivers_MSP432P401R.aem4f : UART.oem4f (.const:UART_defaultParams)
                  0000b080    00000024                               : UARTMSP432.oem4f (.const)
                  0000b0a4    00000024     uartecho_pem4f.oem4f (.const:ti_sysbios_gates_GateHwi_Module__FXNS__C)
                  0000b0c8    00000024     uartecho_pem4f.oem4f (.const:ti_sysbios_gates_GateMutex_Module__FXNS__C)
                  0000b0ec    00000024     uartecho_pem4f.oem4f (.const:ti_sysbios_heaps_HeapMem_Object__PARAMS__C)
                  0000b110    00000024     uartecho_pem4f.oem4f (.const:ti_sysbios_knl_Clock_Object__PARAMS__C)
                  0000b134    00000024     uartecho_pem4f.oem4f (.const:ti_sysbios_knl_Semaphore_Object__PARAMS__C)
                  0000b158    00000024     uartecho_pem4f.oem4f (.const)
                  0000b17c    00000020     uartecho_pem4f.oem4f (.const:ti_sysbios_family_arm_m3_Hwi_Object__DESC__C)
                  0000b19c    00000020     uartecho_pem4f.oem4f (.const:ti_sysbios_gates_GateHwi_Object__DESC__C)
                  0000b1bc    00000020     uartecho_pem4f.oem4f (.const:ti_sysbios_gates_GateMutex_Object__DESC__C)
                  0000b1dc    00000020     uartecho_pem4f.oem4f (.const:ti_sysbios_heaps_HeapMem_Object__DESC__C)
                  0000b1fc    00000020     uartecho_pem4f.oem4f (.const:ti_sysbios_knl_Clock_Object__DESC__C)
                  0000b21c    00000020     uartecho_pem4f.oem4f (.const:ti_sysbios_knl_Queue_Object__DESC__C)
                  0000b23c    00000020     uartecho_pem4f.oem4f (.const:ti_sysbios_knl_Semaphore_Object__DESC__C)
                  0000b25c    00000020     uartecho_pem4f.oem4f (.const:ti_uia_loggers_LoggerStopMode_Object__DESC__C)
                  0000b27c    0000001f     main.obj (.const:.string)
                  0000b29b    00000001     --HOLE-- [fill = 0]
                  0000b29c    0000001c     HAL_MSP_EXP432P401R_Crystalfontz128x128_ST7735.obj (.const)
                  0000b2b8    00000018     uartecho_pem4f.oem4f (.const:ti_sysbios_gates_GateHwi_Object__PARAMS__C)
                  0000b2d0    00000018     uartecho_pem4f.oem4f (.const:ti_sysbios_gates_GateMutex_Object__PARAMS__C)
                  0000b2e8    00000018     uartecho_pem4f.oem4f (.const:ti_sysbios_knl_Queue_Object__PARAMS__C)
                  0000b300    00000018     uartecho_pem4f.oem4f (.const:xdc_runtime_Startup_sfxnRts__A)
                  0000b318    00000014     MSP_EXP432P401R.obj (.const:GPIOMSP432_config)
                  0000b32c    00000010     MSP_EXP432P401R.obj (.const)
                  0000b33c    00000010     uartecho_pem4f.oem4f (.const:ti_sysbios_knl_Idle_funcList__A)
                  0000b34c    0000000f     lcd_display.obj (.const:.string)
                  0000b35b    0000000c     drivers_MSP432P401R.aem4f : GPIOMSP432.oem4f (.const:.string)
                  0000b367    00000001     --HOLE-- [fill = 0]
                  0000b368    0000000c     uartecho_pem4f.oem4f (.const:xdc_runtime_Startup_firstFxns__A)
                  0000b374    00000008     Crystalfontz128x128_ST7735.obj (.const)
                  0000b37c    00000008     uartecho_pem4f.oem4f (.const:ti_sysbios_family_arm_m3_Hwi_excHookFuncs__A)
                  0000b384    00000008     uartecho_pem4f.oem4f (.const:ti_sysbios_knl_Idle_funcList__C)
                  0000b38c    00000008     uartecho_pem4f.oem4f (.const:xdc_runtime_Startup_firstFxns__C)
                  0000b394    00000008     uartecho_pem4f.oem4f (.const:xdc_runtime_Startup_lastFxns__C)
                  0000b39c    00000005     drivers_MSP432P401R.aem4f : UARTMSP432.oem4f (.const:.string)
                  0000b3a1    00000001     --HOLE-- [fill = 0]
                  0000b3a2    00000002     uartecho_pem4f.oem4f (.const:ti_sysbios_family_arm_m3_Timer_Module__id__C)
                  0000b3a4    00000004     uartecho_pem4f.oem4f (.const:ti_sysbios_family_arm_m3_Hwi_E_NMI__C)
                  0000b3a8    00000004     uartecho_pem4f.oem4f (.const:ti_sysbios_family_arm_m3_Hwi_E_alreadyDefined__C)
                  0000b3ac    00000004     uartecho_pem4f.oem4f (.const:ti_sysbios_family_arm_m3_Hwi_E_busFault__C)
                  0000b3b0    00000004     uartecho_pem4f.oem4f (.const:ti_sysbios_family_arm_m3_Hwi_E_debugMon__C)
                  0000b3b4    00000004     uartecho_pem4f.oem4f (.const:ti_sysbios_family_arm_m3_Hwi_E_hardFault__C)
                  0000b3b8    00000004     uartecho_pem4f.oem4f (.const:ti_sysbios_family_arm_m3_Hwi_E_memFault__C)
                  0000b3bc    00000004     uartecho_pem4f.oem4f (.const:ti_sysbios_family_arm_m3_Hwi_E_noIsr__C)
                  0000b3c0    00000004     uartecho_pem4f.oem4f (.const:ti_sysbios_family_arm_m3_Hwi_E_reserved__C)
                  0000b3c4    00000004     uartecho_pem4f.oem4f (.const:ti_sysbios_family_arm_m3_Hwi_E_svCall__C)
                  0000b3c8    00000004     uartecho_pem4f.oem4f (.const:ti_sysbios_family_arm_m3_Hwi_E_usageFault__C)
                  0000b3cc    00000004     uartecho_pem4f.oem4f (.const:ti_sysbios_family_arm_m3_Hwi_NUM_INTERRUPTS__C)
                  0000b3d0    00000004     uartecho_pem4f.oem4f (.const:ti_sysbios_family_arm_m3_Hwi_Object__count__C)
                  0000b3d4    00000004     uartecho_pem4f.oem4f (.const:ti_sysbios_family_arm_m3_Hwi_ccr__C)
                  0000b3d8    00000004     uartecho_pem4f.oem4f (.const:ti_sysbios_family_arm_m3_Hwi_excHandlerFunc__C)
                  0000b3dc    00000004     uartecho_pem4f.oem4f (.const:ti_sysbios_family_arm_m3_Hwi_excHookFuncs__C)
                  0000b3e0    00000004     uartecho_pem4f.oem4f (.const:ti_sysbios_family_arm_m3_Hwi_nullIsrFunc__C)
                  0000b3e4    00000004     uartecho_pem4f.oem4f (.const:ti_sysbios_family_arm_m3_Hwi_priGroup__C)
                  0000b3e8    00000004     uartecho_pem4f.oem4f (.const:ti_sysbios_family_arm_m3_Timer_E_cannotSupport__C)
                  0000b3ec    00000004     uartecho_pem4f.oem4f (.const:ti_sysbios_family_arm_m3_Timer_startupNeeded__C)
                  0000b3f0    00000004     uartecho_pem4f.oem4f (.const:ti_sysbios_family_arm_msp432_Timer_numTimerDevices__C)
                  0000b3f4    00000004     uartecho_pem4f.oem4f (.const:ti_sysbios_family_arm_msp432_Timer_startupNeeded__C)
                  0000b3f8    00000004     uartecho_pem4f.oem4f (.const:ti_sysbios_gates_GateMutex_Instance_State_sem__O)
                  0000b3fc    00000004     uartecho_pem4f.oem4f (.const:ti_sysbios_hal_Hwi_E_stackOverflow__C)
                  0000b400    00000004     uartecho_pem4f.oem4f (.const:ti_sysbios_heaps_HeapMem_E_memory__C)
                  0000b404    00000004     uartecho_pem4f.oem4f (.const:ti_sysbios_heaps_HeapMem_Module__gateObj__C)
                  0000b408    00000004     uartecho_pem4f.oem4f (.const:ti_sysbios_heaps_HeapMem_Object__count__C)
                  0000b40c    00000004     uartecho_pem4f.oem4f (.const:ti_sysbios_heaps_HeapMem_reqAlign__C)
                  0000b410    00000004     uartecho_pem4f.oem4f (.const:ti_sysbios_knl_Clock_Module_State_clockQ__O)
                  0000b414    00000004     uartecho_pem4f.oem4f (.const:ti_sysbios_knl_Mailbox_Instance_State_dataQue__O)
                  0000b418    00000004     uartecho_pem4f.oem4f (.const:ti_sysbios_knl_Mailbox_Instance_State_dataSem__O)
                  0000b41c    00000004     uartecho_pem4f.oem4f (.const:ti_sysbios_knl_Mailbox_Instance_State_freeQue__O)
                  0000b420    00000004     uartecho_pem4f.oem4f (.const:ti_sysbios_knl_Mailbox_Instance_State_freeSem__O)
                  0000b424    00000004     uartecho_pem4f.oem4f (.const:ti_sysbios_knl_Mailbox_Object__count__C)
                  0000b428    00000004     uartecho_pem4f.oem4f (.const:ti_sysbios_knl_Mailbox_maxTypeAlign__C)
                  0000b42c    00000004     uartecho_pem4f.oem4f (.const:ti_sysbios_knl_Semaphore_Instance_State_pendQ__O)
                  0000b430    00000004     uartecho_pem4f.oem4f (.const:ti_sysbios_knl_Swi_Object__count__C)
                  0000b434    00000004     uartecho_pem4f.oem4f (.const:ti_sysbios_knl_Task_E_spOutOfBounds__C)
                  0000b438    00000004     uartecho_pem4f.oem4f (.const:ti_sysbios_knl_Task_E_stackOverflow__C)
                  0000b43c    00000004     uartecho_pem4f.oem4f (.const:ti_sysbios_knl_Task_Module_State_inactiveQ__O)
                  0000b440    00000004     uartecho_pem4f.oem4f (.const:ti_sysbios_knl_Task_Object__count__C)
                  0000b444    00000004     uartecho_pem4f.oem4f (.const:ti_sysbios_knl_Task_allBlockedFunc__C)
                  0000b448    00000004     uartecho_pem4f.oem4f (.const:ti_sysbios_knl_Task_numConstructedTasks__C)
                  0000b44c    00000004     uartecho_pem4f.oem4f (.const:ti_sysbios_utils_Load_postUpdate__C)
                  0000b450    00000004     uartecho_pem4f.oem4f (.const:ti_sysbios_utils_Load_windowInMs__C)
                  0000b454    00000004     uartecho_pem4f.oem4f (.const:ti_uia_loggers_LoggerStopMode_Module__diagsEnabled__C)
                  0000b458    00000004     uartecho_pem4f.oem4f (.const:ti_uia_loggers_LoggerStopMode_Module__diagsIncluded__C)
                  0000b45c    00000004     uartecho_pem4f.oem4f (.const:ti_uia_loggers_LoggerStopMode_Module__diagsMask__C)
                  0000b460    00000004     uartecho_pem4f.oem4f (.const:ti_uia_loggers_LoggerStopMode_Object__count__C)
                  0000b464    00000004     uartecho_pem4f.oem4f (.const:ti_uia_runtime_ILoggerSnapshot_Interface__BASE__C)
                  0000b468    00000004     uartecho_pem4f.oem4f (.const:ti_uia_runtime_IUIATransfer_Interface__BASE__C)
                  0000b46c    00000004     uartecho_pem4f.oem4f (.const:xdc_runtime_Assert_E_assertFailed__C)
                  0000b470    00000004     uartecho_pem4f.oem4f (.const:xdc_runtime_Core_A_initializedParams__C)
                  0000b474    00000004     uartecho_pem4f.oem4f (.const:xdc_runtime_Core_Module__diagsEnabled__C)
                  0000b478    00000004     uartecho_pem4f.oem4f (.const:xdc_runtime_Core_Module__diagsIncluded__C)
                  0000b47c    00000004     uartecho_pem4f.oem4f (.const:xdc_runtime_Core_Module__diagsMask__C)
                  0000b480    00000004     uartecho_pem4f.oem4f (.const:xdc_runtime_Error_E_memory__C)
                  0000b484    00000004     uartecho_pem4f.oem4f (.const:xdc_runtime_Error_Module__diagsEnabled__C)
                  0000b488    00000004     uartecho_pem4f.oem4f (.const:xdc_runtime_Error_Module__diagsIncluded__C)
                  0000b48c    00000004     uartecho_pem4f.oem4f (.const:xdc_runtime_Error_Module__diagsMask__C)
                  0000b490    00000004     uartecho_pem4f.oem4f (.const:xdc_runtime_Error_Module__loggerFxn8__C)
                  0000b494    00000004     uartecho_pem4f.oem4f (.const:xdc_runtime_Error_Module__loggerObj__C)
                  0000b498    00000004     uartecho_pem4f.oem4f (.const:xdc_runtime_Error_policyFxn__C)
                  0000b49c    00000004     uartecho_pem4f.oem4f (.const:xdc_runtime_Error_raiseHook__C)
                  0000b4a0    00000004     uartecho_pem4f.oem4f (.const:xdc_runtime_IFilterLogger_Interface__BASE__C)
                  0000b4a4    00000004     uartecho_pem4f.oem4f (.const:xdc_runtime_IGateProvider_Interface__BASE__C)
                  0000b4a8    00000004     uartecho_pem4f.oem4f (.const:xdc_runtime_IHeap_Interface__BASE__C)
                  0000b4ac    00000004     uartecho_pem4f.oem4f (.const:xdc_runtime_ILogger_Interface__BASE__C)
                  0000b4b0    00000004     uartecho_pem4f.oem4f (.const:xdc_runtime_IModule_Interface__BASE__C)
                  0000b4b4    00000004     uartecho_pem4f.oem4f (.const:xdc_runtime_Log_L_error__C)
                  0000b4b8    00000004     uartecho_pem4f.oem4f (.const:xdc_runtime_Memory_defaultHeapInstance__C)
                  0000b4bc    00000004     uartecho_pem4f.oem4f (.const:xdc_runtime_Startup_execImpl__C)
                  0000b4c0    00000004     uartecho_pem4f.oem4f (.const:xdc_runtime_Startup_lastFxns__A)
                  0000b4c4    00000004     uartecho_pem4f.oem4f (.const:xdc_runtime_Startup_maxPasses__C)
                  0000b4c8    00000004     uartecho_pem4f.oem4f (.const:xdc_runtime_Startup_sfxnRts__C)
                  0000b4cc    00000004     uartecho_pem4f.oem4f (.const:xdc_runtime_Startup_sfxnTab__C)
                  0000b4d0    00000004     uartecho_pem4f.oem4f (.const:xdc_runtime_SysMin_bufSize__C)
                  0000b4d4    00000004     uartecho_pem4f.oem4f (.const:xdc_runtime_SysMin_outputFunc__C)
                  0000b4d8    00000004     uartecho_pem4f.oem4f (.const:xdc_runtime_System_Module__gateObj__C)
                  0000b4dc    00000004     uartecho_pem4f.oem4f (.const:xdc_runtime_System_abortFxn__C)
                  0000b4e0    00000004     uartecho_pem4f.oem4f (.const:xdc_runtime_System_exitFxn__C)
                  0000b4e4    00000004     uartecho_pem4f.oem4f (.const:xdc_runtime_System_extendFxn__C)
                  0000b4e8    00000004     uartecho_pem4f.oem4f (.const:xdc_runtime_System_maxAtexitHandlers__C)
                  0000b4ec    00000004     uartecho_pem4f.oem4f (.const:xdc_runtime_Text_charTab__C)
                  0000b4f0    00000004     uartecho_pem4f.oem4f (.const:xdc_runtime_Text_nameEmpty__C)
                  0000b4f4    00000004     uartecho_pem4f.oem4f (.const:xdc_runtime_Text_nameStatic__C)
                  0000b4f8    00000004     uartecho_pem4f.oem4f (.const:xdc_runtime_Text_nameUnknown__C)
                  0000b4fc    00000004     uartecho_pem4f.oem4f (.const:xdc_runtime_Text_nodeTab__C)
                  0000b500    00000004     uartecho_pem4f.oem4f (.const:xdc_runtime_Text_visitRopeFxn__C)
                  0000b504    00000002     uartecho_pem4f.oem4f (.const:ti_sysbios_family_arm_m3_TimestampProvider_configTimer__C)
                  0000b506    00000002     uartecho_pem4f.oem4f (.const:ti_sysbios_hal_Hwi_Module__id__C)
                  0000b508    00000002     uartecho_pem4f.oem4f (.const:ti_sysbios_heaps_HeapMem_Module__id__C)
                  0000b50a    00000002     uartecho_pem4f.oem4f (.const:ti_sysbios_knl_Task_Module__id__C)
                  0000b50c    00000002     uartecho_pem4f.oem4f (.const:ti_sysbios_utils_Load_updateInIdle__C)
                  0000b50e    00000002     uartecho_pem4f.oem4f (.const:ti_uia_loggers_LoggerStopMode_Module__id__C)
                  0000b510    00000002     uartecho_pem4f.oem4f (.const:ti_uia_loggers_LoggerStopMode_isTimestampEnabled__C)
                  0000b512    00000002     uartecho_pem4f.oem4f (.const:xdc_runtime_Core_Module__id__C)
                  0000b514    00000002     uartecho_pem4f.oem4f (.const:xdc_runtime_Error_Module__loggerDefined__C)
                  0000b516    00000002     uartecho_pem4f.oem4f (.const:xdc_runtime_Error_maxDepth__C)
                  0000b518    00000002     uartecho_pem4f.oem4f (.const:xdc_runtime_Memory_Module__id__C)
                  0000b51a    00000002     uartecho_pem4f.oem4f (.const:xdc_runtime_SysMin_flushAtExit__C)
                  0000b51c    00000002     uartecho_pem4f.oem4f (.const:xdc_runtime_Text_charCnt__C)
                  0000b51e    00000002     uartecho_pem4f.oem4f (.const:xdc_runtime_Text_isLoaded__C)
                  0000b520    00000002     uartecho_pem4f.oem4f (.const:xdc_runtime_Text_registryModsLastId__C)
                  0000b522    00000002     uartecho_pem4f.oem4f (.const:xdc_runtime_Text_unnamedModsLastId__C)

.cinit     0    0000b528    00000670     
                  0000b528    00000639     (.cinit..data.load) [load image, compression = rle]
                  0000bb61    00000003     --HOLE-- [fill = 0]
                  0000bb64    0000000c     (__TI_handler_table)
                  0000bb70    00000008     (.cinit..bss.load) [load image, compression = zero_init]
                  0000bb78    00000008     (.cinit..vecs.load) [load image, compression = zero_init]
                  0000bb80    00000018     (__TI_cinit_table)

.resetVecs 
*          0    00000000    0000003c     
                  00000000    0000003c     uartecho_pem4f.oem4f (.resetVecs)

.bss       0    20000180    00001fb0     UNINITIALIZED
                  20000180    00000e00     uartecho_pem4f.oem4f (.bss:taskStackSection)
                  20000f80    00000400     uartecho_pem4f.oem4f (.bss:ti_sysbios_heaps_HeapMem_Instance_State_0_buf__A)
                  20001380    00000400     uartecho_pem4f.oem4f (.bss:ti_uia_loggers_LoggerStopMode_Instance_State_2_packetArray__A)
                  20001780    00000200     uartecho_pem4f.oem4f (.bss:ti_uia_loggers_LoggerStopMode_Instance_State_1_packetArray__A)
                  20001980    00000140     uartecho_pem4f.oem4f (.bss:ti_sysbios_family_arm_m3_Hwi_dispatchTable)
                  20001ac0    00000120     rtsv7M4_T_le_v4SPD16_eabi.lib : trgmsg.obj (.bss:__CIOBUF_)
                  20001be0    0000001c     (.common:g_sContext)
                  20001bfc    00000002     (.common:Lcd_ScreenHeigth)
                  20001bfe    00000002     (.common:Lcd_ScreenWidth)
                  20001c00    00000100     uartecho_pem4f.oem4f (.bss:ti_uia_loggers_LoggerStopMode_Instance_State_0_packetArray__A)
                  20001d00    00000100     MSP_EXP432P401R.obj (.bss:uartMSP432Objects)
                  20001e00    000000c0     uartecho_pem4f.oem4f (.bss:ti_sysbios_knl_Mailbox_Instance_State_1_allocBuf__A)
                  20001ec0    00000080     uartecho_pem4f.oem4f (.bss:xdc_runtime_SysMin_Module_State_0_outbuf__A)
                  20001f40    00000040     MSP_EXP432P401R.obj (.bss:uartMSP432RingBuffer)
                  20001f80    00000030     drivers_MSP432P401R.aem4f : GPIOMSP432.oem4f (.bss:gpioCallbackInfo)
                  20001fb0    00000018     (.common:ti_sysbios_knl_Mailbox_Instance_State_0_allocBuf__A)
                  20001fc8    00000008     (.common:parmbuf)
                  20001fd0    00000002     (.common:Lcd_TouchTrim)
                  20001fd2    00000001     (.common:Lcd_FlagRead)
                  20001fd3    00000001     (.common:Lcd_FontSolid)
                  20001fd4    00000001     (.common:Lcd_Orientation)
                  20001fd5    00000001     (.common:Lcd_PenSolid)
                  20001fd6    0000002a     --HOLE--
                  20002000    00000030     uartecho_pem4f.oem4f (.bss:ti_uia_loggers_LoggerStopMode_Instance_State_0_hdr__A)
                  20002030    00000050     --HOLE--
                  20002080    00000030     uartecho_pem4f.oem4f (.bss:ti_uia_loggers_LoggerStopMode_Instance_State_1_hdr__A)
                  200020b0    00000050     --HOLE--
                  20002100    00000030     uartecho_pem4f.oem4f (.bss:ti_uia_loggers_LoggerStopMode_Instance_State_2_hdr__A)

.data      0    20002130    0000092d     UNINITIALIZED
                  20002130    0000019c     uartecho_pem4f.oem4f (.data)
[...]
00008921  ti_sysbios_gates_GateHwi_query__E                            
00008921  xdc_runtime_Main_Module_GateProxy_query__E                   
00008921  xdc_runtime_System_Module_GateProxy_query__E                 
00008929  ti_sysbios_BIOS_RtsGateProxy_query__E                        
00008929  ti_sysbios_gates_GateMutex_query__E                          
00008929  ti_sysbios_heaps_HeapMem_Module_GateProxy_query__E           
00008931  ti_sysbios_knl_Clock_setTimeout__E                           
00008939  ti_sysbios_knl_Task_startup__E                               
00008941  ti_sysbios_family_arm_m3_TimestampProvider_rolloverFunc__E   
00008949  ti_sysbios_gates_GateHwi_Instance_init__E                    
00008951  ti_sysbios_knl_Clock_logTick__E                              
00008954  xdc_runtime_Text_charTab__A                                  
0000ab89  xdc_runtime_Error_policy__C                                  
0000ab8a  xdc_runtime_Text_nodeTab__A                                  
0000ac8a  ti_sysbios_family_arm_m3_Hwi_Module__id__C                   
0000ac8c  g_sFontFixed6x8                                              
0000add4  uartMSP432Baudrates                                          
0000ae44  ti_uia_loggers_LoggerStopMode_Module__FXNS__C                
0000aeec  uartMSP432HWAttrs                                            
0000af34  ti_sysbios_family_arm_m3_Hwi_Object__PARAMS__C               
0000af64  xdc_runtime_Startup_sfxnTab__A                               
0000af94  g_sCrystalfontz128x128                                       
0000afc0  UARTMSP432_fxnTable                                          
0000afe8  ti_sysbios_heaps_HeapMem_Module__FXNS__C                     
0000b010  ti_uia_loggers_LoggerStopMode_Object__PARAMS__C              
0000b038  UART_config                                                  
0000b05c  UART_defaultParams                                           
0000b0a4  ti_sysbios_gates_GateHwi_Module__FXNS__C                     
0000b0c8  ti_sysbios_gates_GateMutex_Module__FXNS__C                   
0000b0ec  ti_sysbios_heaps_HeapMem_Object__PARAMS__C                   
0000b110  ti_sysbios_knl_Clock_Object__PARAMS__C                       
0000b134  ti_sysbios_knl_Semaphore_Object__PARAMS__C                   
0000b158  m3Hwi0                                                       
0000b15c  ADC_Mbx                                                      
0000b160  task0                                                        
0000b164  task1                                                        
0000b168  start_data_semaphore                                         
0000b16c  adc_calc_semaphore                                           
0000b170  lcd_draw_semaphore                                           
0000b174  task2                                                        
0000b178  LCD_Mbx                                                      
0000b17c  ti_sysbios_family_arm_m3_Hwi_Object__DESC__C                 
0000b19c  ti_sysbios_gates_GateHwi_Object__DESC__C                     
0000b1bc  ti_sysbios_gates_GateMutex_Object__DESC__C                   
0000b1dc  ti_sysbios_heaps_HeapMem_Object__DESC__C                     
0000b1fc  ti_sysbios_knl_Clock_Object__DESC__C                         
0000b21c  ti_sysbios_knl_Queue_Object__DESC__C                         
0000b23c  ti_sysbios_knl_Semaphore_Object__DESC__C                     
0000b25c  ti_uia_loggers_LoggerStopMode_Object__DESC__C                
0000b2b8  ti_sysbios_gates_GateHwi_Object__PARAMS__C                   
0000b2d0  ti_sysbios_gates_GateMutex_Object__PARAMS__C                 
0000b2e8  ti_sysbios_knl_Queue_Object__PARAMS__C                       
0000b300  xdc_runtime_Startup_sfxnRts__A                               
0000b318  GPIOMSP432_config                                            
0000b32c  PowerMSP432_config                                           
0000b33c  ti_sysbios_knl_Idle_funcList__A                              
0000b368  xdc_runtime_Startup_firstFxns__A                             
0000b37c  ti_sysbios_family_arm_m3_Hwi_excHookFuncs__A                 
0000b384  ti_sysbios_knl_Idle_funcList__C                              
0000b38c  xdc_runtime_Startup_firstFxns__C                             
0000b394  xdc_runtime_Startup_lastFxns__C                              
0000b3a2  ti_sysbios_family_arm_m3_Timer_Module__id__C                 
0000b3a4  ti_sysbios_family_arm_m3_Hwi_E_NMI__C                        
0000b3a8  ti_sysbios_family_arm_m3_Hwi_E_alreadyDefined__C             
0000b3ac  ti_sysbios_family_arm_m3_Hwi_E_busFault__C                   
0000b3b0  ti_sysbios_family_arm_m3_Hwi_E_debugMon__C                   
0000b3b4  ti_sysbios_family_arm_m3_Hwi_E_hardFault__C                  
0000b3b8  ti_sysbios_family_arm_m3_Hwi_E_memFault__C                   
0000b3bc  ti_sysbios_family_arm_m3_Hwi_E_noIsr__C                      
0000b3c0  ti_sysbios_family_arm_m3_Hwi_E_reserved__C                   
0000b3c4  ti_sysbios_family_arm_m3_Hwi_E_svCall__C                     
0000b3c8  ti_sysbios_family_arm_m3_Hwi_E_usageFault__C                 
0000b3cc  ti_sysbios_family_arm_m3_Hwi_NUM_INTERRUPTS__C               
0000b3d0  ti_sysbios_family_arm_m3_Hwi_Object__count__C                
0000b3d4  ti_sysbios_family_arm_m3_Hwi_ccr__C                          
0000b3d8  ti_sysbios_family_arm_m3_Hwi_excHandlerFunc__C               
0000b3dc  ti_sysbios_family_arm_m3_Hwi_excHookFuncs__C                 
0000b3e0  ti_sysbios_family_arm_m3_Hwi_nullIsrFunc__C                  
0000b3e4  ti_sysbios_family_arm_m3_Hwi_priGroup__C                     
0000b3e8  ti_sysbios_family_arm_m3_Timer_E_cannotSupport__C            
0000b3ec  ti_sysbios_family_arm_m3_Timer_startupNeeded__C              
0000b3f0  ti_sysbios_family_arm_msp432_Timer_numTimerDevices__C        
0000b3f4  ti_sysbios_family_arm_msp432_Timer_startupNeeded__C          
0000b3f8  ti_sysbios_gates_GateMutex_Instance_State_sem__O             
0000b3fc  ti_sysbios_hal_Hwi_E_stackOverflow__C                        
0000b400  ti_sysbios_heaps_HeapMem_E_memory__C                         
0000b404  ti_sysbios_heaps_HeapMem_Module__gateObj__C                  
0000b408  ti_sysbios_heaps_HeapMem_Object__count__C                    
0000b40c  ti_sysbios_heaps_HeapMem_reqAlign__C                         
0000b410  ti_sysbios_knl_Clock_Module_State_clockQ__O                  
0000b414  ti_sysbios_knl_Mailbox_Instance_State_dataQue__O             
0000b418  ti_sysbios_knl_Mailbox_Instance_State_dataSem__O             
0000b41c  ti_sysbios_knl_Mailbox_Instance_State_freeQue__O             
0000b420  ti_sysbios_knl_Mailbox_Instance_State_freeSem__O             
0000b424  ti_sysbios_knl_Mailbox_Object__count__C                      
0000b428  ti_sysbios_knl_Mailbox_maxTypeAlign__C                       
0000b42c  ti_sysbios_knl_Semaphore_Instance_State_pendQ__O             
0000b430  ti_sysbios_knl_Swi_Object__count__C                          
0000b434  ti_sysbios_knl_Task_E_spOutOfBounds__C                       
0000b438  ti_sysbios_knl_Task_E_stackOverflow__C                       
0000b43c  ti_sysbios_knl_Task_Module_State_inactiveQ__O                
0000b440  ti_sysbios_knl_Task_Object__count__C                         
0000b444  ti_sysbios_knl_Task_allBlockedFunc__C                        
0000b448  ti_sysbios_knl_Task_numConstructedTasks__C                   
0000b44c  ti_sysbios_utils_Load_postUpdate__C                          
0000b450  ti_sysbios_utils_Load_windowInMs__C                          
0000b454  ti_uia_loggers_LoggerStopMode_Module__diagsEnabled__C        
0000b458  ti_uia_loggers_LoggerStopMode_Module__diagsIncluded__C       
0000b45c  ti_uia_loggers_LoggerStopMode_Module__diagsMask__C           
0000b460  ti_uia_loggers_LoggerStopMode_Object__count__C               
0000b464  ti_uia_runtime_ILoggerSnapshot_Interface__BASE__C            
0000b468  ti_uia_runtime_IUIATransfer_Interface__BASE__C               
0000b46c  xdc_runtime_Assert_E_assertFailed__C                         
0000b470  xdc_runtime_Core_A_initializedParams__C                      
0000b474  xdc_runtime_Core_Module__diagsEnabled__C                     
0000b478  xdc_runtime_Core_Module__diagsIncluded__C                    
0000b47c  xdc_runtime_Core_Module__diagsMask__C                        
0000b480  xdc_runtime_Error_E_memory__C                                
0000b484  xdc_runtime_Error_Module__diagsEnabled__C                    
0000b488  xdc_runtime_Error_Module__diagsIncluded__C                   
0000b48c  xdc_runtime_Error_Module__diagsMask__C                       
0000b490  xdc_runtime_Error_Module__loggerFxn8__C                      
0000b494  xdc_runtime_Error_Module__loggerObj__C                       
0000b498  xdc_runtime_Error_policyFxn__C                               
0000b49c  xdc_runtime_Error_raiseHook__C                               
0000b4a0  xdc_runtime_IFilterLogger_Interface__BASE__C                 
0000b4a4  xdc_runtime_IGateProvider_Interface__BASE__C                 
0000b4a8  xdc_runtime_IHeap_Interface__BASE__C                         
0000b4ac  xdc_runtime_ILogger_Interface__BASE__C                       
0000b4b0  xdc_runtime_IModule_Interface__BASE__C                       
0000b4b4  xdc_runtime_Log_L_error__C                                   
0000b4b8  xdc_runtime_Memory_defaultHeapInstance__C                    
0000b4bc  xdc_runtime_Startup_execImpl__C                              
0000b4c0  xdc_runtime_Startup_lastFxns__A                              
0000b4c4  xdc_runtime_Startup_maxPasses__C                             
0000b4c8  xdc_runtime_Startup_sfxnRts__C                               
0000b4cc  xdc_runtime_Startup_sfxnTab__C                               
0000b4d0  xdc_runtime_SysMin_bufSize__C                                
0000b4d4  xdc_runtime_SysMin_outputFunc__C                             
0000b4d8  xdc_runtime_System_Module__gateObj__C                        
0000b4dc  xdc_runtime_System_abortFxn__C                               
0000b4e0  xdc_runtime_System_exitFxn__C                                
0000b4e4  xdc_runtime_System_extendFxn__C                              
0000b4e8  xdc_runtime_System_maxAtexitHandlers__C                      
0000b4ec  xdc_runtime_Text_charTab__C                                  
0000b4f0  xdc_runtime_Text_nameEmpty__C                                
0000b4f4  xdc_runtime_Text_nameStatic__C                               
0000b4f8  xdc_runtime_Text_nameUnknown__C                              
0000b4fc  xdc_runtime_Text_nodeTab__C                                  
0000b500  xdc_runtime_Text_visitRopeFxn__C                             
0000b504  ti_sysbios_family_arm_m3_TimestampProvider_configTimer__C    
0000b506  ti_sysbios_hal_Hwi_Module__id__C                             
0000b508  ti_sysbios_heaps_HeapMem_Module__id__C                       
0000b50a  ti_sysbios_knl_Task_Module__id__C                            
0000b50c  ti_sysbios_utils_Load_updateInIdle__C                        
0000b50e  ti_uia_loggers_LoggerStopMode_Module__id__C                  
0000b510  ti_uia_loggers_LoggerStopMode_isTimestampEnabled__C          
0000b512  xdc_runtime_Core_Module__id__C                               
0000b514  xdc_runtime_Error_Module__loggerDefined__C                   
0000b516  xdc_runtime_Error_maxDepth__C                                
0000b518  xdc_runtime_Memory_Module__id__C                             
0000b51a  xdc_runtime_SysMin_flushAtExit__C                            
0000b51c  xdc_runtime_Text_charCnt__C                                  
0000b51e  xdc_runtime_Text_isLoaded__C                                 
0000b520  xdc_runtime_Text_registryModsLastId__C                       
0000b522  xdc_runtime_Text_unnamedModsLastId__C                        
0000b528  __TI_static_base__                                           
0000bb64  __TI_Handler_Table_Base                                      
0000bb70  __TI_Handler_Table_Limit                                     
0000bb80  __TI_CINIT_Base                                              
0000bb98  __TI_CINIT_Limit                                             
20000000  ti_sysbios_family_arm_m3_Hwi_ramVectors                      
20000180  ti_sysbios_knl_Task_Instance_State_0_stack__A                
20000580  ti_sysbios_knl_Task_Instance_State_1_stack__A                
20000980  ti_sysbios_knl_Task_Instance_State_2_stack__A                
20000d80  ti_sysbios_knl_Task_Instance_State_3_stack__A                
20000f80  ti_sysbios_heaps_HeapMem_Instance_State_0_buf__A             
20001380  ti_uia_loggers_LoggerStopMode_Instance_State_2_packetArray__A
20001780  ti_uia_loggers_LoggerStopMode_Instance_State_1_packetArray__A
20001980  ti_sysbios_family_arm_m3_Hwi_dispatchTable                   
20001ac0  __CIOBUF_                                                    
20001be0  g_sContext                                                   
20001bfc  Lcd_ScreenHeigth                                             
20001bfe  Lcd_ScreenWidth                                              
20001c00  ti_uia_loggers_LoggerStopMode_Instance_State_0_packetArray__A
20001d00  uartMSP432Objects                                            
20001e00  ti_sysbios_knl_Mailbox_Instance_State_1_allocBuf__A          
20001ec0  xdc_runtime_SysMin_Module_State_0_outbuf__A                  
20001f40  uartMSP432RingBuffer                                         
20001fb0  ti_sysbios_knl_Mailbox_Instance_State_0_allocBuf__A          
20001fd0  Lcd_TouchTrim                                                
20001fd2  Lcd_FlagRead                                                 
20001fd3  Lcd_FontSolid                                                
20001fd4  Lcd_Orientation                                              
20001fd5  Lcd_PenSolid                                                 
20002000  ti_uia_loggers_LoggerStopMode_Instance_State_0_hdr__A        
20002080  ti_uia_loggers_LoggerStopMode_Instance_State_1_hdr__A        
20002100  ti_uia_loggers_LoggerStopMode_Instance_State_2_hdr__A        
20002130  xdc_runtime_Diags_dictElems                                  
20002150  ti_sysbios_family_arm_m3_Hwi_Module__root__V                 
20002158  ti_sysbios_family_arm_m3_Hwi_Module_State_0_excActive__A     
2000215c  ti_sysbios_family_arm_m3_Hwi_Module_State_0_excContext__A    
20002160  ti_sysbios_family_arm_m3_Hwi_Module_State_0_excStack__A      
20002164  ti_sysbios_family_arm_m3_Timer_Module__root__V               
2000216c  ti_sysbios_family_arm_m3_Timer_Module__state__V              
20002178  ti_sysbios_family_arm_m3_TimestampProvider_Module__state__V  
2000217c  ti_sysbios_family_arm_msp432_ClockFreqs_Module__state__V     
20002188  ti_sysbios_family_arm_msp432_Timer_Module__root__V           
20002190  ti_sysbios_family_arm_msp432_Timer_Module_State_0_device__A  
200021b0  ti_sysbios_family_arm_msp432_Timer_Module_State_0_handles__A 
200021c0  ti_sysbios_family_arm_msp432_Timer_Module__state__V          
200021cc  ti_sysbios_gates_GateHwi_Module__root__V                     
200021d4  ti_sysbios_gates_GateHwi_Object__table__V                    
200021d8  ti_sysbios_gates_GateMutex_Module__root__V                   
200021e0  ti_sysbios_hal_Hwi_Module__root__V                           
200021e8  ti_sysbios_heaps_HeapMem_Module__root__V                     
200021f0  ti_sysbios_heaps_HeapMem_Object__table__V                    
20002208  ti_sysbios_knl_Clock_Module__root__V                         
20002210  ti_sysbios_knl_Event_Module__root__V                         
2000221c  ti_sysbios_knl_Mailbox_Module__root__V                       
20002224  ti_sysbios_knl_Queue_Module__root__V                         
2000222c  ti_sysbios_knl_Semaphore_Module__root__V                     
20002234  ti_sysbios_knl_Swi_Module__root__V                           
2000223c  ti_sysbios_knl_Swi_Module__state__V                          
20002258  ti_sysbios_knl_Task_Module__root__V                          
20002264  ti_sysbios_knl_Task_Module_State_0_idleTask__A               
20002268  ti_sysbios_utils_Load_Module_State_0_taskStartTime__A        
2000226c  ti_sysbios_utils_Load_Module_State_0_runningTask__A          
20002270  ti_uia_loggers_LoggerStopMode_Module__root__V                
20002278  ti_uia_loggers_LoggerStopMode_Module__state__V               
20002280  ti_uia_runtime_QueueDescriptor_Module__state__V              
2000228c  xdc_runtime_Error_Module__state__V                           
2000228e  xdc_runtime_Main_Module__root__V                             
20002290  xdc_runtime_Memory_Module__state__V                          
20002294  xdc_runtime_Registry_Module__state__V                        
2000229c  xdc_runtime_Startup_Module__state__V                         
200022a4  xdc_runtime_SysMin_Module__state__V                          
200022b0  xdc_runtime_System_Module_State_0_atexitHandlers__A          
200022b8  xdc_runtime_System_Module__state__V                          
200022c0  xdc_runtime_Text_Module__state__V                            
200022c8  __xdc__init__addr                                            
200022cc  ti_sysbios_knl_Task_Object__table__V                         
200023fc  ti_sysbios_knl_Mailbox_Object__table__V                      
2000249c  PowerMSP432_perfLevels                                       
20002538  ti_uia_loggers_LoggerStopMode_Object__table__V               
200025d4  ti_sysbios_utils_Load_Module__state__V                       
2000266c  ti_sysbios_knl_Swi_Module_State_0_readyQ__A                  
200026ec  ti_sysbios_knl_Task_Module_State_0_readyQ__A                 
2000276c  ti_sysbios_family_arm_msp432_Timer_Object__table__V          
200027b8  ti_sysbios_family_arm_m3_Hwi_Object__table__V                
20002800  ti_sysbios_knl_Task_Module__state__V                         
20002844  ti_sysbios_knl_Semaphore_Object__table__V                    
20002880  ti_sysbios_gates_GateMutex_Object__table__V                  
200028b8  ti_sysbios_family_arm_m3_Hwi_Module__state__V                
2000294c  ti_sysbios_family_arm_m3_Timer_Object__table__V              
2000297c  ti_sysbios_knl_Swi_Object__table__V                          
200029ac  ti_sysbios_knl_Clock_Module__state__V                        
200029d8  PowerMSP432_module                                           
200029fc  ti_sysbios_BIOS_Module__state__V                             
20002a24  gpioPinConfigs                                               
20002a34  gpioCallbackFunctions                                        
20002a3c  _lock                                                        
20002a40  _unlock                                                      
20002a44  __TI_cleanup_ptr                                             
20002a48  __TI_dtors_ptr                                               
20002a4c  ti_uia_runtime_QueueDescriptor_gPtrToFirstDescriptor         
20002a50  ti_uia_runtime_QueueDescriptor_gUpdateCount                  
20002a58  main_func_sp                                                 
2000fd00  __stack                                                      
20010000  __STACK_END                                                  
4000480c  WDTCTL_SYM                                                   
e000e000  ti_sysbios_family_arm_m3_Hwi_nvic                            
ffffffff  __binit__                                                    
ffffffff  __c_args__                                                   
ffffffff  binit                                                        
UNDEFED   SHT$$INIT_ARRAY$$Base                                        
UNDEFED   SHT$$INIT_ARRAY$$Limit                                       

[796 symbols]
