******************************************************************************
                  TI ARM Linker Unix v5.2.6                    
******************************************************************************
>> Linked Tue Apr  5 01:22:04 2016

OUTPUT FILE NAME:   <uartecho_MSP_EXP432P401R_TI_MSP432P401R.out>
ENTRY POINT SYMBOL: "_c_int00"  address: 0000537d


MEMORY CONFIGURATION

         name            origin    length      used     unused   attr    fill
----------------------  --------  ---------  --------  --------  ----  --------
  MAIN                  00000000   00040000  0000b34f  00034cb1  R  X
  INFO                  00200000   00004000  00000000  00004000  R  X
  SRAM_CODE             01000000   00010000  00000000  00010000  RW X
  SRAM_DATA             20000000   00010000  0000256d  0000da93  RW  


SEGMENT ALLOCATION MAP

run origin  load origin   length   init length attrs members
----------  ----------- ---------- ----------- ----- -------
00000000    00000000    0000b358   0000b358    r-x
  00000000    00000000    0000003c   0000003c    r-- .resetVecs
  00000040    00000040    000081a2   000081a2    r-x .text
  000081e4    000081e4    00002b79   00002b79    r-- .const
  0000ad60    0000ad60    000005f8   000005f8    r-- .cinit
20000000    20000000    00000140   00000000    rw-
  20000000    20000000    00000140   00000000    rw- .vecs
20000180    20000180    0000212d   00000000    rw-
  20000180    20000180    000018b0   00000000    rw- .bss
  20001a30    20001a30    0000087d   00000000    rw- .data
2000fd00    2000fd00    00000300   00000000    rw-
  2000fd00    2000fd00    00000300   00000000    rw- .stack


SECTION ALLOCATION MAP

 output                                  attributes/
section   page    origin      length       input sections
--------  ----  ----------  ----------   ----------------
.text      0    00000040    000081a2     
                  00000040    0000047e     string.obj (.text:Graphics_drawString)
                  000004be    00000002     power_tirtos_MSP432P401R.aem4f : PowerMSP432_tirtos.oem4f (.text:PowerMSP432_initPolicy)
                  000004c0    00000430     sysbios.aem4f : BIOS.obj (.text:ti_sysbios_family_arm_m3_Hwi_excDumpRegs__I)
                  000008f0    0000034c     ti.targets.arm.rtsarm.aem4f : System.oem4f (.text:xdc_runtime_System_doPrint__I)
                  00000c3c    000002d4     rtsv7M4_T_le_v4SPD16_eabi.lib : trgdrv.obj (.text)
                  00000f10    00000260     drivers_MSP432P401R.aem4f : UARTMSP432.oem4f (.text:UARTMSP432_open)
                  00001170    000001ce     Crystalfontz128x128_ST7735.obj (.text:Crystalfontz128x128_PixelDrawMultiple)
                  0000133e    000001a0     msp432p4xx_driverlib.lib : pcm.o (.text:__PCM_setPowerStateAdvanced)
                  000014de    00000002     rtsv7M4_T_le_v4SPD16_eabi.lib : i_div0.obj (.text)
                  000014e0    00000174     sysbios.aem4f : BIOS.obj (.text:ti_sysbios_family_arm_m3_Hwi_excBusFault__I)
                  00001654    00000004     msp432p4xx_driverlib.lib : cpu.o (.text:CPU_wfi)
                  00001658    00000164     sysbios.aem4f : BIOS.obj (.text:ti_sysbios_family_arm_m3_Hwi_excUsageFault__I)
                  000017bc    00000154     msp432p4xx_driverlib.lib : adc14.o (.text:_getIndexForMemRegister)
                  00001910    00000148     sysbios.aem4f : BIOS.obj (.text:ti_sysbios_family_arm_m3_Hwi_excMemFault__I)
                  00001a58    00000140     drivers_MSP432P401R.aem4f : GPIOMSP432.oem4f (.text:GPIO_setConfig)
                  00001b98    00000138     uartecho_pem4f.oem4f (.text:ti_uia_loggers_LoggerStopMode_writeMemoryRange__E)
                  00001cd0    00000134     Crystalfontz128x128_ST7735.obj (.text:Crystalfontz128x128_SetDrawFrame)
                  00001e04    0000012c     Crystalfontz128x128_ST7735.obj (.text:Crystalfontz128x128_Init)
                  00001f30    00000128     sysbios.aem4f : BIOS.obj (.text:ti_sysbios_knl_Semaphore_pend__E)
                  00002058    00000118     ti.targets.arm.rtsarm.aem4f : Error.oem4f (.text:xdc_runtime_Error_policyDefault__E)
                  00002170    0000010c     sysbios.aem4f : BIOS.obj (.text:ti_sysbios_family_arm_m3_Hwi_excFillContext__I)
                  0000227c    0000010c     uartecho_pem4f.oem4f (.text:ti_uia_loggers_LoggerStopMode_write8__E)
                  00002388    00000108     sysbios.aem4f : BIOS.obj (.text:ti_sysbios_family_arm_m3_Hwi_excHandlerMax__I)
                  00002490    00000100     ti.targets.arm.rtsarm.aem4f : Core-mem.oem4f (.text:xdc_runtime_Core_createObject__I)
                  00002590    000000fa     string.obj (.text:Graphics_getStringWidth)
                  0000268a    00000002     uartecho_pem4f.oem4f (.text:ti_sysbios_BIOS_nullFunc__I)
                  0000268c    000000f8     ti.targets.arm.rtsarm.aem4f : Startup.oem4f (.text:xdc_runtime_Startup_startMods__I)
                  00002784    000000f8     uartecho_pem4f.oem4f (.text:xdc_runtime_System_printfExtend__I)
                  0000287c    000000f4     drivers_MSP432P401R.aem4f : PowerMSP432.oem4f (.text:Power_sleep)
                  00002970    000000f4     sysbios.aem4f : m3_Hwi_asm.obj (.text:ti_sysbios_family_arm_m3_Hwi_dispatch__I)
                  00002a64    000000f4     uartecho_pem4f.oem4f (.text:ti_uia_loggers_LoggerStopMode_write4__E)
                  00002b58    000000f0     drivers_MSP432P401R.aem4f : PowerMSP432.oem4f (.text:initPerfControl)
                  00002c48    000000e8     uartecho_pem4f.oem4f (.text:ti_uia_loggers_LoggerStopMode_write2__E)
                  00002d30    000000e4     uartecho_pem4f.oem4f (.text:ti_uia_loggers_LoggerStopMode_write1__E)
                  00002e14    000000e0     msp432p4xx_driverlib.lib : cs.o (.text:CS_initClockSignal)
                  00002ef4    000000dc                              : pcm.o (.text:__PCM_setPowerModeAdvanced)
                  00002fd0    000000d8     uartecho_pem4f.oem4f (.text:ti_uia_loggers_LoggerStopMode_write0__E)
                  000030a8    000000cc     sysbios.aem4f : BIOS.obj (.text:ti_sysbios_heaps_HeapMem_alloc__E)
                  00003174    000000cc     ti.targets.arm.rtsarm.aem4f : Core-smem.oem4f (.text:xdc_runtime_Core_constructObject__I)
                  00003240    000000c8     uart_task.obj (.text:echoFxn)
                  00003308    000000c4     ped_adc.obj (.text:init_adc)
                  000033cc    00000004     msp432p4xx_driverlib.lib : spi.o (.text:EUSCI_A_SPI_transmitData)
                  000033d0    000000bc     sysbios.aem4f : BIOS.obj (.text:ti_sysbios_family_arm_m3_Hwi_excDebugMon__I)
                  0000348c    00000004     msp432p4xx_driverlib.lib : spi.o (.text:EUSCI_B_SPI_transmitData)
                  00003490    000000bc     sysbios.aem4f : BIOS.obj (.text:ti_sysbios_family_arm_m3_Hwi_excHardFault__I)
                  0000354c    00000004     tirtosport.aem4f : HwiP_tirtos.oem4f (.text:HwiP_disable)
                  00003550    000000b4     sysbios.aem4f : BIOS.obj (.text:ti_sysbios_knl_Task_checkStacks__E)
                  00003604    000000b0     drivers_MSP432P401R.aem4f : UARTMSP432.oem4f (.text:UARTMSP432_readPolling)
                  000036b4    000000b0     msp432p4xx_driverlib.lib : pcm.o (.text:__PCM_setCoreVoltageLevelAdvanced)
                  00003764    00000004     drivers_MSP432P401R.aem4f : List.oem4f (.text:List_head)
                  00003768    000000a8     sysbios.aem4f : BIOS.obj (.text:ti_sysbios_family_arm_msp432_Timer_periodicStub__E)
                  00003810    000000a4     drivers_MSP432P401R.aem4f : UARTMSP432.oem4f (.text:UARTMSP432_control)
                  000038b4    000000a0     auto_init.aem4f : auto_init.oem4f (.text)
                  00003954    000000a0     ti.targets.arm.rtsarm.aem4f : Text.oem4f (.text:xdc_runtime_Text_putMod__E)
                  000039f4    0000009c     Crystalfontz128x128_ST7735.obj (.text:Crystalfontz128x128_RectFill)
                  00003a90    0000009c     line.obj (.text:Graphics_drawLineH)
                  00003b2c    0000009c     drivers_MSP432P401R.aem4f : UARTMSP432.oem4f (.text:readTaskBlocking)
                  00003bc8    0000009c     rtsv7M4_T_le_v4SPD16_eabi.lib : memcpy_t2.obj (.text)
                  00003c64    0000009a     ti.targets.arm.rtsarm.aem4f : Text.oem4f (.text:xdc_runtime_Text_putSite__E)
                  00003cfe    00000002     uartecho_pem4f.oem4f (.text:ti_uia_loggers_LoggerStopMode_setFilterLevel__E)
                  00003d00    00000094     msp432p4xx_driverlib.lib : uart.o (.text:UART_initModule)
                  00003d94    00000004     drivers_MSP432P401R.aem4f : List.oem4f (.text:List_next)
                  00003d98    00000094     sysbios.aem4f : BIOS.obj (.text:ti_sysbios_family_arm_m3_Hwi_Instance_init__E)
                  00003e2c    00000004     drivers_MSP432P401R.aem4f : PowerMSP432.oem4f (.text:PowerMSP432_getNumPerfLevels)
                  00003e30    00000094     sysbios.aem4f : BIOS.obj (.text:ti_sysbios_family_arm_m3_Hwi_initNVIC__E)
                  00003ec4    00000090     ti.uia.loggers.aem4f : LoggerStopMode.oem4f (.text:ti_uia_loggers_LoggerStopMode_initQueueDescriptor__E)
                  00003f54    0000008c     sysbios.aem4f : m3_TaskSupport_asm.obj (.text:ti_sysbios_family_arm_m3_TaskSupport_buildTaskStack)
                  00003fe0    0000008c                   : BIOS.obj (.text:ti_sysbios_knl_Task_postInit__I)
                  0000406c    0000008a     drivers_MSP432P401R.aem4f : UARTMSP432.oem4f (.text:UARTMSP432_close)
                  000040f6    00000088     msp432p4xx_driverlib.lib : spi.o (.text:SPI_initMaster)
                  0000417e    00000002     ti.uia.loggers.aem4f : LoggerStopMode.oem4f (.text:ti_uia_loggers_LoggerStopMode_setPriority__E)
                  00004180    00000084     drivers_MSP432P401R.aem4f : UARTMSP432.oem4f (.text:initHw)
                  00004204    00000084     lcd_display.obj (.text:init_lcd)
                  00004288    00000084     sysbios.aem4f : BIOS.obj (.text:ti_sysbios_family_arm_m3_Hwi_postInit__I)
                  0000430c    00000084     drivers_MSP432P401R.aem4f : UARTMSP432.oem4f (.text:writeData)
                  00004390    00000082                               : UARTMSP432.oem4f (.text:readIsrTextCallback)
                  00004412    00000006     msp432p4xx_driverlib.lib : uart.o (.text:UART_getInterruptStatus)
                  00004418    00000080     sysbios.aem4f : BIOS.obj (.text:ti_sysbios_utils_Load_updateLoads__E)
                  00004498    0000007c     msp432p4xx_driverlib.lib : pcm.o (.text:PCM_gotoLPM3)
                  00004514    00000004     uartecho_pem4f.oem4f (.text:ti_sysbios_BIOS_RtsGateProxy_enter__E)
                  00004518    0000007c     sysbios.aem4f : BIOS.obj (.text:ti_sysbios_family_arm_m3_TimestampProvider_get64__E)
                  00004594    00000004     uartecho_pem4f.oem4f (.text:ti_sysbios_BIOS_RtsGateProxy_leave__E)
                  00004598    0000007c     sysbios.aem4f : BIOS.obj (.text:ti_sysbios_heaps_HeapMem_free__E)
                  00004614    0000007a     drivers_MSP432P401R.aem4f : UARTMSP432.oem4f (.text:UARTMSP432_write)
                  0000468e    0000007a                               : UARTMSP432.oem4f (.text:readTaskCallback)
                  00004708    0000007a     rtsv7M4_T_le_v4SPD16_eabi.lib : memset_t2.obj (.text)
                  00004782    00000074     drivers_MSP432P401R.aem4f : UARTMSP432.oem4f (.text:readIsrTextBlocking)
                  000047f6    00000002     --HOLE-- [fill = 0]
                  000047f8    00000074     ti.uia.runtime.aem4f : QueueDescriptor.oem4f (.text:ti_uia_runtime_QueueDescriptor_addToList__E)
                  0000486c    00000004     uartecho_pem4f.oem4f (.text:ti_sysbios_family_arm_m3_Hwi_destruct)
                  00004870    00000070     sysbios.aem4f : BIOS.obj (.text:ti_sysbios_knl_Semaphore_post__E)
                  000048e0    0000006d     ti.targets.arm.rtsarm.aem4f : System.oem4f (.text:xdc_runtime_System_formatNum__I)
                  0000494d    00000003     --HOLE-- [fill = 0]
                  00004950    0000006c     sysbios.aem4f : BIOS.obj (.text:ti_sysbios_knl_Clock_workFunc__E)
                  000049bc    00000004     uartecho_pem4f.oem4f (.text:ti_sysbios_family_arm_m3_TaskSupport_Module__startupDone__S)
                  000049c0    0000006c     sysbios.aem4f : BIOS.obj (.text:ti_sysbios_knl_Swi_restoreHwi__E)
                  00004a2c    00000004     uartecho_pem4f.oem4f (.text:ti_sysbios_heaps_HeapMem_Module_GateProxy_enter__E)
                  00004a30    0000006c     sysbios.aem4f : BIOS.obj (.text:ti_sysbios_knl_Task_exit__E)
                  00004a9c    0000006c     ti.targets.arm.rtsarm.aem4f : Error.oem4f (.text:xdc_runtime_Error_print__E)
                  00004b08    0000006c                                 : Memory.oem4f (.text:xdc_runtime_Memory_alloc__E)
                  00004b74    0000006a     rtsv7M4_T_le_v4SPD16_eabi.lib : copy_decompress_rle.obj (.text)
                  00004bde    00000002     --HOLE-- [fill = 0]
                  00004be0    00000068     main.obj (.text:ADC14_IRQHandler)
                  00004c48    00000068     rtsv7M4_T_le_v4SPD16_eabi.lib : trgmsg.obj (.text)
                  00004cb0    00000066     ti.uia.loggers.aem4f : LoggerStopMode.oem4f (.text:ti_uia_loggers_LoggerStopMode_flush__E)
                  00004d16    00000066     ti.targets.arm.rtsarm.aem4f : Core-mem.oem4f (.text:xdc_runtime_Core_deleteObject__I)
                  00004d7c    00000064     drivers_MSP432P401R.aem4f : UARTMSP432.oem4f (.text:UARTMSP432_writePolling)
                  00004de0    00000064     sysbios.aem4f : BIOS.obj (.text:ti_sysbios_family_arm_m3_Hwi_dispatchC__I)
                  00004e44    00000004     uartecho_pem4f.oem4f (.text:ti_sysbios_heaps_HeapMem_Module_GateProxy_leave__E)
                  00004e48    00000064     sysbios.aem4f : BIOS.obj (.text:ti_sysbios_utils_Load_idleFxn__E)
                  00004eac    00000062     tirtosport.aem4f : HwiP_tirtos.oem4f (.text:HwiP_create)
                  00004f0e    00000060     Crystalfontz128x128_ST7735.obj (.text:Crystalfontz128x128_LineDrawH)
                  00004f6e    00000060     Crystalfontz128x128_ST7735.obj (.text:Crystalfontz128x128_LineDrawV)
                  00004fce    00000002     --HOLE-- [fill = 0]
                  00004fd0    00000060     sysbios.aem4f : BIOS.obj (.text:ti_sysbios_family_arm_m3_TimestampProvider_get32__E)
                  00005030    00000060                   : BIOS.obj (.text:ti_sysbios_knl_Task_schedule__I)
                  00005090    0000005c     drivers_MSP432P401R.aem4f : GPIOMSP432.oem4f (.text:GPIO_init)
                  000050ec    00000004     uartecho_pem4f.oem4f (.text:ti_sysbios_knl_Clock_TimerProxy_getMaxTicks__E)
                  000050f0    0000005c     sysbios.aem4f : BIOS.obj (.text:ti_sysbios_knl_Swi_run__I)
                  0000514c    00000004     uartecho_pem4f.oem4f (.text:ti_sysbios_knl_Clock_destruct)
                  00005150    0000005c     sysbios.aem4f : BIOS.obj (.text:ti_sysbios_knl_Swi_schedule__I)
                  000051ac    00000004     uartecho_pem4f.oem4f (.text:ti_sysbios_knl_Queue_destruct)
                  000051b0    0000005c     sysbios.aem4f : BIOS.obj (.text:ti_sysbios_knl_Task_Module_startup__E)
                  0000520c    00000004     uartecho_pem4f.oem4f (.text:ti_sysbios_knl_Semaphore_destruct)
                  00005210    0000005c     sysbios.aem4f : BIOS.obj (.text:ti_sysbios_knl_Task_startCore__E)
                  0000526c    0000005b     ti.targets.arm.rtsarm.aem4f : Text.oem4f (.text:xdc_runtime_Text_putLab__E)
                  000052c7    00000001     --HOLE-- [fill = 0]
                  000052c8    0000005a     tirtosport.aem4f : ClockP_tirtos.oem4f (.text:ClockP_create)
                  00005322    00000058                      : SemaphoreP_tirtos.oem4f (.text:SemaphoreP_create)
                  0000537a    00000002     --HOLE-- [fill = 0]
                  0000537c    00000058     boot.aem4f : boot.oem4f (.text)
                  000053d4    00000058     uartecho_pem4f.oem4f (.text:ti_sysbios_family_arm_m3_Hwi_construct)
                  0000542c    00000058     sysbios.aem4f : m3_Hwi_asm_switch.obj (.text:ti_sysbios_family_arm_m3_Hwi_initStacks__E)
                  00005484    00000054     Crystalfontz128x128_ST7735.obj (.text:Crystalfontz128x128_SetOrientation)
                  000054d8    00000054     drivers_MSP432P401R.aem4f : GPIOMSP432.oem4f (.text:GPIO_hwiIntFxn)
                  0000552c    00000054                               : GPIOMSP432.oem4f (.text:GPIO_setCallback)
                  00005580    00000054     sysbios.aem4f : BIOS.obj (.text:ti_sysbios_family_arm_m3_Timer_start__E)
                  000055d4    00000004     ti.uia.loggers.aem4f : LoggerStopMode.oem4f (.text:ti_uia_loggers_LoggerStopMode_getContents__E)
                  000055d8    00000054     sysbios.aem4f : BIOS.obj (.text:ti_sysbios_family_arm_msp432_Timer_initDevice__I)
                  0000562c    00000004     uartecho_pem4f.oem4f (.text:ti_uia_loggers_LoggerStopMode_getFilterLevel__E)
                  00005630    00000054     sysbios.aem4f : BIOS.obj (.text:ti_sysbios_family_arm_msp432_init_Boot_configureClocksHigh)
                  00005684    00000054     ti.targets.arm.rtsarm.aem4f : Assert.oem4f (.text:xdc_runtime_Assert_raise__I)
                  000056d8    00000052     drivers_MSP432P401R.aem4f : UARTMSP432.oem4f (.text:UARTMSP432_writeCancel)
                  0000572a    00000002     --HOLE-- [fill = 0]
                  0000572c    00000050     msp432p4xx_driverlib.lib : pcm.o (.text:PCM_shutdownDevice)
                  0000577c    00000050     power_tirtos_MSP432P401R.aem4f : PowerMSP432_tirtos.oem4f (.text:PowerMSP432_sleepPolicy)
                  000057cc    00000004     ti.uia.loggers.aem4f : LoggerStopMode.oem4f (.text:ti_uia_loggers_LoggerStopMode_getInstanceId__E)
                  000057d0    00000050     sysbios.aem4f : BIOS.obj (.text:ti_sysbios_family_arm_m3_Hwi_Module_startup__E)
                  00005820    00000050     ti.targets.arm.rtsarm.aem4f : Startup.oem4f (.text:xdc_runtime_Startup_exec__E)
                  00005870    00000050                                 : Text.oem4f (.text:xdc_runtime_Text_visitRope2__I)
                  000058c0    0000004c     msp432p4xx_driverlib.lib : gpio.o (.text:GPIO_setAsPeripheralModuleFunctionOutputPin)
                  0000590c    0000004c     rtsv7M4_T_le_v4SPD16_eabi.lib : cpy_tbl.obj (.text)
                  00005958    0000004c     sysbios.aem4f : BIOS.obj (.text:ti_sysbios_family_arm_msp432_Timer_start__E)
                  000059a4    00000004     ti.uia.loggers.aem4f : LoggerStopMode.oem4f (.text:ti_uia_loggers_LoggerStopMode_getMaxLength__E)
                  000059a8    0000004c     sysbios.aem4f : BIOS.obj (.text:ti_sysbios_heaps_HeapMem_getStats__E)
                  000059f4    00000004     ti.uia.loggers.aem4f : LoggerStopMode.oem4f (.text:ti_uia_loggers_LoggerStopMode_getPriority__E)
                  000059f8    0000004c     sysbios.aem4f : BIOS.obj (.text:ti_sysbios_knl_Swi_runLoop__I)
                  00005a44    00000004     ti.uia.loggers.aem4f : LoggerStopMode.oem4f (.text:ti_uia_loggers_LoggerStopMode_getTransferType__E)
                  00005a48    0000004c     sysbios.aem4f : BIOS.obj (.text:ti_sysbios_knl_Task_allBlockedFunction__I)
                  00005a94    0000004c     ti.uia.loggers.aem4f : LoggerStopMode.oem4f (.text:ti_uia_loggers_LoggerStopMode_Module_startup__E)
                  00005ae0    0000004c     lcd_display.obj (.text:write_lcd)
                  00005b2c    0000004a     context.obj (.text:Graphics_initContext)
                  00005b76    00000002     --HOLE-- [fill = 0]
                  00005b78    00000048     msp432p4xx_driverlib.lib : gpio.o (.text:GPIO_setAsPeripheralModuleFunctionInputPin)
                  00005bc0    00000048     string.obj (.text:Graphics_drawStringCentered)
                  00005c08    00000048     sysbios.aem4f : BIOS.obj (.text:ti_sysbios_family_arm_m3_Hwi_disableInterrupt__E)
                  00005c50    00000048                   : BIOS.obj (.text:ti_sysbios_family_arm_m3_Hwi_enableInterrupt__E)
                  00005c98    00000048                   : BIOS.obj (.text:ti_sysbios_family_arm_m3_Hwi_excReserved__I)
                  00005ce0    00000048                   : BIOS.obj (.text:ti_sysbios_family_arm_m3_Timer_initDevice__I)
                  00005d28    00000048                   : BIOS.obj (.text:ti_sysbios_family_arm_m3_Timer_setPeriod__E)
                  00005d70    00000048                   : BIOS.obj (.text:ti_sysbios_knl_Mailbox_Module_startup__E)
                  00005db8    00000046     drivers_MSP432P401R.aem4f : RingBuf.oem4f (.text:RingBuf_put)
                  00005dfe    00000046                               : UARTMSP432.oem4f (.text:readIsrBinaryBlocking)
                  00005e44    00000046     ti.targets.arm.rtsarm.aem4f : Core-params.oem4f (.text:xdc_runtime_Core_assignParams__I)
                  00005e8a    00000002     --HOLE-- [fill = 0]
                  00005e8c    00000044     rtsv7M4_T_le_v4SPD16_eabi.lib : exit.obj (.text)
                  00005ed0    00000044     sysbios.aem4f : BIOS.obj (.text:ti_sysbios_family_arm_m3_Hwi_getStackInfo__E)
                  00005f14    00000004     ti.targets.arm.rtsarm.aem4f : Error.oem4f (.text:xdc_runtime_Error_getSite__E)
                  00005f18    00000044     sysbios.aem4f : BIOS.obj (.text:ti_sysbios_knl_Swi_post__E)
                  00005f5c    00000044     ti.uia.loggers.aem4f : LoggerStopMode.oem4f (.text:ti_uia_loggers_LoggerStopMode_initBuffer__I)
                  00005fa0    00000044     ti.targets.arm.rtsarm.aem4f : Error.oem4f (.text:xdc_runtime_Error_setX__E)
                  00005fe4    00000044                                 : SysMin.oem4f (.text:xdc_runtime_SysMin_flush__E)
                  00006028    00000044                                 : Text.oem4f (.text:xdc_runtime_Text_xprintf__I)
                  0000606c    00000042     drivers_MSP432P401R.aem4f : UARTMSP432.oem4f (.text:UARTMSP432_hwiIntFxn)
                  000060ae    00000040     Crystalfontz128x128_ST7735.obj (.text:Crystalfontz128x128_PixelDraw)
                  000060ee    00000002     --HOLE-- [fill = 0]
                  000060f0    00000040     msp432p4xx_driverlib.lib : flash.o (.text:FlashCtl_disableReadBuffering)
                  00006130    00000040     string.obj (.text:Graphics_getNumberOfLeadingZeros)
                  00006170    00000040     HAL_MSP_EXP432P401R_Crystalfontz128x128_ST7735.obj (.text:HAL_LCD_SpiInit)
                  000061b0    00000040     drivers_MSP432P401R.aem4f : RingBuf.oem4f (.text:RingBuf_get)
                  000061f0    00000040                               : UARTMSP432.oem4f (.text:UARTMSP432_read)
                  00006230    00000040                               : PowerMSP432.oem4f (.text:notify)
                  00006270    00000040     rtsv7M4_T_le_v4SPD16_eabi.lib : u_divt2.obj (.text)
                  000062b0    00000040     sysbios.aem4f : BIOS.obj (.text:ti_sysbios_family_arm_msp432_Timer_Module_startup__E)
                  000062f0    00000040                   : BIOS.obj (.text:ti_sysbios_family_arm_msp432_Timer_startup__E)
                  00006330    00000040                   : BIOS.obj (.text:ti_sysbios_heaps_HeapMem_Instance_init__E)
                  00006370    0000003c     drivers_MSP432P401R.aem4f : PowerMSP432.oem4f (.text:Power_init)
                  000063ac    00000004     uartecho_pem4f.oem4f (.text:xdc_runtime_System_Module_GateProxy_enter__E)
                  000063b0    0000003c     sysbios.aem4f : BIOS.obj (.text:ti_sysbios_family_arm_m3_Hwi_excSvCall__I)
                  000063ec    00000004     uartecho_pem4f.oem4f (.text:xdc_runtime_System_Module_GateProxy_leave__E)
                  000063f0    0000003c     sysbios.aem4f : BIOS.obj (.text:ti_sysbios_heaps_HeapMem_init__I)
                  0000642c    00000004     ti.targets.arm.rtsarm.aem4f : System.oem4f (.text:xdc_runtime_System_aprintf_va__F)
                  00006430    0000003c     sysbios.aem4f : BIOS.obj (.text:ti_sysbios_knl_Clock_Instance_init__E)
                  0000646c    00000004     ti.targets.arm.rtsarm.aem4f : System.oem4f (.text:xdc_runtime_System_printf_va__F)
                  00006470    0000003c     sysbios.aem4f : BIOS.obj (.text:ti_sysbios_knl_Swi_restore__E)
                  000064ac    0000003a     drivers_MSP432P401R.aem4f : UARTMSP432.oem4f (.text:readIsrBinaryCallback)
                  000064e6    00000002     --HOLE-- [fill = 0]
                  000064e8    00000038                               : UART.oem4f (.text:UART_init)
                  00006520    00000038     sysbios.aem4f : BIOS.obj (.text:ti_sysbios_family_arm_m3_Hwi_excNoIsr__I)
                  00006558    00000038     ti.targets.arm.rtsarm.aem4f : SysMin.oem4f (.text:xdc_runtime_SysMin_putch__E)
                  00006590    00000038                                 : System.oem4f (.text:xdc_runtime_System_atexit__E)
                  000065c8    00000036     drivers_MSP432P401R.aem4f : UARTMSP432.oem4f (.text:UARTMSP432_readCancel)
                  000065fe    00000036                               : UARTMSP432.oem4f (.text:perfChangeNotifyFxn)
                  00006634    00000034     msp432p4xx_driverlib.lib : flash.o (.text:FlashCtl_enableReadBuffering)
                  00006668    00000034     display.obj (.text:Graphics_drawHorizontalLineOnDisplay)
                  0000669c    00000034     HAL_MSP_EXP432P401R_Crystalfontz128x128_ST7735.obj (.text:HAL_LCD_writeCommand)
                  000066d0    00000034     main.obj (.text:adcCalc)
                  00006704    00000004     --HOLE-- [fill = 0]
                  00006708    00000034     sysbios.aem4f : BIOS.obj (.text:ti_sysbios_family_arm_m3_Hwi_Instance_finalize__E)
                  0000673c    00000004     --HOLE-- [fill = 0]
                  00006740    00000034                   : BIOS.obj (.text:ti_sysbios_family_arm_m3_Hwi_excNmi__I)
                  00006774    00000004     --HOLE-- [fill = 0]
                  00006778    00000034                   : BIOS.obj (.text:ti_sysbios_family_arm_m3_Timer_periodicStub__I)
                  000067ac    00000004     --HOLE-- [fill = 0]
                  000067b0    00000034                   : BIOS.obj (.text:ti_sysbios_hal_Hwi_checkStack)
                  000067e4    00000034     uartecho_pem4f.oem4f (.text:ti_sysbios_knl_Clock_construct)
                  00006818    00000034     ti.uia.loggers.aem4f : LoggerStopMode.oem4f (.text:ti_uia_loggers_LoggerStopMode_reset__E)
                  0000684c    00000034     ti.targets.arm.rtsarm.aem4f : Core-label.oem4f (.text:xdc_runtime_Core_assignLabel__I)
                  00006880    00000033                                 : Text.oem4f (.text:xdc_runtime_Text_printVisFxn__I)
                  000068b3    00000005     --HOLE-- [fill = 0]
                  000068b8    00000032     sysbios.aem4f : BIOS.obj (.text:ti_sysbios_hal_Hwi_initStack)
                  000068ea    00000002     --HOLE-- [fill = 0]
                  000068ec    00000030     drivers_MSP432P401R.aem4f : GPIOMSP432.oem4f (.text:GPIO_getEnabledInterruptStatus_WA)
                  0000691c    00000030     msp432p4xx_driverlib.lib : gpio.o (.text:GPIO_setAsInputPinWithPullDownResistor)
                  0000694c    00000030                              : gpio.o (.text:GPIO_setAsInputPinWithPullUpResistor)
                  0000697c    00000030     HAL_MSP_EXP432P401R_Crystalfontz128x128_ST7735.obj (.text:HAL_LCD_PortInit)
                  000069ac    00000030     drivers_MSP432P401R.aem4f : UART.oem4f (.text:UART_open)
                  000069dc    00000030     msp432p4xx_driverlib.lib : spi.o (.text:is_A_Module)
                  00006a0c    00000030     uartecho_pem4f.oem4f (.text:ti_sysbios_BIOS_atExitFunc__I)
                  00006a3c    00000004     --HOLE-- [fill = 0]
                  00006a40    00000030     sysbios.aem4f : BIOS.obj (.text:ti_sysbios_family_arm_m3_TaskSupport_start__E)
                  00006a70    00000030                   : BIOS.obj (.text:ti_sysbios_family_arm_msp432_Timer_setPeriod__E)
                  00006aa0    00000030     uartecho_pem4f.oem4f (.text:ti_sysbios_gates_GateHwi_Object__create__S)
                  00006ad0    00000030     uartecho_pem4f.oem4f (.text:ti_sysbios_gates_GateMutex_Object__create__S)
                  00006b00    00000030     sysbios.aem4f : BIOS.obj (.text:ti_sysbios_gates_GateMutex_enter__E)
                  00006b30    00000030     uartecho_pem4f.oem4f (.text:ti_sysbios_heaps_HeapMem_Object__create__S)
                  00006b60    00000030     sysbios.aem4f : BIOS.obj (.text:ti_sysbios_knl_Mailbox_postInit__I)
                  00006b90    00000030     uartecho_pem4f.oem4f (.text:ti_sysbios_knl_Semaphore_construct)
                  00006bc0    00000030     sysbios.aem4f : BIOS.obj (.text:ti_sysbios_knl_Semaphore_pendTimeout__I)
                  00006bf0    00000030                   : BIOS.obj (.text:ti_sysbios_knl_Task_processVitalTaskFlag__I)
                  00006c20    00000030                   : BIOS.obj (.text:ti_sysbios_knl_Task_unblockI__E)
                  00006c50    00000030                   : BIOS.obj (.text:ti_sysbios_utils_Load_updateCurrentThreadTime__E)
                  00006c80    00000030     uartecho_pem4f.oem4f (.text:ti_uia_loggers_LoggerStopMode_Object__create__S)
                  00006cb0    00000030     ti.targets.arm.rtsarm.aem4f : SysMin.oem4f (.text:xdc_runtime_SysMin_abort__E)
                  00006ce0    00000030                                 : System.oem4f (.text:xdc_runtime_System_processAtExit__E)
                  00006d10    0000002c     Crystalfontz128x128_ST7735.obj (.text:Crystalfontz128x128_ClearScreen)
                  00006d3c    0000002c     msp432p4xx_driverlib.lib : gpio.o (.text:GPIO_setAsInputPin)
                  00006d68    0000002c                              : pcm.o (.text:PCM_getCoreVoltageLevel)
                  00006d94    0000002c     power_tirtos_MSP432P401R.aem4f : PowerMSP432_tirtos.oem4f (.text:PowerMSP432_updateFreqs)
                  00006dc0    0000002c     drivers_MSP432P401R.aem4f : PowerMSP432.oem4f (.text:Power_releaseConstraint)
                  00006dec    0000002c                               : PowerMSP432.oem4f (.text:Power_setConstraint)
                  00006e18    0000002c     main.obj (.text:start_button)
                  00006e44    0000002c     uartecho_pem4f.oem4f (.text:ti_sysbios_knl_Clock_doTick__I)
                  00006e70    0000002c     uartecho_pem4f.oem4f (.text:ti_sysbios_knl_Queue_construct)
                  00006e9c    00000004     --HOLE-- [fill = 0]
                  00006ea0    0000002c     sysbios.aem4f : BIOS.obj (.text:ti_sysbios_knl_Task_restore__E)
                  00006ecc    0000002c     ti.targets.arm.rtsarm.aem4f : Text.oem4f (.text:xdc_runtime_Text_cordText__E)
                  00006ef8    0000002a     display.obj (.text:Graphics_drawPixelOnDisplay)
                  00006f22    0000002a     msp432p4xx_driverlib.lib : pcm.o (.text:PCM_getPowerMode)
                  00006f4c    0000002a     drivers_MSP432P401R.aem4f : UARTMSP432.oem4f (.text:findBaudDividerIndex)
                  00006f76    0000002a     ped_adc.obj (.text:init_clocks)
                  00006fa0    0000002a     ti.targets.arm.rtsarm.aem4f : System.oem4f (.text:xdc_runtime_System_putchar__I)
                  00006fca    00000028     Crystalfontz128x128_ST7735.obj (.text:Crystalfontz128x128_ColorTranslate)
                  00006ff2    00000002     --HOLE-- [fill = 0]
                  00006ff4    00000028     msp432p4xx_driverlib.lib : flash.o (.text:FlashCtl_setWaitState)
                  0000701c    00000028                              : pcm.o (.text:PCM_gotoLPM0)
                  00007044    00000028     uartecho_pem4f.oem4f (.text:ti_sysbios_BIOS_startFunc__I)
                  0000706c    00000004     --HOLE-- [fill = 0]
                  00007070    00000028     sysbios.aem4f : BIOS.obj (.text:ti_sysbios_knl_Clock_addI__E)
                  00007098    00000028                   : BIOS.obj (.text:ti_sysbios_knl_Swi_Module_startup__E)
                  000070c0    00000026     drivers_MSP432P401R.aem4f : List.oem4f (.text:List_put)
                  000070e6    00000026     main.obj (.text:main)
                  0000710c    00000026     sysbios.aem4f : m3_Hwi_asm.obj (.text:ti_sysbios_family_arm_m3_Hwi_pendSV__I)
                  00007132    00000026     ti.targets.arm.rtsarm.aem4f : System.oem4f (.text:xdc_runtime_System_avprintf__E)
                  00007158    00000024     msp432p4xx_driverlib.lib : cs.o (.text:CS_setDCOCenteredFrequency)
                  0000717c    00000024                              : gpio.o (.text:GPIO_setAsOutputPin)
                  000071a0    00000024     HAL_MSP_EXP432P401R_Crystalfontz128x128_ST7735.obj (.text:HAL_LCD_writeData)
                  000071c4    00000024     msp432p4xx_driverlib.lib : rtc_c.o (.text:RTC_C_holdClock)
                  000071e8    00000024                              : rtc_c.o (.text:RTC_C_startClock)
                  0000720c    00000024                              : uart.o (.text:UART_disableInterrupt)
                  00007230    00000024                              : uart.o (.text:UART_receiveData)
                  00007254    00000024                              : uart.o (.text:UART_transmitData)
                  00007278    00000024     uartecho_pem4f.oem4f (.text:ti_sysbios_BIOS_errorRaiseHook__I)
                  0000729c    00000024     uartecho_pem4f.oem4f (.text:ti_sysbios_BIOS_registerRTSLock__I)
                  000072c0    00000024     uartecho_pem4f.oem4f (.text:ti_sysbios_BIOS_removeRTSLock__I)
                  000072e4    00000004     --HOLE-- [fill = 0]
                  000072e8    00000024     sysbios.aem4f : BIOS.obj (.text:ti_sysbios_family_arm_m3_Timer_Module_startup__E)
                  0000730c    00000004     --HOLE-- [fill = 0]
                  00007310    00000024                   : BIOS.obj (.text:ti_sysbios_family_arm_m3_Timer_postInit__I)
                  00007334    00000004     --HOLE-- [fill = 0]
                  00007338    00000024                   : BIOS.obj (.text:ti_sysbios_family_arm_m3_Timer_startup__E)
                  0000735c    00000004     --HOLE-- [fill = 0]
                  00007360    00000024                   : BIOS.obj (.text:ti_sysbios_family_arm_msp432_ClockFreqs_setFrequency__E)
                  00007384    00000004     --HOLE-- [fill = 0]
                  00007388    00000024                   : BIOS.obj (.text:ti_sysbios_family_arm_msp432_Timer_postInit__I)
                  000073ac    00000024     uartecho_pem4f.oem4f (.text:ti_sysbios_gates_GateMutex_Object__delete__S)
                  000073d0    00000024     sysbios.aem4f : BIOS.obj (.text:ti_sysbios_knl_Clock_Module_startup__E)
                  000073f4    00000004     --HOLE-- [fill = 0]
                  000073f8    00000024                   : BIOS.obj (.text:ti_sysbios_knl_Clock_start__E)
                  0000741c    00000004     --HOLE-- [fill = 0]
                  00007420    00000024                   : BIOS.obj (.text:ti_sysbios_knl_Semaphore_Instance_init__E)
                  00007444    00000004     --HOLE-- [fill = 0]
                  00007448    00000024                   : BIOS.obj (.text:ti_sysbios_knl_Task_restoreHwi__E)
                  0000746c    00000004     --HOLE-- [fill = 0]
                  00007470    00000024                   : BIOS.obj (.text:ti_sysbios_utils_Load_updateThreadContexts__E)
                  00007494    00000024     ti.targets.arm.rtsarm.aem4f : System.oem4f (.text:xdc_runtime_System_vprintf__E)
                  000074b8    00000022     uartecho_pem4f.oem4f (.text:xdc_runtime_SysMin_output__I)
                  000074da    00000002     --HOLE-- [fill = 0]
                  000074dc    00000020     msp432p4xx_driverlib.lib : gpio.o (.text:GPIO_interruptEdgeSelect)
                  000074fc    00000020     drivers_MSP432P401R.aem4f : PowerMSP432.oem4f (.text:PowerMSP432_getFreqs)
                  0000751c    00000020                               : PowerMSP432.oem4f (.text:Power_idleFunc)
                  0000753c    00000020                               : PowerMSP432.oem4f (.text:Power_unregisterNotify)
                  0000755c    00000020     msp432p4xx_driverlib.lib : spi.o (.text:SPI_transmitData)
                  0000757c    00000020     uartecho_pem4f.oem4f (.text:ti_sysbios_BIOS_rtsLock__I)
                  0000759c    00000020     sysbios.aem4f : m3_Hwi_asm.obj (.text:ti_sysbios_family_arm_m3_Hwi_excHandlerAsm__I)
                  000075bc    00000004     --HOLE-- [fill = 0]
                  000075c0    00000020                   : BIOS.obj (.text:ti_sysbios_family_arm_m3_Hwi_excHandler__I)
                  000075e0    00000020                   : BIOS.obj (.text:ti_sysbios_family_arm_m3_TimestampProvider_Module_startup__E)
                  00007600    00000020     uartecho_pem4f.oem4f (.text:ti_sysbios_gates_GateHwi_Object__delete__S)
                  00007620    00000020     uartecho_pem4f.oem4f (.text:ti_sysbios_heaps_HeapMem_Object__delete__S)
                  00007640    00000020     uartecho_pem4f.oem4f (.text:ti_sysbios_knl_Clock_Object__destruct__S)
                  00007660    00000020     sysbios.aem4f : BIOS.obj (.text:ti_sysbios_knl_Idle_run__E)
                  00007680    00000020     uartecho_pem4f.oem4f (.text:ti_sysbios_knl_Semaphore_Object__destruct__S)
                  000076a0    00000020     uartecho_pem4f.oem4f (.text:ti_uia_loggers_LoggerStopMode_Object__delete__S)
                  000076c0    00000020     ti.targets.arm.rtsarm.aem4f : Registry.oem4f (.text:xdc_runtime_Registry_findById__E)
                  000076e0    00000020                                 : SysMin.oem4f (.text:xdc_runtime_SysMin_Module_startup__E)
                  00007700    0000001e     sysbios.aem4f : m3_Hwi_asm_switch.obj (.text:ti_sysbios_family_xxx_Hwi_switchAndRunFunc)
                  0000771e    0000001c     MSP_EXP432P401R.obj (.text:MSP_EXP432P401R_initUART)
                  0000773a    00000002     --HOLE-- [fill = 0]
                  0000773c    0000001c     drivers_MSP432P401R.aem4f : PowerMSP432.oem4f (.text:Power_registerNotify)
                  00007758    0000001c     uartecho_pem4f.oem4f (.text:ti_sysbios_family_arm_m3_Hwi_Object__destruct__S)
                  00007774    00000004     --HOLE-- [fill = 0]
                  00007778    0000001c     sysbios.aem4f : BIOS.obj (.text:ti_sysbios_family_arm_m3_Timer_stop__E)
                  00007794    00000004     --HOLE-- [fill = 0]
                  00007798    0000001c                   : BIOS.obj (.text:ti_sysbios_gates_GateMutex_Instance_init__E)
                  000077b4    00000004     --HOLE-- [fill = 0]
                  000077b8    0000001c                   : BIOS.obj (.text:ti_sysbios_knl_Clock_Instance_finalize__E)
                  000077d4    0000001c     uartecho_pem4f.oem4f (.text:ti_sysbios_knl_Queue_Object__destruct__S)
                  000077f0    0000001c     sysbios.aem4f : BIOS.obj (.text:ti_sysbios_knl_Queue_put__E)
                  0000780c    00000004     --HOLE-- [fill = 0]
                  00007810    0000001c                   : BIOS.obj (.text:ti_sysbios_knl_Task_enter__I)
                  0000782c    0000001c     ti.uia.loggers.aem4f : LoggerStopMode.oem4f (.text:ti_uia_loggers_LoggerStopMode_Instance_init__E)
                  00007848    0000001c     ti.targets.arm.rtsarm.aem4f : Error.oem4f (.text:xdc_runtime_Error_raiseX__E)
                  00007864    0000001c                                 : Memory.oem4f (.text:xdc_runtime_Memory_valloc__E)
                  00007880    0000001c                                 : SysMin.oem4f (.text:xdc_runtime_SysMin_exit__E)
                  0000789c    0000001c                                 : System.oem4f (.text:xdc_runtime_System_abort__E)
                  000078b8    0000001a     context.obj (.text:Graphics_setBackgroundColor)
                  000078d2    0000001a     context.obj (.text:Graphics_setFont)
                  000078ec    0000001a     drivers_MSP432P401R.aem4f : List.oem4f (.text:List_remove)
                  00007906    0000001a     msp432p4xx_driverlib.lib : spi.o (.text:SPI_enableModule)
                  00007920    0000001a     uartecho_pem4f.oem4f (.text:ti_sysbios_family_arm_m3_Hwi_Handle__label__S)
                  0000793a    0000001a     uartecho_pem4f.oem4f (.text:ti_sysbios_gates_GateHwi_Handle__label__S)
                  00007954    0000001a     uartecho_pem4f.oem4f (.text:ti_sysbios_gates_GateMutex_Handle__label__S)
                  0000796e    0000001a     uartecho_pem4f.oem4f (.text:ti_sysbios_heaps_HeapMem_Handle__label__S)
                  00007988    0000001a     uartecho_pem4f.oem4f (.text:ti_sysbios_knl_Swi_Handle__label__S)
                  000079a2    0000001a     uartecho_pem4f.oem4f (.text:ti_sysbios_knl_Task_Handle__label__S)
                  000079bc    0000001a     uartecho_pem4f.oem4f (.text:ti_uia_loggers_LoggerStopMode_Handle__label__S)
                  000079d6    0000001a     uartecho_pem4f.oem4f (.text:xdc_runtime_System_aprintf__E)
                  000079f0    0000001a     uartecho_pem4f.oem4f (.text:xdc_runtime_System_printf__E)
                  00007a0a    00000002     --HOLE-- [fill = 0]
                  00007a0c    00000018     msp432p4xx_driverlib.lib : adc14.o (.text:ADC14_getResult)
                  00007a24    00000018                              : gpio.o (.text:GPIO_clearInterruptFlag)
                  00007a3c    00000018                              : gpio.o (.text:GPIO_setDriveStrengthLow)
                  00007a54    00000018                              : gpio.o (.text:GPIO_setOutputLowOnPin)
                  00007a6c    00000018     display.obj (.text:Graphics_clearDisplayOnDisplay)
                  00007a84    00000018     drivers_MSP432P401R.aem4f : UART.oem4f (.text:UART_Params_init)
                  00007a9c    00000018     msp432p4xx_driverlib.lib : wdt_a.o (.text:WDT_A_holdTimer)
                  00007ab4    00000018     rtsv7M4_T_le_v4SPD16_eabi.lib : args_main.obj (.text)
                  00007acc    00000018     uartecho_pem4f.oem4f (.text:ti_sysbios_BIOS_rtsUnlock__I)
                  00007ae4    00000018     uartecho_pem4f.oem4f (.text:ti_sysbios_family_arm_m3_Hwi_Module__startupDone__F)
                  00007afc    00000018     sysbios.aem4f : m3_TaskSupport_asm.obj (.text:ti_sysbios_family_arm_m3_TaskSupport_swap__E)
                  00007b14    00000018     uartecho_pem4f.oem4f (.text:ti_sysbios_family_arm_msp432_Timer_Module__startupDone__F)
                  00007b2c    00000004     --HOLE-- [fill = 0]
                  00007b30    00000018     sysbios.aem4f : BIOS.obj (.text:ti_sysbios_gates_GateMutex_leave__E)
                  00007b48    00000018     ti.targets.arm.rtsarm.aem4f : Error.oem4f (.text:xdc_runtime_Error_check__E)
                  00007b60    00000018                                 : System.oem4f (.text:xdc_runtime_System_exit__E)
                  00007b78    00000018                                 : Text.oem4f (.text:xdc_runtime_Text_ropeText__E)
                  00007b90    00000016     tirtosport.aem4f : ClockP_tirtos.oem4f (.text:ClockP_delete)
                  00007ba6    00000016     context.obj (.text:Graphics_setForegroundColor)
                  00007bbc    00000016     display.obj (.text:Graphics_translateColorOnDisplay)
                  00007bd2    00000016     tirtosport.aem4f : HwiP_tirtos.oem4f (.text:HwiP_delete)
                  00007be8    00000016                      : SemaphoreP_tirtos.oem4f (.text:SemaphoreP_delete)
                  00007bfe    00000016     msp432p4xx_driverlib.lib : uart.o (.text:UART_enableInterrupt)
                  00007c14    00000016     uartecho_pem4f.oem4f (.text:ti_sysbios_BIOS_exitFunc__I)
                  00007c2a    00000006     msp432p4xx_driverlib.lib : uart.o (.text:UART_queryStatusFlags)
                  00007c30    00000016     sysbios.aem4f : BIOS.obj (.text:ti_sysbios_knl_Task_unblock__E)
                  00007c46    00000016     ti.uia.loggers.aem4f : LoggerStopMode.oem4f (.text:ti_uia_loggers_LoggerStopMode_disable__E)
                  00007c5c    00000016                          : LoggerStopMode.oem4f (.text:ti_uia_loggers_LoggerStopMode_enable__E)
                  00007c72    00000002     --HOLE-- [fill = 0]
                  00007c74    00000014     msp432p4xx_driverlib.lib : gpio.o (.text:GPIO_setDriveStrengthHigh)
                  00007c88    00000014                              : gpio.o (.text:GPIO_setOutputHighOnPin)
                  00007c9c    00000014                              : wdt_a.o (.text:WDT_A_startTimer)
                  00007cb0    00000014     rtsv7M4_T_le_v4SPD16_eabi.lib : _lock.obj (.text)
                  00007cc4    00000014                                   : strcpy.obj (.text)
                  00007cd8    00000014                                   : strlen.obj (.text)
                  00007cec    00000014     uartecho_pem4f.oem4f (.text:ti_sysbios_family_arm_m3_Hwi_Object__get__S)
                  00007d00    00000014     sysbios.aem4f : BIOS.obj (.text:ti_sysbios_family_arm_m3_Hwi_switchFromBootStack__E)
                  00007d14    00000014     uartecho_pem4f.oem4f (.text:ti_sysbios_heaps_HeapMem_Object__get__S)
                  00007d28    00000014     uartecho_pem4f.oem4f (.text:ti_sysbios_knl_Mailbox_Object__get__S)
                  00007d3c    00000014     uartecho_pem4f.oem4f (.text:ti_sysbios_knl_Swi_Object__get__S)
                  00007d50    00000012     tirtosport.aem4f : ClockP_tirtos.oem4f (.text:ClockP_start)
                  00007d62    00000012     context.obj (.text:Graphics_clearDisplay)
                  00007d74    00000012     drivers_MSP432P401R.aem4f : RingBuf.oem4f (.text:RingBuf_construct)
                  00007d86    00000012     tirtosport.aem4f : SemaphoreP_tirtos.oem4f (.text:SemaphoreP_pend)
                  00007d98    00000012     sysbios.aem4f : BIOS.obj (.text:ti_sysbios_hal_Hwi_Module_startup__E)
                  00007daa    00000012     uartecho_pem4f.oem4f (.text:xdc_runtime_Startup_exec__I)
                  00007dbc    00000010     msp432p4xx_driverlib.lib : gpio.o (.text:GPIO_getInterruptStatus)
                  00007dcc    00000010                              : pcm.o (.text:PCM_gotoLPM4)
                  00007ddc    00000010     drivers_MSP432P401R.aem4f : UARTMSP432.oem4f (.text:readBlockingTimeout)
                  00007dec    00000004     --HOLE-- [fill = 0]
                  00007df0    00000010     sysbios.aem4f : BIOS.obj (.text:ti_sysbios_BIOS_exit__E)
                  00007e00    00000010                   : BIOS.obj (.text:ti_sysbios_BIOS_getCpuFreq__E)
                  00007e10    00000010                   : BIOS.obj (.text:ti_sysbios_BIOS_setCpuFreq__E)
                  00007e20    00000010                   : BIOS.obj (.text:ti_sysbios_BIOS_setThreadType__E)
                  00007e30    00000010                   : BIOS.obj (.text:ti_sysbios_BIOS_start__E)
                  00007e40    00000010                   : m3_TaskSupport_asm.obj (.text:ti_sysbios_family_arm_m3_TaskSupport_glue)
                  00007e50    00000010                   : BIOS.obj (.text:ti_sysbios_family_arm_msp432_init_Boot_disableWatchdog)
                  00007e60    00000010                   : BIOS.obj (.text:ti_sysbios_gates_GateMutex_Instance_finalize__E)
                  00007e70    00000010                   : BIOS.obj (.text:ti_sysbios_knl_Semaphore_Instance_finalize__E)
                  00007e80    00000010                   : BIOS.obj (.text:ti_sysbios_knl_Swi_disable__E)
                  00007e90    00000010     uartecho_pem4f.oem4f (.text:ti_sysbios_knl_Task_Object__get__S)
                  00007ea0    00000010     sysbios.aem4f : BIOS.obj (.text:ti_sysbios_knl_Task_disable__E)
                  00007eb0    00000010     uartecho_pem4f.oem4f (.text:ti_uia_loggers_LoggerStopMode_Object__get__S)
                  00007ec0    00000010     ti.uia.loggers.aem4f : LoggerStopMode.oem4f (.text:ti_uia_loggers_LoggerStopMode_isEmpty__E)
                  00007ed0    00000010     ti.targets.arm.rtsarm.aem4f : Gate.oem4f (.text:xdc_runtime_Gate_leaveSystem__E)
                  00007ee0    00000010                                 : Memory.oem4f (.text:xdc_runtime_Memory_free__E)
                  00007ef0    00000010                                 : SysMin.oem4f (.text:xdc_runtime_SysMin_ready__E)
                  00007f00    00000010                                 : System.oem4f (.text:xdc_runtime_System_vsnprintf__E)
                  00007f10    00000010     uartecho_pem4f.oem4f (.text:xdc_runtime_Text_visitRope__I)
                  00007f20    0000000e     tirtosport.aem4f : HwiP_tirtos.oem4f (.text:HwiP_Params_init)
                  00007f2e    0000000e     msp432p4xx_driverlib.lib : uart.o (.text:UART_clearInterruptFlag)
                  00007f3c    0000000e     rtsv7M4_T_le_v4SPD16_eabi.lib : copy_decompress_none.obj (.text:decompress:none)
                  00007f4a    00000006     ti.targets.arm.rtsarm.aem4f : xdc_noinit.oem4f (.text:__xdc__init)
                  00007f50    0000000e     sysbios.aem4f : BIOS.obj (.text:ti_sysbios_knl_Clock_removeI__E)
                  00007f5e    00000002     --HOLE-- [fill = 0]
                  00007f60    0000000e                   : BIOS.obj (.text:ti_sysbios_knl_Idle_loop__E)
                  00007f6e    00000002     --HOLE-- [fill = 0]
                  00007f70    0000000e                   : BIOS.obj (.text:ti_sysbios_knl_Queue_empty__E)
                  00007f7e    0000000c     uartecho_pem4f.oem4f (.text:.bootCodeSection:ti_sysbios_family_arm_msp432_init_Boot_init__I)
                  00007f8a    0000000c     msp432p4xx_driverlib.lib : cpu.o (.text:CPU_cpsid)
                  00007f96    0000000c                              : cpu.o (.text:CPU_cpsie)
                  00007fa2    0000000c                              : spi.o (.text:EUSCI_A_SPI_enable)
                  00007fae    0000000c                              : spi.o (.text:EUSCI_B_SPI_enable)
                  00007fba    00000002     --HOLE-- [fill = 0]
                  00007fbc    0000000c                              : pcm.o (.text:PCM_getPowerState)
                  00007fc8    0000000c     drivers_MSP432P401R.aem4f : PowerMSP432.oem4f (.text:Power_getConstraintMask)
                  00007fd4    0000000c                               : PowerMSP432.oem4f (.text:Power_getPerformanceLevel)
                  00007fe0    0000000c                               : RingBuf.oem4f (.text:RingBuf_peek)
                  00007fec    0000000c                               : UARTMSP432.oem4f (.text:UARTMSP432_init)
                  00007ff8    0000000c     msp432p4xx_driverlib.lib : uart.o (.text:UART_disableModule)
                  00008004    0000000c                              : uart.o (.text:UART_enableModule)
                  00008010    0000000c     rtsv7M4_T_le_v4SPD16_eabi.lib : copy_zero_init.obj (.text:decompress:ZI)
                  0000801c    0000000c     uartecho_pem4f.oem4f (.text:ti_sysbios_family_arm_m3_Hwi_Params__init__S)
                  00008028    0000000c     sysbios.aem4f : BIOS.obj (.text:ti_sysbios_family_arm_m3_Hwi_disableFxn__E)
                  00008034    00000004     --HOLE-- [fill = 0]
                  00008038    0000000c                   : BIOS.obj (.text:ti_sysbios_family_arm_m3_TaskSupport_checkStack__E)
                  00008044    00000004     --HOLE-- [fill = 0]
                  00008048    0000000c                   : BIOS.obj (.text:ti_sysbios_family_arm_m3_TimestampProvider_startTimer__E)
                  00008054    00000004     --HOLE-- [fill = 0]
                  00008058    0000000c                   : BIOS.obj (.text:ti_sysbios_family_arm_msp432_Timer_getMaxTicks__E)
                  00008064    00000004     --HOLE-- [fill = 0]
                  00008068    0000000c                   : BIOS.obj (.text:ti_sysbios_gates_GateHwi_enter__E)
                  00008074    0000000c     uartecho_pem4f.oem4f (.text:ti_sysbios_knl_Clock_Params__init__S)
                  00008080    0000000c     uartecho_pem4f.oem4f (.text:ti_sysbios_knl_Queue_Object__get__S)
                  0000808c    0000000c     uartecho_pem4f.oem4f (.text:ti_sysbios_knl_Semaphore_Params__init__S)
                  00008098    0000000c     ti.targets.arm.rtsarm.aem4f : Error.oem4f (.text:xdc_runtime_Error_init__E)
                  000080a4    0000000c                                 : Gate.oem4f (.text:xdc_runtime_Gate_enterSystem__E)
                  000080b0    0000000c                                 : Memory.oem4f (.text:xdc_runtime_Memory_calloc__E)
                  000080bc    0000000c                                 : Memory.oem4f (.text:xdc_runtime_Memory_getMaxDefaultTypeAlign__E)
                  000080c8    0000000a     tirtosport.aem4f : ClockP_tirtos.oem4f (.text:ClockP_stop)
                  000080d2    0000000a     Crystalfontz128x128_ST7735.obj (.text:Crystalfontz128x128_Flush)
                  000080dc    0000000a     tirtosport.aem4f : SemaphoreP_tirtos.oem4f (.text:SemaphoreP_post)
                  000080e6    0000000a     drivers_MSP432P401R.aem4f : UART.oem4f (.text:UART_read)
                  000080f0    0000000a                               : UART.oem4f (.text:UART_write)
                  000080fa    0000000a     uartecho_pem4f.oem4f (.text:xdc_runtime_IHeap_alloc)
                  00008104    0000000a     uartecho_pem4f.oem4f (.text:xdc_runtime_IHeap_free)
                  0000810e    00000008     tirtosport.aem4f : ClockP_tirtos.oem4f (.text:ClockP_Params_init)
                  00008116    00000008     msp432p4xx_driverlib.lib : spi.o (.text:EUSCI_B_SPI_getInterruptStatus)
                  0000811e    00000008     MSP_EXP432P401R.obj (.text:MSP_EXP432P401R_initGPIO)
                  00008126    00000008     MSP_EXP432P401R.obj (.text:MSP_EXP432P401R_initGeneral)
                  0000812e    00000008     msp432p4xx_driverlib.lib : pcm.o (.text:PCM_setPowerMode)
                  00008136    00000008                              : pcm.o (.text:PCM_setPowerState)
                  0000813e    00000008     tirtosport.aem4f : SemaphoreP_tirtos.oem4f (.text:SemaphoreP_Params_init)
                  00008146    00000008     drivers_MSP432P401R.aem4f : UARTMSP432.oem4f (.text:readSemCallback)
                  0000814e    00000002     --HOLE-- [fill = 0]
                  00008150    00000008     sysbios.aem4f : BIOS.obj (.text:ti_sysbios_family_arm_m3_Hwi_doSwiRestore__I)
                  00008158    00000008                   : BIOS.obj (.text:ti_sysbios_family_arm_m3_Hwi_startup__E)
                  00008160    00000008     drivers_MSP432P401R.aem4f : UARTMSP432.oem4f (.text:writeSemCallback)
                  00008168    00000006     rtsv7M4_T_le_v4SPD16_eabi.lib : copy_decompress_rle.obj (.text:decompress:rle24)
                  0000816e    00000002     --HOLE-- [fill = 0]
                  00008170    00000006     sysbios.aem4f : BIOS.obj (.text:ti_sysbios_family_arm_m3_Hwi_doTaskRestore__I)
                  00008176    00000002     --HOLE-- [fill = 0]
                  00008178    00000006                   : BIOS.obj (.text:ti_sysbios_family_arm_m3_Hwi_restoreFxn__E)
                  0000817e    00000002     --HOLE-- [fill = 0]
                  00008180    00000006                   : BIOS.obj (.text:ti_sysbios_gates_GateHwi_leave__E)
                  00008186    00000002     --HOLE-- [fill = 0]
                  00008188    00000006                   : BIOS.obj (.text:ti_sysbios_heaps_HeapMem_isBlocking__E)
                  0000818e    00000002     --HOLE-- [fill = 0]
                  00008190    00000006                   : BIOS.obj (.text:ti_sysbios_knl_Clock_stop__E)
                  00008196    00000002     --HOLE-- [fill = 0]
                  00008198    00000006                   : BIOS.obj (.text:ti_sysbios_knl_Queue_Instance_init__E)
                  0000819e    00000002     --HOLE-- [fill = 0]
                  000081a0    00000006                   : BIOS.obj (.text:ti_sysbios_knl_Swi_startup__E)
                  000081a6    00000006     ti.targets.arm.rtsarm.aem4f : System.oem4f (.text:xdc_runtime_System_Module_startup__E)
                  000081ac    00000004     --HOLE-- [fill = 0]
                  000081b0    00000004     sysbios.aem4f : BIOS.obj (.text:ti_sysbios_gates_GateHwi_query__E)
                  000081b4    00000004     --HOLE-- [fill = 0]
                  000081b8    00000004                   : BIOS.obj (.text:ti_sysbios_gates_GateMutex_query__E)
                  000081bc    00000004     --HOLE-- [fill = 0]
                  000081c0    00000004                   : BIOS.obj (.text:ti_sysbios_knl_Clock_setTimeout__E)
                  000081c4    00000004     --HOLE-- [fill = 0]
                  000081c8    00000004                   : BIOS.obj (.text:ti_sysbios_knl_Task_startup__E)
                  000081cc    00000004     --HOLE-- [fill = 0]
                  000081d0    00000002                   : BIOS.obj (.text:ti_sysbios_family_arm_m3_TimestampProvider_rolloverFunc__E)
                  000081d2    00000006     --HOLE-- [fill = 0]
                  000081d8    00000002                   : BIOS.obj (.text:ti_sysbios_gates_GateHwi_Instance_init__E)
                  000081da    00000006     --HOLE-- [fill = 0]
                  000081e0    00000002                   : BIOS.obj (.text:ti_sysbios_knl_Clock_logTick__E)

.const     0    000081e4    00002b79     
                  000081e4    00001f1c     uartecho_pem4f.oem4f (.const:xdc_runtime_Text_charTab__A)
                  0000a100    000002f8     fontfixed6x8.obj (.const:.string:g_pucFontFixed6x8Data)
                  0000a3f8    00000100     uartecho_pem4f.oem4f (.const:xdc_runtime_Text_nodeTab__A)
                  0000a4f8    000000c8     fontfixed6x8.obj (.const:g_sFontFixed6x8)
                  0000a5c0    00000080     msp432p4xx_driverlib.lib : adc14.o (.const:_ctlRegs)
                  0000a640    00000070     MSP_EXP432P401R.obj (.const:uartMSP432Baudrates)
                  0000a6b0    00000060     uartecho_pem4f.oem4f (.const:ti_uia_loggers_LoggerStopMode_Module__FXNS__C)
                  0000a710    00000048     uartecho_pem4f.oem4f (.const:.string)
                  0000a758    00000048     MSP_EXP432P401R.obj (.const:uartMSP432HWAttrs)
                  0000a7a0    00000030     uartecho_pem4f.oem4f (.const:ti_sysbios_family_arm_m3_Hwi_Object__PARAMS__C)
                  0000a7d0    00000030     uartecho_pem4f.oem4f (.const:xdc_runtime_Startup_sfxnTab__A)
                  0000a800    0000002c     Crystalfontz128x128_ST7735.obj (.const:g_sCrystalfontz128x128)
                  0000a82c    00000028     drivers_MSP432P401R.aem4f : UARTMSP432.oem4f (.const:UARTMSP432_fxnTable)
                  0000a854    00000028     uartecho_pem4f.oem4f (.const:ti_sysbios_heaps_HeapMem_Module__FXNS__C)
                  0000a87c    00000028     uartecho_pem4f.oem4f (.const:ti_uia_loggers_LoggerStopMode_Object__PARAMS__C)
                  0000a8a4    00000024     MSP_EXP432P401R.obj (.const:UART_config)
                  0000a8c8    00000024     drivers_MSP432P401R.aem4f : UART.oem4f (.const:UART_defaultParams)
                  0000a8ec    00000024                               : UARTMSP432.oem4f (.const)
                  0000a910    00000024     uartecho_pem4f.oem4f (.const:ti_sysbios_gates_GateHwi_Module__FXNS__C)
                  0000a934    00000024     uartecho_pem4f.oem4f (.const:ti_sysbios_gates_GateMutex_Module__FXNS__C)
                  0000a958    00000024     uartecho_pem4f.oem4f (.const:ti_sysbios_heaps_HeapMem_Object__PARAMS__C)
                  0000a97c    00000024     uartecho_pem4f.oem4f (.const:ti_sysbios_knl_Clock_Object__PARAMS__C)
                  0000a9a0    00000024     uartecho_pem4f.oem4f (.const:ti_sysbios_knl_Semaphore_Object__PARAMS__C)
                  0000a9c4    00000020     uartecho_pem4f.oem4f (.const:ti_sysbios_family_arm_m3_Hwi_Object__DESC__C)
                  0000a9e4    00000020     uartecho_pem4f.oem4f (.const:ti_sysbios_gates_GateHwi_Object__DESC__C)
                  0000aa04    00000020     uartecho_pem4f.oem4f (.const:ti_sysbios_gates_GateMutex_Object__DESC__C)
                  0000aa24    00000020     uartecho_pem4f.oem4f (.const:ti_sysbios_heaps_HeapMem_Object__DESC__C)
                  0000aa44    00000020     uartecho_pem4f.oem4f (.const:ti_sysbios_knl_Clock_Object__DESC__C)
                  0000aa64    00000020     uartecho_pem4f.oem4f (.const:ti_sysbios_knl_Queue_Object__DESC__C)
                  0000aa84    00000020     uartecho_pem4f.oem4f (.const:ti_sysbios_knl_Semaphore_Object__DESC__C)
                  0000aaa4    00000020     uartecho_pem4f.oem4f (.const:ti_uia_loggers_LoggerStopMode_Object__DESC__C)
                  0000aac4    0000001c     HAL_MSP_EXP432P401R_Crystalfontz128x128_ST7735.obj (.const)
                  0000aae0    00000018     uartecho_pem4f.oem4f (.const:ti_sysbios_gates_GateHwi_Object__PARAMS__C)
                  0000aaf8    00000018     uartecho_pem4f.oem4f (.const:ti_sysbios_gates_GateMutex_Object__PARAMS__C)
                  0000ab10    00000018     uartecho_pem4f.oem4f (.const:ti_sysbios_knl_Queue_Object__PARAMS__C)
                  0000ab28    00000018     uartecho_pem4f.oem4f (.const)
                  0000ab40    00000018     uartecho_pem4f.oem4f (.const:xdc_runtime_Startup_sfxnRts__A)
                  0000ab58    00000014     MSP_EXP432P401R.obj (.const:GPIOMSP432_config)
                  0000ab6c    00000010     MSP_EXP432P401R.obj (.const)
                  0000ab7c    00000010     uartecho_pem4f.oem4f (.const:ti_sysbios_knl_Idle_funcList__A)
                  0000ab8c    0000000e     uart_task.obj (.const:.string)
                  0000ab9a    0000000c     drivers_MSP432P401R.aem4f : GPIOMSP432.oem4f (.const:.string)
                  0000aba6    00000002     uartecho_pem4f.oem4f (.const:ti_sysbios_family_arm_m3_Hwi_Module__id__C)
                  0000aba8    0000000c     uartecho_pem4f.oem4f (.const:xdc_runtime_Startup_firstFxns__A)
                  0000abb4    00000008     Crystalfontz128x128_ST7735.obj (.const)
                  0000abbc    00000008     uartecho_pem4f.oem4f (.const:ti_sysbios_family_arm_m3_Hwi_excHookFuncs__A)
                  0000abc4    00000008     uartecho_pem4f.oem4f (.const:ti_sysbios_knl_Idle_funcList__C)
                  0000abcc    00000008     uartecho_pem4f.oem4f (.const:xdc_runtime_Startup_firstFxns__C)
                  0000abd4    00000008     uartecho_pem4f.oem4f (.const:xdc_runtime_Startup_lastFxns__C)
                  0000abdc    00000005     drivers_MSP432P401R.aem4f : UARTMSP432.oem4f (.const:.string)
                  0000abe1    00000005     main.obj (.const:.string)
                  0000abe6    00000002     uartecho_pem4f.oem4f (.const:ti_sysbios_family_arm_m3_Timer_Module__id__C)
                  0000abe8    00000004     uartecho_pem4f.oem4f (.const:ti_sysbios_family_arm_m3_Hwi_E_NMI__C)
                  0000abec    00000004     uartecho_pem4f.oem4f (.const:ti_sysbios_family_arm_m3_Hwi_E_alreadyDefined__C)
                  0000abf0    00000004     uartecho_pem4f.oem4f (.const:ti_sysbios_family_arm_m3_Hwi_E_busFault__C)
                  0000abf4    00000004     uartecho_pem4f.oem4f (.const:ti_sysbios_family_arm_m3_Hwi_E_debugMon__C)
                  0000abf8    00000004     uartecho_pem4f.oem4f (.const:ti_sysbios_family_arm_m3_Hwi_E_hardFault__C)
                  0000abfc    00000004     uartecho_pem4f.oem4f (.const:ti_sysbios_family_arm_m3_Hwi_E_memFault__C)
                  0000ac00    00000004     uartecho_pem4f.oem4f (.const:ti_sysbios_family_arm_m3_Hwi_E_noIsr__C)
                  0000ac04    00000004     uartecho_pem4f.oem4f (.const:ti_sysbios_family_arm_m3_Hwi_E_reserved__C)
                  0000ac08    00000004     uartecho_pem4f.oem4f (.const:ti_sysbios_family_arm_m3_Hwi_E_svCall__C)
                  0000ac0c    00000004     uartecho_pem4f.oem4f (.const:ti_sysbios_family_arm_m3_Hwi_E_usageFault__C)
                  0000ac10    00000004     uartecho_pem4f.oem4f (.const:ti_sysbios_family_arm_m3_Hwi_NUM_INTERRUPTS__C)
                  0000ac14    00000004     uartecho_pem4f.oem4f (.const:ti_sysbios_family_arm_m3_Hwi_Object__count__C)
                  0000ac18    00000004     uartecho_pem4f.oem4f (.const:ti_sysbios_family_arm_m3_Hwi_ccr__C)
                  0000ac1c    00000004     uartecho_pem4f.oem4f (.const:ti_sysbios_family_arm_m3_Hwi_excHandlerFunc__C)
                  0000ac20    00000004     uartecho_pem4f.oem4f (.const:ti_sysbios_family_arm_m3_Hwi_excHookFuncs__C)
                  0000ac24    00000004     uartecho_pem4f.oem4f (.const:ti_sysbios_family_arm_m3_Hwi_nullIsrFunc__C)
                  0000ac28    00000004     uartecho_pem4f.oem4f (.const:ti_sysbios_family_arm_m3_Hwi_priGroup__C)
                  0000ac2c    00000004     uartecho_pem4f.oem4f (.const:ti_sysbios_family_arm_m3_Timer_E_cannotSupport__C)
                  0000ac30    00000004     uartecho_pem4f.oem4f (.const:ti_sysbios_family_arm_m3_Timer_startupNeeded__C)
                  0000ac34    00000004     uartecho_pem4f.oem4f (.const:ti_sysbios_family_arm_msp432_Timer_numTimerDevices__C)
                  0000ac38    00000004     uartecho_pem4f.oem4f (.const:ti_sysbios_family_arm_msp432_Timer_startupNeeded__C)
                  0000ac3c    00000004     uartecho_pem4f.oem4f (.const:ti_sysbios_gates_GateMutex_Instance_State_sem__O)
                  0000ac40    00000004     uartecho_pem4f.oem4f (.const:ti_sysbios_hal_Hwi_E_stackOverflow__C)
                  0000ac44    00000004     uartecho_pem4f.oem4f (.const:ti_sysbios_heaps_HeapMem_E_memory__C)
                  0000ac48    00000004     uartecho_pem4f.oem4f (.const:ti_sysbios_heaps_HeapMem_Module__gateObj__C)
                  0000ac4c    00000004     uartecho_pem4f.oem4f (.const:ti_sysbios_heaps_HeapMem_Object__count__C)
                  0000ac50    00000004     uartecho_pem4f.oem4f (.const:ti_sysbios_heaps_HeapMem_reqAlign__C)
                  0000ac54    00000004     uartecho_pem4f.oem4f (.const:ti_sysbios_knl_Clock_Module_State_clockQ__O)
                  0000ac58    00000004     uartecho_pem4f.oem4f (.const:ti_sysbios_knl_Mailbox_Instance_State_freeQue__O)
                  0000ac5c    00000004     uartecho_pem4f.oem4f (.const:ti_sysbios_knl_Mailbox_Object__count__C)
                  0000ac60    00000004     uartecho_pem4f.oem4f (.const:ti_sysbios_knl_Mailbox_maxTypeAlign__C)
                  0000ac64    00000004     uartecho_pem4f.oem4f (.const:ti_sysbios_knl_Semaphore_Instance_State_pendQ__O)
                  0000ac68    00000004     uartecho_pem4f.oem4f (.const:ti_sysbios_knl_Swi_Object__count__C)
                  0000ac6c    00000004     uartecho_pem4f.oem4f (.const:ti_sysbios_knl_Task_E_spOutOfBounds__C)
                  0000ac70    00000004     uartecho_pem4f.oem4f (.const:ti_sysbios_knl_Task_E_stackOverflow__C)
                  0000ac74    00000004     uartecho_pem4f.oem4f (.const:ti_sysbios_knl_Task_Module_State_inactiveQ__O)
                  0000ac78    00000004     uartecho_pem4f.oem4f (.const:ti_sysbios_knl_Task_Object__count__C)
                  0000ac7c    00000004     uartecho_pem4f.oem4f (.const:ti_sysbios_knl_Task_allBlockedFunc__C)
                  0000ac80    00000004     uartecho_pem4f.oem4f (.const:ti_sysbios_knl_Task_numConstructedTasks__C)
                  0000ac84    00000004     uartecho_pem4f.oem4f (.const:ti_sysbios_utils_Load_postUpdate__C)
                  0000ac88    00000004     uartecho_pem4f.oem4f (.const:ti_sysbios_utils_Load_windowInMs__C)
                  0000ac8c    00000004     uartecho_pem4f.oem4f (.const:ti_uia_loggers_LoggerStopMode_Module__diagsEnabled__C)
                  0000ac90    00000004     uartecho_pem4f.oem4f (.const:ti_uia_loggers_LoggerStopMode_Module__diagsIncluded__C)
                  0000ac94    00000004     uartecho_pem4f.oem4f (.const:ti_uia_loggers_LoggerStopMode_Module__diagsMask__C)
                  0000ac98    00000004     uartecho_pem4f.oem4f (.const:ti_uia_loggers_LoggerStopMode_Object__count__C)
                  0000ac9c    00000004     uartecho_pem4f.oem4f (.const:ti_uia_runtime_ILoggerSnapshot_Interface__BASE__C)
                  0000aca0    00000004     uartecho_pem4f.oem4f (.const:ti_uia_runtime_IUIATransfer_Interface__BASE__C)
                  0000aca4    00000004     uartecho_pem4f.oem4f (.const:xdc_runtime_Assert_E_assertFailed__C)
                  0000aca8    00000004     uartecho_pem4f.oem4f (.const:xdc_runtime_Core_A_initializedParams__C)
                  0000acac    00000004     uartecho_pem4f.oem4f (.const:xdc_runtime_Core_Module__diagsEnabled__C)
                  0000acb0    00000004     uartecho_pem4f.oem4f (.const:xdc_runtime_Core_Module__diagsIncluded__C)
                  0000acb4    00000004     uartecho_pem4f.oem4f (.const:xdc_runtime_Core_Module__diagsMask__C)
                  0000acb8    00000004     uartecho_pem4f.oem4f (.const:xdc_runtime_Error_E_memory__C)
                  0000acbc    00000004     uartecho_pem4f.oem4f (.const:xdc_runtime_Error_Module__diagsEnabled__C)
                  0000acc0    00000004     uartecho_pem4f.oem4f (.const:xdc_runtime_Error_Module__diagsIncluded__C)
                  0000acc4    00000004     uartecho_pem4f.oem4f (.const:xdc_runtime_Error_Module__diagsMask__C)
                  0000acc8    00000004     uartecho_pem4f.oem4f (.const:xdc_runtime_Error_Module__loggerFxn8__C)
                  0000accc    00000004     uartecho_pem4f.oem4f (.const:xdc_runtime_Error_Module__loggerObj__C)
                  0000acd0    00000004     uartecho_pem4f.oem4f (.const:xdc_runtime_Error_policyFxn__C)
                  0000acd4    00000004     uartecho_pem4f.oem4f (.const:xdc_runtime_Error_raiseHook__C)
                  0000acd8    00000004     uartecho_pem4f.oem4f (.const:xdc_runtime_IFilterLogger_Interface__BASE__C)
                  0000acdc    00000004     uartecho_pem4f.oem4f (.const:xdc_runtime_IGateProvider_Interface__BASE__C)
                  0000ace0    00000004     uartecho_pem4f.oem4f (.const:xdc_runtime_IHeap_Interface__BASE__C)
                  0000ace4    00000004     uartecho_pem4f.oem4f (.const:xdc_runtime_ILogger_Interface__BASE__C)
                  0000ace8    00000004     uartecho_pem4f.oem4f (.const:xdc_runtime_IModule_Interface__BASE__C)
                  0000acec    00000004     uartecho_pem4f.oem4f (.const:xdc_runtime_Log_L_error__C)
                  0000acf0    00000004     uartecho_pem4f.oem4f (.const:xdc_runtime_Memory_defaultHeapInstance__C)
                  0000acf4    00000004     uartecho_pem4f.oem4f (.const:xdc_runtime_Startup_execImpl__C)
                  0000acf8    00000004     uartecho_pem4f.oem4f (.const:xdc_runtime_Startup_lastFxns__A)
                  0000acfc    00000004     uartecho_pem4f.oem4f (.const:xdc_runtime_Startup_maxPasses__C)
                  0000ad00    00000004     uartecho_pem4f.oem4f (.const:xdc_runtime_Startup_sfxnRts__C)
                  0000ad04    00000004     uartecho_pem4f.oem4f (.const:xdc_runtime_Startup_sfxnTab__C)
                  0000ad08    00000004     uartecho_pem4f.oem4f (.const:xdc_runtime_SysMin_bufSize__C)
                  0000ad0c    00000004     uartecho_pem4f.oem4f (.const:xdc_runtime_SysMin_outputFunc__C)
                  0000ad10    00000004     uartecho_pem4f.oem4f (.const:xdc_runtime_System_Module__gateObj__C)
                  0000ad14    00000004     uartecho_pem4f.oem4f (.const:xdc_runtime_System_abortFxn__C)
                  0000ad18    00000004     uartecho_pem4f.oem4f (.const:xdc_runtime_System_exitFxn__C)
                  0000ad1c    00000004     uartecho_pem4f.oem4f (.const:xdc_runtime_System_extendFxn__C)
                  0000ad20    00000004     uartecho_pem4f.oem4f (.const:xdc_runtime_System_maxAtexitHandlers__C)
                  0000ad24    00000004     uartecho_pem4f.oem4f (.const:xdc_runtime_Text_charTab__C)
                  0000ad28    00000004     uartecho_pem4f.oem4f (.const:xdc_runtime_Text_nameEmpty__C)
                  0000ad2c    00000004     uartecho_pem4f.oem4f (.const:xdc_runtime_Text_nameStatic__C)
                  0000ad30    00000004     uartecho_pem4f.oem4f (.const:xdc_runtime_Text_nameUnknown__C)
                  0000ad34    00000004     uartecho_pem4f.oem4f (.const:xdc_runtime_Text_nodeTab__C)
                  0000ad38    00000004     uartecho_pem4f.oem4f (.const:xdc_runtime_Text_visitRopeFxn__C)
                  0000ad3c    00000002     uartecho_pem4f.oem4f (.const:ti_sysbios_family_arm_m3_TimestampProvider_configTimer__C)
                  0000ad3e    00000002     uartecho_pem4f.oem4f (.const:ti_sysbios_hal_Hwi_Module__id__C)
                  0000ad40    00000002     uartecho_pem4f.oem4f (.const:ti_sysbios_heaps_HeapMem_Module__id__C)
                  0000ad42    00000002     uartecho_pem4f.oem4f (.const:ti_sysbios_knl_Task_Module__id__C)
                  0000ad44    00000002     uartecho_pem4f.oem4f (.const:ti_sysbios_utils_Load_updateInIdle__C)
                  0000ad46    00000002     uartecho_pem4f.oem4f (.const:ti_uia_loggers_LoggerStopMode_Module__id__C)
                  0000ad48    00000002     uartecho_pem4f.oem4f (.const:ti_uia_loggers_LoggerStopMode_isTimestampEnabled__C)
                  0000ad4a    00000002     uartecho_pem4f.oem4f (.const:xdc_runtime_Core_Module__id__C)
                  0000ad4c    00000002     uartecho_pem4f.oem4f (.const:xdc_runtime_Error_Module__loggerDefined__C)
                  0000ad4e    00000002     uartecho_pem4f.oem4f (.const:xdc_runtime_Error_maxDepth__C)
                  0000ad50    00000002     uartecho_pem4f.oem4f (.const:xdc_runtime_Memory_Module__id__C)
                  0000ad52    00000002     uartecho_pem4f.oem4f (.const:xdc_runtime_SysMin_flushAtExit__C)
                  0000ad54    00000002     uartecho_pem4f.oem4f (.const:xdc_runtime_Text_charCnt__C)
                  0000ad56    00000002     uartecho_pem4f.oem4f (.const:xdc_runtime_Text_isLoaded__C)
                  0000ad58    00000002     uartecho_pem4f.oem4f (.const:xdc_runtime_Text_registryModsLastId__C)
                  0000ad5a    00000002     uartecho_pem4f.oem4f (.const:xdc_runtime_Text_unnamedModsLastId__C)
                  0000ad5c    00000001     uartecho_pem4f.oem4f (.const:xdc_runtime_Error_policy__C)

.cinit     0    0000ad60    000005f8     
                  0000ad60    000005bd     (.cinit..data.load) [load image, compression = rle]
                  0000b31d    00000003     --HOLE-- [fill = 0]
                  0000b320    0000000c     (__TI_handler_table)
                  0000b32c    00000004     --HOLE-- [fill = 0]
                  0000b330    00000008     (.cinit..bss.load) [load image, compression = zero_init]
                  0000b338    00000008     (.cinit..vecs.load) [load image, compression = zero_init]
                  0000b340    00000018     (__TI_cinit_table)

.resetVecs 
*          0    00000000    0000003c     
                  00000000    0000003c     uartecho_pem4f.oem4f (.resetVecs)

.bss       0    20000180    000018b0     UNINITIALIZED
                  20000180    00000800     uartecho_pem4f.oem4f (.bss:taskStackSection)
                  20000980    00000400     uartecho_pem4f.oem4f (.bss:ti_sysbios_heaps_HeapMem_Instance_State_0_buf__A)
                  20000d80    00000400     uartecho_pem4f.oem4f (.bss:ti_uia_loggers_LoggerStopMode_Instance_State_2_packetArray__A)
                  20001180    00000200     uartecho_pem4f.oem4f (.bss:ti_uia_loggers_LoggerStopMode_Instance_State_1_packetArray__A)
                  20001380    00000140     uartecho_pem4f.oem4f (.bss:ti_sysbios_family_arm_m3_Hwi_dispatchTable)
                  200014c0    00000120     rtsv7M4_T_le_v4SPD16_eabi.lib : trgmsg.obj (.bss:__CIOBUF_)
                  200015e0    0000001c     (.common:g_sContext)
                  200015fc    00000002     (.common:Lcd_ScreenHeigth)
                  200015fe    00000002     (.common:Lcd_ScreenWidth)
                  20001600    00000100     uartecho_pem4f.oem4f (.bss:ti_uia_loggers_LoggerStopMode_Instance_State_0_packetArray__A)
                  20001700    00000100     MSP_EXP432P401R.obj (.bss:uartMSP432Objects)
                  20001800    00000080     uartecho_pem4f.oem4f (.bss:xdc_runtime_SysMin_Module_State_0_outbuf__A)
                  20001880    00000040     MSP_EXP432P401R.obj (.bss:uartMSP432RingBuffer)
                  200018c0    00000030     drivers_MSP432P401R.aem4f : GPIOMSP432.oem4f (.bss:gpioCallbackInfo)
                  200018f0    00000008     (.common:parmbuf)
                  200018f8    00000002     (.common:Lcd_TouchTrim)
                  200018fa    00000001     (.common:Lcd_FlagRead)
                  200018fb    00000001     (.common:Lcd_FontSolid)
                  200018fc    00000001     (.common:Lcd_Orientation)
                  200018fd    00000001     (.common:Lcd_PenSolid)
                  200018fe    00000002     --HOLE--
                  20001900    00000030     uartecho_pem4f.oem4f (.bss:ti_uia_loggers_LoggerStopMode_Instance_State_0_hdr__A)
                  20001930    00000018     (.common:ti_sysbios_knl_Mailbox_Instance_State_0_allocBuf__A)
                  20001948    00000038     --HOLE--
                  20001980    00000030     uartecho_pem4f.oem4f (.bss:ti_uia_loggers_LoggerStopMode_Instance_State_1_hdr__A)
                  200019b0    00000050     --HOLE--
                  20001a00    00000030     uartecho_pem4f.oem4f (.bss:ti_uia_loggers_LoggerStopMode_Instance_State_2_hdr__A)

.data      0    20001a30    0000087d     UNINITIALIZED
                  20001a30    0000019c     uartecho_pem4f.oem4f (.data)
                  20001bcc    000000e4     uartecho_pem4f.oem4f (.data:ti_sysbios_knl_Task_Object__table__V)
                  20001cb0    0000009c     drivers_MSP432P401R.aem4f : PowerMSP432.oem4f (.data:PowerMSP432_perfLevels)
                  20001d4c    0000009c     uartecho_pem4f.oem4f (.data:ti_uia_loggers_LoggerStopMode_Object__table__V)
                  20001de8    00000098     uartecho_pem4f.oem4f (.data:ti_sysbios_utils_Load_Module__state__V)
                  20001e80    00000080     uartecho_pem4f.oem4f (.data:ti_sysbios_knl_Swi_Module_State_0_readyQ__A)
                  20001f00    00000080     uartecho_pem4f.oem4f (.data:ti_sysbios_knl_Task_Module_State_0_readyQ__A)
                  20001f80    00000050     uartecho_pem4f.oem4f (.data:ti_sysbios_knl_Mailbox_Object__table__V)
                  20001fd0    0000004c     uartecho_pem4f.oem4f (.data:ti_sysbios_family_arm_msp432_Timer_Object__table__V)
                  2000201c    00000048     uartecho_pem4f.oem4f (.data:ti_sysbios_family_arm_m3_Hwi_Object__table__V)
                  20002064    00000044     uartecho_pem4f.oem4f (.data:ti_sysbios_knl_Task_Module__state__V)
                  200020a8    00000038     uartecho_pem4f.oem4f (.data:ti_sysbios_gates_GateMutex_Object__table__V)
[...]
00008179  ti_sysbios_family_arm_m3_Hwi_restoreFxn__E                   
00008179  ti_sysbios_hal_Hwi_HwiProxy_restore__E                       
00008181  ti_sysbios_gates_GateHwi_leave__E                            
00008189  ti_sysbios_heaps_HeapMem_isBlocking__E                       
00008191  ti_sysbios_knl_Clock_stop__E                                 
00008199  ti_sysbios_knl_Queue_Instance_init__E                        
000081a1  ti_sysbios_knl_Swi_startup__E                                
000081a7  xdc_runtime_System_Module_startup__E                         
000081b1  ti_sysbios_gates_GateHwi_query__E                            
000081b1  xdc_runtime_Main_Module_GateProxy_query__E                   
000081b1  xdc_runtime_System_Module_GateProxy_query__E                 
000081b9  ti_sysbios_BIOS_RtsGateProxy_query__E                        
000081b9  ti_sysbios_gates_GateMutex_query__E                          
000081b9  ti_sysbios_heaps_HeapMem_Module_GateProxy_query__E           
000081c1  ti_sysbios_knl_Clock_setTimeout__E                           
000081c9  ti_sysbios_knl_Task_startup__E                               
000081d1  ti_sysbios_family_arm_m3_TimestampProvider_rolloverFunc__E   
000081d9  ti_sysbios_gates_GateHwi_Instance_init__E                    
000081e1  ti_sysbios_knl_Clock_logTick__E                              
000081e4  xdc_runtime_Text_charTab__A                                  
0000a3f8  xdc_runtime_Text_nodeTab__A                                  
0000a4f8  g_sFontFixed6x8                                              
0000a640  uartMSP432Baudrates                                          
0000a6b0  ti_uia_loggers_LoggerStopMode_Module__FXNS__C                
0000a758  uartMSP432HWAttrs                                            
0000a7a0  ti_sysbios_family_arm_m3_Hwi_Object__PARAMS__C               
0000a7d0  xdc_runtime_Startup_sfxnTab__A                               
0000a800  g_sCrystalfontz128x128                                       
0000a82c  UARTMSP432_fxnTable                                          
0000a854  ti_sysbios_heaps_HeapMem_Module__FXNS__C                     
0000a87c  ti_uia_loggers_LoggerStopMode_Object__PARAMS__C              
0000a8a4  UART_config                                                  
0000a8c8  UART_defaultParams                                           
0000a910  ti_sysbios_gates_GateHwi_Module__FXNS__C                     
0000a934  ti_sysbios_gates_GateMutex_Module__FXNS__C                   
0000a958  ti_sysbios_heaps_HeapMem_Object__PARAMS__C                   
0000a97c  ti_sysbios_knl_Clock_Object__PARAMS__C                       
0000a9a0  ti_sysbios_knl_Semaphore_Object__PARAMS__C                   
0000a9c4  ti_sysbios_family_arm_m3_Hwi_Object__DESC__C                 
0000a9e4  ti_sysbios_gates_GateHwi_Object__DESC__C                     
0000aa04  ti_sysbios_gates_GateMutex_Object__DESC__C                   
0000aa24  ti_sysbios_heaps_HeapMem_Object__DESC__C                     
0000aa44  ti_sysbios_knl_Clock_Object__DESC__C                         
0000aa64  ti_sysbios_knl_Queue_Object__DESC__C                         
0000aa84  ti_sysbios_knl_Semaphore_Object__DESC__C                     
0000aaa4  ti_uia_loggers_LoggerStopMode_Object__DESC__C                
0000aae0  ti_sysbios_gates_GateHwi_Object__PARAMS__C                   
0000aaf8  ti_sysbios_gates_GateMutex_Object__PARAMS__C                 
0000ab10  ti_sysbios_knl_Queue_Object__PARAMS__C                       
0000ab28  m3Hwi0                                                       
0000ab2c  ADC_Mbx                                                      
0000ab30  task0                                                        
0000ab34  task1                                                        
0000ab38  start_data_semaphore                                         
0000ab3c  adc_calc_semaphore                                           
0000ab40  xdc_runtime_Startup_sfxnRts__A                               
0000ab58  GPIOMSP432_config                                            
0000ab6c  PowerMSP432_config                                           
0000ab7c  ti_sysbios_knl_Idle_funcList__A                              
0000aba6  ti_sysbios_family_arm_m3_Hwi_Module__id__C                   
0000aba8  xdc_runtime_Startup_firstFxns__A                             
0000abbc  ti_sysbios_family_arm_m3_Hwi_excHookFuncs__A                 
0000abc4  ti_sysbios_knl_Idle_funcList__C                              
0000abcc  xdc_runtime_Startup_firstFxns__C                             
0000abd4  xdc_runtime_Startup_lastFxns__C                              
0000abe6  ti_sysbios_family_arm_m3_Timer_Module__id__C                 
0000abe8  ti_sysbios_family_arm_m3_Hwi_E_NMI__C                        
0000abec  ti_sysbios_family_arm_m3_Hwi_E_alreadyDefined__C             
0000abf0  ti_sysbios_family_arm_m3_Hwi_E_busFault__C                   
0000abf4  ti_sysbios_family_arm_m3_Hwi_E_debugMon__C                   
0000abf8  ti_sysbios_family_arm_m3_Hwi_E_hardFault__C                  
0000abfc  ti_sysbios_family_arm_m3_Hwi_E_memFault__C                   
0000ac00  ti_sysbios_family_arm_m3_Hwi_E_noIsr__C                      
0000ac04  ti_sysbios_family_arm_m3_Hwi_E_reserved__C                   
0000ac08  ti_sysbios_family_arm_m3_Hwi_E_svCall__C                     
0000ac0c  ti_sysbios_family_arm_m3_Hwi_E_usageFault__C                 
0000ac10  ti_sysbios_family_arm_m3_Hwi_NUM_INTERRUPTS__C               
0000ac14  ti_sysbios_family_arm_m3_Hwi_Object__count__C                
0000ac18  ti_sysbios_family_arm_m3_Hwi_ccr__C                          
0000ac1c  ti_sysbios_family_arm_m3_Hwi_excHandlerFunc__C               
0000ac20  ti_sysbios_family_arm_m3_Hwi_excHookFuncs__C                 
0000ac24  ti_sysbios_family_arm_m3_Hwi_nullIsrFunc__C                  
0000ac28  ti_sysbios_family_arm_m3_Hwi_priGroup__C                     
0000ac2c  ti_sysbios_family_arm_m3_Timer_E_cannotSupport__C            
0000ac30  ti_sysbios_family_arm_m3_Timer_startupNeeded__C              
0000ac34  ti_sysbios_family_arm_msp432_Timer_numTimerDevices__C        
0000ac38  ti_sysbios_family_arm_msp432_Timer_startupNeeded__C          
0000ac3c  ti_sysbios_gates_GateMutex_Instance_State_sem__O             
0000ac40  ti_sysbios_hal_Hwi_E_stackOverflow__C                        
0000ac44  ti_sysbios_heaps_HeapMem_E_memory__C                         
0000ac48  ti_sysbios_heaps_HeapMem_Module__gateObj__C                  
0000ac4c  ti_sysbios_heaps_HeapMem_Object__count__C                    
0000ac50  ti_sysbios_heaps_HeapMem_reqAlign__C                         
0000ac54  ti_sysbios_knl_Clock_Module_State_clockQ__O                  
0000ac58  ti_sysbios_knl_Mailbox_Instance_State_freeQue__O             
0000ac5c  ti_sysbios_knl_Mailbox_Object__count__C                      
0000ac60  ti_sysbios_knl_Mailbox_maxTypeAlign__C                       
0000ac64  ti_sysbios_knl_Semaphore_Instance_State_pendQ__O             
0000ac68  ti_sysbios_knl_Swi_Object__count__C                          
0000ac6c  ti_sysbios_knl_Task_E_spOutOfBounds__C                       
0000ac70  ti_sysbios_knl_Task_E_stackOverflow__C                       
0000ac74  ti_sysbios_knl_Task_Module_State_inactiveQ__O                
0000ac78  ti_sysbios_knl_Task_Object__count__C                         
0000ac7c  ti_sysbios_knl_Task_allBlockedFunc__C                        
0000ac80  ti_sysbios_knl_Task_numConstructedTasks__C                   
0000ac84  ti_sysbios_utils_Load_postUpdate__C                          
0000ac88  ti_sysbios_utils_Load_windowInMs__C                          
0000ac8c  ti_uia_loggers_LoggerStopMode_Module__diagsEnabled__C        
0000ac90  ti_uia_loggers_LoggerStopMode_Module__diagsIncluded__C       
0000ac94  ti_uia_loggers_LoggerStopMode_Module__diagsMask__C           
0000ac98  ti_uia_loggers_LoggerStopMode_Object__count__C               
0000ac9c  ti_uia_runtime_ILoggerSnapshot_Interface__BASE__C            
0000aca0  ti_uia_runtime_IUIATransfer_Interface__BASE__C               
0000aca4  xdc_runtime_Assert_E_assertFailed__C                         
0000aca8  xdc_runtime_Core_A_initializedParams__C                      
0000acac  xdc_runtime_Core_Module__diagsEnabled__C                     
0000acb0  xdc_runtime_Core_Module__diagsIncluded__C                    
0000acb4  xdc_runtime_Core_Module__diagsMask__C                        
0000acb8  xdc_runtime_Error_E_memory__C                                
0000acbc  xdc_runtime_Error_Module__diagsEnabled__C                    
0000acc0  xdc_runtime_Error_Module__diagsIncluded__C                   
0000acc4  xdc_runtime_Error_Module__diagsMask__C                       
0000acc8  xdc_runtime_Error_Module__loggerFxn8__C                      
0000accc  xdc_runtime_Error_Module__loggerObj__C                       
0000acd0  xdc_runtime_Error_policyFxn__C                               
0000acd4  xdc_runtime_Error_raiseHook__C                               
0000acd8  xdc_runtime_IFilterLogger_Interface__BASE__C                 
0000acdc  xdc_runtime_IGateProvider_Interface__BASE__C                 
0000ace0  xdc_runtime_IHeap_Interface__BASE__C                         
0000ace4  xdc_runtime_ILogger_Interface__BASE__C                       
0000ace8  xdc_runtime_IModule_Interface__BASE__C                       
0000acec  xdc_runtime_Log_L_error__C                                   
0000acf0  xdc_runtime_Memory_defaultHeapInstance__C                    
0000acf4  xdc_runtime_Startup_execImpl__C                              
0000acf8  xdc_runtime_Startup_lastFxns__A                              
0000acfc  xdc_runtime_Startup_maxPasses__C                             
0000ad00  xdc_runtime_Startup_sfxnRts__C                               
0000ad04  xdc_runtime_Startup_sfxnTab__C                               
0000ad08  xdc_runtime_SysMin_bufSize__C                                
0000ad0c  xdc_runtime_SysMin_outputFunc__C                             
0000ad10  xdc_runtime_System_Module__gateObj__C                        
0000ad14  xdc_runtime_System_abortFxn__C                               
0000ad18  xdc_runtime_System_exitFxn__C                                
0000ad1c  xdc_runtime_System_extendFxn__C                              
0000ad20  xdc_runtime_System_maxAtexitHandlers__C                      
0000ad24  xdc_runtime_Text_charTab__C                                  
0000ad28  xdc_runtime_Text_nameEmpty__C                                
0000ad2c  xdc_runtime_Text_nameStatic__C                               
0000ad30  xdc_runtime_Text_nameUnknown__C                              
0000ad34  xdc_runtime_Text_nodeTab__C                                  
0000ad38  xdc_runtime_Text_visitRopeFxn__C                             
0000ad3c  ti_sysbios_family_arm_m3_TimestampProvider_configTimer__C    
0000ad3e  ti_sysbios_hal_Hwi_Module__id__C                             
0000ad40  ti_sysbios_heaps_HeapMem_Module__id__C                       
0000ad42  ti_sysbios_knl_Task_Module__id__C                            
0000ad44  ti_sysbios_utils_Load_updateInIdle__C                        
0000ad46  ti_uia_loggers_LoggerStopMode_Module__id__C                  
0000ad48  ti_uia_loggers_LoggerStopMode_isTimestampEnabled__C          
0000ad4a  xdc_runtime_Core_Module__id__C                               
0000ad4c  xdc_runtime_Error_Module__loggerDefined__C                   
0000ad4e  xdc_runtime_Error_maxDepth__C                                
0000ad50  xdc_runtime_Memory_Module__id__C                             
0000ad52  xdc_runtime_SysMin_flushAtExit__C                            
0000ad54  xdc_runtime_Text_charCnt__C                                  
0000ad56  xdc_runtime_Text_isLoaded__C                                 
0000ad58  xdc_runtime_Text_registryModsLastId__C                       
0000ad5a  xdc_runtime_Text_unnamedModsLastId__C                        
0000ad5c  xdc_runtime_Error_policy__C                                  
0000ad60  __TI_static_base__                                           
0000b320  __TI_Handler_Table_Base                                      
0000b32c  __TI_Handler_Table_Limit                                     
0000b340  __TI_CINIT_Base                                              
0000b358  __TI_CINIT_Limit                                             
20000000  ti_sysbios_family_arm_m3_Hwi_ramVectors                      
20000180  ti_sysbios_knl_Task_Instance_State_0_stack__A                
20000580  ti_sysbios_knl_Task_Instance_State_1_stack__A                
20000780  ti_sysbios_knl_Task_Instance_State_2_stack__A                
20000980  ti_sysbios_heaps_HeapMem_Instance_State_0_buf__A             
20000d80  ti_uia_loggers_LoggerStopMode_Instance_State_2_packetArray__A
20001180  ti_uia_loggers_LoggerStopMode_Instance_State_1_packetArray__A
20001380  ti_sysbios_family_arm_m3_Hwi_dispatchTable                   
200014c0  __CIOBUF_                                                    
200015e0  g_sContext                                                   
200015fc  Lcd_ScreenHeigth                                             
200015fe  Lcd_ScreenWidth                                              
20001600  ti_uia_loggers_LoggerStopMode_Instance_State_0_packetArray__A
20001700  uartMSP432Objects                                            
20001800  xdc_runtime_SysMin_Module_State_0_outbuf__A                  
20001880  uartMSP432RingBuffer                                         
200018f8  Lcd_TouchTrim                                                
200018fa  Lcd_FlagRead                                                 
200018fb  Lcd_FontSolid                                                
200018fc  Lcd_Orientation                                              
200018fd  Lcd_PenSolid                                                 
20001900  ti_uia_loggers_LoggerStopMode_Instance_State_0_hdr__A        
20001930  ti_sysbios_knl_Mailbox_Instance_State_0_allocBuf__A          
20001980  ti_uia_loggers_LoggerStopMode_Instance_State_1_hdr__A        
20001a00  ti_uia_loggers_LoggerStopMode_Instance_State_2_hdr__A        
20001a30  xdc_runtime_Diags_dictElems                                  
20001a50  ti_sysbios_family_arm_m3_Hwi_Module__root__V                 
20001a58  ti_sysbios_family_arm_m3_Hwi_Module_State_0_excActive__A     
20001a5c  ti_sysbios_family_arm_m3_Hwi_Module_State_0_excContext__A    
20001a60  ti_sysbios_family_arm_m3_Hwi_Module_State_0_excStack__A      
20001a64  ti_sysbios_family_arm_m3_Timer_Module__root__V               
20001a6c  ti_sysbios_family_arm_m3_Timer_Module__state__V              
20001a78  ti_sysbios_family_arm_m3_TimestampProvider_Module__state__V  
20001a7c  ti_sysbios_family_arm_msp432_ClockFreqs_Module__state__V     
20001a88  ti_sysbios_family_arm_msp432_Timer_Module__root__V           
20001a90  ti_sysbios_family_arm_msp432_Timer_Module_State_0_device__A  
20001ab0  ti_sysbios_family_arm_msp432_Timer_Module_State_0_handles__A 
20001ac0  ti_sysbios_family_arm_msp432_Timer_Module__state__V          
20001acc  ti_sysbios_gates_GateHwi_Module__root__V                     
20001ad4  ti_sysbios_gates_GateHwi_Object__table__V                    
20001ad8  ti_sysbios_gates_GateMutex_Module__root__V                   
20001ae0  ti_sysbios_hal_Hwi_Module__root__V                           
20001ae8  ti_sysbios_heaps_HeapMem_Module__root__V                     
20001af0  ti_sysbios_heaps_HeapMem_Object__table__V                    
20001b08  ti_sysbios_knl_Clock_Module__root__V                         
20001b10  ti_sysbios_knl_Event_Module__root__V                         
20001b1c  ti_sysbios_knl_Mailbox_Module__root__V                       
20001b24  ti_sysbios_knl_Queue_Module__root__V                         
20001b2c  ti_sysbios_knl_Semaphore_Module__root__V                     
20001b34  ti_sysbios_knl_Swi_Module__root__V                           
20001b3c  ti_sysbios_knl_Swi_Module__state__V                          
20001b58  ti_sysbios_knl_Task_Module__root__V                          
20001b64  ti_sysbios_knl_Task_Module_State_0_idleTask__A               
20001b68  ti_sysbios_utils_Load_Module_State_0_taskStartTime__A        
20001b6c  ti_sysbios_utils_Load_Module_State_0_runningTask__A          
20001b70  ti_uia_loggers_LoggerStopMode_Module__root__V                
20001b78  ti_uia_loggers_LoggerStopMode_Module__state__V               
20001b80  ti_uia_runtime_QueueDescriptor_Module__state__V              
20001b8c  xdc_runtime_Error_Module__state__V                           
20001b8e  xdc_runtime_Main_Module__root__V                             
20001b90  xdc_runtime_Memory_Module__state__V                          
20001b94  xdc_runtime_Registry_Module__state__V                        
20001b9c  xdc_runtime_Startup_Module__state__V                         
20001ba4  xdc_runtime_SysMin_Module__state__V                          
20001bb0  xdc_runtime_System_Module_State_0_atexitHandlers__A          
20001bb8  xdc_runtime_System_Module__state__V                          
20001bc0  xdc_runtime_Text_Module__state__V                            
20001bc8  __xdc__init__addr                                            
20001bcc  ti_sysbios_knl_Task_Object__table__V                         
20001cb0  PowerMSP432_perfLevels                                       
20001d4c  ti_uia_loggers_LoggerStopMode_Object__table__V               
20001de8  ti_sysbios_utils_Load_Module__state__V                       
20001e80  ti_sysbios_knl_Swi_Module_State_0_readyQ__A                  
20001f00  ti_sysbios_knl_Task_Module_State_0_readyQ__A                 
20001f80  ti_sysbios_knl_Mailbox_Object__table__V                      
20001fd0  ti_sysbios_family_arm_msp432_Timer_Object__table__V          
2000201c  ti_sysbios_family_arm_m3_Hwi_Object__table__V                
20002064  ti_sysbios_knl_Task_Module__state__V                         
200020a8  ti_sysbios_gates_GateMutex_Object__table__V                  
200020e0  ti_sysbios_family_arm_m3_Hwi_Module__state__V                
20002174  ti_sysbios_family_arm_m3_Timer_Object__table__V              
200021a4  ti_sysbios_knl_Swi_Object__table__V                          
200021d4  ti_sysbios_knl_Clock_Module__state__V                        
20002200  ti_sysbios_knl_Semaphore_Object__table__V                    
20002228  PowerMSP432_module                                           
2000224c  ti_sysbios_BIOS_Module__state__V                             
20002274  gpioPinConfigs                                               
20002284  gpioCallbackFunctions                                        
2000228c  _lock                                                        
20002290  _unlock                                                      
20002294  __TI_cleanup_ptr                                             
20002298  __TI_dtors_ptr                                               
2000229c  ti_uia_runtime_QueueDescriptor_gPtrToFirstDescriptor         
200022a0  ti_uia_runtime_QueueDescriptor_gUpdateCount                  
200022a8  main_func_sp                                                 
2000fd00  __stack                                                      
20010000  __STACK_END                                                  
4000480c  WDTCTL_SYM                                                   
e000e000  ti_sysbios_family_arm_m3_Hwi_nvic                            
ffffffff  __binit__                                                    
ffffffff  __c_args__                                                   
ffffffff  binit                                                        
UNDEFED   SHT$$INIT_ARRAY$$Base                                        
UNDEFED   SHT$$INIT_ARRAY$$Limit                                       

[781 symbols]
