******************************************************************************
                  TI ARM Linker Unix v5.2.6                    
******************************************************************************
>> Linked Fri Apr  8 00:59:50 2016

OUTPUT FILE NAME:   <uartecho_MSP_EXP432P401R_TI_MSP432P401R.out>
ENTRY POINT SYMBOL: "_c_int00"  address: 00005b6d


MEMORY CONFIGURATION

         name            origin    length      used     unused   attr    fill
----------------------  --------  ---------  --------  --------  ----  --------
  MAIN                  00000000   00040000  0000bbfe  00034402  R  X
  INFO                  00200000   00004000  00000000  00004000  R  X
  SRAM_CODE             01000000   00010000  00000000  00010000  RW X
  SRAM_DATA             20000000   00010000  00003c9d  0000c363  RW  


SEGMENT ALLOCATION MAP

run origin  load origin   length   init length attrs members
----------  ----------- ---------- ----------- ----- -------
00000000    00000000    0000bc08   0000bc08    r-x
  00000000    00000000    0000003c   0000003c    r-- .resetVecs
  00000040    00000040    00008982   00008982    r-x .text
  000089c4    000089c4    00002bd0   00002bd0    r-- .const
  0000b598    0000b598    00000670   00000670    r-- .cinit
20000000    20000000    00000140   00000000    rw-
  20000000    20000000    00000140   00000000    rw- .vecs
20000180    20000180    0000385d   00000000    rw-
  20000180    20000180    00002f30   00000000    rw- .bss
  200030b0    200030b0    0000092d   00000000    rw- .data
2000fd00    2000fd00    00000300   00000000    rw-
  2000fd00    2000fd00    00000300   00000000    rw- .stack


SECTION ALLOCATION MAP

 output                                  attributes/
section   page    origin      length       input sections
--------  ----  ----------  ----------   ----------------
.text      0    00000040    00008982     
                  00000040    0000047e     string.obj (.text:Graphics_drawString)
                  000004be    00000002     power_tirtos_MSP432P401R.aem4f : PowerMSP432_tirtos.oem4f (.text:PowerMSP432_initPolicy)
                  000004c0    00000430     sysbios.aem4f : BIOS.obj (.text:ti_sysbios_family_arm_m3_Hwi_excDumpRegs__I)
                  000008f0    0000034c     ti.targets.arm.rtsarm.aem4f : System.oem4f (.text:xdc_runtime_System_doPrint__I)
                  00000c3c    000002d4     rtsv7M4_T_le_v4SPD16_eabi.lib : trgdrv.obj (.text)
                  00000f10    00000260     drivers_MSP432P401R.aem4f : UARTMSP432.oem4f (.text:UARTMSP432_open)
                  00001170    00000254     main.obj (.text:adcCalc)
                  000013c4    00000238     main.obj (.text:uartFxn)
                  000015fc    000001ce     Crystalfontz128x128_ST7735.obj (.text:Crystalfontz128x128_PixelDrawMultiple)
                  000017ca    000001a0     msp432p4xx_driverlib.lib : pcm.o (.text:__PCM_setPowerStateAdvanced)
                  0000196a    00000006                              : uart.o (.text:UART_getInterruptStatus)
                  00001970    00000174     sysbios.aem4f : BIOS.obj (.text:ti_sysbios_family_arm_m3_Hwi_excBusFault__I)
                  00001ae4    00000004     msp432p4xx_driverlib.lib : cpu.o (.text:CPU_wfi)
                  00001ae8    00000164     sysbios.aem4f : BIOS.obj (.text:ti_sysbios_family_arm_m3_Hwi_excUsageFault__I)
                  00001c4c    00000154     msp432p4xx_driverlib.lib : adc14.o (.text:_getIndexForMemRegister)
                  00001da0    00000148     sysbios.aem4f : BIOS.obj (.text:ti_sysbios_family_arm_m3_Hwi_excMemFault__I)
                  00001ee8    00000140     drivers_MSP432P401R.aem4f : GPIOMSP432.oem4f (.text:GPIO_setConfig)
                  00002028    00000138     uartecho_pem4f.oem4f (.text:ti_uia_loggers_LoggerStopMode_writeMemoryRange__E)
                  00002160    00000134     Crystalfontz128x128_ST7735.obj (.text:Crystalfontz128x128_SetDrawFrame)
                  00002294    0000012c     Crystalfontz128x128_ST7735.obj (.text:Crystalfontz128x128_Init)
                  000023c0    00000128     sysbios.aem4f : BIOS.obj (.text:ti_sysbios_knl_Semaphore_pend__E)
                  000024e8    00000120     lcd_display.obj (.text:init_lcd)
                  00002608    00000118     ti.targets.arm.rtsarm.aem4f : Error.oem4f (.text:xdc_runtime_Error_policyDefault__E)
                  00002720    0000010c     sysbios.aem4f : BIOS.obj (.text:ti_sysbios_family_arm_m3_Hwi_excFillContext__I)
                  0000282c    0000010c     uartecho_pem4f.oem4f (.text:ti_uia_loggers_LoggerStopMode_write8__E)
                  00002938    00000108     sysbios.aem4f : BIOS.obj (.text:ti_sysbios_family_arm_m3_Hwi_excHandlerMax__I)
                  00002a40    00000100     ti.targets.arm.rtsarm.aem4f : Core-mem.oem4f (.text:xdc_runtime_Core_createObject__I)
                  00002b40    000000fa     string.obj (.text:Graphics_getStringWidth)
                  00002c3a    00000002     rtsv7M4_T_le_v4SPD16_eabi.lib : i_div0.obj (.text)
                  00002c3c    000000f8     lcd_display.obj (.text:combine_ints_to_string)
                  00002d34    000000f8     ti.targets.arm.rtsarm.aem4f : Startup.oem4f (.text:xdc_runtime_Startup_startMods__I)
                  00002e2c    000000f8     uartecho_pem4f.oem4f (.text:xdc_runtime_System_printfExtend__I)
                  00002f24    000000f4     drivers_MSP432P401R.aem4f : PowerMSP432.oem4f (.text:Power_sleep)
                  00003018    000000f4     sysbios.aem4f : m3_Hwi_asm.obj (.text:ti_sysbios_family_arm_m3_Hwi_dispatch__I)
                  0000310c    000000f4     uartecho_pem4f.oem4f (.text:ti_uia_loggers_LoggerStopMode_write4__E)
                  00003200    000000f0     drivers_MSP432P401R.aem4f : PowerMSP432.oem4f (.text:initPerfControl)
                  000032f0    000000e8     uartecho_pem4f.oem4f (.text:ti_uia_loggers_LoggerStopMode_write2__E)
                  000033d8    000000e4     uartecho_pem4f.oem4f (.text:ti_uia_loggers_LoggerStopMode_write1__E)
                  000034bc    000000e0     msp432p4xx_driverlib.lib : cs.o (.text:CS_initClockSignal)
                  0000359c    000000dc                              : pcm.o (.text:__PCM_setPowerModeAdvanced)
                  00003678    000000d8     uartecho_pem4f.oem4f (.text:ti_uia_loggers_LoggerStopMode_write0__E)
                  00003750    000000cc     sysbios.aem4f : BIOS.obj (.text:ti_sysbios_heaps_HeapMem_alloc__E)
                  0000381c    000000cc     ti.targets.arm.rtsarm.aem4f : Core-smem.oem4f (.text:xdc_runtime_Core_constructObject__I)
                  000038e8    000000c4     ped_adc.obj (.text:init_adc)
                  000039ac    00000004     msp432p4xx_driverlib.lib : spi.o (.text:EUSCI_A_SPI_transmitData)
                  000039b0    000000bc     sysbios.aem4f : BIOS.obj (.text:ti_sysbios_family_arm_m3_Hwi_excDebugMon__I)
                  00003a6c    00000004     msp432p4xx_driverlib.lib : spi.o (.text:EUSCI_B_SPI_transmitData)
                  00003a70    000000bc     sysbios.aem4f : BIOS.obj (.text:ti_sysbios_family_arm_m3_Hwi_excHardFault__I)
                  00003b2c    00000004     tirtosport.aem4f : HwiP_tirtos.oem4f (.text:HwiP_disable)
                  00003b30    000000b4     sysbios.aem4f : BIOS.obj (.text:ti_sysbios_knl_Task_checkStacks__E)
                  00003be4    000000b0     drivers_MSP432P401R.aem4f : UARTMSP432.oem4f (.text:UARTMSP432_readPolling)
                  00003c94    000000b0     msp432p4xx_driverlib.lib : pcm.o (.text:__PCM_setCoreVoltageLevelAdvanced)
                  00003d44    00000004     drivers_MSP432P401R.aem4f : List.oem4f (.text:List_head)
                  00003d48    000000a8     sysbios.aem4f : BIOS.obj (.text:ti_sysbios_family_arm_msp432_Timer_periodicStub__E)
                  00003df0    000000a4     drivers_MSP432P401R.aem4f : UARTMSP432.oem4f (.text:UARTMSP432_control)
                  00003e94    000000a0     auto_init.aem4f : auto_init.oem4f (.text)
                  00003f34    000000a0     ti.targets.arm.rtsarm.aem4f : Text.oem4f (.text:xdc_runtime_Text_putMod__E)
                  00003fd4    0000009c     Crystalfontz128x128_ST7735.obj (.text:Crystalfontz128x128_RectFill)
                  00004070    0000009c     line.obj (.text:Graphics_drawLineH)
                  0000410c    0000009c     drivers_MSP432P401R.aem4f : UARTMSP432.oem4f (.text:readTaskBlocking)
                  000041a8    0000009c     rtsv7M4_T_le_v4SPD16_eabi.lib : memcpy_t2.obj (.text)
                  00004244    0000009a     ti.targets.arm.rtsarm.aem4f : Text.oem4f (.text:xdc_runtime_Text_putSite__E)
                  000042de    00000002     uartecho_pem4f.oem4f (.text:ti_sysbios_BIOS_nullFunc__I)
                  000042e0    00000094     msp432p4xx_driverlib.lib : uart.o (.text:UART_initModule)
                  00004374    00000004     drivers_MSP432P401R.aem4f : List.oem4f (.text:List_next)
                  00004378    00000094     sysbios.aem4f : BIOS.obj (.text:ti_sysbios_family_arm_m3_Hwi_Instance_init__E)
                  0000440c    00000004     drivers_MSP432P401R.aem4f : PowerMSP432.oem4f (.text:PowerMSP432_getNumPerfLevels)
                  00004410    00000094     sysbios.aem4f : BIOS.obj (.text:ti_sysbios_family_arm_m3_Hwi_initNVIC__E)
                  000044a4    00000090     ti.uia.loggers.aem4f : LoggerStopMode.oem4f (.text:ti_uia_loggers_LoggerStopMode_initQueueDescriptor__E)
                  00004534    0000008c     sysbios.aem4f : m3_TaskSupport_asm.obj (.text:ti_sysbios_family_arm_m3_TaskSupport_buildTaskStack)
                  000045c0    0000008c                   : BIOS.obj (.text:ti_sysbios_knl_Task_postInit__I)
                  0000464c    0000008a     drivers_MSP432P401R.aem4f : UARTMSP432.oem4f (.text:UARTMSP432_close)
                  000046d6    00000002     uartecho_pem4f.oem4f (.text:ti_uia_loggers_LoggerStopMode_setFilterLevel__E)
                  000046d8    00000088     main.obj (.text:ADC14_IRQHandler)
                  00004760    00000088     main.obj (.text:LcDTask)
                  000047e8    00000088     msp432p4xx_driverlib.lib : spi.o (.text:SPI_initMaster)
                  00004870    00000088     sysbios.aem4f : BIOS.obj (.text:ti_sysbios_knl_Mailbox_post__E)
                  000048f8    00000088     lcd_display.obj (.text:write_lcd)
                  00004980    00000084     drivers_MSP432P401R.aem4f : UARTMSP432.oem4f (.text:initHw)
                  00004a04    00000004     uartecho_pem4f.oem4f (.text:ti_sysbios_BIOS_RtsGateProxy_enter__E)
                  00004a08    00000084     sysbios.aem4f : BIOS.obj (.text:ti_sysbios_family_arm_m3_Hwi_postInit__I)
                  00004a8c    00000084     drivers_MSP432P401R.aem4f : UARTMSP432.oem4f (.text:writeData)
                  00004b10    00000082                               : UARTMSP432.oem4f (.text:readIsrTextCallback)
                  00004b92    00000006     msp432p4xx_driverlib.lib : uart.o (.text:UART_queryStatusFlags)
                  00004b98    00000080     sysbios.aem4f : BIOS.obj (.text:ti_sysbios_utils_Load_updateLoads__E)
                  00004c18    0000007c     msp432p4xx_driverlib.lib : pcm.o (.text:PCM_gotoLPM3)
                  00004c94    00000004     uartecho_pem4f.oem4f (.text:ti_sysbios_BIOS_RtsGateProxy_leave__E)
                  00004c98    0000007c     sysbios.aem4f : BIOS.obj (.text:ti_sysbios_family_arm_m3_TimestampProvider_get64__E)
                  00004d14    00000004     uartecho_pem4f.oem4f (.text:ti_sysbios_family_arm_m3_Hwi_destruct)
                  00004d18    0000007c     sysbios.aem4f : BIOS.obj (.text:ti_sysbios_heaps_HeapMem_free__E)
                  00004d94    0000007a     drivers_MSP432P401R.aem4f : UARTMSP432.oem4f (.text:UARTMSP432_write)
                  00004e0e    0000007a                               : UARTMSP432.oem4f (.text:readTaskCallback)
                  00004e88    0000007a     rtsv7M4_T_le_v4SPD16_eabi.lib : memset_t2.obj (.text)
                  00004f02    00000074     drivers_MSP432P401R.aem4f : UARTMSP432.oem4f (.text:readIsrTextBlocking)
                  00004f76    00000002     ti.uia.loggers.aem4f : LoggerStopMode.oem4f (.text:ti_uia_loggers_LoggerStopMode_setPriority__E)
                  00004f78    00000074     sysbios.aem4f : BIOS.obj (.text:ti_sysbios_knl_Mailbox_pend__E)
                  00004fec    00000074     ti.uia.runtime.aem4f : QueueDescriptor.oem4f (.text:ti_uia_runtime_QueueDescriptor_addToList__E)
                  00005060    00000070     sysbios.aem4f : BIOS.obj (.text:ti_sysbios_knl_Semaphore_post__E)
                  000050d0    0000006d     ti.targets.arm.rtsarm.aem4f : System.oem4f (.text:xdc_runtime_System_formatNum__I)
                  0000513d    00000003     --HOLE-- [fill = 0]
                  00005140    0000006c     sysbios.aem4f : BIOS.obj (.text:ti_sysbios_knl_Clock_workFunc__E)
                  000051ac    00000004     uartecho_pem4f.oem4f (.text:ti_sysbios_family_arm_m3_TaskSupport_Module__startupDone__S)
                  000051b0    0000006c     sysbios.aem4f : BIOS.obj (.text:ti_sysbios_knl_Swi_restoreHwi__E)
                  0000521c    00000004     uartecho_pem4f.oem4f (.text:ti_sysbios_heaps_HeapMem_Module_GateProxy_enter__E)
                  00005220    0000006c     sysbios.aem4f : BIOS.obj (.text:ti_sysbios_knl_Task_exit__E)
                  0000528c    0000006c     ti.targets.arm.rtsarm.aem4f : Error.oem4f (.text:xdc_runtime_Error_print__E)
                  000052f8    0000006c                                 : Memory.oem4f (.text:xdc_runtime_Memory_alloc__E)
                  00005364    0000006a     rtsv7M4_T_le_v4SPD16_eabi.lib : copy_decompress_rle.obj (.text)
                  000053ce    00000002     --HOLE-- [fill = 0]
                  000053d0    00000068                                   : trgmsg.obj (.text)
                  00005438    00000066     ti.uia.loggers.aem4f : LoggerStopMode.oem4f (.text:ti_uia_loggers_LoggerStopMode_flush__E)
                  0000549e    00000066     ti.targets.arm.rtsarm.aem4f : Core-mem.oem4f (.text:xdc_runtime_Core_deleteObject__I)
                  00005504    00000064     drivers_MSP432P401R.aem4f : UARTMSP432.oem4f (.text:UARTMSP432_writePolling)
                  00005568    00000064     lcd_display.obj (.text:itoa)
                  000055cc    00000004     uartecho_pem4f.oem4f (.text:ti_sysbios_heaps_HeapMem_Module_GateProxy_leave__E)
                  000055d0    00000064     sysbios.aem4f : BIOS.obj (.text:ti_sysbios_family_arm_m3_Hwi_dispatchC__I)
                  00005634    00000004     uartecho_pem4f.oem4f (.text:ti_sysbios_knl_Clock_TimerProxy_getMaxTicks__E)
                  00005638    00000064     sysbios.aem4f : BIOS.obj (.text:ti_sysbios_utils_Load_idleFxn__E)
                  0000569c    00000062     tirtosport.aem4f : HwiP_tirtos.oem4f (.text:HwiP_create)
                  000056fe    00000060     Crystalfontz128x128_ST7735.obj (.text:Crystalfontz128x128_LineDrawH)
                  0000575e    00000060     Crystalfontz128x128_ST7735.obj (.text:Crystalfontz128x128_LineDrawV)
                  000057be    00000002     --HOLE-- [fill = 0]
                  000057c0    00000060     sysbios.aem4f : BIOS.obj (.text:ti_sysbios_family_arm_m3_TimestampProvider_get32__E)
                  00005820    00000060                   : BIOS.obj (.text:ti_sysbios_knl_Task_schedule__I)
                  00005880    0000005c     drivers_MSP432P401R.aem4f : GPIOMSP432.oem4f (.text:GPIO_init)
                  000058dc    00000004     uartecho_pem4f.oem4f (.text:ti_sysbios_knl_Clock_destruct)
                  000058e0    0000005c     sysbios.aem4f : BIOS.obj (.text:ti_sysbios_knl_Swi_run__I)
                  0000593c    00000004     uartecho_pem4f.oem4f (.text:ti_sysbios_knl_Queue_destruct)
                  00005940    0000005c     sysbios.aem4f : BIOS.obj (.text:ti_sysbios_knl_Swi_schedule__I)
                  0000599c    00000004     uartecho_pem4f.oem4f (.text:ti_sysbios_knl_Semaphore_destruct)
                  000059a0    0000005c     sysbios.aem4f : BIOS.obj (.text:ti_sysbios_knl_Task_Module_startup__E)
                  000059fc    00000004     ti.uia.loggers.aem4f : LoggerStopMode.oem4f (.text:ti_uia_loggers_LoggerStopMode_getContents__E)
                  00005a00    0000005c     sysbios.aem4f : BIOS.obj (.text:ti_sysbios_knl_Task_startCore__E)
                  00005a5c    0000005b     ti.targets.arm.rtsarm.aem4f : Text.oem4f (.text:xdc_runtime_Text_putLab__E)
                  00005ab7    00000001     --HOLE-- [fill = 0]
                  00005ab8    0000005a     tirtosport.aem4f : ClockP_tirtos.oem4f (.text:ClockP_create)
                  00005b12    00000058                      : SemaphoreP_tirtos.oem4f (.text:SemaphoreP_create)
                  00005b6a    00000002     --HOLE-- [fill = 0]
                  00005b6c    00000058     boot.aem4f : boot.oem4f (.text)
                  00005bc4    00000058     uartecho_pem4f.oem4f (.text:ti_sysbios_family_arm_m3_Hwi_construct)
                  00005c1c    00000058     sysbios.aem4f : m3_Hwi_asm_switch.obj (.text:ti_sysbios_family_arm_m3_Hwi_initStacks__E)
                  00005c74    00000054     Crystalfontz128x128_ST7735.obj (.text:Crystalfontz128x128_SetOrientation)
                  00005cc8    00000054     drivers_MSP432P401R.aem4f : GPIOMSP432.oem4f (.text:GPIO_hwiIntFxn)
                  00005d1c    00000054                               : GPIOMSP432.oem4f (.text:GPIO_setCallback)
                  00005d70    00000054     sysbios.aem4f : BIOS.obj (.text:ti_sysbios_family_arm_m3_Timer_start__E)
                  00005dc4    00000004     uartecho_pem4f.oem4f (.text:ti_uia_loggers_LoggerStopMode_getFilterLevel__E)
                  00005dc8    00000054     sysbios.aem4f : BIOS.obj (.text:ti_sysbios_family_arm_msp432_Timer_initDevice__I)
                  00005e1c    00000004     ti.uia.loggers.aem4f : LoggerStopMode.oem4f (.text:ti_uia_loggers_LoggerStopMode_getInstanceId__E)
                  00005e20    00000054     sysbios.aem4f : BIOS.obj (.text:ti_sysbios_family_arm_msp432_init_Boot_configureClocksHigh)
                  00005e74    00000054     ti.targets.arm.rtsarm.aem4f : Assert.oem4f (.text:xdc_runtime_Assert_raise__I)
                  00005ec8    00000052     drivers_MSP432P401R.aem4f : UARTMSP432.oem4f (.text:UARTMSP432_writeCancel)
                  00005f1a    00000052     lcd_display.obj (.text:reverse)
                  00005f6c    00000050     msp432p4xx_driverlib.lib : pcm.o (.text:PCM_shutdownDevice)
                  00005fbc    00000050     power_tirtos_MSP432P401R.aem4f : PowerMSP432_tirtos.oem4f (.text:PowerMSP432_sleepPolicy)
                  0000600c    00000004     ti.uia.loggers.aem4f : LoggerStopMode.oem4f (.text:ti_uia_loggers_LoggerStopMode_getMaxLength__E)
                  00006010    00000050     sysbios.aem4f : BIOS.obj (.text:ti_sysbios_family_arm_m3_Hwi_Module_startup__E)
                  00006060    00000050     ti.targets.arm.rtsarm.aem4f : Startup.oem4f (.text:xdc_runtime_Startup_exec__E)
                  000060b0    00000050                                 : Text.oem4f (.text:xdc_runtime_Text_visitRope2__I)
                  00006100    0000004c     msp432p4xx_driverlib.lib : gpio.o (.text:GPIO_setAsPeripheralModuleFunctionOutputPin)
                  0000614c    0000004c     rtsv7M4_T_le_v4SPD16_eabi.lib : cpy_tbl.obj (.text)
                  00006198    0000004c     sysbios.aem4f : BIOS.obj (.text:ti_sysbios_family_arm_msp432_Timer_start__E)
                  000061e4    00000004     ti.uia.loggers.aem4f : LoggerStopMode.oem4f (.text:ti_uia_loggers_LoggerStopMode_getPriority__E)
                  000061e8    0000004c     sysbios.aem4f : BIOS.obj (.text:ti_sysbios_heaps_HeapMem_getStats__E)
                  00006234    00000004     ti.uia.loggers.aem4f : LoggerStopMode.oem4f (.text:ti_uia_loggers_LoggerStopMode_getTransferType__E)
                  00006238    0000004c     sysbios.aem4f : BIOS.obj (.text:ti_sysbios_knl_Swi_runLoop__I)
                  00006284    00000004     ti.targets.arm.rtsarm.aem4f : Error.oem4f (.text:xdc_runtime_Error_getSite__E)
                  00006288    0000004c     sysbios.aem4f : BIOS.obj (.text:ti_sysbios_knl_Task_allBlockedFunction__I)
                  000062d4    0000004c     ti.uia.loggers.aem4f : LoggerStopMode.oem4f (.text:ti_uia_loggers_LoggerStopMode_Module_startup__E)
                  00006320    0000004a     context.obj (.text:Graphics_initContext)
                  0000636a    00000002     --HOLE-- [fill = 0]
                  0000636c    00000048     msp432p4xx_driverlib.lib : gpio.o (.text:GPIO_setAsPeripheralModuleFunctionInputPin)
                  000063b4    00000048     string.obj (.text:Graphics_drawStringCentered)
                  000063fc    00000004     uartecho_pem4f.oem4f (.text:xdc_runtime_System_Module_GateProxy_enter__E)
                  00006400    00000048     sysbios.aem4f : BIOS.obj (.text:ti_sysbios_family_arm_m3_Hwi_disableInterrupt__E)
                  00006448    00000048                   : BIOS.obj (.text:ti_sysbios_family_arm_m3_Hwi_enableInterrupt__E)
                  00006490    00000048                   : BIOS.obj (.text:ti_sysbios_family_arm_m3_Hwi_excReserved__I)
                  000064d8    00000048                   : BIOS.obj (.text:ti_sysbios_family_arm_m3_Timer_initDevice__I)
                  00006520    00000048                   : BIOS.obj (.text:ti_sysbios_family_arm_m3_Timer_setPeriod__E)
                  00006568    00000048                   : BIOS.obj (.text:ti_sysbios_knl_Mailbox_Module_startup__E)
                  000065b0    00000046     drivers_MSP432P401R.aem4f : RingBuf.oem4f (.text:RingBuf_put)
                  000065f6    00000046                               : UARTMSP432.oem4f (.text:readIsrBinaryBlocking)
                  0000663c    00000046     ti.targets.arm.rtsarm.aem4f : Core-params.oem4f (.text:xdc_runtime_Core_assignParams__I)
                  00006682    00000002     --HOLE-- [fill = 0]
                  00006684    00000044     rtsv7M4_T_le_v4SPD16_eabi.lib : exit.obj (.text)
                  000066c8    00000044     sysbios.aem4f : BIOS.obj (.text:ti_sysbios_family_arm_m3_Hwi_getStackInfo__E)
                  0000670c    00000004     uartecho_pem4f.oem4f (.text:xdc_runtime_System_Module_GateProxy_leave__E)
                  00006710    00000044     sysbios.aem4f : BIOS.obj (.text:ti_sysbios_knl_Swi_post__E)
                  00006754    00000044     ti.uia.loggers.aem4f : LoggerStopMode.oem4f (.text:ti_uia_loggers_LoggerStopMode_initBuffer__I)
                  00006798    00000044     ti.targets.arm.rtsarm.aem4f : Error.oem4f (.text:xdc_runtime_Error_setX__E)
                  000067dc    00000044                                 : SysMin.oem4f (.text:xdc_runtime_SysMin_flush__E)
                  00006820    00000044                                 : Text.oem4f (.text:xdc_runtime_Text_xprintf__I)
                  00006864    00000042     drivers_MSP432P401R.aem4f : UARTMSP432.oem4f (.text:UARTMSP432_hwiIntFxn)
                  000068a6    00000040     Crystalfontz128x128_ST7735.obj (.text:Crystalfontz128x128_PixelDraw)
                  000068e6    00000002     --HOLE-- [fill = 0]
                  000068e8    00000040     msp432p4xx_driverlib.lib : flash.o (.text:FlashCtl_disableReadBuffering)
                  00006928    00000040     string.obj (.text:Graphics_getNumberOfLeadingZeros)
                  00006968    00000040     HAL_MSP_EXP432P401R_Crystalfontz128x128_ST7735.obj (.text:HAL_LCD_SpiInit)
                  000069a8    00000040     drivers_MSP432P401R.aem4f : RingBuf.oem4f (.text:RingBuf_get)
                  000069e8    00000040                               : UARTMSP432.oem4f (.text:UARTMSP432_read)
                  00006a28    00000040                               : PowerMSP432.oem4f (.text:notify)
                  00006a68    00000040     rtsv7M4_T_le_v4SPD16_eabi.lib : u_divt2.obj (.text)
                  00006aa8    00000040     sysbios.aem4f : BIOS.obj (.text:ti_sysbios_family_arm_msp432_Timer_Module_startup__E)
                  00006ae8    00000040                   : BIOS.obj (.text:ti_sysbios_family_arm_msp432_Timer_startup__E)
                  00006b28    00000040                   : BIOS.obj (.text:ti_sysbios_heaps_HeapMem_Instance_init__E)
                  00006b68    0000003c     drivers_MSP432P401R.aem4f : PowerMSP432.oem4f (.text:Power_init)
                  00006ba4    00000004     ti.targets.arm.rtsarm.aem4f : System.oem4f (.text:xdc_runtime_System_aprintf_va__F)
                  00006ba8    0000003c     sysbios.aem4f : BIOS.obj (.text:ti_sysbios_family_arm_m3_Hwi_excSvCall__I)
                  00006be4    00000004     ti.targets.arm.rtsarm.aem4f : System.oem4f (.text:xdc_runtime_System_printf_va__F)
                  00006be8    0000003c     sysbios.aem4f : BIOS.obj (.text:ti_sysbios_heaps_HeapMem_init__I)
                  00006c24    00000004     --HOLE-- [fill = 0]
                  00006c28    0000003c                   : BIOS.obj (.text:ti_sysbios_knl_Clock_Instance_init__E)
                  00006c64    00000004     --HOLE-- [fill = 0]
                  00006c68    0000003c                   : BIOS.obj (.text:ti_sysbios_knl_Swi_restore__E)
                  00006ca4    0000003a     drivers_MSP432P401R.aem4f : UARTMSP432.oem4f (.text:readIsrBinaryCallback)
                  00006cde    00000002     --HOLE-- [fill = 0]
                  00006ce0    00000038                               : UART.oem4f (.text:UART_init)
                  00006d18    00000038     main.obj (.text:start_button)
                  00006d50    00000038     sysbios.aem4f : BIOS.obj (.text:ti_sysbios_family_arm_m3_Hwi_excNoIsr__I)
                  00006d88    00000038     ti.targets.arm.rtsarm.aem4f : SysMin.oem4f (.text:xdc_runtime_SysMin_putch__E)
                  00006dc0    00000038                                 : System.oem4f (.text:xdc_runtime_System_atexit__E)
                  00006df8    00000036     drivers_MSP432P401R.aem4f : UARTMSP432.oem4f (.text:UARTMSP432_readCancel)
                  00006e2e    00000036                               : UARTMSP432.oem4f (.text:perfChangeNotifyFxn)
                  00006e64    00000034     msp432p4xx_driverlib.lib : flash.o (.text:FlashCtl_enableReadBuffering)
                  00006e98    00000034     display.obj (.text:Graphics_drawHorizontalLineOnDisplay)
                  00006ecc    00000034     HAL_MSP_EXP432P401R_Crystalfontz128x128_ST7735.obj (.text:HAL_LCD_writeCommand)
                  00006f00    00000034     sysbios.aem4f : BIOS.obj (.text:ti_sysbios_family_arm_m3_Hwi_Instance_finalize__E)
                  00006f34    00000004     --HOLE-- [fill = 0]
                  00006f38    00000034                   : BIOS.obj (.text:ti_sysbios_family_arm_m3_Hwi_excNmi__I)
                  00006f6c    00000004     --HOLE-- [fill = 0]
                  00006f70    00000034                   : BIOS.obj (.text:ti_sysbios_family_arm_m3_Timer_periodicStub__I)
                  00006fa4    00000004     --HOLE-- [fill = 0]
                  00006fa8    00000034                   : BIOS.obj (.text:ti_sysbios_hal_Hwi_checkStack)
                  00006fdc    00000034     uartecho_pem4f.oem4f (.text:ti_sysbios_knl_Clock_construct)
                  00007010    00000034     ti.uia.loggers.aem4f : LoggerStopMode.oem4f (.text:ti_uia_loggers_LoggerStopMode_reset__E)
                  00007044    00000034     ti.targets.arm.rtsarm.aem4f : Core-label.oem4f (.text:xdc_runtime_Core_assignLabel__I)
                  00007078    00000033                                 : Text.oem4f (.text:xdc_runtime_Text_printVisFxn__I)
                  000070ab    00000005     --HOLE-- [fill = 0]
                  000070b0    00000032     sysbios.aem4f : BIOS.obj (.text:ti_sysbios_hal_Hwi_initStack)
                  000070e2    00000002     --HOLE-- [fill = 0]
                  000070e4    00000030     drivers_MSP432P401R.aem4f : GPIOMSP432.oem4f (.text:GPIO_getEnabledInterruptStatus_WA)
                  00007114    00000030     msp432p4xx_driverlib.lib : gpio.o (.text:GPIO_setAsInputPinWithPullDownResistor)
                  00007144    00000030                              : gpio.o (.text:GPIO_setAsInputPinWithPullUpResistor)
                  00007174    00000030     HAL_MSP_EXP432P401R_Crystalfontz128x128_ST7735.obj (.text:HAL_LCD_PortInit)
                  000071a4    00000030     drivers_MSP432P401R.aem4f : UART.oem4f (.text:UART_open)
                  000071d4    00000030     msp432p4xx_driverlib.lib : spi.o (.text:is_A_Module)
                  00007204    00000030     uartecho_pem4f.oem4f (.text:ti_sysbios_BIOS_atExitFunc__I)
                  00007234    00000004     --HOLE-- [fill = 0]
                  00007238    00000030     sysbios.aem4f : BIOS.obj (.text:ti_sysbios_family_arm_m3_TaskSupport_start__E)
                  00007268    00000030                   : BIOS.obj (.text:ti_sysbios_family_arm_msp432_Timer_setPeriod__E)
                  00007298    00000030     uartecho_pem4f.oem4f (.text:ti_sysbios_gates_GateHwi_Object__create__S)
                  000072c8    00000030     uartecho_pem4f.oem4f (.text:ti_sysbios_gates_GateMutex_Object__create__S)
                  000072f8    00000030     sysbios.aem4f : BIOS.obj (.text:ti_sysbios_gates_GateMutex_enter__E)
                  00007328    00000030     uartecho_pem4f.oem4f (.text:ti_sysbios_heaps_HeapMem_Object__create__S)
                  00007358    00000030     sysbios.aem4f : BIOS.obj (.text:ti_sysbios_knl_Mailbox_postInit__I)
                  00007388    00000030     uartecho_pem4f.oem4f (.text:ti_sysbios_knl_Semaphore_construct)
                  000073b8    00000030     sysbios.aem4f : BIOS.obj (.text:ti_sysbios_knl_Semaphore_pendTimeout__I)
                  000073e8    00000030                   : BIOS.obj (.text:ti_sysbios_knl_Task_processVitalTaskFlag__I)
                  00007418    00000030                   : BIOS.obj (.text:ti_sysbios_knl_Task_unblockI__E)
                  00007448    00000030                   : BIOS.obj (.text:ti_sysbios_utils_Load_updateCurrentThreadTime__E)
                  00007478    00000030     uartecho_pem4f.oem4f (.text:ti_uia_loggers_LoggerStopMode_Object__create__S)
                  000074a8    00000030     ti.targets.arm.rtsarm.aem4f : SysMin.oem4f (.text:xdc_runtime_SysMin_abort__E)
                  000074d8    00000030                                 : System.oem4f (.text:xdc_runtime_System_processAtExit__E)
                  00007508    0000002c     Crystalfontz128x128_ST7735.obj (.text:Crystalfontz128x128_ClearScreen)
                  00007534    0000002c     msp432p4xx_driverlib.lib : gpio.o (.text:GPIO_setAsInputPin)
                  00007560    0000002c                              : pcm.o (.text:PCM_getCoreVoltageLevel)
                  0000758c    0000002c     power_tirtos_MSP432P401R.aem4f : PowerMSP432_tirtos.oem4f (.text:PowerMSP432_updateFreqs)
                  000075b8    0000002c     drivers_MSP432P401R.aem4f : PowerMSP432.oem4f (.text:Power_releaseConstraint)
                  000075e4    0000002c                               : PowerMSP432.oem4f (.text:Power_setConstraint)
                  00007610    0000002c     uartecho_pem4f.oem4f (.text:ti_sysbios_knl_Clock_doTick__I)
                  0000763c    0000002c     uartecho_pem4f.oem4f (.text:ti_sysbios_knl_Queue_construct)
                  00007668    0000002c     sysbios.aem4f : BIOS.obj (.text:ti_sysbios_knl_Task_restore__E)
                  00007694    0000002c     ti.targets.arm.rtsarm.aem4f : Text.oem4f (.text:xdc_runtime_Text_cordText__E)
                  000076c0    0000002a     display.obj (.text:Graphics_drawPixelOnDisplay)
                  000076ea    0000002a     msp432p4xx_driverlib.lib : pcm.o (.text:PCM_getPowerMode)
                  00007714    0000002a     drivers_MSP432P401R.aem4f : UARTMSP432.oem4f (.text:findBaudDividerIndex)
                  0000773e    0000002a     ped_adc.obj (.text:init_clocks)
                  00007768    0000002a     ti.targets.arm.rtsarm.aem4f : System.oem4f (.text:xdc_runtime_System_putchar__I)
                  00007792    00000028     Crystalfontz128x128_ST7735.obj (.text:Crystalfontz128x128_ColorTranslate)
                  000077ba    00000002     --HOLE-- [fill = 0]
                  000077bc    00000028     msp432p4xx_driverlib.lib : flash.o (.text:FlashCtl_setWaitState)
                  000077e4    00000028                              : pcm.o (.text:PCM_gotoLPM0)
                  0000780c    00000028     uartecho_pem4f.oem4f (.text:ti_sysbios_BIOS_startFunc__I)
                  00007834    00000004     --HOLE-- [fill = 0]
                  00007838    00000028     sysbios.aem4f : BIOS.obj (.text:ti_sysbios_knl_Clock_addI__E)
                  00007860    00000028                   : BIOS.obj (.text:ti_sysbios_knl_Swi_Module_startup__E)
                  00007888    00000026     drivers_MSP432P401R.aem4f : List.oem4f (.text:List_put)
                  000078ae    00000026     main.obj (.text:main)
                  000078d4    00000026     sysbios.aem4f : m3_Hwi_asm.obj (.text:ti_sysbios_family_arm_m3_Hwi_pendSV__I)
                  000078fa    00000026     ti.targets.arm.rtsarm.aem4f : System.oem4f (.text:xdc_runtime_System_avprintf__E)
                  00007920    00000024     msp432p4xx_driverlib.lib : cs.o (.text:CS_setDCOCenteredFrequency)
                  00007944    00000024                              : gpio.o (.text:GPIO_setAsOutputPin)
                  00007968    00000024     HAL_MSP_EXP432P401R_Crystalfontz128x128_ST7735.obj (.text:HAL_LCD_writeData)
                  0000798c    00000024     msp432p4xx_driverlib.lib : rtc_c.o (.text:RTC_C_holdClock)
                  000079b0    00000024                              : rtc_c.o (.text:RTC_C_startClock)
                  000079d4    00000024                              : uart.o (.text:UART_disableInterrupt)
                  000079f8    00000024                              : uart.o (.text:UART_receiveData)
                  00007a1c    00000024                              : uart.o (.text:UART_transmitData)
                  00007a40    00000024     uartecho_pem4f.oem4f (.text:ti_sysbios_BIOS_errorRaiseHook__I)
                  00007a64    00000024     uartecho_pem4f.oem4f (.text:ti_sysbios_BIOS_registerRTSLock__I)
                  00007a88    00000024     uartecho_pem4f.oem4f (.text:ti_sysbios_BIOS_removeRTSLock__I)
                  00007aac    00000004     --HOLE-- [fill = 0]
                  00007ab0    00000024     sysbios.aem4f : BIOS.obj (.text:ti_sysbios_family_arm_m3_Timer_Module_startup__E)
                  00007ad4    00000004     --HOLE-- [fill = 0]
                  00007ad8    00000024                   : BIOS.obj (.text:ti_sysbios_family_arm_m3_Timer_postInit__I)
                  00007afc    00000004     --HOLE-- [fill = 0]
                  00007b00    00000024                   : BIOS.obj (.text:ti_sysbios_family_arm_m3_Timer_startup__E)
                  00007b24    00000004     --HOLE-- [fill = 0]
                  00007b28    00000024                   : BIOS.obj (.text:ti_sysbios_family_arm_msp432_ClockFreqs_setFrequency__E)
                  00007b4c    00000004     --HOLE-- [fill = 0]
                  00007b50    00000024                   : BIOS.obj (.text:ti_sysbios_family_arm_msp432_Timer_postInit__I)
                  00007b74    00000024     uartecho_pem4f.oem4f (.text:ti_sysbios_gates_GateMutex_Object__delete__S)
                  00007b98    00000024     sysbios.aem4f : BIOS.obj (.text:ti_sysbios_knl_Clock_Module_startup__E)
                  00007bbc    00000004     --HOLE-- [fill = 0]
                  00007bc0    00000024                   : BIOS.obj (.text:ti_sysbios_knl_Clock_start__E)
                  00007be4    00000004     --HOLE-- [fill = 0]
                  00007be8    00000024                   : BIOS.obj (.text:ti_sysbios_knl_Semaphore_Instance_init__E)
                  00007c0c    00000004     --HOLE-- [fill = 0]
                  00007c10    00000024                   : BIOS.obj (.text:ti_sysbios_knl_Task_restoreHwi__E)
                  00007c34    00000004     --HOLE-- [fill = 0]
                  00007c38    00000024                   : BIOS.obj (.text:ti_sysbios_utils_Load_updateThreadContexts__E)
                  00007c5c    00000024     ti.targets.arm.rtsarm.aem4f : System.oem4f (.text:xdc_runtime_System_vprintf__E)
                  00007c80    00000022     uartecho_pem4f.oem4f (.text:xdc_runtime_SysMin_output__I)
                  00007ca2    00000002     --HOLE-- [fill = 0]
                  00007ca4    00000020     msp432p4xx_driverlib.lib : gpio.o (.text:GPIO_interruptEdgeSelect)
                  00007cc4    00000020     drivers_MSP432P401R.aem4f : PowerMSP432.oem4f (.text:PowerMSP432_getFreqs)
                  00007ce4    00000020                               : PowerMSP432.oem4f (.text:Power_idleFunc)
                  00007d04    00000020                               : PowerMSP432.oem4f (.text:Power_unregisterNotify)
                  00007d24    00000020     msp432p4xx_driverlib.lib : spi.o (.text:SPI_transmitData)
                  00007d44    00000020     uartecho_pem4f.oem4f (.text:ti_sysbios_BIOS_rtsLock__I)
                  00007d64    00000020     sysbios.aem4f : m3_Hwi_asm.obj (.text:ti_sysbios_family_arm_m3_Hwi_excHandlerAsm__I)
                  00007d84    00000004     --HOLE-- [fill = 0]
                  00007d88    00000020                   : BIOS.obj (.text:ti_sysbios_family_arm_m3_Hwi_excHandler__I)
                  00007da8    00000020                   : BIOS.obj (.text:ti_sysbios_family_arm_m3_TimestampProvider_Module_startup__E)
                  00007dc8    00000020     uartecho_pem4f.oem4f (.text:ti_sysbios_gates_GateHwi_Object__delete__S)
                  00007de8    00000020     uartecho_pem4f.oem4f (.text:ti_sysbios_heaps_HeapMem_Object__delete__S)
                  00007e08    00000020     uartecho_pem4f.oem4f (.text:ti_sysbios_knl_Clock_Object__destruct__S)
                  00007e28    00000020     sysbios.aem4f : BIOS.obj (.text:ti_sysbios_knl_Idle_run__E)
                  00007e48    00000020     uartecho_pem4f.oem4f (.text:ti_sysbios_knl_Semaphore_Object__destruct__S)
                  00007e68    00000020     uartecho_pem4f.oem4f (.text:ti_uia_loggers_LoggerStopMode_Object__delete__S)
                  00007e88    00000020     ti.targets.arm.rtsarm.aem4f : Registry.oem4f (.text:xdc_runtime_Registry_findById__E)
                  00007ea8    00000020                                 : SysMin.oem4f (.text:xdc_runtime_SysMin_Module_startup__E)
                  00007ec8    0000001e     sysbios.aem4f : m3_Hwi_asm_switch.obj (.text:ti_sysbios_family_xxx_Hwi_switchAndRunFunc)
                  00007ee6    0000001c     MSP_EXP432P401R.obj (.text:MSP_EXP432P401R_initUART)
                  00007f02    00000002     --HOLE-- [fill = 0]
                  00007f04    0000001c     drivers_MSP432P401R.aem4f : PowerMSP432.oem4f (.text:Power_registerNotify)
                  00007f20    0000001c     uartecho_pem4f.oem4f (.text:ti_sysbios_family_arm_m3_Hwi_Object__destruct__S)
                  00007f3c    00000004     --HOLE-- [fill = 0]
                  00007f40    0000001c     sysbios.aem4f : BIOS.obj (.text:ti_sysbios_family_arm_m3_Timer_stop__E)
                  00007f5c    00000004     --HOLE-- [fill = 0]
                  00007f60    0000001c                   : BIOS.obj (.text:ti_sysbios_gates_GateMutex_Instance_init__E)
                  00007f7c    00000004     --HOLE-- [fill = 0]
                  00007f80    0000001c                   : BIOS.obj (.text:ti_sysbios_knl_Clock_Instance_finalize__E)
                  00007f9c    0000001c     uartecho_pem4f.oem4f (.text:ti_sysbios_knl_Queue_Object__destruct__S)
                  00007fb8    0000001c     sysbios.aem4f : BIOS.obj (.text:ti_sysbios_knl_Queue_get__E)
                  00007fd4    00000004     --HOLE-- [fill = 0]
                  00007fd8    0000001c                   : BIOS.obj (.text:ti_sysbios_knl_Queue_put__E)
                  00007ff4    00000004     --HOLE-- [fill = 0]
                  00007ff8    0000001c                   : BIOS.obj (.text:ti_sysbios_knl_Task_enter__I)
                  00008014    0000001c     ti.uia.loggers.aem4f : LoggerStopMode.oem4f (.text:ti_uia_loggers_LoggerStopMode_Instance_init__E)
                  00008030    0000001c     ti.targets.arm.rtsarm.aem4f : Error.oem4f (.text:xdc_runtime_Error_raiseX__E)
                  0000804c    0000001c                                 : Memory.oem4f (.text:xdc_runtime_Memory_valloc__E)
                  00008068    0000001c                                 : SysMin.oem4f (.text:xdc_runtime_SysMin_exit__E)
                  00008084    0000001c                                 : System.oem4f (.text:xdc_runtime_System_abort__E)
                  000080a0    0000001a     context.obj (.text:Graphics_setBackgroundColor)
                  000080ba    0000001a     context.obj (.text:Graphics_setFont)
                  000080d4    0000001a     drivers_MSP432P401R.aem4f : List.oem4f (.text:List_remove)
                  000080ee    0000001a     msp432p4xx_driverlib.lib : spi.o (.text:SPI_enableModule)
                  00008108    0000001a     uartecho_pem4f.oem4f (.text:ti_sysbios_family_arm_m3_Hwi_Handle__label__S)
                  00008122    0000001a     uartecho_pem4f.oem4f (.text:ti_sysbios_gates_GateHwi_Handle__label__S)
                  0000813c    0000001a     uartecho_pem4f.oem4f (.text:ti_sysbios_gates_GateMutex_Handle__label__S)
                  00008156    0000001a     uartecho_pem4f.oem4f (.text:ti_sysbios_heaps_HeapMem_Handle__label__S)
                  00008170    0000001a     uartecho_pem4f.oem4f (.text:ti_sysbios_knl_Swi_Handle__label__S)
                  0000818a    0000001a     uartecho_pem4f.oem4f (.text:ti_sysbios_knl_Task_Handle__label__S)
                  000081a4    0000001a     uartecho_pem4f.oem4f (.text:ti_uia_loggers_LoggerStopMode_Handle__label__S)
                  000081be    0000001a     uartecho_pem4f.oem4f (.text:xdc_runtime_System_aprintf__E)
                  000081d8    0000001a     uartecho_pem4f.oem4f (.text:xdc_runtime_System_printf__E)
                  000081f2    00000002     --HOLE-- [fill = 0]
                  000081f4    00000018     msp432p4xx_driverlib.lib : adc14.o (.text:ADC14_getResult)
                  0000820c    00000018                              : gpio.o (.text:GPIO_clearInterruptFlag)
                  00008224    00000018                              : gpio.o (.text:GPIO_setDriveStrengthLow)
                  0000823c    00000018                              : gpio.o (.text:GPIO_setOutputLowOnPin)
                  00008254    00000018     display.obj (.text:Graphics_clearDisplayOnDisplay)
                  0000826c    00000018     drivers_MSP432P401R.aem4f : UART.oem4f (.text:UART_Params_init)
                  00008284    00000018     msp432p4xx_driverlib.lib : wdt_a.o (.text:WDT_A_holdTimer)
                  0000829c    00000018     rtsv7M4_T_le_v4SPD16_eabi.lib : args_main.obj (.text)
                  000082b4    00000018     uartecho_pem4f.oem4f (.text:ti_sysbios_BIOS_rtsUnlock__I)
                  000082cc    00000018     uartecho_pem4f.oem4f (.text:ti_sysbios_family_arm_m3_Hwi_Module__startupDone__F)
                  000082e4    00000018     sysbios.aem4f : m3_TaskSupport_asm.obj (.text:ti_sysbios_family_arm_m3_TaskSupport_swap__E)
                  000082fc    00000018     uartecho_pem4f.oem4f (.text:ti_sysbios_family_arm_msp432_Timer_Module__startupDone__F)
                  00008314    00000004     --HOLE-- [fill = 0]
                  00008318    00000018     sysbios.aem4f : BIOS.obj (.text:ti_sysbios_gates_GateMutex_leave__E)
                  00008330    00000018     ti.targets.arm.rtsarm.aem4f : Error.oem4f (.text:xdc_runtime_Error_check__E)
                  00008348    00000018                                 : System.oem4f (.text:xdc_runtime_System_exit__E)
                  00008360    00000018                                 : Text.oem4f (.text:xdc_runtime_Text_ropeText__E)
                  00008378    00000016     tirtosport.aem4f : ClockP_tirtos.oem4f (.text:ClockP_delete)
                  0000838e    00000016     context.obj (.text:Graphics_setForegroundColor)
                  000083a4    00000016     display.obj (.text:Graphics_translateColorOnDisplay)
                  000083ba    00000016     tirtosport.aem4f : HwiP_tirtos.oem4f (.text:HwiP_delete)
                  000083d0    00000016                      : SemaphoreP_tirtos.oem4f (.text:SemaphoreP_delete)
                  000083e6    00000016     msp432p4xx_driverlib.lib : uart.o (.text:UART_enableInterrupt)
                  000083fc    00000016     uartecho_pem4f.oem4f (.text:ti_sysbios_BIOS_exitFunc__I)
                  00008412    00000006     ti.targets.arm.rtsarm.aem4f : xdc_noinit.oem4f (.text:__xdc__init)
                  00008418    00000016     sysbios.aem4f : BIOS.obj (.text:ti_sysbios_knl_Task_unblock__E)
                  0000842e    00000016     ti.uia.loggers.aem4f : LoggerStopMode.oem4f (.text:ti_uia_loggers_LoggerStopMode_disable__E)
                  00008444    00000016                          : LoggerStopMode.oem4f (.text:ti_uia_loggers_LoggerStopMode_enable__E)
                  0000845a    00000002     --HOLE-- [fill = 0]
                  0000845c    00000014     msp432p4xx_driverlib.lib : gpio.o (.text:GPIO_setDriveStrengthHigh)
                  00008470    00000014                              : gpio.o (.text:GPIO_setOutputHighOnPin)
                  00008484    00000014                              : wdt_a.o (.text:WDT_A_startTimer)
                  00008498    00000014     rtsv7M4_T_le_v4SPD16_eabi.lib : _lock.obj (.text)
                  000084ac    00000014                                   : strcpy.obj (.text)
                  000084c0    00000014                                   : strlen.obj (.text)
                  000084d4    00000014     uartecho_pem4f.oem4f (.text:ti_sysbios_family_arm_m3_Hwi_Object__get__S)
                  000084e8    00000014     sysbios.aem4f : BIOS.obj (.text:ti_sysbios_family_arm_m3_Hwi_switchFromBootStack__E)
                  000084fc    00000014     uartecho_pem4f.oem4f (.text:ti_sysbios_heaps_HeapMem_Object__get__S)
                  00008510    00000014     uartecho_pem4f.oem4f (.text:ti_sysbios_knl_Mailbox_Object__get__S)
                  00008524    00000014     uartecho_pem4f.oem4f (.text:ti_sysbios_knl_Swi_Object__get__S)
                  00008538    00000012     tirtosport.aem4f : ClockP_tirtos.oem4f (.text:ClockP_start)
                  0000854a    00000012     context.obj (.text:Graphics_clearDisplay)
                  0000855c    00000012     drivers_MSP432P401R.aem4f : RingBuf.oem4f (.text:RingBuf_construct)
                  0000856e    00000012     tirtosport.aem4f : SemaphoreP_tirtos.oem4f (.text:SemaphoreP_pend)
                  00008580    00000012     sysbios.aem4f : BIOS.obj (.text:ti_sysbios_hal_Hwi_Module_startup__E)
                  00008592    00000012     uartecho_pem4f.oem4f (.text:xdc_runtime_Startup_exec__I)
                  000085a4    00000010     msp432p4xx_driverlib.lib : gpio.o (.text:GPIO_getInterruptStatus)
                  000085b4    00000010                              : pcm.o (.text:PCM_gotoLPM4)
                  000085c4    00000010     drivers_MSP432P401R.aem4f : UARTMSP432.oem4f (.text:readBlockingTimeout)
                  000085d4    00000004     --HOLE-- [fill = 0]
                  000085d8    00000010     sysbios.aem4f : BIOS.obj (.text:ti_sysbios_BIOS_exit__E)
                  000085e8    00000010                   : BIOS.obj (.text:ti_sysbios_BIOS_getCpuFreq__E)
                  000085f8    00000010                   : BIOS.obj (.text:ti_sysbios_BIOS_setCpuFreq__E)
                  00008608    00000010                   : BIOS.obj (.text:ti_sysbios_BIOS_setThreadType__E)
                  00008618    00000010                   : BIOS.obj (.text:ti_sysbios_BIOS_start__E)
                  00008628    00000010                   : m3_TaskSupport_asm.obj (.text:ti_sysbios_family_arm_m3_TaskSupport_glue)
                  00008638    00000010                   : BIOS.obj (.text:ti_sysbios_family_arm_msp432_init_Boot_disableWatchdog)
                  00008648    00000010                   : BIOS.obj (.text:ti_sysbios_gates_GateMutex_Instance_finalize__E)
                  00008658    00000010                   : BIOS.obj (.text:ti_sysbios_knl_Semaphore_Instance_finalize__E)
                  00008668    00000010                   : BIOS.obj (.text:ti_sysbios_knl_Swi_disable__E)
                  00008678    00000010     uartecho_pem4f.oem4f (.text:ti_sysbios_knl_Task_Object__get__S)
                  00008688    00000010     sysbios.aem4f : BIOS.obj (.text:ti_sysbios_knl_Task_disable__E)
                  00008698    00000010     uartecho_pem4f.oem4f (.text:ti_uia_loggers_LoggerStopMode_Object__get__S)
                  000086a8    00000010     ti.uia.loggers.aem4f : LoggerStopMode.oem4f (.text:ti_uia_loggers_LoggerStopMode_isEmpty__E)
                  000086b8    00000010     ti.targets.arm.rtsarm.aem4f : Gate.oem4f (.text:xdc_runtime_Gate_leaveSystem__E)
                  000086c8    00000010                                 : Memory.oem4f (.text:xdc_runtime_Memory_free__E)
                  000086d8    00000010                                 : SysMin.oem4f (.text:xdc_runtime_SysMin_ready__E)
                  000086e8    00000010                                 : System.oem4f (.text:xdc_runtime_System_vsnprintf__E)
                  000086f8    00000010     uartecho_pem4f.oem4f (.text:xdc_runtime_Text_visitRope__I)
                  00008708    0000000e     tirtosport.aem4f : HwiP_tirtos.oem4f (.text:HwiP_Params_init)
                  00008716    0000000e     msp432p4xx_driverlib.lib : uart.o (.text:UART_clearInterruptFlag)
                  00008724    0000000e     rtsv7M4_T_le_v4SPD16_eabi.lib : copy_decompress_none.obj (.text:decompress:none)
                  00008732    00000006                                   : copy_decompress_rle.obj (.text:decompress:rle24)
                  00008738    0000000e     sysbios.aem4f : BIOS.obj (.text:ti_sysbios_knl_Clock_removeI__E)
                  00008746    00000002     --HOLE-- [fill = 0]
                  00008748    0000000e                   : BIOS.obj (.text:ti_sysbios_knl_Idle_loop__E)
                  00008756    00000002     --HOLE-- [fill = 0]
                  00008758    0000000e                   : BIOS.obj (.text:ti_sysbios_knl_Queue_empty__E)
                  00008766    0000000c     uartecho_pem4f.oem4f (.text:.bootCodeSection:ti_sysbios_family_arm_msp432_init_Boot_init__I)
                  00008772    0000000c     msp432p4xx_driverlib.lib : cpu.o (.text:CPU_cpsid)
                  0000877e    0000000c                              : cpu.o (.text:CPU_cpsie)
                  0000878a    0000000c                              : spi.o (.text:EUSCI_A_SPI_enable)
                  00008796    0000000c                              : spi.o (.text:EUSCI_B_SPI_enable)
                  000087a2    00000002     --HOLE-- [fill = 0]
                  000087a4    0000000c                              : pcm.o (.text:PCM_getPowerState)
                  000087b0    0000000c     drivers_MSP432P401R.aem4f : PowerMSP432.oem4f (.text:Power_getConstraintMask)
                  000087bc    0000000c                               : PowerMSP432.oem4f (.text:Power_getPerformanceLevel)
                  000087c8    0000000c                               : RingBuf.oem4f (.text:RingBuf_peek)
                  000087d4    0000000c                               : UARTMSP432.oem4f (.text:UARTMSP432_init)
                  000087e0    0000000c     msp432p4xx_driverlib.lib : uart.o (.text:UART_disableModule)
                  000087ec    0000000c                              : uart.o (.text:UART_enableModule)
                  000087f8    0000000c     rtsv7M4_T_le_v4SPD16_eabi.lib : copy_zero_init.obj (.text:decompress:ZI)
                  00008804    0000000c     uartecho_pem4f.oem4f (.text:ti_sysbios_family_arm_m3_Hwi_Params__init__S)
                  00008810    0000000c     sysbios.aem4f : BIOS.obj (.text:ti_sysbios_family_arm_m3_Hwi_disableFxn__E)
                  0000881c    00000004     --HOLE-- [fill = 0]
                  00008820    0000000c                   : BIOS.obj (.text:ti_sysbios_family_arm_m3_TaskSupport_checkStack__E)
                  0000882c    00000004     --HOLE-- [fill = 0]
                  00008830    0000000c                   : BIOS.obj (.text:ti_sysbios_family_arm_m3_TimestampProvider_startTimer__E)
                  0000883c    00000004     --HOLE-- [fill = 0]
                  00008840    0000000c                   : BIOS.obj (.text:ti_sysbios_family_arm_msp432_Timer_getMaxTicks__E)
                  0000884c    00000004     --HOLE-- [fill = 0]
                  00008850    0000000c                   : BIOS.obj (.text:ti_sysbios_gates_GateHwi_enter__E)
                  0000885c    0000000c     uartecho_pem4f.oem4f (.text:ti_sysbios_knl_Clock_Params__init__S)
                  00008868    0000000c     uartecho_pem4f.oem4f (.text:ti_sysbios_knl_Queue_Object__get__S)
                  00008874    0000000c     uartecho_pem4f.oem4f (.text:ti_sysbios_knl_Semaphore_Params__init__S)
                  00008880    0000000c     ti.targets.arm.rtsarm.aem4f : Error.oem4f (.text:xdc_runtime_Error_init__E)
                  0000888c    0000000c                                 : Gate.oem4f (.text:xdc_runtime_Gate_enterSystem__E)
                  00008898    0000000c                                 : Memory.oem4f (.text:xdc_runtime_Memory_calloc__E)
                  000088a4    0000000c                                 : Memory.oem4f (.text:xdc_runtime_Memory_getMaxDefaultTypeAlign__E)
                  000088b0    0000000a     tirtosport.aem4f : ClockP_tirtos.oem4f (.text:ClockP_stop)
                  000088ba    0000000a     Crystalfontz128x128_ST7735.obj (.text:Crystalfontz128x128_Flush)
                  000088c4    0000000a     tirtosport.aem4f : SemaphoreP_tirtos.oem4f (.text:SemaphoreP_post)
                  000088ce    0000000a     drivers_MSP432P401R.aem4f : UART.oem4f (.text:UART_read)
                  000088d8    0000000a                               : UART.oem4f (.text:UART_write)
                  000088e2    0000000a     uartecho_pem4f.oem4f (.text:xdc_runtime_IHeap_alloc)
                  000088ec    0000000a     uartecho_pem4f.oem4f (.text:xdc_runtime_IHeap_free)
                  000088f6    00000008     tirtosport.aem4f : ClockP_tirtos.oem4f (.text:ClockP_Params_init)
                  000088fe    00000008     msp432p4xx_driverlib.lib : spi.o (.text:EUSCI_B_SPI_getInterruptStatus)
                  00008906    00000008     MSP_EXP432P401R.obj (.text:MSP_EXP432P401R_initGPIO)
                  0000890e    00000008     MSP_EXP432P401R.obj (.text:MSP_EXP432P401R_initGeneral)
                  00008916    00000008     msp432p4xx_driverlib.lib : pcm.o (.text:PCM_setPowerMode)
                  0000891e    00000008                              : pcm.o (.text:PCM_setPowerState)
                  00008926    00000008     tirtosport.aem4f : SemaphoreP_tirtos.oem4f (.text:SemaphoreP_Params_init)
                  0000892e    00000008     drivers_MSP432P401R.aem4f : UARTMSP432.oem4f (.text:readSemCallback)
                  00008936    00000002     --HOLE-- [fill = 0]
                  00008938    00000008     sysbios.aem4f : BIOS.obj (.text:ti_sysbios_family_arm_m3_Hwi_doSwiRestore__I)
                  00008940    00000008                   : BIOS.obj (.text:ti_sysbios_family_arm_m3_Hwi_startup__E)
                  00008948    00000008     drivers_MSP432P401R.aem4f : UARTMSP432.oem4f (.text:writeSemCallback)
                  00008950    00000006     sysbios.aem4f : BIOS.obj (.text:ti_sysbios_family_arm_m3_Hwi_doTaskRestore__I)
                  00008956    00000002     --HOLE-- [fill = 0]
                  00008958    00000006                   : BIOS.obj (.text:ti_sysbios_family_arm_m3_Hwi_restoreFxn__E)
                  0000895e    00000002     --HOLE-- [fill = 0]
                  00008960    00000006                   : BIOS.obj (.text:ti_sysbios_gates_GateHwi_leave__E)
                  00008966    00000002     --HOLE-- [fill = 0]
                  00008968    00000006                   : BIOS.obj (.text:ti_sysbios_heaps_HeapMem_isBlocking__E)
                  0000896e    00000002     --HOLE-- [fill = 0]
                  00008970    00000006                   : BIOS.obj (.text:ti_sysbios_knl_Clock_stop__E)
                  00008976    00000002     --HOLE-- [fill = 0]
                  00008978    00000006                   : BIOS.obj (.text:ti_sysbios_knl_Queue_Instance_init__E)
                  0000897e    00000002     --HOLE-- [fill = 0]
                  00008980    00000006                   : BIOS.obj (.text:ti_sysbios_knl_Swi_startup__E)
                  00008986    00000006     ti.targets.arm.rtsarm.aem4f : System.oem4f (.text:xdc_runtime_System_Module_startup__E)
                  0000898c    00000004     --HOLE-- [fill = 0]
                  00008990    00000004     sysbios.aem4f : BIOS.obj (.text:ti_sysbios_gates_GateHwi_query__E)
                  00008994    00000004     --HOLE-- [fill = 0]
                  00008998    00000004                   : BIOS.obj (.text:ti_sysbios_gates_GateMutex_query__E)
                  0000899c    00000004     --HOLE-- [fill = 0]
                  000089a0    00000004                   : BIOS.obj (.text:ti_sysbios_knl_Clock_setTimeout__E)
                  000089a4    00000004     --HOLE-- [fill = 0]
                  000089a8    00000004                   : BIOS.obj (.text:ti_sysbios_knl_Task_startup__E)
                  000089ac    00000004     --HOLE-- [fill = 0]
                  000089b0    00000002                   : BIOS.obj (.text:ti_sysbios_family_arm_m3_TimestampProvider_rolloverFunc__E)
                  000089b2    00000006     --HOLE-- [fill = 0]
                  000089b8    00000002                   : BIOS.obj (.text:ti_sysbios_gates_GateHwi_Instance_init__E)
                  000089ba    00000006     --HOLE-- [fill = 0]
                  000089c0    00000002                   : BIOS.obj (.text:ti_sysbios_knl_Clock_logTick__E)

.const     0    000089c4    00002bd0     
                  000089c4    00001f3d     uartecho_pem4f.oem4f (.const:xdc_runtime_Text_charTab__A)
                  0000a901    000002f8     fontfixed6x8.obj (.const:.string:g_pucFontFixed6x8Data)
                  0000abf9    00000001     uartecho_pem4f.oem4f (.const:xdc_runtime_Error_policy__C)
                  0000abfa    00000100     uartecho_pem4f.oem4f (.const:xdc_runtime_Text_nodeTab__A)
                  0000acfa    00000002     uartecho_pem4f.oem4f (.const:ti_sysbios_family_arm_m3_Hwi_Module__id__C)
                  0000acfc    000000c8     fontfixed6x8.obj (.const:g_sFontFixed6x8)
                  0000adc4    00000080     msp432p4xx_driverlib.lib : adc14.o (.const:_ctlRegs)
                  0000ae44    00000070     MSP_EXP432P401R.obj (.const:uartMSP432Baudrates)
                  0000aeb4    00000060     uartecho_pem4f.oem4f (.const:ti_uia_loggers_LoggerStopMode_Module__FXNS__C)
                  0000af14    00000048     uartecho_pem4f.oem4f (.const:.string)
                  0000af5c    00000048     MSP_EXP432P401R.obj (.const:uartMSP432HWAttrs)
                  0000afa4    00000030     uartecho_pem4f.oem4f (.const:ti_sysbios_family_arm_m3_Hwi_Object__PARAMS__C)
                  0000afd4    00000030     uartecho_pem4f.oem4f (.const:xdc_runtime_Startup_sfxnTab__A)
                  0000b004    0000002c     Crystalfontz128x128_ST7735.obj (.const:g_sCrystalfontz128x128)
                  0000b030    00000028     drivers_MSP432P401R.aem4f : UARTMSP432.oem4f (.const:UARTMSP432_fxnTable)
                  0000b058    00000028     uartecho_pem4f.oem4f (.const:ti_sysbios_heaps_HeapMem_Module__FXNS__C)
                  0000b080    00000028     uartecho_pem4f.oem4f (.const:ti_uia_loggers_LoggerStopMode_Object__PARAMS__C)
                  0000b0a8    00000024     MSP_EXP432P401R.obj (.const:UART_config)
                  0000b0cc    00000024     drivers_MSP432P401R.aem4f : UART.oem4f (.const:UART_defaultParams)
                  0000b0f0    00000024                               : UARTMSP432.oem4f (.const)
                  0000b114    00000024     uartecho_pem4f.oem4f (.const:ti_sysbios_gates_GateHwi_Module__FXNS__C)
                  0000b138    00000024     uartecho_pem4f.oem4f (.const:ti_sysbios_gates_GateMutex_Module__FXNS__C)
                  0000b15c    00000024     uartecho_pem4f.oem4f (.const:ti_sysbios_heaps_HeapMem_Object__PARAMS__C)
                  0000b180    00000024     uartecho_pem4f.oem4f (.const:ti_sysbios_knl_Clock_Object__PARAMS__C)
                  0000b1a4    00000024     uartecho_pem4f.oem4f (.const:ti_sysbios_knl_Semaphore_Object__PARAMS__C)
                  0000b1c8    00000024     uartecho_pem4f.oem4f (.const)
                  0000b1ec    00000020     uartecho_pem4f.oem4f (.const:ti_sysbios_family_arm_m3_Hwi_Object__DESC__C)
                  0000b20c    00000020     uartecho_pem4f.oem4f (.const:ti_sysbios_gates_GateHwi_Object__DESC__C)
                  0000b22c    00000020     uartecho_pem4f.oem4f (.const:ti_sysbios_gates_GateMutex_Object__DESC__C)
                  0000b24c    00000020     uartecho_pem4f.oem4f (.const:ti_sysbios_heaps_HeapMem_Object__DESC__C)
                  0000b26c    00000020     uartecho_pem4f.oem4f (.const:ti_sysbios_knl_Clock_Object__DESC__C)
                  0000b28c    00000020     uartecho_pem4f.oem4f (.const:ti_sysbios_knl_Queue_Object__DESC__C)
                  0000b2ac    00000020     uartecho_pem4f.oem4f (.const:ti_sysbios_knl_Semaphore_Object__DESC__C)
                  0000b2cc    00000020     uartecho_pem4f.oem4f (.const:ti_uia_loggers_LoggerStopMode_Object__DESC__C)
                  0000b2ec    0000001f     main.obj (.const:.string)
                  0000b30b    00000001     --HOLE-- [fill = 0]
                  0000b30c    0000001c     HAL_MSP_EXP432P401R_Crystalfontz128x128_ST7735.obj (.const)
                  0000b328    00000018     uartecho_pem4f.oem4f (.const:ti_sysbios_gates_GateHwi_Object__PARAMS__C)
                  0000b340    00000018     uartecho_pem4f.oem4f (.const:ti_sysbios_gates_GateMutex_Object__PARAMS__C)
                  0000b358    00000018     uartecho_pem4f.oem4f (.const:ti_sysbios_knl_Queue_Object__PARAMS__C)
                  0000b370    00000018     uartecho_pem4f.oem4f (.const:xdc_runtime_Startup_sfxnRts__A)
                  0000b388    00000014     MSP_EXP432P401R.obj (.const:GPIOMSP432_config)
                  0000b39c    00000010     MSP_EXP432P401R.obj (.const)
                  0000b3ac    00000010     uartecho_pem4f.oem4f (.const:ti_sysbios_knl_Idle_funcList__A)
                  0000b3bc    0000000f     lcd_display.obj (.const:.string)
                  0000b3cb    0000000c     drivers_MSP432P401R.aem4f : GPIOMSP432.oem4f (.const:.string)
                  0000b3d7    00000001     --HOLE-- [fill = 0]
                  0000b3d8    0000000c     uartecho_pem4f.oem4f (.const:xdc_runtime_Startup_firstFxns__A)
                  0000b3e4    00000008     Crystalfontz128x128_ST7735.obj (.const)
                  0000b3ec    00000008     uartecho_pem4f.oem4f (.const:ti_sysbios_family_arm_m3_Hwi_excHookFuncs__A)
                  0000b3f4    00000008     uartecho_pem4f.oem4f (.const:ti_sysbios_knl_Idle_funcList__C)
                  0000b3fc    00000008     uartecho_pem4f.oem4f (.const:xdc_runtime_Startup_firstFxns__C)
                  0000b404    00000008     uartecho_pem4f.oem4f (.const:xdc_runtime_Startup_lastFxns__C)
                  0000b40c    00000005     drivers_MSP432P401R.aem4f : UARTMSP432.oem4f (.const:.string)
                  0000b411    00000001     --HOLE-- [fill = 0]
                  0000b412    00000002     uartecho_pem4f.oem4f (.const:ti_sysbios_family_arm_m3_Timer_Module__id__C)
                  0000b414    00000004     uartecho_pem4f.oem4f (.const:ti_sysbios_family_arm_m3_Hwi_E_NMI__C)
                  0000b418    00000004     uartecho_pem4f.oem4f (.const:ti_sysbios_family_arm_m3_Hwi_E_alreadyDefined__C)
                  0000b41c    00000004     uartecho_pem4f.oem4f (.const:ti_sysbios_family_arm_m3_Hwi_E_busFault__C)
                  0000b420    00000004     uartecho_pem4f.oem4f (.const:ti_sysbios_family_arm_m3_Hwi_E_debugMon__C)
                  0000b424    00000004     uartecho_pem4f.oem4f (.const:ti_sysbios_family_arm_m3_Hwi_E_hardFault__C)
                  0000b428    00000004     uartecho_pem4f.oem4f (.const:ti_sysbios_family_arm_m3_Hwi_E_memFault__C)
                  0000b42c    00000004     uartecho_pem4f.oem4f (.const:ti_sysbios_family_arm_m3_Hwi_E_noIsr__C)
                  0000b430    00000004     uartecho_pem4f.oem4f (.const:ti_sysbios_family_arm_m3_Hwi_E_reserved__C)
                  0000b434    00000004     uartecho_pem4f.oem4f (.const:ti_sysbios_family_arm_m3_Hwi_E_svCall__C)
                  0000b438    00000004     uartecho_pem4f.oem4f (.const:ti_sysbios_family_arm_m3_Hwi_E_usageFault__C)
                  0000b43c    00000004     uartecho_pem4f.oem4f (.const:ti_sysbios_family_arm_m3_Hwi_NUM_INTERRUPTS__C)
                  0000b440    00000004     uartecho_pem4f.oem4f (.const:ti_sysbios_family_arm_m3_Hwi_Object__count__C)
                  0000b444    00000004     uartecho_pem4f.oem4f (.const:ti_sysbios_family_arm_m3_Hwi_ccr__C)
                  0000b448    00000004     uartecho_pem4f.oem4f (.const:ti_sysbios_family_arm_m3_Hwi_excHandlerFunc__C)
                  0000b44c    00000004     uartecho_pem4f.oem4f (.const:ti_sysbios_family_arm_m3_Hwi_excHookFuncs__C)
                  0000b450    00000004     uartecho_pem4f.oem4f (.const:ti_sysbios_family_arm_m3_Hwi_nullIsrFunc__C)
                  0000b454    00000004     uartecho_pem4f.oem4f (.const:ti_sysbios_family_arm_m3_Hwi_priGroup__C)
                  0000b458    00000004     uartecho_pem4f.oem4f (.const:ti_sysbios_family_arm_m3_Timer_E_cannotSupport__C)
                  0000b45c    00000004     uartecho_pem4f.oem4f (.const:ti_sysbios_family_arm_m3_Timer_startupNeeded__C)
                  0000b460    00000004     uartecho_pem4f.oem4f (.const:ti_sysbios_family_arm_msp432_Timer_numTimerDevices__C)
                  0000b464    00000004     uartecho_pem4f.oem4f (.const:ti_sysbios_family_arm_msp432_Timer_startupNeeded__C)
                  0000b468    00000004     uartecho_pem4f.oem4f (.const:ti_sysbios_gates_GateMutex_Instance_State_sem__O)
                  0000b46c    00000004     uartecho_pem4f.oem4f (.const:ti_sysbios_hal_Hwi_E_stackOverflow__C)
                  0000b470    00000004     uartecho_pem4f.oem4f (.const:ti_sysbios_heaps_HeapMem_E_memory__C)
                  0000b474    00000004     uartecho_pem4f.oem4f (.const:ti_sysbios_heaps_HeapMem_Module__gateObj__C)
                  0000b478    00000004     uartecho_pem4f.oem4f (.const:ti_sysbios_heaps_HeapMem_Object__count__C)
                  0000b47c    00000004     uartecho_pem4f.oem4f (.const:ti_sysbios_heaps_HeapMem_reqAlign__C)
                  0000b480    00000004     uartecho_pem4f.oem4f (.const:ti_sysbios_knl_Clock_Module_State_clockQ__O)
                  0000b484    00000004     uartecho_pem4f.oem4f (.const:ti_sysbios_knl_Mailbox_Instance_State_dataQue__O)
                  0000b488    00000004     uartecho_pem4f.oem4f (.const:ti_sysbios_knl_Mailbox_Instance_State_dataSem__O)
                  0000b48c    00000004     uartecho_pem4f.oem4f (.const:ti_sysbios_knl_Mailbox_Instance_State_freeQue__O)
                  0000b490    00000004     uartecho_pem4f.oem4f (.const:ti_sysbios_knl_Mailbox_Instance_State_freeSem__O)
                  0000b494    00000004     uartecho_pem4f.oem4f (.const:ti_sysbios_knl_Mailbox_Object__count__C)
                  0000b498    00000004     uartecho_pem4f.oem4f (.const:ti_sysbios_knl_Mailbox_maxTypeAlign__C)
                  0000b49c    00000004     uartecho_pem4f.oem4f (.const:ti_sysbios_knl_Semaphore_Instance_State_pendQ__O)
                  0000b4a0    00000004     uartecho_pem4f.oem4f (.const:ti_sysbios_knl_Swi_Object__count__C)
                  0000b4a4    00000004     uartecho_pem4f.oem4f (.const:ti_sysbios_knl_Task_E_spOutOfBounds__C)
                  0000b4a8    00000004     uartecho_pem4f.oem4f (.const:ti_sysbios_knl_Task_E_stackOverflow__C)
                  0000b4ac    00000004     uartecho_pem4f.oem4f (.const:ti_sysbios_knl_Task_Module_State_inactiveQ__O)
                  0000b4b0    00000004     uartecho_pem4f.oem4f (.const:ti_sysbios_knl_Task_Object__count__C)
                  0000b4b4    00000004     uartecho_pem4f.oem4f (.const:ti_sysbios_knl_Task_allBlockedFunc__C)
                  0000b4b8    00000004     uartecho_pem4f.oem4f (.const:ti_sysbios_knl_Task_numConstructedTasks__C)
                  0000b4bc    00000004     uartecho_pem4f.oem4f (.const:ti_sysbios_utils_Load_postUpdate__C)
                  0000b4c0    00000004     uartecho_pem4f.oem4f (.const:ti_sysbios_utils_Load_windowInMs__C)
                  0000b4c4    00000004     uartecho_pem4f.oem4f (.const:ti_uia_loggers_LoggerStopMode_Module__diagsEnabled__C)
                  0000b4c8    00000004     uartecho_pem4f.oem4f (.const:ti_uia_loggers_LoggerStopMode_Module__diagsIncluded__C)
                  0000b4cc    00000004     uartecho_pem4f.oem4f (.const:ti_uia_loggers_LoggerStopMode_Module__diagsMask__C)
                  0000b4d0    00000004     uartecho_pem4f.oem4f (.const:ti_uia_loggers_LoggerStopMode_Object__count__C)
                  0000b4d4    00000004     uartecho_pem4f.oem4f (.const:ti_uia_runtime_ILoggerSnapshot_Interface__BASE__C)
                  0000b4d8    00000004     uartecho_pem4f.oem4f (.const:ti_uia_runtime_IUIATransfer_Interface__BASE__C)
                  0000b4dc    00000004     uartecho_pem4f.oem4f (.const:xdc_runtime_Assert_E_assertFailed__C)
                  0000b4e0    00000004     uartecho_pem4f.oem4f (.const:xdc_runtime_Core_A_initializedParams__C)
                  0000b4e4    00000004     uartecho_pem4f.oem4f (.const:xdc_runtime_Core_Module__diagsEnabled__C)
                  0000b4e8    00000004     uartecho_pem4f.oem4f (.const:xdc_runtime_Core_Module__diagsIncluded__C)
                  0000b4ec    00000004     uartecho_pem4f.oem4f (.const:xdc_runtime_Core_Module__diagsMask__C)
                  0000b4f0    00000004     uartecho_pem4f.oem4f (.const:xdc_runtime_Error_E_memory__C)
                  0000b4f4    00000004     uartecho_pem4f.oem4f (.const:xdc_runtime_Error_Module__diagsEnabled__C)
                  0000b4f8    00000004     uartecho_pem4f.oem4f (.const:xdc_runtime_Error_Module__diagsIncluded__C)
                  0000b4fc    00000004     uartecho_pem4f.oem4f (.const:xdc_runtime_Error_Module__diagsMask__C)
                  0000b500    00000004     uartecho_pem4f.oem4f (.const:xdc_runtime_Error_Module__loggerFxn8__C)
                  0000b504    00000004     uartecho_pem4f.oem4f (.const:xdc_runtime_Error_Module__loggerObj__C)
                  0000b508    00000004     uartecho_pem4f.oem4f (.const:xdc_runtime_Error_policyFxn__C)
                  0000b50c    00000004     uartecho_pem4f.oem4f (.const:xdc_runtime_Error_raiseHook__C)
                  0000b510    00000004     uartecho_pem4f.oem4f (.const:xdc_runtime_IFilterLogger_Interface__BASE__C)
                  0000b514    00000004     uartecho_pem4f.oem4f (.const:xdc_runtime_IGateProvider_Interface__BASE__C)
                  0000b518    00000004     uartecho_pem4f.oem4f (.const:xdc_runtime_IHeap_Interface__BASE__C)
                  0000b51c    00000004     uartecho_pem4f.oem4f (.const:xdc_runtime_ILogger_Interface__BASE__C)
                  0000b520    00000004     uartecho_pem4f.oem4f (.const:xdc_runtime_IModule_Interface__BASE__C)
                  0000b524    00000004     uartecho_pem4f.oem4f (.const:xdc_runtime_Log_L_error__C)
                  0000b528    00000004     uartecho_pem4f.oem4f (.const:xdc_runtime_Memory_defaultHeapInstance__C)
                  0000b52c    00000004     uartecho_pem4f.oem4f (.const:xdc_runtime_Startup_execImpl__C)
                  0000b530    00000004     uartecho_pem4f.oem4f (.const:xdc_runtime_Startup_lastFxns__A)
                  0000b534    00000004     uartecho_pem4f.oem4f (.const:xdc_runtime_Startup_maxPasses__C)
                  0000b538    00000004     uartecho_pem4f.oem4f (.const:xdc_runtime_Startup_sfxnRts__C)
                  0000b53c    00000004     uartecho_pem4f.oem4f (.const:xdc_runtime_Startup_sfxnTab__C)
                  0000b540    00000004     uartecho_pem4f.oem4f (.const:xdc_runtime_SysMin_bufSize__C)
                  0000b544    00000004     uartecho_pem4f.oem4f (.const:xdc_runtime_SysMin_outputFunc__C)
                  0000b548    00000004     uartecho_pem4f.oem4f (.const:xdc_runtime_System_Module__gateObj__C)
                  0000b54c    00000004     uartecho_pem4f.oem4f (.const:xdc_runtime_System_abortFxn__C)
                  0000b550    00000004     uartecho_pem4f.oem4f (.const:xdc_runtime_System_exitFxn__C)
                  0000b554    00000004     uartecho_pem4f.oem4f (.const:xdc_runtime_System_extendFxn__C)
                  0000b558    00000004     uartecho_pem4f.oem4f (.const:xdc_runtime_System_maxAtexitHandlers__C)
                  0000b55c    00000004     uartecho_pem4f.oem4f (.const:xdc_runtime_Text_charTab__C)
                  0000b560    00000004     uartecho_pem4f.oem4f (.const:xdc_runtime_Text_nameEmpty__C)
                  0000b564    00000004     uartecho_pem4f.oem4f (.const:xdc_runtime_Text_nameStatic__C)
                  0000b568    00000004     uartecho_pem4f.oem4f (.const:xdc_runtime_Text_nameUnknown__C)
                  0000b56c    00000004     uartecho_pem4f.oem4f (.const:xdc_runtime_Text_nodeTab__C)
                  0000b570    00000004     uartecho_pem4f.oem4f (.const:xdc_runtime_Text_visitRopeFxn__C)
                  0000b574    00000002     uartecho_pem4f.oem4f (.const:ti_sysbios_family_arm_m3_TimestampProvider_configTimer__C)
                  0000b576    00000002     uartecho_pem4f.oem4f (.const:ti_sysbios_hal_Hwi_Module__id__C)
                  0000b578    00000002     uartecho_pem4f.oem4f (.const:ti_sysbios_heaps_HeapMem_Module__id__C)
                  0000b57a    00000002     uartecho_pem4f.oem4f (.const:ti_sysbios_knl_Task_Module__id__C)
                  0000b57c    00000002     uartecho_pem4f.oem4f (.const:ti_sysbios_utils_Load_updateInIdle__C)
                  0000b57e    00000002     uartecho_pem4f.oem4f (.const:ti_uia_loggers_LoggerStopMode_Module__id__C)
                  0000b580    00000002     uartecho_pem4f.oem4f (.const:ti_uia_loggers_LoggerStopMode_isTimestampEnabled__C)
                  0000b582    00000002     uartecho_pem4f.oem4f (.const:xdc_runtime_Core_Module__id__C)
                  0000b584    00000002     uartecho_pem4f.oem4f (.const:xdc_runtime_Error_Module__loggerDefined__C)
                  0000b586    00000002     uartecho_pem4f.oem4f (.const:xdc_runtime_Error_maxDepth__C)
                  0000b588    00000002     uartecho_pem4f.oem4f (.const:xdc_runtime_Memory_Module__id__C)
                  0000b58a    00000002     uartecho_pem4f.oem4f (.const:xdc_runtime_SysMin_flushAtExit__C)
                  0000b58c    00000002     uartecho_pem4f.oem4f (.const:xdc_runtime_Text_charCnt__C)
                  0000b58e    00000002     uartecho_pem4f.oem4f (.const:xdc_runtime_Text_isLoaded__C)
                  0000b590    00000002     uartecho_pem4f.oem4f (.const:xdc_runtime_Text_registryModsLastId__C)
                  0000b592    00000002     uartecho_pem4f.oem4f (.const:xdc_runtime_Text_unnamedModsLastId__C)

.cinit     0    0000b598    00000670     
                  0000b598    0000063a     (.cinit..data.load) [load image, compression = rle]
                  0000bbd2    00000002     --HOLE-- [fill = 0]
                  0000bbd4    0000000c     (__TI_handler_table)
                  0000bbe0    00000008     (.cinit..bss.load) [load image, compression = zero_init]
                  0000bbe8    00000008     (.cinit..vecs.load) [load image, compression = zero_init]
                  0000bbf0    00000018     (__TI_cinit_table)

.resetVecs 
*          0    00000000    0000003c     
                  00000000    0000003c     uartecho_pem4f.oem4f (.resetVecs)

.bss       0    20000180    00002f30     UNINITIALIZED
                  20000180    00001d88     uartecho_pem4f.oem4f (.bss:taskStackSection)
                  20001f08    00000400     uartecho_pem4f.oem4f (.bss:ti_sysbios_heaps_HeapMem_Instance_State_0_buf__A)
                  20002308    00000040     MSP_EXP432P401R.obj (.bss:uartMSP432RingBuffer)
                  20002348    00000030     drivers_MSP432P401R.aem4f : GPIOMSP432.oem4f (.bss:gpioCallbackInfo)
                  20002378    00000008     (.common:parmbuf)
                  20002380    00000400     uartecho_pem4f.oem4f (.bss:ti_uia_loggers_LoggerStopMode_Instance_State_2_packetArray__A)
                  20002780    00000200     uartecho_pem4f.oem4f (.bss:ti_uia_loggers_LoggerStopMode_Instance_State_1_packetArray__A)
                  20002980    00000140     uartecho_pem4f.oem4f (.bss:ti_sysbios_family_arm_m3_Hwi_dispatchTable)
                  20002ac0    00000120     rtsv7M4_T_le_v4SPD16_eabi.lib : trgmsg.obj (.bss:__CIOBUF_)
                  20002be0    0000001c     (.common:g_sContext)
                  20002bfc    00000002     (.common:Lcd_ScreenHeigth)
                  20002bfe    00000002     (.common:Lcd_ScreenWidth)
                  20002c00    00000100     uartecho_pem4f.oem4f (.bss:ti_uia_loggers_LoggerStopMode_Instance_State_0_packetArray__A)
                  20002d00    00000100     MSP_EXP432P401R.obj (.bss:uartMSP432Objects)
                  20002e00    000000c0     uartecho_pem4f.oem4f (.bss:ti_sysbios_knl_Mailbox_Instance_State_1_allocBuf__A)
                  20002ec0    00000080     uartecho_pem4f.oem4f (.bss:xdc_runtime_SysMin_Module_State_0_outbuf__A)
                  20002f40    00000018     (.common:ti_sysbios_knl_Mailbox_Instance_State_0_allocBuf__A)
                  20002f58    00000002     (.common:Lcd_TouchTrim)
                  20002f5a    00000001     (.common:Lcd_FlagRead)
                  20002f5b    00000001     (.common:Lcd_FontSolid)
                  20002f5c    00000001     (.common:Lcd_Orientation)
                  20002f5d    00000001     (.common:Lcd_PenSolid)
                  20002f5e    00000022     --HOLE--
                  20002f80    00000030     uartecho_pem4f.oem4f (.bss:ti_uia_loggers_LoggerStopMode_Instance_State_0_hdr__A)
                  20002fb0    00000050     --HOLE--
                  20003000    00000030     uartecho_pem4f.oem4f (.bss:ti_uia_loggers_LoggerStopMode_Instance_State_1_hdr__A)
                  20003030    00000050     --HOLE--
                  20003080    00000030     uartecho_pem4f.oem4f (.bss:ti_uia_loggers_LoggerStopMode_Instance_State_2_hdr__A)

.data      0    200030b0    0000092d     UNINITIALIZED
                  200030b0    0000019c     uartecho_pem4f.oem4f (.data)
                  2000324c    00000130     uartecho_pem4f.oem4f (.data:ti_sysbios_knl_Task_Object__table__V)
                  2000337c    000000a0     uartecho_pem4f.oem4f (.data:ti_sysbios_knl_Mailbox_Object__table__V)
[...]
00008991  ti_sysbios_gates_GateHwi_query__E                            
00008991  xdc_runtime_Main_Module_GateProxy_query__E                   
00008991  xdc_runtime_System_Module_GateProxy_query__E                 
00008999  ti_sysbios_BIOS_RtsGateProxy_query__E                        
00008999  ti_sysbios_gates_GateMutex_query__E                          
00008999  ti_sysbios_heaps_HeapMem_Module_GateProxy_query__E           
000089a1  ti_sysbios_knl_Clock_setTimeout__E                           
000089a9  ti_sysbios_knl_Task_startup__E                               
000089b1  ti_sysbios_family_arm_m3_TimestampProvider_rolloverFunc__E   
000089b9  ti_sysbios_gates_GateHwi_Instance_init__E                    
000089c1  ti_sysbios_knl_Clock_logTick__E                              
000089c4  xdc_runtime_Text_charTab__A                                  
0000abf9  xdc_runtime_Error_policy__C                                  
0000abfa  xdc_runtime_Text_nodeTab__A                                  
0000acfa  ti_sysbios_family_arm_m3_Hwi_Module__id__C                   
0000acfc  g_sFontFixed6x8                                              
0000ae44  uartMSP432Baudrates                                          
0000aeb4  ti_uia_loggers_LoggerStopMode_Module__FXNS__C                
0000af5c  uartMSP432HWAttrs                                            
0000afa4  ti_sysbios_family_arm_m3_Hwi_Object__PARAMS__C               
0000afd4  xdc_runtime_Startup_sfxnTab__A                               
0000b004  g_sCrystalfontz128x128                                       
0000b030  UARTMSP432_fxnTable                                          
0000b058  ti_sysbios_heaps_HeapMem_Module__FXNS__C                     
0000b080  ti_uia_loggers_LoggerStopMode_Object__PARAMS__C              
0000b0a8  UART_config                                                  
0000b0cc  UART_defaultParams                                           
0000b114  ti_sysbios_gates_GateHwi_Module__FXNS__C                     
0000b138  ti_sysbios_gates_GateMutex_Module__FXNS__C                   
0000b15c  ti_sysbios_heaps_HeapMem_Object__PARAMS__C                   
0000b180  ti_sysbios_knl_Clock_Object__PARAMS__C                       
0000b1a4  ti_sysbios_knl_Semaphore_Object__PARAMS__C                   
0000b1c8  m3Hwi0                                                       
0000b1cc  ADC_Mbx                                                      
0000b1d0  task0                                                        
0000b1d4  task1                                                        
0000b1d8  start_data_semaphore                                         
0000b1dc  adc_calc_semaphore                                           
0000b1e0  lcd_draw_semaphore                                           
0000b1e4  task2                                                        
0000b1e8  LCD_Mbx                                                      
0000b1ec  ti_sysbios_family_arm_m3_Hwi_Object__DESC__C                 
0000b20c  ti_sysbios_gates_GateHwi_Object__DESC__C                     
0000b22c  ti_sysbios_gates_GateMutex_Object__DESC__C                   
0000b24c  ti_sysbios_heaps_HeapMem_Object__DESC__C                     
0000b26c  ti_sysbios_knl_Clock_Object__DESC__C                         
0000b28c  ti_sysbios_knl_Queue_Object__DESC__C                         
0000b2ac  ti_sysbios_knl_Semaphore_Object__DESC__C                     
0000b2cc  ti_uia_loggers_LoggerStopMode_Object__DESC__C                
0000b328  ti_sysbios_gates_GateHwi_Object__PARAMS__C                   
0000b340  ti_sysbios_gates_GateMutex_Object__PARAMS__C                 
0000b358  ti_sysbios_knl_Queue_Object__PARAMS__C                       
0000b370  xdc_runtime_Startup_sfxnRts__A                               
0000b388  GPIOMSP432_config                                            
0000b39c  PowerMSP432_config                                           
0000b3ac  ti_sysbios_knl_Idle_funcList__A                              
0000b3d8  xdc_runtime_Startup_firstFxns__A                             
0000b3ec  ti_sysbios_family_arm_m3_Hwi_excHookFuncs__A                 
0000b3f4  ti_sysbios_knl_Idle_funcList__C                              
0000b3fc  xdc_runtime_Startup_firstFxns__C                             
0000b404  xdc_runtime_Startup_lastFxns__C                              
0000b412  ti_sysbios_family_arm_m3_Timer_Module__id__C                 
0000b414  ti_sysbios_family_arm_m3_Hwi_E_NMI__C                        
0000b418  ti_sysbios_family_arm_m3_Hwi_E_alreadyDefined__C             
0000b41c  ti_sysbios_family_arm_m3_Hwi_E_busFault__C                   
0000b420  ti_sysbios_family_arm_m3_Hwi_E_debugMon__C                   
0000b424  ti_sysbios_family_arm_m3_Hwi_E_hardFault__C                  
0000b428  ti_sysbios_family_arm_m3_Hwi_E_memFault__C                   
0000b42c  ti_sysbios_family_arm_m3_Hwi_E_noIsr__C                      
0000b430  ti_sysbios_family_arm_m3_Hwi_E_reserved__C                   
0000b434  ti_sysbios_family_arm_m3_Hwi_E_svCall__C                     
0000b438  ti_sysbios_family_arm_m3_Hwi_E_usageFault__C                 
0000b43c  ti_sysbios_family_arm_m3_Hwi_NUM_INTERRUPTS__C               
0000b440  ti_sysbios_family_arm_m3_Hwi_Object__count__C                
0000b444  ti_sysbios_family_arm_m3_Hwi_ccr__C                          
0000b448  ti_sysbios_family_arm_m3_Hwi_excHandlerFunc__C               
0000b44c  ti_sysbios_family_arm_m3_Hwi_excHookFuncs__C                 
0000b450  ti_sysbios_family_arm_m3_Hwi_nullIsrFunc__C                  
0000b454  ti_sysbios_family_arm_m3_Hwi_priGroup__C                     
0000b458  ti_sysbios_family_arm_m3_Timer_E_cannotSupport__C            
0000b45c  ti_sysbios_family_arm_m3_Timer_startupNeeded__C              
0000b460  ti_sysbios_family_arm_msp432_Timer_numTimerDevices__C        
0000b464  ti_sysbios_family_arm_msp432_Timer_startupNeeded__C          
0000b468  ti_sysbios_gates_GateMutex_Instance_State_sem__O             
0000b46c  ti_sysbios_hal_Hwi_E_stackOverflow__C                        
0000b470  ti_sysbios_heaps_HeapMem_E_memory__C                         
0000b474  ti_sysbios_heaps_HeapMem_Module__gateObj__C                  
0000b478  ti_sysbios_heaps_HeapMem_Object__count__C                    
0000b47c  ti_sysbios_heaps_HeapMem_reqAlign__C                         
0000b480  ti_sysbios_knl_Clock_Module_State_clockQ__O                  
0000b484  ti_sysbios_knl_Mailbox_Instance_State_dataQue__O             
0000b488  ti_sysbios_knl_Mailbox_Instance_State_dataSem__O             
0000b48c  ti_sysbios_knl_Mailbox_Instance_State_freeQue__O             
0000b490  ti_sysbios_knl_Mailbox_Instance_State_freeSem__O             
0000b494  ti_sysbios_knl_Mailbox_Object__count__C                      
0000b498  ti_sysbios_knl_Mailbox_maxTypeAlign__C                       
0000b49c  ti_sysbios_knl_Semaphore_Instance_State_pendQ__O             
0000b4a0  ti_sysbios_knl_Swi_Object__count__C                          
0000b4a4  ti_sysbios_knl_Task_E_spOutOfBounds__C                       
0000b4a8  ti_sysbios_knl_Task_E_stackOverflow__C                       
0000b4ac  ti_sysbios_knl_Task_Module_State_inactiveQ__O                
0000b4b0  ti_sysbios_knl_Task_Object__count__C                         
0000b4b4  ti_sysbios_knl_Task_allBlockedFunc__C                        
0000b4b8  ti_sysbios_knl_Task_numConstructedTasks__C                   
0000b4bc  ti_sysbios_utils_Load_postUpdate__C                          
0000b4c0  ti_sysbios_utils_Load_windowInMs__C                          
0000b4c4  ti_uia_loggers_LoggerStopMode_Module__diagsEnabled__C        
0000b4c8  ti_uia_loggers_LoggerStopMode_Module__diagsIncluded__C       
0000b4cc  ti_uia_loggers_LoggerStopMode_Module__diagsMask__C           
0000b4d0  ti_uia_loggers_LoggerStopMode_Object__count__C               
0000b4d4  ti_uia_runtime_ILoggerSnapshot_Interface__BASE__C            
0000b4d8  ti_uia_runtime_IUIATransfer_Interface__BASE__C               
0000b4dc  xdc_runtime_Assert_E_assertFailed__C                         
0000b4e0  xdc_runtime_Core_A_initializedParams__C                      
0000b4e4  xdc_runtime_Core_Module__diagsEnabled__C                     
0000b4e8  xdc_runtime_Core_Module__diagsIncluded__C                    
0000b4ec  xdc_runtime_Core_Module__diagsMask__C                        
0000b4f0  xdc_runtime_Error_E_memory__C                                
0000b4f4  xdc_runtime_Error_Module__diagsEnabled__C                    
0000b4f8  xdc_runtime_Error_Module__diagsIncluded__C                   
0000b4fc  xdc_runtime_Error_Module__diagsMask__C                       
0000b500  xdc_runtime_Error_Module__loggerFxn8__C                      
0000b504  xdc_runtime_Error_Module__loggerObj__C                       
0000b508  xdc_runtime_Error_policyFxn__C                               
0000b50c  xdc_runtime_Error_raiseHook__C                               
0000b510  xdc_runtime_IFilterLogger_Interface__BASE__C                 
0000b514  xdc_runtime_IGateProvider_Interface__BASE__C                 
0000b518  xdc_runtime_IHeap_Interface__BASE__C                         
0000b51c  xdc_runtime_ILogger_Interface__BASE__C                       
0000b520  xdc_runtime_IModule_Interface__BASE__C                       
0000b524  xdc_runtime_Log_L_error__C                                   
0000b528  xdc_runtime_Memory_defaultHeapInstance__C                    
0000b52c  xdc_runtime_Startup_execImpl__C                              
0000b530  xdc_runtime_Startup_lastFxns__A                              
0000b534  xdc_runtime_Startup_maxPasses__C                             
0000b538  xdc_runtime_Startup_sfxnRts__C                               
0000b53c  xdc_runtime_Startup_sfxnTab__C                               
0000b540  xdc_runtime_SysMin_bufSize__C                                
0000b544  xdc_runtime_SysMin_outputFunc__C                             
0000b548  xdc_runtime_System_Module__gateObj__C                        
0000b54c  xdc_runtime_System_abortFxn__C                               
0000b550  xdc_runtime_System_exitFxn__C                                
0000b554  xdc_runtime_System_extendFxn__C                              
0000b558  xdc_runtime_System_maxAtexitHandlers__C                      
0000b55c  xdc_runtime_Text_charTab__C                                  
0000b560  xdc_runtime_Text_nameEmpty__C                                
0000b564  xdc_runtime_Text_nameStatic__C                               
0000b568  xdc_runtime_Text_nameUnknown__C                              
0000b56c  xdc_runtime_Text_nodeTab__C                                  
0000b570  xdc_runtime_Text_visitRopeFxn__C                             
0000b574  ti_sysbios_family_arm_m3_TimestampProvider_configTimer__C    
0000b576  ti_sysbios_hal_Hwi_Module__id__C                             
0000b578  ti_sysbios_heaps_HeapMem_Module__id__C                       
0000b57a  ti_sysbios_knl_Task_Module__id__C                            
0000b57c  ti_sysbios_utils_Load_updateInIdle__C                        
0000b57e  ti_uia_loggers_LoggerStopMode_Module__id__C                  
0000b580  ti_uia_loggers_LoggerStopMode_isTimestampEnabled__C          
0000b582  xdc_runtime_Core_Module__id__C                               
0000b584  xdc_runtime_Error_Module__loggerDefined__C                   
0000b586  xdc_runtime_Error_maxDepth__C                                
0000b588  xdc_runtime_Memory_Module__id__C                             
0000b58a  xdc_runtime_SysMin_flushAtExit__C                            
0000b58c  xdc_runtime_Text_charCnt__C                                  
0000b58e  xdc_runtime_Text_isLoaded__C                                 
0000b590  xdc_runtime_Text_registryModsLastId__C                       
0000b592  xdc_runtime_Text_unnamedModsLastId__C                        
0000b598  __TI_static_base__                                           
0000bbd4  __TI_Handler_Table_Base                                      
0000bbe0  __TI_Handler_Table_Limit                                     
0000bbf0  __TI_CINIT_Base                                              
0000bc08  __TI_CINIT_Limit                                             
20000000  ti_sysbios_family_arm_m3_Hwi_ramVectors                      
20000180  ti_sysbios_knl_Task_Instance_State_0_stack__A                
20000580  ti_sysbios_knl_Task_Instance_State_1_stack__A                
20001908  ti_sysbios_knl_Task_Instance_State_2_stack__A                
20001d08  ti_sysbios_knl_Task_Instance_State_3_stack__A                
20001f08  ti_sysbios_heaps_HeapMem_Instance_State_0_buf__A             
20002308  uartMSP432RingBuffer                                         
20002380  ti_uia_loggers_LoggerStopMode_Instance_State_2_packetArray__A
20002780  ti_uia_loggers_LoggerStopMode_Instance_State_1_packetArray__A
20002980  ti_sysbios_family_arm_m3_Hwi_dispatchTable                   
20002ac0  __CIOBUF_                                                    
20002be0  g_sContext                                                   
20002bfc  Lcd_ScreenHeigth                                             
20002bfe  Lcd_ScreenWidth                                              
20002c00  ti_uia_loggers_LoggerStopMode_Instance_State_0_packetArray__A
20002d00  uartMSP432Objects                                            
20002e00  ti_sysbios_knl_Mailbox_Instance_State_1_allocBuf__A          
20002ec0  xdc_runtime_SysMin_Module_State_0_outbuf__A                  
20002f40  ti_sysbios_knl_Mailbox_Instance_State_0_allocBuf__A          
20002f58  Lcd_TouchTrim                                                
20002f5a  Lcd_FlagRead                                                 
20002f5b  Lcd_FontSolid                                                
20002f5c  Lcd_Orientation                                              
20002f5d  Lcd_PenSolid                                                 
20002f80  ti_uia_loggers_LoggerStopMode_Instance_State_0_hdr__A        
20003000  ti_uia_loggers_LoggerStopMode_Instance_State_1_hdr__A        
20003080  ti_uia_loggers_LoggerStopMode_Instance_State_2_hdr__A        
200030b0  xdc_runtime_Diags_dictElems                                  
200030d0  ti_sysbios_family_arm_m3_Hwi_Module__root__V                 
200030d8  ti_sysbios_family_arm_m3_Hwi_Module_State_0_excActive__A     
200030dc  ti_sysbios_family_arm_m3_Hwi_Module_State_0_excContext__A    
200030e0  ti_sysbios_family_arm_m3_Hwi_Module_State_0_excStack__A      
200030e4  ti_sysbios_family_arm_m3_Timer_Module__root__V               
200030ec  ti_sysbios_family_arm_m3_Timer_Module__state__V              
200030f8  ti_sysbios_family_arm_m3_TimestampProvider_Module__state__V  
200030fc  ti_sysbios_family_arm_msp432_ClockFreqs_Module__state__V     
20003108  ti_sysbios_family_arm_msp432_Timer_Module__root__V           
20003110  ti_sysbios_family_arm_msp432_Timer_Module_State_0_device__A  
20003130  ti_sysbios_family_arm_msp432_Timer_Module_State_0_handles__A 
20003140  ti_sysbios_family_arm_msp432_Timer_Module__state__V          
2000314c  ti_sysbios_gates_GateHwi_Module__root__V                     
20003154  ti_sysbios_gates_GateHwi_Object__table__V                    
20003158  ti_sysbios_gates_GateMutex_Module__root__V                   
20003160  ti_sysbios_hal_Hwi_Module__root__V                           
20003168  ti_sysbios_heaps_HeapMem_Module__root__V                     
20003170  ti_sysbios_heaps_HeapMem_Object__table__V                    
20003188  ti_sysbios_knl_Clock_Module__root__V                         
20003190  ti_sysbios_knl_Event_Module__root__V                         
2000319c  ti_sysbios_knl_Mailbox_Module__root__V                       
200031a4  ti_sysbios_knl_Queue_Module__root__V                         
200031ac  ti_sysbios_knl_Semaphore_Module__root__V                     
200031b4  ti_sysbios_knl_Swi_Module__root__V                           
200031bc  ti_sysbios_knl_Swi_Module__state__V                          
200031d8  ti_sysbios_knl_Task_Module__root__V                          
200031e4  ti_sysbios_knl_Task_Module_State_0_idleTask__A               
200031e8  ti_sysbios_utils_Load_Module_State_0_taskStartTime__A        
200031ec  ti_sysbios_utils_Load_Module_State_0_runningTask__A          
200031f0  ti_uia_loggers_LoggerStopMode_Module__root__V                
200031f8  ti_uia_loggers_LoggerStopMode_Module__state__V               
20003200  ti_uia_runtime_QueueDescriptor_Module__state__V              
2000320c  xdc_runtime_Error_Module__state__V                           
2000320e  xdc_runtime_Main_Module__root__V                             
20003210  xdc_runtime_Memory_Module__state__V                          
20003214  xdc_runtime_Registry_Module__state__V                        
2000321c  xdc_runtime_Startup_Module__state__V                         
20003224  xdc_runtime_SysMin_Module__state__V                          
20003230  xdc_runtime_System_Module_State_0_atexitHandlers__A          
20003238  xdc_runtime_System_Module__state__V                          
20003240  xdc_runtime_Text_Module__state__V                            
20003248  __xdc__init__addr                                            
2000324c  ti_sysbios_knl_Task_Object__table__V                         
2000337c  ti_sysbios_knl_Mailbox_Object__table__V                      
2000341c  PowerMSP432_perfLevels                                       
200034b8  ti_uia_loggers_LoggerStopMode_Object__table__V               
20003554  ti_sysbios_utils_Load_Module__state__V                       
200035ec  ti_sysbios_knl_Swi_Module_State_0_readyQ__A                  
2000366c  ti_sysbios_knl_Task_Module_State_0_readyQ__A                 
200036ec  ti_sysbios_family_arm_msp432_Timer_Object__table__V          
20003738  ti_sysbios_family_arm_m3_Hwi_Object__table__V                
20003780  ti_sysbios_knl_Task_Module__state__V                         
200037c4  ti_sysbios_knl_Semaphore_Object__table__V                    
20003800  ti_sysbios_gates_GateMutex_Object__table__V                  
20003838  ti_sysbios_family_arm_m3_Hwi_Module__state__V                
200038cc  ti_sysbios_family_arm_m3_Timer_Object__table__V              
200038fc  ti_sysbios_knl_Swi_Object__table__V                          
2000392c  ti_sysbios_knl_Clock_Module__state__V                        
20003958  PowerMSP432_module                                           
2000397c  ti_sysbios_BIOS_Module__state__V                             
200039a4  gpioPinConfigs                                               
200039b4  gpioCallbackFunctions                                        
200039bc  _lock                                                        
200039c0  _unlock                                                      
200039c4  __TI_cleanup_ptr                                             
200039c8  __TI_dtors_ptr                                               
200039cc  ti_uia_runtime_QueueDescriptor_gPtrToFirstDescriptor         
200039d0  ti_uia_runtime_QueueDescriptor_gUpdateCount                  
200039d8  main_func_sp                                                 
2000fd00  __stack                                                      
20010000  __STACK_END                                                  
4000480c  WDTCTL_SYM                                                   
e000e000  ti_sysbios_family_arm_m3_Hwi_nvic                            
ffffffff  __binit__                                                    
ffffffff  __c_args__                                                   
ffffffff  binit                                                        
UNDEFED   SHT$$INIT_ARRAY$$Base                                        
UNDEFED   SHT$$INIT_ARRAY$$Limit                                       

[796 symbols]
