******************************************************************************
                  TI ARM Linker Unix v5.2.6                    
******************************************************************************
>> Linked Wed Apr  6 02:02:49 2016

OUTPUT FILE NAME:   <uartecho_MSP_EXP432P401R_TI_MSP432P401R.out>
ENTRY POINT SYMBOL: "_c_int00"  address: 000059bd


MEMORY CONFIGURATION

         name            origin    length      used     unused   attr    fill
----------------------  --------  ---------  --------  --------  ----  --------
  MAIN                  00000000   00040000  0000ba54  000345ac  R  X
  INFO                  00200000   00004000  00000000  00004000  R  X
  SRAM_CODE             01000000   00010000  00000000  00010000  RW X
  SRAM_DATA             20000000   00010000  00002d1d  0000d2e3  RW  


SEGMENT ALLOCATION MAP

run origin  load origin   length   init length attrs members
----------  ----------- ---------- ----------- ----- -------
00000000    00000000    0000ba60   0000ba60    r-x
  00000000    00000000    0000003c   0000003c    r-- .resetVecs
  00000040    00000040    000087da   000087da    r-x .text
  0000881c    0000881c    00002bce   00002bce    r-- .const
  0000b3f0    0000b3f0    00000670   00000670    r-- .cinit
20000000    20000000    00000140   00000000    rw-
  20000000    20000000    00000140   00000000    rw- .vecs
20000180    20000180    000028dd   00000000    rw-
  20000180    20000180    00001fb0   00000000    rw- .bss
  20002130    20002130    0000092d   00000000    rw- .data
2000fd00    2000fd00    00000300   00000000    rw-
  2000fd00    2000fd00    00000300   00000000    rw- .stack


SECTION ALLOCATION MAP

 output                                  attributes/
section   page    origin      length       input sections
--------  ----  ----------  ----------   ----------------
.text      0    00000040    000087da     
                  00000040    0000047e     string.obj (.text:Graphics_drawString)
                  000004be    00000002     power_tirtos_MSP432P401R.aem4f : PowerMSP432_tirtos.oem4f (.text:PowerMSP432_initPolicy)
                  000004c0    00000430     sysbios.aem4f : BIOS.obj (.text:ti_sysbios_family_arm_m3_Hwi_excDumpRegs__I)
                  000008f0    0000034c     ti.targets.arm.rtsarm.aem4f : System.oem4f (.text:xdc_runtime_System_doPrint__I)
                  00000c3c    000002d4     rtsv7M4_T_le_v4SPD16_eabi.lib : trgdrv.obj (.text)
                  00000f10    00000260     drivers_MSP432P401R.aem4f : UARTMSP432.oem4f (.text:UARTMSP432_open)
                  00001170    00000230     main.obj (.text:adcCalc)
                  000013a0    000001ce     Crystalfontz128x128_ST7735.obj (.text:Crystalfontz128x128_PixelDrawMultiple)
                  0000156e    000001a0     msp432p4xx_driverlib.lib : pcm.o (.text:__PCM_setPowerStateAdvanced)
                  0000170e    00000002     rtsv7M4_T_le_v4SPD16_eabi.lib : i_div0.obj (.text)
                  00001710    00000174     sysbios.aem4f : BIOS.obj (.text:ti_sysbios_family_arm_m3_Hwi_excBusFault__I)
                  00001884    00000004     msp432p4xx_driverlib.lib : cpu.o (.text:CPU_wfi)
                  00001888    00000164     sysbios.aem4f : BIOS.obj (.text:ti_sysbios_family_arm_m3_Hwi_excUsageFault__I)
                  000019ec    00000154     msp432p4xx_driverlib.lib : adc14.o (.text:_getIndexForMemRegister)
                  00001b40    00000148     sysbios.aem4f : BIOS.obj (.text:ti_sysbios_family_arm_m3_Hwi_excMemFault__I)
                  00001c88    00000140     drivers_MSP432P401R.aem4f : GPIOMSP432.oem4f (.text:GPIO_setConfig)
                  00001dc8    00000138     uartecho_pem4f.oem4f (.text:ti_uia_loggers_LoggerStopMode_writeMemoryRange__E)
                  00001f00    00000134     Crystalfontz128x128_ST7735.obj (.text:Crystalfontz128x128_SetDrawFrame)
                  00002034    0000012c     Crystalfontz128x128_ST7735.obj (.text:Crystalfontz128x128_Init)
                  00002160    00000128     sysbios.aem4f : BIOS.obj (.text:ti_sysbios_knl_Semaphore_pend__E)
                  00002288    0000011c     main.obj (.text:echoFxn)
                  000023a4    00000118     ti.targets.arm.rtsarm.aem4f : Error.oem4f (.text:xdc_runtime_Error_policyDefault__E)
                  000024bc    00000004     msp432p4xx_driverlib.lib : spi.o (.text:EUSCI_A_SPI_transmitData)
                  000024c0    0000010c     sysbios.aem4f : BIOS.obj (.text:ti_sysbios_family_arm_m3_Hwi_excFillContext__I)
                  000025cc    0000010c     uartecho_pem4f.oem4f (.text:ti_uia_loggers_LoggerStopMode_write8__E)
                  000026d8    00000108     sysbios.aem4f : BIOS.obj (.text:ti_sysbios_family_arm_m3_Hwi_excHandlerMax__I)
                  000027e0    00000100     ti.targets.arm.rtsarm.aem4f : Core-mem.oem4f (.text:xdc_runtime_Core_createObject__I)
                  000028e0    000000fa     string.obj (.text:Graphics_getStringWidth)
                  000029da    00000002     uartecho_pem4f.oem4f (.text:ti_sysbios_BIOS_nullFunc__I)
                  000029dc    000000f8     lcd_display.obj (.text:combine_ints_to_string)
                  00002ad4    000000f8     ti.targets.arm.rtsarm.aem4f : Startup.oem4f (.text:xdc_runtime_Startup_startMods__I)
                  00002bcc    000000f8     uartecho_pem4f.oem4f (.text:xdc_runtime_System_printfExtend__I)
                  00002cc4    000000f4     drivers_MSP432P401R.aem4f : PowerMSP432.oem4f (.text:Power_sleep)
                  00002db8    000000f4     sysbios.aem4f : m3_Hwi_asm.obj (.text:ti_sysbios_family_arm_m3_Hwi_dispatch__I)
                  00002eac    000000f4     uartecho_pem4f.oem4f (.text:ti_uia_loggers_LoggerStopMode_write4__E)
                  00002fa0    000000f0     drivers_MSP432P401R.aem4f : PowerMSP432.oem4f (.text:initPerfControl)
                  00003090    000000e8     uartecho_pem4f.oem4f (.text:ti_uia_loggers_LoggerStopMode_write2__E)
                  00003178    000000e4     uartecho_pem4f.oem4f (.text:ti_uia_loggers_LoggerStopMode_write1__E)
                  0000325c    000000e0     msp432p4xx_driverlib.lib : cs.o (.text:CS_initClockSignal)
                  0000333c    000000dc                              : pcm.o (.text:__PCM_setPowerModeAdvanced)
                  00003418    000000d8     uartecho_pem4f.oem4f (.text:ti_uia_loggers_LoggerStopMode_write0__E)
                  000034f0    000000d0     lcd_display.obj (.text:init_lcd)
                  000035c0    000000cc     sysbios.aem4f : BIOS.obj (.text:ti_sysbios_heaps_HeapMem_alloc__E)
                  0000368c    000000cc     ti.targets.arm.rtsarm.aem4f : Core-smem.oem4f (.text:xdc_runtime_Core_constructObject__I)
                  00003758    000000c4     ped_adc.obj (.text:init_adc)
                  0000381c    00000004     msp432p4xx_driverlib.lib : spi.o (.text:EUSCI_B_SPI_transmitData)
                  00003820    000000bc     sysbios.aem4f : BIOS.obj (.text:ti_sysbios_family_arm_m3_Hwi_excDebugMon__I)
                  000038dc    00000004     tirtosport.aem4f : HwiP_tirtos.oem4f (.text:HwiP_disable)
                  000038e0    000000bc     sysbios.aem4f : BIOS.obj (.text:ti_sysbios_family_arm_m3_Hwi_excHardFault__I)
                  0000399c    00000004     drivers_MSP432P401R.aem4f : List.oem4f (.text:List_head)
                  000039a0    000000b4     sysbios.aem4f : BIOS.obj (.text:ti_sysbios_knl_Task_checkStacks__E)
                  00003a54    000000b0     drivers_MSP432P401R.aem4f : UARTMSP432.oem4f (.text:UARTMSP432_readPolling)
                  00003b04    000000b0     msp432p4xx_driverlib.lib : pcm.o (.text:__PCM_setCoreVoltageLevelAdvanced)
                  00003bb4    00000004     drivers_MSP432P401R.aem4f : List.oem4f (.text:List_next)
                  00003bb8    000000a8     sysbios.aem4f : BIOS.obj (.text:ti_sysbios_family_arm_msp432_Timer_periodicStub__E)
                  00003c60    000000a4     drivers_MSP432P401R.aem4f : UARTMSP432.oem4f (.text:UARTMSP432_control)
                  00003d04    000000a0     auto_init.aem4f : auto_init.oem4f (.text)
                  00003da4    000000a0     ti.targets.arm.rtsarm.aem4f : Text.oem4f (.text:xdc_runtime_Text_putMod__E)
                  00003e44    0000009c     Crystalfontz128x128_ST7735.obj (.text:Crystalfontz128x128_RectFill)
                  00003ee0    0000009c     line.obj (.text:Graphics_drawLineH)
                  00003f7c    0000009c     drivers_MSP432P401R.aem4f : UARTMSP432.oem4f (.text:readTaskBlocking)
                  00004018    0000009c     rtsv7M4_T_le_v4SPD16_eabi.lib : memcpy_t2.obj (.text)
                  000040b4    0000009a     ti.targets.arm.rtsarm.aem4f : Text.oem4f (.text:xdc_runtime_Text_putSite__E)
                  0000414e    00000002     uartecho_pem4f.oem4f (.text:ti_uia_loggers_LoggerStopMode_setFilterLevel__E)
                  00004150    00000094     msp432p4xx_driverlib.lib : uart.o (.text:UART_initModule)
                  000041e4    00000004     drivers_MSP432P401R.aem4f : PowerMSP432.oem4f (.text:PowerMSP432_getNumPerfLevels)
                  000041e8    00000094     sysbios.aem4f : BIOS.obj (.text:ti_sysbios_family_arm_m3_Hwi_Instance_init__E)
                  0000427c    00000004     uartecho_pem4f.oem4f (.text:ti_sysbios_BIOS_RtsGateProxy_enter__E)
                  00004280    00000094     sysbios.aem4f : BIOS.obj (.text:ti_sysbios_family_arm_m3_Hwi_initNVIC__E)
                  00004314    00000090     ti.uia.loggers.aem4f : LoggerStopMode.oem4f (.text:ti_uia_loggers_LoggerStopMode_initQueueDescriptor__E)
                  000043a4    0000008c     sysbios.aem4f : m3_TaskSupport_asm.obj (.text:ti_sysbios_family_arm_m3_TaskSupport_buildTaskStack)
                  00004430    0000008c                   : BIOS.obj (.text:ti_sysbios_knl_Task_postInit__I)
                  000044bc    0000008a     drivers_MSP432P401R.aem4f : UARTMSP432.oem4f (.text:UARTMSP432_close)
                  00004546    00000002     ti.uia.loggers.aem4f : LoggerStopMode.oem4f (.text:ti_uia_loggers_LoggerStopMode_setPriority__E)
                  00004548    00000088     main.obj (.text:LcDTask)
                  000045d0    00000088     msp432p4xx_driverlib.lib : spi.o (.text:SPI_initMaster)
                  00004658    00000088     sysbios.aem4f : BIOS.obj (.text:ti_sysbios_knl_Mailbox_post__E)
                  000046e0    00000084     drivers_MSP432P401R.aem4f : UARTMSP432.oem4f (.text:initHw)
                  00004764    00000004     uartecho_pem4f.oem4f (.text:ti_sysbios_BIOS_RtsGateProxy_leave__E)
                  00004768    00000084     sysbios.aem4f : BIOS.obj (.text:ti_sysbios_family_arm_m3_Hwi_postInit__I)
                  000047ec    00000084     drivers_MSP432P401R.aem4f : UARTMSP432.oem4f (.text:writeData)
                  00004870    00000082                               : UARTMSP432.oem4f (.text:readIsrTextCallback)
                  000048f2    00000002     --HOLE-- [fill = 0]
                  000048f4    00000080     main.obj (.text:ADC14_IRQHandler)
                  00004974    00000004     uartecho_pem4f.oem4f (.text:ti_sysbios_family_arm_m3_Hwi_destruct)
                  00004978    00000080     sysbios.aem4f : BIOS.obj (.text:ti_sysbios_utils_Load_updateLoads__E)
                  000049f8    0000007c     msp432p4xx_driverlib.lib : pcm.o (.text:PCM_gotoLPM3)
                  00004a74    00000004     uartecho_pem4f.oem4f (.text:ti_sysbios_family_arm_m3_TaskSupport_Module__startupDone__S)
                  00004a78    0000007c     sysbios.aem4f : BIOS.obj (.text:ti_sysbios_family_arm_m3_TimestampProvider_get64__E)
                  00004af4    00000004     uartecho_pem4f.oem4f (.text:ti_sysbios_heaps_HeapMem_Module_GateProxy_enter__E)
                  00004af8    0000007c     sysbios.aem4f : BIOS.obj (.text:ti_sysbios_heaps_HeapMem_free__E)
                  00004b74    0000007a     drivers_MSP432P401R.aem4f : UARTMSP432.oem4f (.text:UARTMSP432_write)
                  00004bee    0000007a                               : UARTMSP432.oem4f (.text:readTaskCallback)
                  00004c68    0000007a     rtsv7M4_T_le_v4SPD16_eabi.lib : memset_t2.obj (.text)
                  00004ce2    00000074     drivers_MSP432P401R.aem4f : UARTMSP432.oem4f (.text:readIsrTextBlocking)
                  00004d56    00000002     --HOLE-- [fill = 0]
                  00004d58    00000074     sysbios.aem4f : BIOS.obj (.text:ti_sysbios_knl_Mailbox_pend__E)
                  00004dcc    00000074     ti.uia.runtime.aem4f : QueueDescriptor.oem4f (.text:ti_uia_runtime_QueueDescriptor_addToList__E)
                  00004e40    00000070     sysbios.aem4f : BIOS.obj (.text:ti_sysbios_knl_Semaphore_post__E)
                  00004eb0    00000070     lcd_display.obj (.text:write_lcd)
                  00004f20    0000006d     ti.targets.arm.rtsarm.aem4f : System.oem4f (.text:xdc_runtime_System_formatNum__I)
                  00004f8d    00000003     --HOLE-- [fill = 0]
                  00004f90    0000006c     sysbios.aem4f : BIOS.obj (.text:ti_sysbios_knl_Clock_workFunc__E)
                  00004ffc    00000004     uartecho_pem4f.oem4f (.text:ti_sysbios_heaps_HeapMem_Module_GateProxy_leave__E)
                  00005000    0000006c     sysbios.aem4f : BIOS.obj (.text:ti_sysbios_knl_Swi_restoreHwi__E)
                  0000506c    00000004     uartecho_pem4f.oem4f (.text:ti_sysbios_knl_Clock_TimerProxy_getMaxTicks__E)
                  00005070    0000006c     sysbios.aem4f : BIOS.obj (.text:ti_sysbios_knl_Task_exit__E)
                  000050dc    0000006c     ti.targets.arm.rtsarm.aem4f : Error.oem4f (.text:xdc_runtime_Error_print__E)
                  00005148    0000006c                                 : Memory.oem4f (.text:xdc_runtime_Memory_alloc__E)
                  000051b4    0000006a     rtsv7M4_T_le_v4SPD16_eabi.lib : copy_decompress_rle.obj (.text)
                  0000521e    00000002     --HOLE-- [fill = 0]
                  00005220    00000068                                   : trgmsg.obj (.text)
                  00005288    00000066     ti.uia.loggers.aem4f : LoggerStopMode.oem4f (.text:ti_uia_loggers_LoggerStopMode_flush__E)
                  000052ee    00000066     ti.targets.arm.rtsarm.aem4f : Core-mem.oem4f (.text:xdc_runtime_Core_deleteObject__I)
                  00005354    00000064     drivers_MSP432P401R.aem4f : UARTMSP432.oem4f (.text:UARTMSP432_writePolling)
                  000053b8    00000064     lcd_display.obj (.text:itoa)
                  0000541c    00000004     uartecho_pem4f.oem4f (.text:ti_sysbios_knl_Clock_destruct)
                  00005420    00000064     sysbios.aem4f : BIOS.obj (.text:ti_sysbios_family_arm_m3_Hwi_dispatchC__I)
                  00005484    00000004     uartecho_pem4f.oem4f (.text:ti_sysbios_knl_Queue_destruct)
                  00005488    00000064     sysbios.aem4f : BIOS.obj (.text:ti_sysbios_utils_Load_idleFxn__E)
                  000054ec    00000062     tirtosport.aem4f : HwiP_tirtos.oem4f (.text:HwiP_create)
                  0000554e    00000060     Crystalfontz128x128_ST7735.obj (.text:Crystalfontz128x128_LineDrawH)
                  000055ae    00000060     Crystalfontz128x128_ST7735.obj (.text:Crystalfontz128x128_LineDrawV)
                  0000560e    00000002     --HOLE-- [fill = 0]
                  00005610    00000060     sysbios.aem4f : BIOS.obj (.text:ti_sysbios_family_arm_m3_TimestampProvider_get32__E)
                  00005670    00000060                   : BIOS.obj (.text:ti_sysbios_knl_Task_schedule__I)
                  000056d0    0000005c     drivers_MSP432P401R.aem4f : GPIOMSP432.oem4f (.text:GPIO_init)
                  0000572c    00000004     uartecho_pem4f.oem4f (.text:ti_sysbios_knl_Semaphore_destruct)
                  00005730    0000005c     sysbios.aem4f : BIOS.obj (.text:ti_sysbios_knl_Swi_run__I)
                  0000578c    00000004     ti.uia.loggers.aem4f : LoggerStopMode.oem4f (.text:ti_uia_loggers_LoggerStopMode_getContents__E)
                  00005790    0000005c     sysbios.aem4f : BIOS.obj (.text:ti_sysbios_knl_Swi_schedule__I)
                  000057ec    00000004     uartecho_pem4f.oem4f (.text:ti_uia_loggers_LoggerStopMode_getFilterLevel__E)
                  000057f0    0000005c     sysbios.aem4f : BIOS.obj (.text:ti_sysbios_knl_Task_Module_startup__E)
                  0000584c    00000004     ti.uia.loggers.aem4f : LoggerStopMode.oem4f (.text:ti_uia_loggers_LoggerStopMode_getInstanceId__E)
                  00005850    0000005c     sysbios.aem4f : BIOS.obj (.text:ti_sysbios_knl_Task_startCore__E)
                  000058ac    0000005b     ti.targets.arm.rtsarm.aem4f : Text.oem4f (.text:xdc_runtime_Text_putLab__E)
                  00005907    00000001     --HOLE-- [fill = 0]
                  00005908    0000005a     tirtosport.aem4f : ClockP_tirtos.oem4f (.text:ClockP_create)
                  00005962    00000058                      : SemaphoreP_tirtos.oem4f (.text:SemaphoreP_create)
                  000059ba    00000002     --HOLE-- [fill = 0]
                  000059bc    00000058     boot.aem4f : boot.oem4f (.text)
                  00005a14    00000058     uartecho_pem4f.oem4f (.text:ti_sysbios_family_arm_m3_Hwi_construct)
                  00005a6c    00000058     sysbios.aem4f : m3_Hwi_asm_switch.obj (.text:ti_sysbios_family_arm_m3_Hwi_initStacks__E)
                  00005ac4    00000054     Crystalfontz128x128_ST7735.obj (.text:Crystalfontz128x128_SetOrientation)
                  00005b18    00000054     drivers_MSP432P401R.aem4f : GPIOMSP432.oem4f (.text:GPIO_hwiIntFxn)
                  00005b6c    00000054                               : GPIOMSP432.oem4f (.text:GPIO_setCallback)
                  00005bc0    00000054     sysbios.aem4f : BIOS.obj (.text:ti_sysbios_family_arm_m3_Timer_start__E)
                  00005c14    00000004     ti.uia.loggers.aem4f : LoggerStopMode.oem4f (.text:ti_uia_loggers_LoggerStopMode_getMaxLength__E)
                  00005c18    00000054     sysbios.aem4f : BIOS.obj (.text:ti_sysbios_family_arm_msp432_Timer_initDevice__I)
                  00005c6c    00000004     ti.uia.loggers.aem4f : LoggerStopMode.oem4f (.text:ti_uia_loggers_LoggerStopMode_getPriority__E)
                  00005c70    00000054     sysbios.aem4f : BIOS.obj (.text:ti_sysbios_family_arm_msp432_init_Boot_configureClocksHigh)
                  00005cc4    00000054     ti.targets.arm.rtsarm.aem4f : Assert.oem4f (.text:xdc_runtime_Assert_raise__I)
                  00005d18    00000052     drivers_MSP432P401R.aem4f : UARTMSP432.oem4f (.text:UARTMSP432_writeCancel)
                  00005d6a    00000052     lcd_display.obj (.text:reverse)
                  00005dbc    00000050     msp432p4xx_driverlib.lib : pcm.o (.text:PCM_shutdownDevice)
                  00005e0c    00000050     power_tirtos_MSP432P401R.aem4f : PowerMSP432_tirtos.oem4f (.text:PowerMSP432_sleepPolicy)
                  00005e5c    00000004     ti.uia.loggers.aem4f : LoggerStopMode.oem4f (.text:ti_uia_loggers_LoggerStopMode_getTransferType__E)
                  00005e60    00000050     sysbios.aem4f : BIOS.obj (.text:ti_sysbios_family_arm_m3_Hwi_Module_startup__E)
                  00005eb0    00000050     ti.targets.arm.rtsarm.aem4f : Startup.oem4f (.text:xdc_runtime_Startup_exec__E)
                  00005f00    00000050                                 : Text.oem4f (.text:xdc_runtime_Text_visitRope2__I)
                  00005f50    0000004c     msp432p4xx_driverlib.lib : gpio.o (.text:GPIO_setAsPeripheralModuleFunctionOutputPin)
                  00005f9c    0000004c     rtsv7M4_T_le_v4SPD16_eabi.lib : cpy_tbl.obj (.text)
                  00005fe8    0000004c     sysbios.aem4f : BIOS.obj (.text:ti_sysbios_family_arm_msp432_Timer_start__E)
                  00006034    00000004     ti.targets.arm.rtsarm.aem4f : Error.oem4f (.text:xdc_runtime_Error_getSite__E)
                  00006038    0000004c     sysbios.aem4f : BIOS.obj (.text:ti_sysbios_heaps_HeapMem_getStats__E)
                  00006084    00000004     uartecho_pem4f.oem4f (.text:xdc_runtime_System_Module_GateProxy_enter__E)
                  00006088    0000004c     sysbios.aem4f : BIOS.obj (.text:ti_sysbios_knl_Swi_runLoop__I)
                  000060d4    00000004     uartecho_pem4f.oem4f (.text:xdc_runtime_System_Module_GateProxy_leave__E)
                  000060d8    0000004c     sysbios.aem4f : BIOS.obj (.text:ti_sysbios_knl_Task_allBlockedFunction__I)
                  00006124    0000004c     ti.uia.loggers.aem4f : LoggerStopMode.oem4f (.text:ti_uia_loggers_LoggerStopMode_Module_startup__E)
                  00006170    0000004a     context.obj (.text:Graphics_initContext)
                  000061ba    00000002     --HOLE-- [fill = 0]
                  000061bc    00000048     msp432p4xx_driverlib.lib : gpio.o (.text:GPIO_setAsPeripheralModuleFunctionInputPin)
                  00006204    00000048     string.obj (.text:Graphics_drawStringCentered)
                  0000624c    00000004     ti.targets.arm.rtsarm.aem4f : System.oem4f (.text:xdc_runtime_System_aprintf_va__F)
                  00006250    00000048     sysbios.aem4f : BIOS.obj (.text:ti_sysbios_family_arm_m3_Hwi_disableInterrupt__E)
                  00006298    00000048                   : BIOS.obj (.text:ti_sysbios_family_arm_m3_Hwi_enableInterrupt__E)
                  000062e0    00000048                   : BIOS.obj (.text:ti_sysbios_family_arm_m3_Hwi_excReserved__I)
                  00006328    00000048                   : BIOS.obj (.text:ti_sysbios_family_arm_m3_Timer_initDevice__I)
                  00006370    00000048                   : BIOS.obj (.text:ti_sysbios_family_arm_m3_Timer_setPeriod__E)
                  000063b8    00000048                   : BIOS.obj (.text:ti_sysbios_knl_Mailbox_Module_startup__E)
                  00006400    00000046     drivers_MSP432P401R.aem4f : RingBuf.oem4f (.text:RingBuf_put)
                  00006446    00000046                               : UARTMSP432.oem4f (.text:readIsrBinaryBlocking)
                  0000648c    00000046     ti.targets.arm.rtsarm.aem4f : Core-params.oem4f (.text:xdc_runtime_Core_assignParams__I)
                  000064d2    00000002     --HOLE-- [fill = 0]
                  000064d4    00000044     rtsv7M4_T_le_v4SPD16_eabi.lib : exit.obj (.text)
                  00006518    00000044     sysbios.aem4f : BIOS.obj (.text:ti_sysbios_family_arm_m3_Hwi_getStackInfo__E)
                  0000655c    00000004     ti.targets.arm.rtsarm.aem4f : System.oem4f (.text:xdc_runtime_System_printf_va__F)
                  00006560    00000044     sysbios.aem4f : BIOS.obj (.text:ti_sysbios_knl_Swi_post__E)
                  000065a4    00000044     ti.uia.loggers.aem4f : LoggerStopMode.oem4f (.text:ti_uia_loggers_LoggerStopMode_initBuffer__I)
                  000065e8    00000044     ti.targets.arm.rtsarm.aem4f : Error.oem4f (.text:xdc_runtime_Error_setX__E)
                  0000662c    00000044                                 : SysMin.oem4f (.text:xdc_runtime_SysMin_flush__E)
                  00006670    00000044                                 : Text.oem4f (.text:xdc_runtime_Text_xprintf__I)
                  000066b4    00000042     drivers_MSP432P401R.aem4f : UARTMSP432.oem4f (.text:UARTMSP432_hwiIntFxn)
                  000066f6    00000040     Crystalfontz128x128_ST7735.obj (.text:Crystalfontz128x128_PixelDraw)
                  00006736    00000002     --HOLE-- [fill = 0]
                  00006738    00000040     msp432p4xx_driverlib.lib : flash.o (.text:FlashCtl_disableReadBuffering)
                  00006778    00000040     string.obj (.text:Graphics_getNumberOfLeadingZeros)
                  000067b8    00000040     HAL_MSP_EXP432P401R_Crystalfontz128x128_ST7735.obj (.text:HAL_LCD_SpiInit)
                  000067f8    00000040     drivers_MSP432P401R.aem4f : RingBuf.oem4f (.text:RingBuf_get)
                  00006838    00000040                               : UARTMSP432.oem4f (.text:UARTMSP432_read)
                  00006878    00000040                               : PowerMSP432.oem4f (.text:notify)
                  000068b8    00000040     rtsv7M4_T_le_v4SPD16_eabi.lib : u_divt2.obj (.text)
                  000068f8    00000040     sysbios.aem4f : BIOS.obj (.text:ti_sysbios_family_arm_msp432_Timer_Module_startup__E)
                  00006938    00000040                   : BIOS.obj (.text:ti_sysbios_family_arm_msp432_Timer_startup__E)
                  00006978    00000040                   : BIOS.obj (.text:ti_sysbios_heaps_HeapMem_Instance_init__E)
                  000069b8    0000003c     drivers_MSP432P401R.aem4f : PowerMSP432.oem4f (.text:Power_init)
                  000069f4    00000004     --HOLE-- [fill = 0]
                  000069f8    0000003c     sysbios.aem4f : BIOS.obj (.text:ti_sysbios_family_arm_m3_Hwi_excSvCall__I)
                  00006a34    00000004     --HOLE-- [fill = 0]
                  00006a38    0000003c                   : BIOS.obj (.text:ti_sysbios_heaps_HeapMem_init__I)
                  00006a74    00000004     --HOLE-- [fill = 0]
                  00006a78    0000003c                   : BIOS.obj (.text:ti_sysbios_knl_Clock_Instance_init__E)
                  00006ab4    00000004     --HOLE-- [fill = 0]
                  00006ab8    0000003c                   : BIOS.obj (.text:ti_sysbios_knl_Swi_restore__E)
                  00006af4    0000003a     drivers_MSP432P401R.aem4f : UARTMSP432.oem4f (.text:readIsrBinaryCallback)
                  00006b2e    00000002     --HOLE-- [fill = 0]
                  00006b30    00000038                               : UART.oem4f (.text:UART_init)
                  00006b68    00000038     sysbios.aem4f : BIOS.obj (.text:ti_sysbios_family_arm_m3_Hwi_excNoIsr__I)
                  00006ba0    00000038     ti.targets.arm.rtsarm.aem4f : SysMin.oem4f (.text:xdc_runtime_SysMin_putch__E)
                  00006bd8    00000038                                 : System.oem4f (.text:xdc_runtime_System_atexit__E)
                  00006c10    00000036     drivers_MSP432P401R.aem4f : UARTMSP432.oem4f (.text:UARTMSP432_readCancel)
                  00006c46    00000036                               : UARTMSP432.oem4f (.text:perfChangeNotifyFxn)
                  00006c7c    00000034     msp432p4xx_driverlib.lib : flash.o (.text:FlashCtl_enableReadBuffering)
                  00006cb0    00000034     display.obj (.text:Graphics_drawHorizontalLineOnDisplay)
                  00006ce4    00000034     HAL_MSP_EXP432P401R_Crystalfontz128x128_ST7735.obj (.text:HAL_LCD_writeCommand)
                  00006d18    00000034     sysbios.aem4f : BIOS.obj (.text:ti_sysbios_family_arm_m3_Hwi_Instance_finalize__E)
                  00006d4c    00000004     --HOLE-- [fill = 0]
                  00006d50    00000034                   : BIOS.obj (.text:ti_sysbios_family_arm_m3_Hwi_excNmi__I)
                  00006d84    00000004     --HOLE-- [fill = 0]
                  00006d88    00000034                   : BIOS.obj (.text:ti_sysbios_family_arm_m3_Timer_periodicStub__I)
                  00006dbc    00000004     --HOLE-- [fill = 0]
                  00006dc0    00000034                   : BIOS.obj (.text:ti_sysbios_hal_Hwi_checkStack)
                  00006df4    00000034     uartecho_pem4f.oem4f (.text:ti_sysbios_knl_Clock_construct)
                  00006e28    00000034     ti.uia.loggers.aem4f : LoggerStopMode.oem4f (.text:ti_uia_loggers_LoggerStopMode_reset__E)
                  00006e5c    00000034     ti.targets.arm.rtsarm.aem4f : Core-label.oem4f (.text:xdc_runtime_Core_assignLabel__I)
                  00006e90    00000033                                 : Text.oem4f (.text:xdc_runtime_Text_printVisFxn__I)
                  00006ec3    00000005     --HOLE-- [fill = 0]
                  00006ec8    00000032     sysbios.aem4f : BIOS.obj (.text:ti_sysbios_hal_Hwi_initStack)
                  00006efa    00000002     --HOLE-- [fill = 0]
                  00006efc    00000030     drivers_MSP432P401R.aem4f : GPIOMSP432.oem4f (.text:GPIO_getEnabledInterruptStatus_WA)
                  00006f2c    00000030     msp432p4xx_driverlib.lib : gpio.o (.text:GPIO_setAsInputPinWithPullDownResistor)
                  00006f5c    00000030                              : gpio.o (.text:GPIO_setAsInputPinWithPullUpResistor)
                  00006f8c    00000030     HAL_MSP_EXP432P401R_Crystalfontz128x128_ST7735.obj (.text:HAL_LCD_PortInit)
                  00006fbc    00000030     drivers_MSP432P401R.aem4f : UART.oem4f (.text:UART_open)
                  00006fec    00000030     msp432p4xx_driverlib.lib : spi.o (.text:is_A_Module)
                  0000701c    00000030     uartecho_pem4f.oem4f (.text:ti_sysbios_BIOS_atExitFunc__I)
                  0000704c    00000004     --HOLE-- [fill = 0]
                  00007050    00000030     sysbios.aem4f : BIOS.obj (.text:ti_sysbios_family_arm_m3_TaskSupport_start__E)
                  00007080    00000030                   : BIOS.obj (.text:ti_sysbios_family_arm_msp432_Timer_setPeriod__E)
                  000070b0    00000030     uartecho_pem4f.oem4f (.text:ti_sysbios_gates_GateHwi_Object__create__S)
                  000070e0    00000030     uartecho_pem4f.oem4f (.text:ti_sysbios_gates_GateMutex_Object__create__S)
                  00007110    00000030     sysbios.aem4f : BIOS.obj (.text:ti_sysbios_gates_GateMutex_enter__E)
                  00007140    00000030     uartecho_pem4f.oem4f (.text:ti_sysbios_heaps_HeapMem_Object__create__S)
                  00007170    00000030     sysbios.aem4f : BIOS.obj (.text:ti_sysbios_knl_Mailbox_postInit__I)
                  000071a0    00000030     uartecho_pem4f.oem4f (.text:ti_sysbios_knl_Semaphore_construct)
                  000071d0    00000030     sysbios.aem4f : BIOS.obj (.text:ti_sysbios_knl_Semaphore_pendTimeout__I)
                  00007200    00000030                   : BIOS.obj (.text:ti_sysbios_knl_Task_processVitalTaskFlag__I)
                  00007230    00000030                   : BIOS.obj (.text:ti_sysbios_knl_Task_unblockI__E)
                  00007260    00000030                   : BIOS.obj (.text:ti_sysbios_utils_Load_updateCurrentThreadTime__E)
                  00007290    00000030     uartecho_pem4f.oem4f (.text:ti_uia_loggers_LoggerStopMode_Object__create__S)
                  000072c0    00000030     ti.targets.arm.rtsarm.aem4f : SysMin.oem4f (.text:xdc_runtime_SysMin_abort__E)
                  000072f0    00000030                                 : System.oem4f (.text:xdc_runtime_System_processAtExit__E)
                  00007320    0000002c     Crystalfontz128x128_ST7735.obj (.text:Crystalfontz128x128_ClearScreen)
                  0000734c    0000002c     msp432p4xx_driverlib.lib : gpio.o (.text:GPIO_setAsInputPin)
                  00007378    0000002c                              : pcm.o (.text:PCM_getCoreVoltageLevel)
                  000073a4    0000002c     power_tirtos_MSP432P401R.aem4f : PowerMSP432_tirtos.oem4f (.text:PowerMSP432_updateFreqs)
                  000073d0    0000002c     drivers_MSP432P401R.aem4f : PowerMSP432.oem4f (.text:Power_releaseConstraint)
                  000073fc    0000002c                               : PowerMSP432.oem4f (.text:Power_setConstraint)
                  00007428    0000002c     main.obj (.text:start_button)
                  00007454    0000002c     uartecho_pem4f.oem4f (.text:ti_sysbios_knl_Clock_doTick__I)
                  00007480    0000002c     uartecho_pem4f.oem4f (.text:ti_sysbios_knl_Queue_construct)
                  000074ac    00000004     --HOLE-- [fill = 0]
                  000074b0    0000002c     sysbios.aem4f : BIOS.obj (.text:ti_sysbios_knl_Task_restore__E)
                  000074dc    0000002c     ti.targets.arm.rtsarm.aem4f : Text.oem4f (.text:xdc_runtime_Text_cordText__E)
                  00007508    0000002a     display.obj (.text:Graphics_drawPixelOnDisplay)
                  00007532    0000002a     msp432p4xx_driverlib.lib : pcm.o (.text:PCM_getPowerMode)
                  0000755c    0000002a     drivers_MSP432P401R.aem4f : UARTMSP432.oem4f (.text:findBaudDividerIndex)
                  00007586    0000002a     ped_adc.obj (.text:init_clocks)
                  000075b0    0000002a     ti.targets.arm.rtsarm.aem4f : System.oem4f (.text:xdc_runtime_System_putchar__I)
                  000075da    00000028     Crystalfontz128x128_ST7735.obj (.text:Crystalfontz128x128_ColorTranslate)
                  00007602    00000002     --HOLE-- [fill = 0]
                  00007604    00000028     msp432p4xx_driverlib.lib : flash.o (.text:FlashCtl_setWaitState)
                  0000762c    00000028                              : pcm.o (.text:PCM_gotoLPM0)
                  00007654    00000028     uartecho_pem4f.oem4f (.text:ti_sysbios_BIOS_startFunc__I)
                  0000767c    00000004     --HOLE-- [fill = 0]
                  00007680    00000028     sysbios.aem4f : BIOS.obj (.text:ti_sysbios_knl_Clock_addI__E)
                  000076a8    00000028                   : BIOS.obj (.text:ti_sysbios_knl_Swi_Module_startup__E)
                  000076d0    00000026     drivers_MSP432P401R.aem4f : List.oem4f (.text:List_put)
                  000076f6    00000026     main.obj (.text:main)
                  0000771c    00000026     sysbios.aem4f : m3_Hwi_asm.obj (.text:ti_sysbios_family_arm_m3_Hwi_pendSV__I)
                  00007742    00000026     ti.targets.arm.rtsarm.aem4f : System.oem4f (.text:xdc_runtime_System_avprintf__E)
                  00007768    00000024     msp432p4xx_driverlib.lib : cs.o (.text:CS_setDCOCenteredFrequency)
                  0000778c    00000024                              : gpio.o (.text:GPIO_setAsOutputPin)
                  000077b0    00000024     HAL_MSP_EXP432P401R_Crystalfontz128x128_ST7735.obj (.text:HAL_LCD_writeData)
                  000077d4    00000024     msp432p4xx_driverlib.lib : rtc_c.o (.text:RTC_C_holdClock)
                  000077f8    00000024                              : rtc_c.o (.text:RTC_C_startClock)
                  0000781c    00000024                              : uart.o (.text:UART_disableInterrupt)
                  00007840    00000024                              : uart.o (.text:UART_receiveData)
                  00007864    00000024                              : uart.o (.text:UART_transmitData)
                  00007888    00000024     uartecho_pem4f.oem4f (.text:ti_sysbios_BIOS_errorRaiseHook__I)
                  000078ac    00000024     uartecho_pem4f.oem4f (.text:ti_sysbios_BIOS_registerRTSLock__I)
                  000078d0    00000024     uartecho_pem4f.oem4f (.text:ti_sysbios_BIOS_removeRTSLock__I)
                  000078f4    00000004     --HOLE-- [fill = 0]
                  000078f8    00000024     sysbios.aem4f : BIOS.obj (.text:ti_sysbios_family_arm_m3_Timer_Module_startup__E)
                  0000791c    00000004     --HOLE-- [fill = 0]
                  00007920    00000024                   : BIOS.obj (.text:ti_sysbios_family_arm_m3_Timer_postInit__I)
                  00007944    00000004     --HOLE-- [fill = 0]
                  00007948    00000024                   : BIOS.obj (.text:ti_sysbios_family_arm_m3_Timer_startup__E)
                  0000796c    00000004     --HOLE-- [fill = 0]
                  00007970    00000024                   : BIOS.obj (.text:ti_sysbios_family_arm_msp432_ClockFreqs_setFrequency__E)
                  00007994    00000004     --HOLE-- [fill = 0]
                  00007998    00000024                   : BIOS.obj (.text:ti_sysbios_family_arm_msp432_Timer_postInit__I)
                  000079bc    00000024     uartecho_pem4f.oem4f (.text:ti_sysbios_gates_GateMutex_Object__delete__S)
                  000079e0    00000024     sysbios.aem4f : BIOS.obj (.text:ti_sysbios_knl_Clock_Module_startup__E)
                  00007a04    00000004     --HOLE-- [fill = 0]
                  00007a08    00000024                   : BIOS.obj (.text:ti_sysbios_knl_Clock_start__E)
                  00007a2c    00000004     --HOLE-- [fill = 0]
                  00007a30    00000024                   : BIOS.obj (.text:ti_sysbios_knl_Semaphore_Instance_init__E)
                  00007a54    00000004     --HOLE-- [fill = 0]
                  00007a58    00000024                   : BIOS.obj (.text:ti_sysbios_knl_Task_restoreHwi__E)
                  00007a7c    00000004     --HOLE-- [fill = 0]
                  00007a80    00000024                   : BIOS.obj (.text:ti_sysbios_utils_Load_updateThreadContexts__E)
                  00007aa4    00000024     ti.targets.arm.rtsarm.aem4f : System.oem4f (.text:xdc_runtime_System_vprintf__E)
                  00007ac8    00000022     uartecho_pem4f.oem4f (.text:xdc_runtime_SysMin_output__I)
                  00007aea    00000002     --HOLE-- [fill = 0]
                  00007aec    00000020     msp432p4xx_driverlib.lib : gpio.o (.text:GPIO_interruptEdgeSelect)
                  00007b0c    00000020     drivers_MSP432P401R.aem4f : PowerMSP432.oem4f (.text:PowerMSP432_getFreqs)
                  00007b2c    00000020                               : PowerMSP432.oem4f (.text:Power_idleFunc)
                  00007b4c    00000020                               : PowerMSP432.oem4f (.text:Power_unregisterNotify)
                  00007b6c    00000020     msp432p4xx_driverlib.lib : spi.o (.text:SPI_transmitData)
                  00007b8c    00000020     uartecho_pem4f.oem4f (.text:ti_sysbios_BIOS_rtsLock__I)
                  00007bac    00000020     sysbios.aem4f : m3_Hwi_asm.obj (.text:ti_sysbios_family_arm_m3_Hwi_excHandlerAsm__I)
                  00007bcc    00000004     --HOLE-- [fill = 0]
                  00007bd0    00000020                   : BIOS.obj (.text:ti_sysbios_family_arm_m3_Hwi_excHandler__I)
                  00007bf0    00000020                   : BIOS.obj (.text:ti_sysbios_family_arm_m3_TimestampProvider_Module_startup__E)
                  00007c10    00000020     uartecho_pem4f.oem4f (.text:ti_sysbios_gates_GateHwi_Object__delete__S)
                  00007c30    00000020     uartecho_pem4f.oem4f (.text:ti_sysbios_heaps_HeapMem_Object__delete__S)
                  00007c50    00000020     uartecho_pem4f.oem4f (.text:ti_sysbios_knl_Clock_Object__destruct__S)
                  00007c70    00000020     sysbios.aem4f : BIOS.obj (.text:ti_sysbios_knl_Idle_run__E)
                  00007c90    00000020     uartecho_pem4f.oem4f (.text:ti_sysbios_knl_Semaphore_Object__destruct__S)
                  00007cb0    00000020     uartecho_pem4f.oem4f (.text:ti_uia_loggers_LoggerStopMode_Object__delete__S)
                  00007cd0    00000020     ti.targets.arm.rtsarm.aem4f : Registry.oem4f (.text:xdc_runtime_Registry_findById__E)
                  00007cf0    00000020                                 : SysMin.oem4f (.text:xdc_runtime_SysMin_Module_startup__E)
                  00007d10    0000001e     sysbios.aem4f : m3_Hwi_asm_switch.obj (.text:ti_sysbios_family_xxx_Hwi_switchAndRunFunc)
                  00007d2e    0000001c     MSP_EXP432P401R.obj (.text:MSP_EXP432P401R_initUART)
                  00007d4a    00000002     --HOLE-- [fill = 0]
                  00007d4c    0000001c     drivers_MSP432P401R.aem4f : PowerMSP432.oem4f (.text:Power_registerNotify)
                  00007d68    0000001c     uartecho_pem4f.oem4f (.text:ti_sysbios_family_arm_m3_Hwi_Object__destruct__S)
                  00007d84    00000004     --HOLE-- [fill = 0]
                  00007d88    0000001c     sysbios.aem4f : BIOS.obj (.text:ti_sysbios_family_arm_m3_Timer_stop__E)
                  00007da4    00000004     --HOLE-- [fill = 0]
                  00007da8    0000001c                   : BIOS.obj (.text:ti_sysbios_gates_GateMutex_Instance_init__E)
                  00007dc4    00000004     --HOLE-- [fill = 0]
                  00007dc8    0000001c                   : BIOS.obj (.text:ti_sysbios_knl_Clock_Instance_finalize__E)
                  00007de4    0000001c     uartecho_pem4f.oem4f (.text:ti_sysbios_knl_Queue_Object__destruct__S)
                  00007e00    0000001c     sysbios.aem4f : BIOS.obj (.text:ti_sysbios_knl_Queue_get__E)
                  00007e1c    00000004     --HOLE-- [fill = 0]
                  00007e20    0000001c                   : BIOS.obj (.text:ti_sysbios_knl_Queue_put__E)
                  00007e3c    00000004     --HOLE-- [fill = 0]
                  00007e40    0000001c                   : BIOS.obj (.text:ti_sysbios_knl_Task_enter__I)
                  00007e5c    0000001c     ti.uia.loggers.aem4f : LoggerStopMode.oem4f (.text:ti_uia_loggers_LoggerStopMode_Instance_init__E)
                  00007e78    0000001c     ti.targets.arm.rtsarm.aem4f : Error.oem4f (.text:xdc_runtime_Error_raiseX__E)
                  00007e94    0000001c                                 : Memory.oem4f (.text:xdc_runtime_Memory_valloc__E)
                  00007eb0    0000001c                                 : SysMin.oem4f (.text:xdc_runtime_SysMin_exit__E)
                  00007ecc    0000001c                                 : System.oem4f (.text:xdc_runtime_System_abort__E)
                  00007ee8    0000001a     context.obj (.text:Graphics_setBackgroundColor)
                  00007f02    0000001a     context.obj (.text:Graphics_setFont)
                  00007f1c    0000001a     drivers_MSP432P401R.aem4f : List.oem4f (.text:List_remove)
                  00007f36    0000001a     msp432p4xx_driverlib.lib : spi.o (.text:SPI_enableModule)
                  00007f50    0000001a     uartecho_pem4f.oem4f (.text:ti_sysbios_family_arm_m3_Hwi_Handle__label__S)
                  00007f6a    0000001a     uartecho_pem4f.oem4f (.text:ti_sysbios_gates_GateHwi_Handle__label__S)
                  00007f84    0000001a     uartecho_pem4f.oem4f (.text:ti_sysbios_gates_GateMutex_Handle__label__S)
                  00007f9e    0000001a     uartecho_pem4f.oem4f (.text:ti_sysbios_heaps_HeapMem_Handle__label__S)
                  00007fb8    0000001a     uartecho_pem4f.oem4f (.text:ti_sysbios_knl_Swi_Handle__label__S)
                  00007fd2    0000001a     uartecho_pem4f.oem4f (.text:ti_sysbios_knl_Task_Handle__label__S)
                  00007fec    0000001a     uartecho_pem4f.oem4f (.text:ti_uia_loggers_LoggerStopMode_Handle__label__S)
                  00008006    0000001a     uartecho_pem4f.oem4f (.text:xdc_runtime_System_aprintf__E)
                  00008020    0000001a     uartecho_pem4f.oem4f (.text:xdc_runtime_System_printf__E)
                  0000803a    00000002     --HOLE-- [fill = 0]
                  0000803c    00000018     msp432p4xx_driverlib.lib : adc14.o (.text:ADC14_getResult)
                  00008054    00000018                              : gpio.o (.text:GPIO_clearInterruptFlag)
                  0000806c    00000018                              : gpio.o (.text:GPIO_setDriveStrengthLow)
                  00008084    00000018                              : gpio.o (.text:GPIO_setOutputLowOnPin)
                  0000809c    00000018     display.obj (.text:Graphics_clearDisplayOnDisplay)
                  000080b4    00000018     drivers_MSP432P401R.aem4f : UART.oem4f (.text:UART_Params_init)
                  000080cc    00000018     msp432p4xx_driverlib.lib : wdt_a.o (.text:WDT_A_holdTimer)
                  000080e4    00000018     rtsv7M4_T_le_v4SPD16_eabi.lib : args_main.obj (.text)
                  000080fc    00000018     uartecho_pem4f.oem4f (.text:ti_sysbios_BIOS_rtsUnlock__I)
                  00008114    00000018     uartecho_pem4f.oem4f (.text:ti_sysbios_family_arm_m3_Hwi_Module__startupDone__F)
                  0000812c    00000018     sysbios.aem4f : m3_TaskSupport_asm.obj (.text:ti_sysbios_family_arm_m3_TaskSupport_swap__E)
                  00008144    00000018     uartecho_pem4f.oem4f (.text:ti_sysbios_family_arm_msp432_Timer_Module__startupDone__F)
                  0000815c    00000004     --HOLE-- [fill = 0]
                  00008160    00000018     sysbios.aem4f : BIOS.obj (.text:ti_sysbios_gates_GateMutex_leave__E)
                  00008178    00000018     ti.targets.arm.rtsarm.aem4f : Error.oem4f (.text:xdc_runtime_Error_check__E)
                  00008190    00000018                                 : System.oem4f (.text:xdc_runtime_System_exit__E)
                  000081a8    00000018                                 : Text.oem4f (.text:xdc_runtime_Text_ropeText__E)
                  000081c0    00000016     tirtosport.aem4f : ClockP_tirtos.oem4f (.text:ClockP_delete)
                  000081d6    00000016     context.obj (.text:Graphics_setForegroundColor)
                  000081ec    00000016     display.obj (.text:Graphics_translateColorOnDisplay)
                  00008202    00000016     tirtosport.aem4f : HwiP_tirtos.oem4f (.text:HwiP_delete)
                  00008218    00000016                      : SemaphoreP_tirtos.oem4f (.text:SemaphoreP_delete)
                  0000822e    00000016     msp432p4xx_driverlib.lib : uart.o (.text:UART_enableInterrupt)
                  00008244    00000016     uartecho_pem4f.oem4f (.text:ti_sysbios_BIOS_exitFunc__I)
                  0000825a    00000006     msp432p4xx_driverlib.lib : uart.o (.text:UART_getInterruptStatus)
                  00008260    00000016     sysbios.aem4f : BIOS.obj (.text:ti_sysbios_knl_Task_unblock__E)
                  00008276    00000016     ti.uia.loggers.aem4f : LoggerStopMode.oem4f (.text:ti_uia_loggers_LoggerStopMode_disable__E)
                  0000828c    00000016                          : LoggerStopMode.oem4f (.text:ti_uia_loggers_LoggerStopMode_enable__E)
                  000082a2    00000002     --HOLE-- [fill = 0]
                  000082a4    00000014     msp432p4xx_driverlib.lib : gpio.o (.text:GPIO_setDriveStrengthHigh)
                  000082b8    00000014                              : gpio.o (.text:GPIO_setOutputHighOnPin)
                  000082cc    00000014                              : wdt_a.o (.text:WDT_A_startTimer)
                  000082e0    00000014     rtsv7M4_T_le_v4SPD16_eabi.lib : _lock.obj (.text)
                  000082f4    00000014                                   : strcpy.obj (.text)
                  00008308    00000014                                   : strlen.obj (.text)
                  0000831c    00000014     uartecho_pem4f.oem4f (.text:ti_sysbios_family_arm_m3_Hwi_Object__get__S)
                  00008330    00000014     sysbios.aem4f : BIOS.obj (.text:ti_sysbios_family_arm_m3_Hwi_switchFromBootStack__E)
                  00008344    00000014     uartecho_pem4f.oem4f (.text:ti_sysbios_heaps_HeapMem_Object__get__S)
                  00008358    00000014     uartecho_pem4f.oem4f (.text:ti_sysbios_knl_Mailbox_Object__get__S)
                  0000836c    00000014     uartecho_pem4f.oem4f (.text:ti_sysbios_knl_Swi_Object__get__S)
                  00008380    00000012     tirtosport.aem4f : ClockP_tirtos.oem4f (.text:ClockP_start)
                  00008392    00000012     context.obj (.text:Graphics_clearDisplay)
                  000083a4    00000012     drivers_MSP432P401R.aem4f : RingBuf.oem4f (.text:RingBuf_construct)
                  000083b6    00000012     tirtosport.aem4f : SemaphoreP_tirtos.oem4f (.text:SemaphoreP_pend)
                  000083c8    00000012     sysbios.aem4f : BIOS.obj (.text:ti_sysbios_hal_Hwi_Module_startup__E)
                  000083da    00000012     uartecho_pem4f.oem4f (.text:xdc_runtime_Startup_exec__I)
                  000083ec    00000010     msp432p4xx_driverlib.lib : gpio.o (.text:GPIO_getInterruptStatus)
                  000083fc    00000010                              : pcm.o (.text:PCM_gotoLPM4)
                  0000840c    00000010     drivers_MSP432P401R.aem4f : UARTMSP432.oem4f (.text:readBlockingTimeout)
                  0000841c    00000004     --HOLE-- [fill = 0]
                  00008420    00000010     sysbios.aem4f : BIOS.obj (.text:ti_sysbios_BIOS_exit__E)
                  00008430    00000010                   : BIOS.obj (.text:ti_sysbios_BIOS_getCpuFreq__E)
                  00008440    00000010                   : BIOS.obj (.text:ti_sysbios_BIOS_setCpuFreq__E)
                  00008450    00000010                   : BIOS.obj (.text:ti_sysbios_BIOS_setThreadType__E)
                  00008460    00000010                   : BIOS.obj (.text:ti_sysbios_BIOS_start__E)
                  00008470    00000010                   : m3_TaskSupport_asm.obj (.text:ti_sysbios_family_arm_m3_TaskSupport_glue)
                  00008480    00000010                   : BIOS.obj (.text:ti_sysbios_family_arm_msp432_init_Boot_disableWatchdog)
                  00008490    00000010                   : BIOS.obj (.text:ti_sysbios_gates_GateMutex_Instance_finalize__E)
                  000084a0    00000010                   : BIOS.obj (.text:ti_sysbios_knl_Semaphore_Instance_finalize__E)
                  000084b0    00000010                   : BIOS.obj (.text:ti_sysbios_knl_Swi_disable__E)
                  000084c0    00000010     uartecho_pem4f.oem4f (.text:ti_sysbios_knl_Task_Object__get__S)
                  000084d0    00000010     sysbios.aem4f : BIOS.obj (.text:ti_sysbios_knl_Task_disable__E)
                  000084e0    00000010     uartecho_pem4f.oem4f (.text:ti_uia_loggers_LoggerStopMode_Object__get__S)
                  000084f0    00000010     ti.uia.loggers.aem4f : LoggerStopMode.oem4f (.text:ti_uia_loggers_LoggerStopMode_isEmpty__E)
                  00008500    00000010     ti.targets.arm.rtsarm.aem4f : Gate.oem4f (.text:xdc_runtime_Gate_leaveSystem__E)
                  00008510    00000010                                 : Memory.oem4f (.text:xdc_runtime_Memory_free__E)
                  00008520    00000010                                 : SysMin.oem4f (.text:xdc_runtime_SysMin_ready__E)
                  00008530    00000010                                 : System.oem4f (.text:xdc_runtime_System_vsnprintf__E)
                  00008540    00000010     uartecho_pem4f.oem4f (.text:xdc_runtime_Text_visitRope__I)
                  00008550    0000000e     tirtosport.aem4f : HwiP_tirtos.oem4f (.text:HwiP_Params_init)
                  0000855e    0000000e     msp432p4xx_driverlib.lib : uart.o (.text:UART_clearInterruptFlag)
                  0000856c    0000000e     rtsv7M4_T_le_v4SPD16_eabi.lib : copy_decompress_none.obj (.text:decompress:none)
                  0000857a    00000006     msp432p4xx_driverlib.lib : uart.o (.text:UART_queryStatusFlags)
                  00008580    0000000e     sysbios.aem4f : BIOS.obj (.text:ti_sysbios_knl_Clock_removeI__E)
                  0000858e    00000002     --HOLE-- [fill = 0]
                  00008590    0000000e                   : BIOS.obj (.text:ti_sysbios_knl_Idle_loop__E)
                  0000859e    00000002     --HOLE-- [fill = 0]
                  000085a0    0000000e                   : BIOS.obj (.text:ti_sysbios_knl_Queue_empty__E)
                  000085ae    0000000c     uartecho_pem4f.oem4f (.text:.bootCodeSection:ti_sysbios_family_arm_msp432_init_Boot_init__I)
                  000085ba    0000000c     msp432p4xx_driverlib.lib : cpu.o (.text:CPU_cpsid)
                  000085c6    0000000c                              : cpu.o (.text:CPU_cpsie)
                  000085d2    0000000c                              : spi.o (.text:EUSCI_A_SPI_enable)
                  000085de    0000000c                              : spi.o (.text:EUSCI_B_SPI_enable)
                  000085ea    00000002     --HOLE-- [fill = 0]
                  000085ec    0000000c                              : pcm.o (.text:PCM_getPowerState)
                  000085f8    0000000c     drivers_MSP432P401R.aem4f : PowerMSP432.oem4f (.text:Power_getConstraintMask)
                  00008604    0000000c                               : PowerMSP432.oem4f (.text:Power_getPerformanceLevel)
                  00008610    0000000c                               : RingBuf.oem4f (.text:RingBuf_peek)
                  0000861c    0000000c                               : UARTMSP432.oem4f (.text:UARTMSP432_init)
                  00008628    0000000c     msp432p4xx_driverlib.lib : uart.o (.text:UART_disableModule)
                  00008634    0000000c                              : uart.o (.text:UART_enableModule)
                  00008640    0000000c     rtsv7M4_T_le_v4SPD16_eabi.lib : copy_zero_init.obj (.text:decompress:ZI)
                  0000864c    0000000c     uartecho_pem4f.oem4f (.text:ti_sysbios_family_arm_m3_Hwi_Params__init__S)
                  00008658    0000000c     sysbios.aem4f : BIOS.obj (.text:ti_sysbios_family_arm_m3_Hwi_disableFxn__E)
                  00008664    00000004     --HOLE-- [fill = 0]
                  00008668    0000000c                   : BIOS.obj (.text:ti_sysbios_family_arm_m3_TaskSupport_checkStack__E)
                  00008674    00000004     --HOLE-- [fill = 0]
                  00008678    0000000c                   : BIOS.obj (.text:ti_sysbios_family_arm_m3_TimestampProvider_startTimer__E)
                  00008684    00000004     --HOLE-- [fill = 0]
                  00008688    0000000c                   : BIOS.obj (.text:ti_sysbios_family_arm_msp432_Timer_getMaxTicks__E)
                  00008694    00000004     --HOLE-- [fill = 0]
                  00008698    0000000c                   : BIOS.obj (.text:ti_sysbios_gates_GateHwi_enter__E)
                  000086a4    0000000c     uartecho_pem4f.oem4f (.text:ti_sysbios_knl_Clock_Params__init__S)
                  000086b0    0000000c     uartecho_pem4f.oem4f (.text:ti_sysbios_knl_Queue_Object__get__S)
                  000086bc    0000000c     uartecho_pem4f.oem4f (.text:ti_sysbios_knl_Semaphore_Params__init__S)
                  000086c8    0000000c     ti.targets.arm.rtsarm.aem4f : Error.oem4f (.text:xdc_runtime_Error_init__E)
                  000086d4    0000000c                                 : Gate.oem4f (.text:xdc_runtime_Gate_enterSystem__E)
                  000086e0    0000000c                                 : Memory.oem4f (.text:xdc_runtime_Memory_calloc__E)
                  000086ec    0000000c                                 : Memory.oem4f (.text:xdc_runtime_Memory_getMaxDefaultTypeAlign__E)
                  000086f8    0000000a     tirtosport.aem4f : ClockP_tirtos.oem4f (.text:ClockP_stop)
                  00008702    0000000a     Crystalfontz128x128_ST7735.obj (.text:Crystalfontz128x128_Flush)
                  0000870c    0000000a     tirtosport.aem4f : SemaphoreP_tirtos.oem4f (.text:SemaphoreP_post)
                  00008716    0000000a     drivers_MSP432P401R.aem4f : UART.oem4f (.text:UART_read)
                  00008720    0000000a                               : UART.oem4f (.text:UART_write)
                  0000872a    0000000a     uartecho_pem4f.oem4f (.text:xdc_runtime_IHeap_alloc)
                  00008734    0000000a     uartecho_pem4f.oem4f (.text:xdc_runtime_IHeap_free)
                  0000873e    00000008     tirtosport.aem4f : ClockP_tirtos.oem4f (.text:ClockP_Params_init)
                  00008746    00000008     msp432p4xx_driverlib.lib : spi.o (.text:EUSCI_B_SPI_getInterruptStatus)
                  0000874e    00000008     MSP_EXP432P401R.obj (.text:MSP_EXP432P401R_initGPIO)
                  00008756    00000008     MSP_EXP432P401R.obj (.text:MSP_EXP432P401R_initGeneral)
                  0000875e    00000008     msp432p4xx_driverlib.lib : pcm.o (.text:PCM_setPowerMode)
                  00008766    00000008                              : pcm.o (.text:PCM_setPowerState)
                  0000876e    00000008     tirtosport.aem4f : SemaphoreP_tirtos.oem4f (.text:SemaphoreP_Params_init)
                  00008776    00000008     drivers_MSP432P401R.aem4f : UARTMSP432.oem4f (.text:readSemCallback)
                  0000877e    00000002     --HOLE-- [fill = 0]
                  00008780    00000008     sysbios.aem4f : BIOS.obj (.text:ti_sysbios_family_arm_m3_Hwi_doSwiRestore__I)
                  00008788    00000008                   : BIOS.obj (.text:ti_sysbios_family_arm_m3_Hwi_startup__E)
                  00008790    00000008     drivers_MSP432P401R.aem4f : UARTMSP432.oem4f (.text:writeSemCallback)
                  00008798    00000006     ti.targets.arm.rtsarm.aem4f : xdc_noinit.oem4f (.text:__xdc__init)
                  0000879e    00000006     rtsv7M4_T_le_v4SPD16_eabi.lib : copy_decompress_rle.obj (.text:decompress:rle24)
                  000087a4    00000004     --HOLE-- [fill = 0]
                  000087a8    00000006     sysbios.aem4f : BIOS.obj (.text:ti_sysbios_family_arm_m3_Hwi_doTaskRestore__I)
                  000087ae    00000002     --HOLE-- [fill = 0]
                  000087b0    00000006                   : BIOS.obj (.text:ti_sysbios_family_arm_m3_Hwi_restoreFxn__E)
                  000087b6    00000002     --HOLE-- [fill = 0]
                  000087b8    00000006                   : BIOS.obj (.text:ti_sysbios_gates_GateHwi_leave__E)
                  000087be    00000002     --HOLE-- [fill = 0]
                  000087c0    00000006                   : BIOS.obj (.text:ti_sysbios_heaps_HeapMem_isBlocking__E)
                  000087c6    00000002     --HOLE-- [fill = 0]
                  000087c8    00000006                   : BIOS.obj (.text:ti_sysbios_knl_Clock_stop__E)
                  000087ce    00000002     --HOLE-- [fill = 0]
                  000087d0    00000006                   : BIOS.obj (.text:ti_sysbios_knl_Queue_Instance_init__E)
                  000087d6    00000002     --HOLE-- [fill = 0]
                  000087d8    00000006                   : BIOS.obj (.text:ti_sysbios_knl_Swi_startup__E)
                  000087de    00000006     ti.targets.arm.rtsarm.aem4f : System.oem4f (.text:xdc_runtime_System_Module_startup__E)
                  000087e4    00000004     --HOLE-- [fill = 0]
                  000087e8    00000004     sysbios.aem4f : BIOS.obj (.text:ti_sysbios_gates_GateHwi_query__E)
                  000087ec    00000004     --HOLE-- [fill = 0]
                  000087f0    00000004                   : BIOS.obj (.text:ti_sysbios_gates_GateMutex_query__E)
                  000087f4    00000004     --HOLE-- [fill = 0]
                  000087f8    00000004                   : BIOS.obj (.text:ti_sysbios_knl_Clock_setTimeout__E)
                  000087fc    00000004     --HOLE-- [fill = 0]
                  00008800    00000004                   : BIOS.obj (.text:ti_sysbios_knl_Task_startup__E)
                  00008804    00000004     --HOLE-- [fill = 0]
                  00008808    00000002                   : BIOS.obj (.text:ti_sysbios_family_arm_m3_TimestampProvider_rolloverFunc__E)
                  0000880a    00000006     --HOLE-- [fill = 0]
                  00008810    00000002                   : BIOS.obj (.text:ti_sysbios_gates_GateHwi_Instance_init__E)
                  00008812    00000006     --HOLE-- [fill = 0]
                  00008818    00000002                   : BIOS.obj (.text:ti_sysbios_knl_Clock_logTick__E)

.const     0    0000881c    00002bce     
                  0000881c    00001f3d     uartecho_pem4f.oem4f (.const:xdc_runtime_Text_charTab__A)
                  0000a759    000002f8     fontfixed6x8.obj (.const:.string:g_pucFontFixed6x8Data)
                  0000aa51    00000001     uartecho_pem4f.oem4f (.const:xdc_runtime_Error_policy__C)
                  0000aa52    00000100     uartecho_pem4f.oem4f (.const:xdc_runtime_Text_nodeTab__A)
                  0000ab52    00000002     uartecho_pem4f.oem4f (.const:ti_sysbios_family_arm_m3_Hwi_Module__id__C)
                  0000ab54    000000c8     fontfixed6x8.obj (.const:g_sFontFixed6x8)
                  0000ac1c    00000080     msp432p4xx_driverlib.lib : adc14.o (.const:_ctlRegs)
                  0000ac9c    00000070     MSP_EXP432P401R.obj (.const:uartMSP432Baudrates)
                  0000ad0c    00000060     uartecho_pem4f.oem4f (.const:ti_uia_loggers_LoggerStopMode_Module__FXNS__C)
                  0000ad6c    00000048     uartecho_pem4f.oem4f (.const:.string)
                  0000adb4    00000048     MSP_EXP432P401R.obj (.const:uartMSP432HWAttrs)
                  0000adfc    00000030     uartecho_pem4f.oem4f (.const:ti_sysbios_family_arm_m3_Hwi_Object__PARAMS__C)
                  0000ae2c    00000030     uartecho_pem4f.oem4f (.const:xdc_runtime_Startup_sfxnTab__A)
                  0000ae5c    0000002c     Crystalfontz128x128_ST7735.obj (.const:g_sCrystalfontz128x128)
                  0000ae88    00000028     drivers_MSP432P401R.aem4f : UARTMSP432.oem4f (.const:UARTMSP432_fxnTable)
                  0000aeb0    00000028     uartecho_pem4f.oem4f (.const:ti_sysbios_heaps_HeapMem_Module__FXNS__C)
                  0000aed8    00000028     uartecho_pem4f.oem4f (.const:ti_uia_loggers_LoggerStopMode_Object__PARAMS__C)
                  0000af00    00000024     MSP_EXP432P401R.obj (.const:UART_config)
                  0000af24    00000024     drivers_MSP432P401R.aem4f : UART.oem4f (.const:UART_defaultParams)
                  0000af48    00000024                               : UARTMSP432.oem4f (.const)
                  0000af6c    00000024     uartecho_pem4f.oem4f (.const:ti_sysbios_gates_GateHwi_Module__FXNS__C)
                  0000af90    00000024     uartecho_pem4f.oem4f (.const:ti_sysbios_gates_GateMutex_Module__FXNS__C)
                  0000afb4    00000024     uartecho_pem4f.oem4f (.const:ti_sysbios_heaps_HeapMem_Object__PARAMS__C)
                  0000afd8    00000024     uartecho_pem4f.oem4f (.const:ti_sysbios_knl_Clock_Object__PARAMS__C)
                  0000affc    00000024     uartecho_pem4f.oem4f (.const:ti_sysbios_knl_Semaphore_Object__PARAMS__C)
                  0000b020    00000024     uartecho_pem4f.oem4f (.const)
                  0000b044    00000020     uartecho_pem4f.oem4f (.const:ti_sysbios_family_arm_m3_Hwi_Object__DESC__C)
                  0000b064    00000020     uartecho_pem4f.oem4f (.const:ti_sysbios_gates_GateHwi_Object__DESC__C)
                  0000b084    00000020     uartecho_pem4f.oem4f (.const:ti_sysbios_gates_GateMutex_Object__DESC__C)
                  0000b0a4    00000020     uartecho_pem4f.oem4f (.const:ti_sysbios_heaps_HeapMem_Object__DESC__C)
                  0000b0c4    00000020     uartecho_pem4f.oem4f (.const:ti_sysbios_knl_Clock_Object__DESC__C)
                  0000b0e4    00000020     uartecho_pem4f.oem4f (.const:ti_sysbios_knl_Queue_Object__DESC__C)
                  0000b104    00000020     uartecho_pem4f.oem4f (.const:ti_sysbios_knl_Semaphore_Object__DESC__C)
                  0000b124    00000020     uartecho_pem4f.oem4f (.const:ti_uia_loggers_LoggerStopMode_Object__DESC__C)
                  0000b144    0000001d     main.obj (.const:.string)
                  0000b161    00000001     --HOLE-- [fill = 0]
                  0000b162    00000002     uartecho_pem4f.oem4f (.const:ti_sysbios_family_arm_m3_Timer_Module__id__C)
                  0000b164    0000001c     HAL_MSP_EXP432P401R_Crystalfontz128x128_ST7735.obj (.const)
                  0000b180    00000018     uartecho_pem4f.oem4f (.const:ti_sysbios_gates_GateHwi_Object__PARAMS__C)
                  0000b198    00000018     uartecho_pem4f.oem4f (.const:ti_sysbios_gates_GateMutex_Object__PARAMS__C)
                  0000b1b0    00000018     uartecho_pem4f.oem4f (.const:ti_sysbios_knl_Queue_Object__PARAMS__C)
                  0000b1c8    00000018     uartecho_pem4f.oem4f (.const:xdc_runtime_Startup_sfxnRts__A)
                  0000b1e0    00000014     MSP_EXP432P401R.obj (.const:GPIOMSP432_config)
                  0000b1f4    00000010     MSP_EXP432P401R.obj (.const)
                  0000b204    00000010     uartecho_pem4f.oem4f (.const:ti_sysbios_knl_Idle_funcList__A)
                  0000b214    0000000f     lcd_display.obj (.const:.string)
                  0000b223    0000000c     drivers_MSP432P401R.aem4f : GPIOMSP432.oem4f (.const:.string)
                  0000b22f    00000001     --HOLE-- [fill = 0]
                  0000b230    0000000c     uartecho_pem4f.oem4f (.const:xdc_runtime_Startup_firstFxns__A)
                  0000b23c    00000008     Crystalfontz128x128_ST7735.obj (.const)
                  0000b244    00000008     uartecho_pem4f.oem4f (.const:ti_sysbios_family_arm_m3_Hwi_excHookFuncs__A)
                  0000b24c    00000008     uartecho_pem4f.oem4f (.const:ti_sysbios_knl_Idle_funcList__C)
                  0000b254    00000008     uartecho_pem4f.oem4f (.const:xdc_runtime_Startup_firstFxns__C)
                  0000b25c    00000008     uartecho_pem4f.oem4f (.const:xdc_runtime_Startup_lastFxns__C)
                  0000b264    00000005     drivers_MSP432P401R.aem4f : UARTMSP432.oem4f (.const:.string)
                  0000b269    00000001     --HOLE-- [fill = 0]
                  0000b26a    00000002     uartecho_pem4f.oem4f (.const:ti_sysbios_family_arm_m3_TimestampProvider_configTimer__C)
                  0000b26c    00000004     uartecho_pem4f.oem4f (.const:ti_sysbios_family_arm_m3_Hwi_E_NMI__C)
                  0000b270    00000004     uartecho_pem4f.oem4f (.const:ti_sysbios_family_arm_m3_Hwi_E_alreadyDefined__C)
                  0000b274    00000004     uartecho_pem4f.oem4f (.const:ti_sysbios_family_arm_m3_Hwi_E_busFault__C)
                  0000b278    00000004     uartecho_pem4f.oem4f (.const:ti_sysbios_family_arm_m3_Hwi_E_debugMon__C)
                  0000b27c    00000004     uartecho_pem4f.oem4f (.const:ti_sysbios_family_arm_m3_Hwi_E_hardFault__C)
                  0000b280    00000004     uartecho_pem4f.oem4f (.const:ti_sysbios_family_arm_m3_Hwi_E_memFault__C)
                  0000b284    00000004     uartecho_pem4f.oem4f (.const:ti_sysbios_family_arm_m3_Hwi_E_noIsr__C)
                  0000b288    00000004     uartecho_pem4f.oem4f (.const:ti_sysbios_family_arm_m3_Hwi_E_reserved__C)
                  0000b28c    00000004     uartecho_pem4f.oem4f (.const:ti_sysbios_family_arm_m3_Hwi_E_svCall__C)
                  0000b290    00000004     uartecho_pem4f.oem4f (.const:ti_sysbios_family_arm_m3_Hwi_E_usageFault__C)
                  0000b294    00000004     uartecho_pem4f.oem4f (.const:ti_sysbios_family_arm_m3_Hwi_NUM_INTERRUPTS__C)
                  0000b298    00000004     uartecho_pem4f.oem4f (.const:ti_sysbios_family_arm_m3_Hwi_Object__count__C)
                  0000b29c    00000004     uartecho_pem4f.oem4f (.const:ti_sysbios_family_arm_m3_Hwi_ccr__C)
                  0000b2a0    00000004     uartecho_pem4f.oem4f (.const:ti_sysbios_family_arm_m3_Hwi_excHandlerFunc__C)
                  0000b2a4    00000004     uartecho_pem4f.oem4f (.const:ti_sysbios_family_arm_m3_Hwi_excHookFuncs__C)
                  0000b2a8    00000004     uartecho_pem4f.oem4f (.const:ti_sysbios_family_arm_m3_Hwi_nullIsrFunc__C)
                  0000b2ac    00000004     uartecho_pem4f.oem4f (.const:ti_sysbios_family_arm_m3_Hwi_priGroup__C)
                  0000b2b0    00000004     uartecho_pem4f.oem4f (.const:ti_sysbios_family_arm_m3_Timer_E_cannotSupport__C)
                  0000b2b4    00000004     uartecho_pem4f.oem4f (.const:ti_sysbios_family_arm_m3_Timer_startupNeeded__C)
                  0000b2b8    00000004     uartecho_pem4f.oem4f (.const:ti_sysbios_family_arm_msp432_Timer_numTimerDevices__C)
                  0000b2bc    00000004     uartecho_pem4f.oem4f (.const:ti_sysbios_family_arm_msp432_Timer_startupNeeded__C)
                  0000b2c0    00000004     uartecho_pem4f.oem4f (.const:ti_sysbios_gates_GateMutex_Instance_State_sem__O)
                  0000b2c4    00000004     uartecho_pem4f.oem4f (.const:ti_sysbios_hal_Hwi_E_stackOverflow__C)
                  0000b2c8    00000004     uartecho_pem4f.oem4f (.const:ti_sysbios_heaps_HeapMem_E_memory__C)
                  0000b2cc    00000004     uartecho_pem4f.oem4f (.const:ti_sysbios_heaps_HeapMem_Module__gateObj__C)
                  0000b2d0    00000004     uartecho_pem4f.oem4f (.const:ti_sysbios_heaps_HeapMem_Object__count__C)
                  0000b2d4    00000004     uartecho_pem4f.oem4f (.const:ti_sysbios_heaps_HeapMem_reqAlign__C)
                  0000b2d8    00000004     uartecho_pem4f.oem4f (.const:ti_sysbios_knl_Clock_Module_State_clockQ__O)
                  0000b2dc    00000004     uartecho_pem4f.oem4f (.const:ti_sysbios_knl_Mailbox_Instance_State_dataQue__O)
                  0000b2e0    00000004     uartecho_pem4f.oem4f (.const:ti_sysbios_knl_Mailbox_Instance_State_dataSem__O)
                  0000b2e4    00000004     uartecho_pem4f.oem4f (.const:ti_sysbios_knl_Mailbox_Instance_State_freeQue__O)
                  0000b2e8    00000004     uartecho_pem4f.oem4f (.const:ti_sysbios_knl_Mailbox_Instance_State_freeSem__O)
                  0000b2ec    00000004     uartecho_pem4f.oem4f (.const:ti_sysbios_knl_Mailbox_Object__count__C)
                  0000b2f0    00000004     uartecho_pem4f.oem4f (.const:ti_sysbios_knl_Mailbox_maxTypeAlign__C)
                  0000b2f4    00000004     uartecho_pem4f.oem4f (.const:ti_sysbios_knl_Semaphore_Instance_State_pendQ__O)
                  0000b2f8    00000004     uartecho_pem4f.oem4f (.const:ti_sysbios_knl_Swi_Object__count__C)
                  0000b2fc    00000004     uartecho_pem4f.oem4f (.const:ti_sysbios_knl_Task_E_spOutOfBounds__C)
                  0000b300    00000004     uartecho_pem4f.oem4f (.const:ti_sysbios_knl_Task_E_stackOverflow__C)
                  0000b304    00000004     uartecho_pem4f.oem4f (.const:ti_sysbios_knl_Task_Module_State_inactiveQ__O)
                  0000b308    00000004     uartecho_pem4f.oem4f (.const:ti_sysbios_knl_Task_Object__count__C)
                  0000b30c    00000004     uartecho_pem4f.oem4f (.const:ti_sysbios_knl_Task_allBlockedFunc__C)
                  0000b310    00000004     uartecho_pem4f.oem4f (.const:ti_sysbios_knl_Task_numConstructedTasks__C)
                  0000b314    00000004     uartecho_pem4f.oem4f (.const:ti_sysbios_utils_Load_postUpdate__C)
                  0000b318    00000004     uartecho_pem4f.oem4f (.const:ti_sysbios_utils_Load_windowInMs__C)
                  0000b31c    00000004     uartecho_pem4f.oem4f (.const:ti_uia_loggers_LoggerStopMode_Module__diagsEnabled__C)
                  0000b320    00000004     uartecho_pem4f.oem4f (.const:ti_uia_loggers_LoggerStopMode_Module__diagsIncluded__C)
                  0000b324    00000004     uartecho_pem4f.oem4f (.const:ti_uia_loggers_LoggerStopMode_Module__diagsMask__C)
                  0000b328    00000004     uartecho_pem4f.oem4f (.const:ti_uia_loggers_LoggerStopMode_Object__count__C)
                  0000b32c    00000004     uartecho_pem4f.oem4f (.const:ti_uia_runtime_ILoggerSnapshot_Interface__BASE__C)
                  0000b330    00000004     uartecho_pem4f.oem4f (.const:ti_uia_runtime_IUIATransfer_Interface__BASE__C)
                  0000b334    00000004     uartecho_pem4f.oem4f (.const:xdc_runtime_Assert_E_assertFailed__C)
                  0000b338    00000004     uartecho_pem4f.oem4f (.const:xdc_runtime_Core_A_initializedParams__C)
                  0000b33c    00000004     uartecho_pem4f.oem4f (.const:xdc_runtime_Core_Module__diagsEnabled__C)
                  0000b340    00000004     uartecho_pem4f.oem4f (.const:xdc_runtime_Core_Module__diagsIncluded__C)
                  0000b344    00000004     uartecho_pem4f.oem4f (.const:xdc_runtime_Core_Module__diagsMask__C)
                  0000b348    00000004     uartecho_pem4f.oem4f (.const:xdc_runtime_Error_E_memory__C)
                  0000b34c    00000004     uartecho_pem4f.oem4f (.const:xdc_runtime_Error_Module__diagsEnabled__C)
                  0000b350    00000004     uartecho_pem4f.oem4f (.const:xdc_runtime_Error_Module__diagsIncluded__C)
                  0000b354    00000004     uartecho_pem4f.oem4f (.const:xdc_runtime_Error_Module__diagsMask__C)
                  0000b358    00000004     uartecho_pem4f.oem4f (.const:xdc_runtime_Error_Module__loggerFxn8__C)
                  0000b35c    00000004     uartecho_pem4f.oem4f (.const:xdc_runtime_Error_Module__loggerObj__C)
                  0000b360    00000004     uartecho_pem4f.oem4f (.const:xdc_runtime_Error_policyFxn__C)
                  0000b364    00000004     uartecho_pem4f.oem4f (.const:xdc_runtime_Error_raiseHook__C)
                  0000b368    00000004     uartecho_pem4f.oem4f (.const:xdc_runtime_IFilterLogger_Interface__BASE__C)
                  0000b36c    00000004     uartecho_pem4f.oem4f (.const:xdc_runtime_IGateProvider_Interface__BASE__C)
                  0000b370    00000004     uartecho_pem4f.oem4f (.const:xdc_runtime_IHeap_Interface__BASE__C)
                  0000b374    00000004     uartecho_pem4f.oem4f (.const:xdc_runtime_ILogger_Interface__BASE__C)
                  0000b378    00000004     uartecho_pem4f.oem4f (.const:xdc_runtime_IModule_Interface__BASE__C)
                  0000b37c    00000004     uartecho_pem4f.oem4f (.const:xdc_runtime_Log_L_error__C)
                  0000b380    00000004     uartecho_pem4f.oem4f (.const:xdc_runtime_Memory_defaultHeapInstance__C)
                  0000b384    00000004     uartecho_pem4f.oem4f (.const:xdc_runtime_Startup_execImpl__C)
                  0000b388    00000004     uartecho_pem4f.oem4f (.const:xdc_runtime_Startup_lastFxns__A)
                  0000b38c    00000004     uartecho_pem4f.oem4f (.const:xdc_runtime_Startup_maxPasses__C)
                  0000b390    00000004     uartecho_pem4f.oem4f (.const:xdc_runtime_Startup_sfxnRts__C)
                  0000b394    00000004     uartecho_pem4f.oem4f (.const:xdc_runtime_Startup_sfxnTab__C)
                  0000b398    00000004     uartecho_pem4f.oem4f (.const:xdc_runtime_SysMin_bufSize__C)
                  0000b39c    00000004     uartecho_pem4f.oem4f (.const:xdc_runtime_SysMin_outputFunc__C)
                  0000b3a0    00000004     uartecho_pem4f.oem4f (.const:xdc_runtime_System_Module__gateObj__C)
                  0000b3a4    00000004     uartecho_pem4f.oem4f (.const:xdc_runtime_System_abortFxn__C)
                  0000b3a8    00000004     uartecho_pem4f.oem4f (.const:xdc_runtime_System_exitFxn__C)
                  0000b3ac    00000004     uartecho_pem4f.oem4f (.const:xdc_runtime_System_extendFxn__C)
                  0000b3b0    00000004     uartecho_pem4f.oem4f (.const:xdc_runtime_System_maxAtexitHandlers__C)
                  0000b3b4    00000004     uartecho_pem4f.oem4f (.const:xdc_runtime_Text_charTab__C)
                  0000b3b8    00000004     uartecho_pem4f.oem4f (.const:xdc_runtime_Text_nameEmpty__C)
                  0000b3bc    00000004     uartecho_pem4f.oem4f (.const:xdc_runtime_Text_nameStatic__C)
                  0000b3c0    00000004     uartecho_pem4f.oem4f (.const:xdc_runtime_Text_nameUnknown__C)
                  0000b3c4    00000004     uartecho_pem4f.oem4f (.const:xdc_runtime_Text_nodeTab__C)
                  0000b3c8    00000004     uartecho_pem4f.oem4f (.const:xdc_runtime_Text_visitRopeFxn__C)
                  0000b3cc    00000002     uartecho_pem4f.oem4f (.const:ti_sysbios_hal_Hwi_Module__id__C)
                  0000b3ce    00000002     uartecho_pem4f.oem4f (.const:ti_sysbios_heaps_HeapMem_Module__id__C)
                  0000b3d0    00000002     uartecho_pem4f.oem4f (.const:ti_sysbios_knl_Task_Module__id__C)
                  0000b3d2    00000002     uartecho_pem4f.oem4f (.const:ti_sysbios_utils_Load_updateInIdle__C)
                  0000b3d4    00000002     uartecho_pem4f.oem4f (.const:ti_uia_loggers_LoggerStopMode_Module__id__C)
                  0000b3d6    00000002     uartecho_pem4f.oem4f (.const:ti_uia_loggers_LoggerStopMode_isTimestampEnabled__C)
                  0000b3d8    00000002     uartecho_pem4f.oem4f (.const:xdc_runtime_Core_Module__id__C)
                  0000b3da    00000002     uartecho_pem4f.oem4f (.const:xdc_runtime_Error_Module__loggerDefined__C)
                  0000b3dc    00000002     uartecho_pem4f.oem4f (.const:xdc_runtime_Error_maxDepth__C)
                  0000b3de    00000002     uartecho_pem4f.oem4f (.const:xdc_runtime_Memory_Module__id__C)
                  0000b3e0    00000002     uartecho_pem4f.oem4f (.const:xdc_runtime_SysMin_flushAtExit__C)
                  0000b3e2    00000002     uartecho_pem4f.oem4f (.const:xdc_runtime_Text_charCnt__C)
                  0000b3e4    00000002     uartecho_pem4f.oem4f (.const:xdc_runtime_Text_isLoaded__C)
                  0000b3e6    00000002     uartecho_pem4f.oem4f (.const:xdc_runtime_Text_registryModsLastId__C)
                  0000b3e8    00000002     uartecho_pem4f.oem4f (.const:xdc_runtime_Text_unnamedModsLastId__C)

.cinit     0    0000b3f0    00000670     
                  0000b3f0    00000639     (.cinit..data.load) [load image, compression = rle]
                  0000ba29    00000003     --HOLE-- [fill = 0]
                  0000ba2c    0000000c     (__TI_handler_table)
                  0000ba38    00000008     (.cinit..bss.load) [load image, compression = zero_init]
                  0000ba40    00000008     (.cinit..vecs.load) [load image, compression = zero_init]
                  0000ba48    00000018     (__TI_cinit_table)

.resetVecs 
*          0    00000000    0000003c     
                  00000000    0000003c     uartecho_pem4f.oem4f (.resetVecs)

.bss       0    20000180    00001fb0     UNINITIALIZED
                  20000180    00000e00     uartecho_pem4f.oem4f (.bss:taskStackSection)
                  20000f80    00000400     uartecho_pem4f.oem4f (.bss:ti_sysbios_heaps_HeapMem_Instance_State_0_buf__A)
                  20001380    00000400     uartecho_pem4f.oem4f (.bss:ti_uia_loggers_LoggerStopMode_Instance_State_2_packetArray__A)
                  20001780    00000200     uartecho_pem4f.oem4f (.bss:ti_uia_loggers_LoggerStopMode_Instance_State_1_packetArray__A)
                  20001980    00000140     uartecho_pem4f.oem4f (.bss:ti_sysbios_family_arm_m3_Hwi_dispatchTable)
                  20001ac0    00000120     rtsv7M4_T_le_v4SPD16_eabi.lib : trgmsg.obj (.bss:__CIOBUF_)
                  20001be0    0000001c     (.common:g_sContext)
                  20001bfc    00000002     (.common:Lcd_ScreenHeigth)
                  20001bfe    00000002     (.common:Lcd_ScreenWidth)
                  20001c00    00000100     uartecho_pem4f.oem4f (.bss:ti_uia_loggers_LoggerStopMode_Instance_State_0_packetArray__A)
                  20001d00    00000100     MSP_EXP432P401R.obj (.bss:uartMSP432Objects)
                  20001e00    000000c0     uartecho_pem4f.oem4f (.bss:ti_sysbios_knl_Mailbox_Instance_State_1_allocBuf__A)
                  20001ec0    00000080     uartecho_pem4f.oem4f (.bss:xdc_runtime_SysMin_Module_State_0_outbuf__A)
                  20001f40    00000040     MSP_EXP432P401R.obj (.bss:uartMSP432RingBuffer)
                  20001f80    00000030     drivers_MSP432P401R.aem4f : GPIOMSP432.oem4f (.bss:gpioCallbackInfo)
                  20001fb0    00000018     (.common:ti_sysbios_knl_Mailbox_Instance_State_0_allocBuf__A)
                  20001fc8    00000008     (.common:parmbuf)
                  20001fd0    00000002     (.common:Lcd_TouchTrim)
                  20001fd2    00000001     (.common:Lcd_FlagRead)
                  20001fd3    00000001     (.common:Lcd_FontSolid)
                  20001fd4    00000001     (.common:Lcd_Orientation)
                  20001fd5    00000001     (.common:Lcd_PenSolid)
                  20001fd6    0000002a     --HOLE--
                  20002000    00000030     uartecho_pem4f.oem4f (.bss:ti_uia_loggers_LoggerStopMode_Instance_State_0_hdr__A)
                  20002030    00000050     --HOLE--
                  20002080    00000030     uartecho_pem4f.oem4f (.bss:ti_uia_loggers_LoggerStopMode_Instance_State_1_hdr__A)
                  200020b0    00000050     --HOLE--
                  20002100    00000030     uartecho_pem4f.oem4f (.bss:ti_uia_loggers_LoggerStopMode_Instance_State_2_hdr__A)

[...]
000087e9  ti_sysbios_gates_GateHwi_query__E                            
000087e9  xdc_runtime_Main_Module_GateProxy_query__E                   
000087e9  xdc_runtime_System_Module_GateProxy_query__E                 
000087f1  ti_sysbios_BIOS_RtsGateProxy_query__E                        
000087f1  ti_sysbios_gates_GateMutex_query__E                          
000087f1  ti_sysbios_heaps_HeapMem_Module_GateProxy_query__E           
000087f9  ti_sysbios_knl_Clock_setTimeout__E                           
00008801  ti_sysbios_knl_Task_startup__E                               
00008809  ti_sysbios_family_arm_m3_TimestampProvider_rolloverFunc__E   
00008811  ti_sysbios_gates_GateHwi_Instance_init__E                    
00008819  ti_sysbios_knl_Clock_logTick__E                              
0000881c  xdc_runtime_Text_charTab__A                                  
0000aa51  xdc_runtime_Error_policy__C                                  
0000aa52  xdc_runtime_Text_nodeTab__A                                  
0000ab52  ti_sysbios_family_arm_m3_Hwi_Module__id__C                   
0000ab54  g_sFontFixed6x8                                              
0000ac9c  uartMSP432Baudrates                                          
0000ad0c  ti_uia_loggers_LoggerStopMode_Module__FXNS__C                
0000adb4  uartMSP432HWAttrs                                            
0000adfc  ti_sysbios_family_arm_m3_Hwi_Object__PARAMS__C               
0000ae2c  xdc_runtime_Startup_sfxnTab__A                               
0000ae5c  g_sCrystalfontz128x128                                       
0000ae88  UARTMSP432_fxnTable                                          
0000aeb0  ti_sysbios_heaps_HeapMem_Module__FXNS__C                     
0000aed8  ti_uia_loggers_LoggerStopMode_Object__PARAMS__C              
0000af00  UART_config                                                  
0000af24  UART_defaultParams                                           
0000af6c  ti_sysbios_gates_GateHwi_Module__FXNS__C                     
0000af90  ti_sysbios_gates_GateMutex_Module__FXNS__C                   
0000afb4  ti_sysbios_heaps_HeapMem_Object__PARAMS__C                   
0000afd8  ti_sysbios_knl_Clock_Object__PARAMS__C                       
0000affc  ti_sysbios_knl_Semaphore_Object__PARAMS__C                   
0000b020  m3Hwi0                                                       
0000b024  ADC_Mbx                                                      
0000b028  task0                                                        
0000b02c  task1                                                        
0000b030  start_data_semaphore                                         
0000b034  adc_calc_semaphore                                           
0000b038  lcd_draw_semaphore                                           
0000b03c  task2                                                        
0000b040  LCD_Mbx                                                      
0000b044  ti_sysbios_family_arm_m3_Hwi_Object__DESC__C                 
0000b064  ti_sysbios_gates_GateHwi_Object__DESC__C                     
0000b084  ti_sysbios_gates_GateMutex_Object__DESC__C                   
0000b0a4  ti_sysbios_heaps_HeapMem_Object__DESC__C                     
0000b0c4  ti_sysbios_knl_Clock_Object__DESC__C                         
0000b0e4  ti_sysbios_knl_Queue_Object__DESC__C                         
0000b104  ti_sysbios_knl_Semaphore_Object__DESC__C                     
0000b124  ti_uia_loggers_LoggerStopMode_Object__DESC__C                
0000b162  ti_sysbios_family_arm_m3_Timer_Module__id__C                 
0000b180  ti_sysbios_gates_GateHwi_Object__PARAMS__C                   
0000b198  ti_sysbios_gates_GateMutex_Object__PARAMS__C                 
0000b1b0  ti_sysbios_knl_Queue_Object__PARAMS__C                       
0000b1c8  xdc_runtime_Startup_sfxnRts__A                               
0000b1e0  GPIOMSP432_config                                            
0000b1f4  PowerMSP432_config                                           
0000b204  ti_sysbios_knl_Idle_funcList__A                              
0000b230  xdc_runtime_Startup_firstFxns__A                             
0000b244  ti_sysbios_family_arm_m3_Hwi_excHookFuncs__A                 
0000b24c  ti_sysbios_knl_Idle_funcList__C                              
0000b254  xdc_runtime_Startup_firstFxns__C                             
0000b25c  xdc_runtime_Startup_lastFxns__C                              
0000b26a  ti_sysbios_family_arm_m3_TimestampProvider_configTimer__C    
0000b26c  ti_sysbios_family_arm_m3_Hwi_E_NMI__C                        
0000b270  ti_sysbios_family_arm_m3_Hwi_E_alreadyDefined__C             
0000b274  ti_sysbios_family_arm_m3_Hwi_E_busFault__C                   
0000b278  ti_sysbios_family_arm_m3_Hwi_E_debugMon__C                   
0000b27c  ti_sysbios_family_arm_m3_Hwi_E_hardFault__C                  
0000b280  ti_sysbios_family_arm_m3_Hwi_E_memFault__C                   
0000b284  ti_sysbios_family_arm_m3_Hwi_E_noIsr__C                      
0000b288  ti_sysbios_family_arm_m3_Hwi_E_reserved__C                   
0000b28c  ti_sysbios_family_arm_m3_Hwi_E_svCall__C                     
0000b290  ti_sysbios_family_arm_m3_Hwi_E_usageFault__C                 
0000b294  ti_sysbios_family_arm_m3_Hwi_NUM_INTERRUPTS__C               
0000b298  ti_sysbios_family_arm_m3_Hwi_Object__count__C                
0000b29c  ti_sysbios_family_arm_m3_Hwi_ccr__C                          
0000b2a0  ti_sysbios_family_arm_m3_Hwi_excHandlerFunc__C               
0000b2a4  ti_sysbios_family_arm_m3_Hwi_excHookFuncs__C                 
0000b2a8  ti_sysbios_family_arm_m3_Hwi_nullIsrFunc__C                  
0000b2ac  ti_sysbios_family_arm_m3_Hwi_priGroup__C                     
0000b2b0  ti_sysbios_family_arm_m3_Timer_E_cannotSupport__C            
0000b2b4  ti_sysbios_family_arm_m3_Timer_startupNeeded__C              
0000b2b8  ti_sysbios_family_arm_msp432_Timer_numTimerDevices__C        
0000b2bc  ti_sysbios_family_arm_msp432_Timer_startupNeeded__C          
0000b2c0  ti_sysbios_gates_GateMutex_Instance_State_sem__O             
0000b2c4  ti_sysbios_hal_Hwi_E_stackOverflow__C                        
0000b2c8  ti_sysbios_heaps_HeapMem_E_memory__C                         
0000b2cc  ti_sysbios_heaps_HeapMem_Module__gateObj__C                  
0000b2d0  ti_sysbios_heaps_HeapMem_Object__count__C                    
0000b2d4  ti_sysbios_heaps_HeapMem_reqAlign__C                         
0000b2d8  ti_sysbios_knl_Clock_Module_State_clockQ__O                  
0000b2dc  ti_sysbios_knl_Mailbox_Instance_State_dataQue__O             
0000b2e0  ti_sysbios_knl_Mailbox_Instance_State_dataSem__O             
0000b2e4  ti_sysbios_knl_Mailbox_Instance_State_freeQue__O             
0000b2e8  ti_sysbios_knl_Mailbox_Instance_State_freeSem__O             
0000b2ec  ti_sysbios_knl_Mailbox_Object__count__C                      
0000b2f0  ti_sysbios_knl_Mailbox_maxTypeAlign__C                       
0000b2f4  ti_sysbios_knl_Semaphore_Instance_State_pendQ__O             
0000b2f8  ti_sysbios_knl_Swi_Object__count__C                          
0000b2fc  ti_sysbios_knl_Task_E_spOutOfBounds__C                       
0000b300  ti_sysbios_knl_Task_E_stackOverflow__C                       
0000b304  ti_sysbios_knl_Task_Module_State_inactiveQ__O                
0000b308  ti_sysbios_knl_Task_Object__count__C                         
0000b30c  ti_sysbios_knl_Task_allBlockedFunc__C                        
0000b310  ti_sysbios_knl_Task_numConstructedTasks__C                   
0000b314  ti_sysbios_utils_Load_postUpdate__C                          
0000b318  ti_sysbios_utils_Load_windowInMs__C                          
0000b31c  ti_uia_loggers_LoggerStopMode_Module__diagsEnabled__C        
0000b320  ti_uia_loggers_LoggerStopMode_Module__diagsIncluded__C       
0000b324  ti_uia_loggers_LoggerStopMode_Module__diagsMask__C           
0000b328  ti_uia_loggers_LoggerStopMode_Object__count__C               
0000b32c  ti_uia_runtime_ILoggerSnapshot_Interface__BASE__C            
0000b330  ti_uia_runtime_IUIATransfer_Interface__BASE__C               
0000b334  xdc_runtime_Assert_E_assertFailed__C                         
0000b338  xdc_runtime_Core_A_initializedParams__C                      
0000b33c  xdc_runtime_Core_Module__diagsEnabled__C                     
0000b340  xdc_runtime_Core_Module__diagsIncluded__C                    
0000b344  xdc_runtime_Core_Module__diagsMask__C                        
0000b348  xdc_runtime_Error_E_memory__C                                
0000b34c  xdc_runtime_Error_Module__diagsEnabled__C                    
0000b350  xdc_runtime_Error_Module__diagsIncluded__C                   
0000b354  xdc_runtime_Error_Module__diagsMask__C                       
0000b358  xdc_runtime_Error_Module__loggerFxn8__C                      
0000b35c  xdc_runtime_Error_Module__loggerObj__C                       
0000b360  xdc_runtime_Error_policyFxn__C                               
0000b364  xdc_runtime_Error_raiseHook__C                               
0000b368  xdc_runtime_IFilterLogger_Interface__BASE__C                 
0000b36c  xdc_runtime_IGateProvider_Interface__BASE__C                 
0000b370  xdc_runtime_IHeap_Interface__BASE__C                         
0000b374  xdc_runtime_ILogger_Interface__BASE__C                       
0000b378  xdc_runtime_IModule_Interface__BASE__C                       
0000b37c  xdc_runtime_Log_L_error__C                                   
0000b380  xdc_runtime_Memory_defaultHeapInstance__C                    
0000b384  xdc_runtime_Startup_execImpl__C                              
0000b388  xdc_runtime_Startup_lastFxns__A                              
0000b38c  xdc_runtime_Startup_maxPasses__C                             
0000b390  xdc_runtime_Startup_sfxnRts__C                               
0000b394  xdc_runtime_Startup_sfxnTab__C                               
0000b398  xdc_runtime_SysMin_bufSize__C                                
0000b39c  xdc_runtime_SysMin_outputFunc__C                             
0000b3a0  xdc_runtime_System_Module__gateObj__C                        
0000b3a4  xdc_runtime_System_abortFxn__C                               
0000b3a8  xdc_runtime_System_exitFxn__C                                
0000b3ac  xdc_runtime_System_extendFxn__C                              
0000b3b0  xdc_runtime_System_maxAtexitHandlers__C                      
0000b3b4  xdc_runtime_Text_charTab__C                                  
0000b3b8  xdc_runtime_Text_nameEmpty__C                                
0000b3bc  xdc_runtime_Text_nameStatic__C                               
0000b3c0  xdc_runtime_Text_nameUnknown__C                              
0000b3c4  xdc_runtime_Text_nodeTab__C                                  
0000b3c8  xdc_runtime_Text_visitRopeFxn__C                             
0000b3cc  ti_sysbios_hal_Hwi_Module__id__C                             
0000b3ce  ti_sysbios_heaps_HeapMem_Module__id__C                       
0000b3d0  ti_sysbios_knl_Task_Module__id__C                            
0000b3d2  ti_sysbios_utils_Load_updateInIdle__C                        
0000b3d4  ti_uia_loggers_LoggerStopMode_Module__id__C                  
0000b3d6  ti_uia_loggers_LoggerStopMode_isTimestampEnabled__C          
0000b3d8  xdc_runtime_Core_Module__id__C                               
0000b3da  xdc_runtime_Error_Module__loggerDefined__C                   
0000b3dc  xdc_runtime_Error_maxDepth__C                                
0000b3de  xdc_runtime_Memory_Module__id__C                             
0000b3e0  xdc_runtime_SysMin_flushAtExit__C                            
0000b3e2  xdc_runtime_Text_charCnt__C                                  
0000b3e4  xdc_runtime_Text_isLoaded__C                                 
0000b3e6  xdc_runtime_Text_registryModsLastId__C                       
0000b3e8  xdc_runtime_Text_unnamedModsLastId__C                        
0000b3f0  __TI_static_base__                                           
0000ba2c  __TI_Handler_Table_Base                                      
0000ba38  __TI_Handler_Table_Limit                                     
0000ba48  __TI_CINIT_Base                                              
0000ba60  __TI_CINIT_Limit                                             
20000000  ti_sysbios_family_arm_m3_Hwi_ramVectors                      
20000180  ti_sysbios_knl_Task_Instance_State_0_stack__A                
20000580  ti_sysbios_knl_Task_Instance_State_1_stack__A                
20000980  ti_sysbios_knl_Task_Instance_State_2_stack__A                
20000d80  ti_sysbios_knl_Task_Instance_State_3_stack__A                
20000f80  ti_sysbios_heaps_HeapMem_Instance_State_0_buf__A             
20001380  ti_uia_loggers_LoggerStopMode_Instance_State_2_packetArray__A
20001780  ti_uia_loggers_LoggerStopMode_Instance_State_1_packetArray__A
20001980  ti_sysbios_family_arm_m3_Hwi_dispatchTable                   
20001ac0  __CIOBUF_                                                    
20001be0  g_sContext                                                   
20001bfc  Lcd_ScreenHeigth                                             
20001bfe  Lcd_ScreenWidth                                              
20001c00  ti_uia_loggers_LoggerStopMode_Instance_State_0_packetArray__A
20001d00  uartMSP432Objects                                            
20001e00  ti_sysbios_knl_Mailbox_Instance_State_1_allocBuf__A          
20001ec0  xdc_runtime_SysMin_Module_State_0_outbuf__A                  
20001f40  uartMSP432RingBuffer                                         
20001fb0  ti_sysbios_knl_Mailbox_Instance_State_0_allocBuf__A          
20001fd0  Lcd_TouchTrim                                                
20001fd2  Lcd_FlagRead                                                 
20001fd3  Lcd_FontSolid                                                
20001fd4  Lcd_Orientation                                              
20001fd5  Lcd_PenSolid                                                 
20002000  ti_uia_loggers_LoggerStopMode_Instance_State_0_hdr__A        
20002080  ti_uia_loggers_LoggerStopMode_Instance_State_1_hdr__A        
20002100  ti_uia_loggers_LoggerStopMode_Instance_State_2_hdr__A        
20002130  xdc_runtime_Diags_dictElems                                  
20002150  ti_sysbios_family_arm_m3_Hwi_Module__root__V                 
20002158  ti_sysbios_family_arm_m3_Hwi_Module_State_0_excActive__A     
2000215c  ti_sysbios_family_arm_m3_Hwi_Module_State_0_excContext__A    
20002160  ti_sysbios_family_arm_m3_Hwi_Module_State_0_excStack__A      
20002164  ti_sysbios_family_arm_m3_Timer_Module__root__V               
2000216c  ti_sysbios_family_arm_m3_Timer_Module__state__V              
20002178  ti_sysbios_family_arm_m3_TimestampProvider_Module__state__V  
2000217c  ti_sysbios_family_arm_msp432_ClockFreqs_Module__state__V     
20002188  ti_sysbios_family_arm_msp432_Timer_Module__root__V           
20002190  ti_sysbios_family_arm_msp432_Timer_Module_State_0_device__A  
200021b0  ti_sysbios_family_arm_msp432_Timer_Module_State_0_handles__A 
200021c0  ti_sysbios_family_arm_msp432_Timer_Module__state__V          
200021cc  ti_sysbios_gates_GateHwi_Module__root__V                     
200021d4  ti_sysbios_gates_GateHwi_Object__table__V                    
200021d8  ti_sysbios_gates_GateMutex_Module__root__V                   
200021e0  ti_sysbios_hal_Hwi_Module__root__V                           
200021e8  ti_sysbios_heaps_HeapMem_Module__root__V                     
200021f0  ti_sysbios_heaps_HeapMem_Object__table__V                    
20002208  ti_sysbios_knl_Clock_Module__root__V                         
20002210  ti_sysbios_knl_Event_Module__root__V                         
2000221c  ti_sysbios_knl_Mailbox_Module__root__V                       
20002224  ti_sysbios_knl_Queue_Module__root__V                         
2000222c  ti_sysbios_knl_Semaphore_Module__root__V                     
20002234  ti_sysbios_knl_Swi_Module__root__V                           
2000223c  ti_sysbios_knl_Swi_Module__state__V                          
20002258  ti_sysbios_knl_Task_Module__root__V                          
20002264  ti_sysbios_knl_Task_Module_State_0_idleTask__A               
20002268  ti_sysbios_utils_Load_Module_State_0_taskStartTime__A        
2000226c  ti_sysbios_utils_Load_Module_State_0_runningTask__A          
20002270  ti_uia_loggers_LoggerStopMode_Module__root__V                
20002278  ti_uia_loggers_LoggerStopMode_Module__state__V               
20002280  ti_uia_runtime_QueueDescriptor_Module__state__V              
2000228c  xdc_runtime_Error_Module__state__V                           
2000228e  xdc_runtime_Main_Module__root__V                             
20002290  xdc_runtime_Memory_Module__state__V                          
20002294  xdc_runtime_Registry_Module__state__V                        
2000229c  xdc_runtime_Startup_Module__state__V                         
200022a4  xdc_runtime_SysMin_Module__state__V                          
200022b0  xdc_runtime_System_Module_State_0_atexitHandlers__A          
200022b8  xdc_runtime_System_Module__state__V                          
200022c0  xdc_runtime_Text_Module__state__V                            
200022c8  __xdc__init__addr                                            
200022cc  ti_sysbios_knl_Task_Object__table__V                         
200023fc  ti_sysbios_knl_Mailbox_Object__table__V                      
2000249c  PowerMSP432_perfLevels                                       
20002538  ti_uia_loggers_LoggerStopMode_Object__table__V               
200025d4  ti_sysbios_utils_Load_Module__state__V                       
2000266c  ti_sysbios_knl_Swi_Module_State_0_readyQ__A                  
200026ec  ti_sysbios_knl_Task_Module_State_0_readyQ__A                 
2000276c  ti_sysbios_family_arm_msp432_Timer_Object__table__V          
200027b8  ti_sysbios_family_arm_m3_Hwi_Object__table__V                
20002800  ti_sysbios_knl_Task_Module__state__V                         
20002844  ti_sysbios_knl_Semaphore_Object__table__V                    
20002880  ti_sysbios_gates_GateMutex_Object__table__V                  
200028b8  ti_sysbios_family_arm_m3_Hwi_Module__state__V                
2000294c  ti_sysbios_family_arm_m3_Timer_Object__table__V              
2000297c  ti_sysbios_knl_Swi_Object__table__V                          
200029ac  ti_sysbios_knl_Clock_Module__state__V                        
200029d8  PowerMSP432_module                                           
200029fc  ti_sysbios_BIOS_Module__state__V                             
20002a24  gpioPinConfigs                                               
20002a34  gpioCallbackFunctions                                        
20002a3c  _lock                                                        
20002a40  _unlock                                                      
20002a44  __TI_cleanup_ptr                                             
20002a48  __TI_dtors_ptr                                               
20002a4c  ti_uia_runtime_QueueDescriptor_gPtrToFirstDescriptor         
20002a50  ti_uia_runtime_QueueDescriptor_gUpdateCount                  
20002a58  main_func_sp                                                 
2000fd00  __stack                                                      
20010000  __STACK_END                                                  
4000480c  WDTCTL_SYM                                                   
e000e000  ti_sysbios_family_arm_m3_Hwi_nvic                            
ffffffff  __binit__                                                    
ffffffff  __c_args__                                                   
ffffffff  binit                                                        
UNDEFED   SHT$$INIT_ARRAY$$Base                                        
UNDEFED   SHT$$INIT_ARRAY$$Limit                                       

[796 symbols]
