******************************************************************************
                  TI ARM Linker Unix v5.2.6                    
******************************************************************************
>> Linked Wed Apr  6 01:47:40 2016

OUTPUT FILE NAME:   <uartecho_MSP_EXP432P401R_TI_MSP432P401R.out>
ENTRY POINT SYMBOL: "_c_int00"  address: 00005995


MEMORY CONFIGURATION

         name            origin    length      used     unused   attr    fill
----------------------  --------  ---------  --------  --------  ----  --------
  MAIN                  00000000   00040000  0000ba1c  000345e4  R  X
  INFO                  00200000   00004000  00000000  00004000  R  X
  SRAM_CODE             01000000   00010000  00000000  00010000  RW X
  SRAM_DATA             20000000   00010000  00002c9d  0000d363  RW  


SEGMENT ALLOCATION MAP

run origin  load origin   length   init length attrs members
----------  ----------- ---------- ----------- ----- -------
00000000    00000000    0000ba28   0000ba28    r-x
  00000000    00000000    0000003c   0000003c    r-- .resetVecs
  00000040    00000040    000087aa   000087aa    r-x .text
  000087ec    000087ec    00002bc6   00002bc6    r-- .const
  0000b3b8    0000b3b8    00000670   00000670    r-- .cinit
20000000    20000000    00000140   00000000    rw-
  20000000    20000000    00000140   00000000    rw- .vecs
20000180    20000180    0000285d   00000000    rw-
  20000180    20000180    00001f30   00000000    rw- .bss
  200020b0    200020b0    0000092d   00000000    rw- .data
2000fd00    2000fd00    00000300   00000000    rw-
  2000fd00    2000fd00    00000300   00000000    rw- .stack


SECTION ALLOCATION MAP

 output                                  attributes/
section   page    origin      length       input sections
--------  ----  ----------  ----------   ----------------
.text      0    00000040    000087aa     
                  00000040    0000047e     string.obj (.text:Graphics_drawString)
                  000004be    00000002     power_tirtos_MSP432P401R.aem4f : PowerMSP432_tirtos.oem4f (.text:PowerMSP432_initPolicy)
                  000004c0    00000430     sysbios.aem4f : BIOS.obj (.text:ti_sysbios_family_arm_m3_Hwi_excDumpRegs__I)
                  000008f0    0000034c     ti.targets.arm.rtsarm.aem4f : System.oem4f (.text:xdc_runtime_System_doPrint__I)
                  00000c3c    000002d4     rtsv7M4_T_le_v4SPD16_eabi.lib : trgdrv.obj (.text)
                  00000f10    00000260     drivers_MSP432P401R.aem4f : UARTMSP432.oem4f (.text:UARTMSP432_open)
                  00001170    0000025c     main.obj (.text:adcCalc)
                  000013cc    000001ce     Crystalfontz128x128_ST7735.obj (.text:Crystalfontz128x128_PixelDrawMultiple)
                  0000159a    000001a0     msp432p4xx_driverlib.lib : pcm.o (.text:__PCM_setPowerStateAdvanced)
                  0000173a    00000006                              : uart.o (.text:UART_getInterruptStatus)
                  00001740    00000174     sysbios.aem4f : BIOS.obj (.text:ti_sysbios_family_arm_m3_Hwi_excBusFault__I)
                  000018b4    00000004     msp432p4xx_driverlib.lib : cpu.o (.text:CPU_wfi)
                  000018b8    00000164     sysbios.aem4f : BIOS.obj (.text:ti_sysbios_family_arm_m3_Hwi_excUsageFault__I)
                  00001a1c    00000154     msp432p4xx_driverlib.lib : adc14.o (.text:_getIndexForMemRegister)
                  00001b70    00000148     sysbios.aem4f : BIOS.obj (.text:ti_sysbios_family_arm_m3_Hwi_excMemFault__I)
                  00001cb8    00000140     drivers_MSP432P401R.aem4f : GPIOMSP432.oem4f (.text:GPIO_setConfig)
                  00001df8    00000138     uartecho_pem4f.oem4f (.text:ti_uia_loggers_LoggerStopMode_writeMemoryRange__E)
                  00001f30    00000134     Crystalfontz128x128_ST7735.obj (.text:Crystalfontz128x128_SetDrawFrame)
                  00002064    0000012c     Crystalfontz128x128_ST7735.obj (.text:Crystalfontz128x128_Init)
                  00002190    00000128     sysbios.aem4f : BIOS.obj (.text:ti_sysbios_knl_Semaphore_pend__E)
                  000022b8    0000011c     main.obj (.text:echoFxn)
                  000023d4    00000118     ti.targets.arm.rtsarm.aem4f : Error.oem4f (.text:xdc_runtime_Error_policyDefault__E)
                  000024ec    00000004     msp432p4xx_driverlib.lib : spi.o (.text:EUSCI_A_SPI_transmitData)
                  000024f0    0000010c     sysbios.aem4f : BIOS.obj (.text:ti_sysbios_family_arm_m3_Hwi_excFillContext__I)
                  000025fc    0000010c     uartecho_pem4f.oem4f (.text:ti_uia_loggers_LoggerStopMode_write8__E)
                  00002708    00000108     sysbios.aem4f : BIOS.obj (.text:ti_sysbios_family_arm_m3_Hwi_excHandlerMax__I)
                  00002810    00000100     ti.targets.arm.rtsarm.aem4f : Core-mem.oem4f (.text:xdc_runtime_Core_createObject__I)
                  00002910    000000fa     string.obj (.text:Graphics_getStringWidth)
                  00002a0a    00000002     rtsv7M4_T_le_v4SPD16_eabi.lib : i_div0.obj (.text)
                  00002a0c    000000f8     ti.targets.arm.rtsarm.aem4f : Startup.oem4f (.text:xdc_runtime_Startup_startMods__I)
                  00002b04    000000f8     uartecho_pem4f.oem4f (.text:xdc_runtime_System_printfExtend__I)
                  00002bfc    000000f4     drivers_MSP432P401R.aem4f : PowerMSP432.oem4f (.text:Power_sleep)
                  00002cf0    000000f4     sysbios.aem4f : m3_Hwi_asm.obj (.text:ti_sysbios_family_arm_m3_Hwi_dispatch__I)
                  00002de4    000000f4     uartecho_pem4f.oem4f (.text:ti_uia_loggers_LoggerStopMode_write4__E)
                  00002ed8    000000f0     drivers_MSP432P401R.aem4f : PowerMSP432.oem4f (.text:initPerfControl)
                  00002fc8    000000e8     lcd_display.obj (.text:combine_ints_to_string)
                  000030b0    000000e8     uartecho_pem4f.oem4f (.text:ti_uia_loggers_LoggerStopMode_write2__E)
                  00003198    000000e4     uartecho_pem4f.oem4f (.text:ti_uia_loggers_LoggerStopMode_write1__E)
                  0000327c    000000e0     msp432p4xx_driverlib.lib : cs.o (.text:CS_initClockSignal)
                  0000335c    000000dc                              : pcm.o (.text:__PCM_setPowerModeAdvanced)
                  00003438    000000d8     uartecho_pem4f.oem4f (.text:ti_uia_loggers_LoggerStopMode_write0__E)
                  00003510    000000cc     sysbios.aem4f : BIOS.obj (.text:ti_sysbios_heaps_HeapMem_alloc__E)
                  000035dc    000000cc     ti.targets.arm.rtsarm.aem4f : Core-smem.oem4f (.text:xdc_runtime_Core_constructObject__I)
                  000036a8    000000c4     ped_adc.obj (.text:init_adc)
                  0000376c    00000004     msp432p4xx_driverlib.lib : spi.o (.text:EUSCI_B_SPI_transmitData)
                  00003770    000000bc     sysbios.aem4f : BIOS.obj (.text:ti_sysbios_family_arm_m3_Hwi_excDebugMon__I)
                  0000382c    00000004     tirtosport.aem4f : HwiP_tirtos.oem4f (.text:HwiP_disable)
                  00003830    000000bc     sysbios.aem4f : BIOS.obj (.text:ti_sysbios_family_arm_m3_Hwi_excHardFault__I)
                  000038ec    00000004     drivers_MSP432P401R.aem4f : List.oem4f (.text:List_head)
                  000038f0    000000b4     sysbios.aem4f : BIOS.obj (.text:ti_sysbios_knl_Task_checkStacks__E)
                  000039a4    000000b0     drivers_MSP432P401R.aem4f : UARTMSP432.oem4f (.text:UARTMSP432_readPolling)
                  00003a54    000000b0     msp432p4xx_driverlib.lib : pcm.o (.text:__PCM_setCoreVoltageLevelAdvanced)
                  00003b04    00000004     drivers_MSP432P401R.aem4f : List.oem4f (.text:List_next)
                  00003b08    000000a8     sysbios.aem4f : BIOS.obj (.text:ti_sysbios_family_arm_msp432_Timer_periodicStub__E)
                  00003bb0    000000a4     drivers_MSP432P401R.aem4f : UARTMSP432.oem4f (.text:UARTMSP432_control)
                  00003c54    000000a0     auto_init.aem4f : auto_init.oem4f (.text)
                  00003cf4    000000a0     ti.targets.arm.rtsarm.aem4f : Text.oem4f (.text:xdc_runtime_Text_putMod__E)
                  00003d94    0000009c     Crystalfontz128x128_ST7735.obj (.text:Crystalfontz128x128_RectFill)
                  00003e30    0000009c     line.obj (.text:Graphics_drawLineH)
                  00003ecc    0000009c     drivers_MSP432P401R.aem4f : UARTMSP432.oem4f (.text:readTaskBlocking)
                  00003f68    0000009c     rtsv7M4_T_le_v4SPD16_eabi.lib : memcpy_t2.obj (.text)
                  00004004    0000009a     ti.targets.arm.rtsarm.aem4f : Text.oem4f (.text:xdc_runtime_Text_putSite__E)
                  0000409e    00000002     uartecho_pem4f.oem4f (.text:ti_sysbios_BIOS_nullFunc__I)
                  000040a0    00000094     msp432p4xx_driverlib.lib : uart.o (.text:UART_initModule)
                  00004134    00000004     drivers_MSP432P401R.aem4f : PowerMSP432.oem4f (.text:PowerMSP432_getNumPerfLevels)
                  00004138    00000094     sysbios.aem4f : BIOS.obj (.text:ti_sysbios_family_arm_m3_Hwi_Instance_init__E)
                  000041cc    00000004     uartecho_pem4f.oem4f (.text:ti_sysbios_BIOS_RtsGateProxy_enter__E)
                  000041d0    00000094     sysbios.aem4f : BIOS.obj (.text:ti_sysbios_family_arm_m3_Hwi_initNVIC__E)
                  00004264    00000090     ti.uia.loggers.aem4f : LoggerStopMode.oem4f (.text:ti_uia_loggers_LoggerStopMode_initQueueDescriptor__E)
                  000042f4    0000008c     sysbios.aem4f : m3_TaskSupport_asm.obj (.text:ti_sysbios_family_arm_m3_TaskSupport_buildTaskStack)
                  00004380    0000008c                   : BIOS.obj (.text:ti_sysbios_knl_Task_postInit__I)
                  0000440c    0000008a     drivers_MSP432P401R.aem4f : UARTMSP432.oem4f (.text:UARTMSP432_close)
                  00004496    00000002     uartecho_pem4f.oem4f (.text:ti_uia_loggers_LoggerStopMode_setFilterLevel__E)
                  00004498    00000088     main.obj (.text:LcDTask)
                  00004520    00000088     msp432p4xx_driverlib.lib : spi.o (.text:SPI_initMaster)
                  000045a8    00000088     lcd_display.obj (.text:init_lcd)
                  00004630    00000088     sysbios.aem4f : BIOS.obj (.text:ti_sysbios_knl_Mailbox_post__E)
                  000046b8    00000084     drivers_MSP432P401R.aem4f : UARTMSP432.oem4f (.text:initHw)
                  0000473c    00000004     uartecho_pem4f.oem4f (.text:ti_sysbios_BIOS_RtsGateProxy_leave__E)
                  00004740    00000084     sysbios.aem4f : BIOS.obj (.text:ti_sysbios_family_arm_m3_Hwi_postInit__I)
                  000047c4    00000084     drivers_MSP432P401R.aem4f : UARTMSP432.oem4f (.text:writeData)
                  00004848    00000082                               : UARTMSP432.oem4f (.text:readIsrTextCallback)
                  000048ca    00000002     ti.uia.loggers.aem4f : LoggerStopMode.oem4f (.text:ti_uia_loggers_LoggerStopMode_setPriority__E)
                  000048cc    00000080     main.obj (.text:ADC14_IRQHandler)
                  0000494c    00000004     uartecho_pem4f.oem4f (.text:ti_sysbios_family_arm_m3_Hwi_destruct)
                  00004950    00000080     sysbios.aem4f : BIOS.obj (.text:ti_sysbios_utils_Load_updateLoads__E)
                  000049d0    0000007c     msp432p4xx_driverlib.lib : pcm.o (.text:PCM_gotoLPM3)
                  00004a4c    00000004     uartecho_pem4f.oem4f (.text:ti_sysbios_family_arm_m3_TaskSupport_Module__startupDone__S)
                  00004a50    0000007c     sysbios.aem4f : BIOS.obj (.text:ti_sysbios_family_arm_m3_TimestampProvider_get64__E)
                  00004acc    00000004     uartecho_pem4f.oem4f (.text:ti_sysbios_heaps_HeapMem_Module_GateProxy_enter__E)
                  00004ad0    0000007c     sysbios.aem4f : BIOS.obj (.text:ti_sysbios_heaps_HeapMem_free__E)
                  00004b4c    0000007a     drivers_MSP432P401R.aem4f : UARTMSP432.oem4f (.text:UARTMSP432_write)
                  00004bc6    0000007a                               : UARTMSP432.oem4f (.text:readTaskCallback)
                  00004c40    0000007a     rtsv7M4_T_le_v4SPD16_eabi.lib : memset_t2.obj (.text)
                  00004cba    00000074     drivers_MSP432P401R.aem4f : UARTMSP432.oem4f (.text:readIsrTextBlocking)
                  00004d2e    00000002     --HOLE-- [fill = 0]
                  00004d30    00000074     sysbios.aem4f : BIOS.obj (.text:ti_sysbios_knl_Mailbox_pend__E)
                  00004da4    00000074     ti.uia.runtime.aem4f : QueueDescriptor.oem4f (.text:ti_uia_runtime_QueueDescriptor_addToList__E)
                  00004e18    00000070     sysbios.aem4f : BIOS.obj (.text:ti_sysbios_knl_Semaphore_post__E)
                  00004e88    00000070     lcd_display.obj (.text:write_lcd)
                  00004ef8    0000006d     ti.targets.arm.rtsarm.aem4f : System.oem4f (.text:xdc_runtime_System_formatNum__I)
                  00004f65    00000003     --HOLE-- [fill = 0]
                  00004f68    0000006c     sysbios.aem4f : BIOS.obj (.text:ti_sysbios_knl_Clock_workFunc__E)
                  00004fd4    00000004     uartecho_pem4f.oem4f (.text:ti_sysbios_heaps_HeapMem_Module_GateProxy_leave__E)
                  00004fd8    0000006c     sysbios.aem4f : BIOS.obj (.text:ti_sysbios_knl_Swi_restoreHwi__E)
                  00005044    00000004     uartecho_pem4f.oem4f (.text:ti_sysbios_knl_Clock_TimerProxy_getMaxTicks__E)
                  00005048    0000006c     sysbios.aem4f : BIOS.obj (.text:ti_sysbios_knl_Task_exit__E)
                  000050b4    0000006c     ti.targets.arm.rtsarm.aem4f : Error.oem4f (.text:xdc_runtime_Error_print__E)
                  00005120    0000006c                                 : Memory.oem4f (.text:xdc_runtime_Memory_alloc__E)
                  0000518c    0000006a     rtsv7M4_T_le_v4SPD16_eabi.lib : copy_decompress_rle.obj (.text)
                  000051f6    00000002     --HOLE-- [fill = 0]
                  000051f8    00000068                                   : trgmsg.obj (.text)
                  00005260    00000066     ti.uia.loggers.aem4f : LoggerStopMode.oem4f (.text:ti_uia_loggers_LoggerStopMode_flush__E)
                  000052c6    00000066     ti.targets.arm.rtsarm.aem4f : Core-mem.oem4f (.text:xdc_runtime_Core_deleteObject__I)
                  0000532c    00000064     drivers_MSP432P401R.aem4f : UARTMSP432.oem4f (.text:UARTMSP432_writePolling)
                  00005390    00000064     lcd_display.obj (.text:itoa)
                  000053f4    00000004     uartecho_pem4f.oem4f (.text:ti_sysbios_knl_Clock_destruct)
                  000053f8    00000064     sysbios.aem4f : BIOS.obj (.text:ti_sysbios_family_arm_m3_Hwi_dispatchC__I)
                  0000545c    00000004     uartecho_pem4f.oem4f (.text:ti_sysbios_knl_Queue_destruct)
                  00005460    00000064     sysbios.aem4f : BIOS.obj (.text:ti_sysbios_utils_Load_idleFxn__E)
                  000054c4    00000062     tirtosport.aem4f : HwiP_tirtos.oem4f (.text:HwiP_create)
                  00005526    00000060     Crystalfontz128x128_ST7735.obj (.text:Crystalfontz128x128_LineDrawH)
                  00005586    00000060     Crystalfontz128x128_ST7735.obj (.text:Crystalfontz128x128_LineDrawV)
                  000055e6    00000002     --HOLE-- [fill = 0]
                  000055e8    00000060     sysbios.aem4f : BIOS.obj (.text:ti_sysbios_family_arm_m3_TimestampProvider_get32__E)
                  00005648    00000060                   : BIOS.obj (.text:ti_sysbios_knl_Task_schedule__I)
                  000056a8    0000005c     drivers_MSP432P401R.aem4f : GPIOMSP432.oem4f (.text:GPIO_init)
                  00005704    00000004     uartecho_pem4f.oem4f (.text:ti_sysbios_knl_Semaphore_destruct)
                  00005708    0000005c     sysbios.aem4f : BIOS.obj (.text:ti_sysbios_knl_Swi_run__I)
                  00005764    00000004     ti.uia.loggers.aem4f : LoggerStopMode.oem4f (.text:ti_uia_loggers_LoggerStopMode_getContents__E)
                  00005768    0000005c     sysbios.aem4f : BIOS.obj (.text:ti_sysbios_knl_Swi_schedule__I)
                  000057c4    00000004     uartecho_pem4f.oem4f (.text:ti_uia_loggers_LoggerStopMode_getFilterLevel__E)
                  000057c8    0000005c     sysbios.aem4f : BIOS.obj (.text:ti_sysbios_knl_Task_Module_startup__E)
                  00005824    00000004     ti.uia.loggers.aem4f : LoggerStopMode.oem4f (.text:ti_uia_loggers_LoggerStopMode_getInstanceId__E)
                  00005828    0000005c     sysbios.aem4f : BIOS.obj (.text:ti_sysbios_knl_Task_startCore__E)
                  00005884    0000005b     ti.targets.arm.rtsarm.aem4f : Text.oem4f (.text:xdc_runtime_Text_putLab__E)
                  000058df    00000001     --HOLE-- [fill = 0]
                  000058e0    0000005a     tirtosport.aem4f : ClockP_tirtos.oem4f (.text:ClockP_create)
                  0000593a    00000058                      : SemaphoreP_tirtos.oem4f (.text:SemaphoreP_create)
                  00005992    00000002     --HOLE-- [fill = 0]
                  00005994    00000058     boot.aem4f : boot.oem4f (.text)
                  000059ec    00000058     uartecho_pem4f.oem4f (.text:ti_sysbios_family_arm_m3_Hwi_construct)
                  00005a44    00000058     sysbios.aem4f : m3_Hwi_asm_switch.obj (.text:ti_sysbios_family_arm_m3_Hwi_initStacks__E)
                  00005a9c    00000054     Crystalfontz128x128_ST7735.obj (.text:Crystalfontz128x128_SetOrientation)
                  00005af0    00000054     drivers_MSP432P401R.aem4f : GPIOMSP432.oem4f (.text:GPIO_hwiIntFxn)
                  00005b44    00000054                               : GPIOMSP432.oem4f (.text:GPIO_setCallback)
                  00005b98    00000054     sysbios.aem4f : BIOS.obj (.text:ti_sysbios_family_arm_m3_Timer_start__E)
                  00005bec    00000004     ti.uia.loggers.aem4f : LoggerStopMode.oem4f (.text:ti_uia_loggers_LoggerStopMode_getMaxLength__E)
                  00005bf0    00000054     sysbios.aem4f : BIOS.obj (.text:ti_sysbios_family_arm_msp432_Timer_initDevice__I)
                  00005c44    00000004     ti.uia.loggers.aem4f : LoggerStopMode.oem4f (.text:ti_uia_loggers_LoggerStopMode_getPriority__E)
                  00005c48    00000054     sysbios.aem4f : BIOS.obj (.text:ti_sysbios_family_arm_msp432_init_Boot_configureClocksHigh)
                  00005c9c    00000054     ti.targets.arm.rtsarm.aem4f : Assert.oem4f (.text:xdc_runtime_Assert_raise__I)
                  00005cf0    00000052     drivers_MSP432P401R.aem4f : UARTMSP432.oem4f (.text:UARTMSP432_writeCancel)
                  00005d42    00000052     lcd_display.obj (.text:reverse)
                  00005d94    00000050     msp432p4xx_driverlib.lib : pcm.o (.text:PCM_shutdownDevice)
                  00005de4    00000050     power_tirtos_MSP432P401R.aem4f : PowerMSP432_tirtos.oem4f (.text:PowerMSP432_sleepPolicy)
                  00005e34    00000004     ti.uia.loggers.aem4f : LoggerStopMode.oem4f (.text:ti_uia_loggers_LoggerStopMode_getTransferType__E)
                  00005e38    00000050     sysbios.aem4f : BIOS.obj (.text:ti_sysbios_family_arm_m3_Hwi_Module_startup__E)
                  00005e88    00000050     ti.targets.arm.rtsarm.aem4f : Startup.oem4f (.text:xdc_runtime_Startup_exec__E)
                  00005ed8    00000050                                 : Text.oem4f (.text:xdc_runtime_Text_visitRope2__I)
                  00005f28    0000004c     msp432p4xx_driverlib.lib : gpio.o (.text:GPIO_setAsPeripheralModuleFunctionOutputPin)
                  00005f74    0000004c     rtsv7M4_T_le_v4SPD16_eabi.lib : cpy_tbl.obj (.text)
                  00005fc0    0000004c     sysbios.aem4f : BIOS.obj (.text:ti_sysbios_family_arm_msp432_Timer_start__E)
                  0000600c    00000004     ti.targets.arm.rtsarm.aem4f : Error.oem4f (.text:xdc_runtime_Error_getSite__E)
                  00006010    0000004c     sysbios.aem4f : BIOS.obj (.text:ti_sysbios_heaps_HeapMem_getStats__E)
                  0000605c    00000004     uartecho_pem4f.oem4f (.text:xdc_runtime_System_Module_GateProxy_enter__E)
                  00006060    0000004c     sysbios.aem4f : BIOS.obj (.text:ti_sysbios_knl_Swi_runLoop__I)
                  000060ac    00000004     uartecho_pem4f.oem4f (.text:xdc_runtime_System_Module_GateProxy_leave__E)
                  000060b0    0000004c     sysbios.aem4f : BIOS.obj (.text:ti_sysbios_knl_Task_allBlockedFunction__I)
                  000060fc    0000004c     ti.uia.loggers.aem4f : LoggerStopMode.oem4f (.text:ti_uia_loggers_LoggerStopMode_Module_startup__E)
                  00006148    0000004a     context.obj (.text:Graphics_initContext)
                  00006192    00000002     --HOLE-- [fill = 0]
                  00006194    00000048     msp432p4xx_driverlib.lib : gpio.o (.text:GPIO_setAsPeripheralModuleFunctionInputPin)
                  000061dc    00000048     string.obj (.text:Graphics_drawStringCentered)
                  00006224    00000004     ti.targets.arm.rtsarm.aem4f : System.oem4f (.text:xdc_runtime_System_aprintf_va__F)
                  00006228    00000048     sysbios.aem4f : BIOS.obj (.text:ti_sysbios_family_arm_m3_Hwi_disableInterrupt__E)
                  00006270    00000048                   : BIOS.obj (.text:ti_sysbios_family_arm_m3_Hwi_enableInterrupt__E)
                  000062b8    00000048                   : BIOS.obj (.text:ti_sysbios_family_arm_m3_Hwi_excReserved__I)
                  00006300    00000048                   : BIOS.obj (.text:ti_sysbios_family_arm_m3_Timer_initDevice__I)
                  00006348    00000048                   : BIOS.obj (.text:ti_sysbios_family_arm_m3_Timer_setPeriod__E)
                  00006390    00000048                   : BIOS.obj (.text:ti_sysbios_knl_Mailbox_Module_startup__E)
                  000063d8    00000046     drivers_MSP432P401R.aem4f : RingBuf.oem4f (.text:RingBuf_put)
                  0000641e    00000046                               : UARTMSP432.oem4f (.text:readIsrBinaryBlocking)
                  00006464    00000046     ti.targets.arm.rtsarm.aem4f : Core-params.oem4f (.text:xdc_runtime_Core_assignParams__I)
                  000064aa    00000002     --HOLE-- [fill = 0]
                  000064ac    00000044     rtsv7M4_T_le_v4SPD16_eabi.lib : exit.obj (.text)
                  000064f0    00000044     sysbios.aem4f : BIOS.obj (.text:ti_sysbios_family_arm_m3_Hwi_getStackInfo__E)
                  00006534    00000004     ti.targets.arm.rtsarm.aem4f : System.oem4f (.text:xdc_runtime_System_printf_va__F)
                  00006538    00000044     sysbios.aem4f : BIOS.obj (.text:ti_sysbios_knl_Swi_post__E)
                  0000657c    00000044     ti.uia.loggers.aem4f : LoggerStopMode.oem4f (.text:ti_uia_loggers_LoggerStopMode_initBuffer__I)
                  000065c0    00000044     ti.targets.arm.rtsarm.aem4f : Error.oem4f (.text:xdc_runtime_Error_setX__E)
                  00006604    00000044                                 : SysMin.oem4f (.text:xdc_runtime_SysMin_flush__E)
                  00006648    00000044                                 : Text.oem4f (.text:xdc_runtime_Text_xprintf__I)
                  0000668c    00000042     drivers_MSP432P401R.aem4f : UARTMSP432.oem4f (.text:UARTMSP432_hwiIntFxn)
                  000066ce    00000040     Crystalfontz128x128_ST7735.obj (.text:Crystalfontz128x128_PixelDraw)
                  0000670e    00000002     --HOLE-- [fill = 0]
                  00006710    00000040     msp432p4xx_driverlib.lib : flash.o (.text:FlashCtl_disableReadBuffering)
                  00006750    00000040     string.obj (.text:Graphics_getNumberOfLeadingZeros)
                  00006790    00000040     HAL_MSP_EXP432P401R_Crystalfontz128x128_ST7735.obj (.text:HAL_LCD_SpiInit)
                  000067d0    00000040     drivers_MSP432P401R.aem4f : RingBuf.oem4f (.text:RingBuf_get)
                  00006810    00000040                               : UARTMSP432.oem4f (.text:UARTMSP432_read)
                  00006850    00000040                               : PowerMSP432.oem4f (.text:notify)
                  00006890    00000040     rtsv7M4_T_le_v4SPD16_eabi.lib : u_divt2.obj (.text)
                  000068d0    00000040     sysbios.aem4f : BIOS.obj (.text:ti_sysbios_family_arm_msp432_Timer_Module_startup__E)
                  00006910    00000040                   : BIOS.obj (.text:ti_sysbios_family_arm_msp432_Timer_startup__E)
                  00006950    00000040                   : BIOS.obj (.text:ti_sysbios_heaps_HeapMem_Instance_init__E)
                  00006990    0000003c     drivers_MSP432P401R.aem4f : PowerMSP432.oem4f (.text:Power_init)
                  000069cc    00000004     --HOLE-- [fill = 0]
                  000069d0    0000003c     sysbios.aem4f : BIOS.obj (.text:ti_sysbios_family_arm_m3_Hwi_excSvCall__I)
                  00006a0c    00000004     --HOLE-- [fill = 0]
                  00006a10    0000003c                   : BIOS.obj (.text:ti_sysbios_heaps_HeapMem_init__I)
                  00006a4c    00000004     --HOLE-- [fill = 0]
                  00006a50    0000003c                   : BIOS.obj (.text:ti_sysbios_knl_Clock_Instance_init__E)
                  00006a8c    00000004     --HOLE-- [fill = 0]
                  00006a90    0000003c                   : BIOS.obj (.text:ti_sysbios_knl_Swi_restore__E)
                  00006acc    0000003a     drivers_MSP432P401R.aem4f : UARTMSP432.oem4f (.text:readIsrBinaryCallback)
                  00006b06    00000002     --HOLE-- [fill = 0]
                  00006b08    00000038                               : UART.oem4f (.text:UART_init)
                  00006b40    00000038     sysbios.aem4f : BIOS.obj (.text:ti_sysbios_family_arm_m3_Hwi_excNoIsr__I)
                  00006b78    00000038     ti.targets.arm.rtsarm.aem4f : SysMin.oem4f (.text:xdc_runtime_SysMin_putch__E)
                  00006bb0    00000038                                 : System.oem4f (.text:xdc_runtime_System_atexit__E)
                  00006be8    00000036     drivers_MSP432P401R.aem4f : UARTMSP432.oem4f (.text:UARTMSP432_readCancel)
                  00006c1e    00000036                               : UARTMSP432.oem4f (.text:perfChangeNotifyFxn)
                  00006c54    00000034     msp432p4xx_driverlib.lib : flash.o (.text:FlashCtl_enableReadBuffering)
                  00006c88    00000034     display.obj (.text:Graphics_drawHorizontalLineOnDisplay)
                  00006cbc    00000034     HAL_MSP_EXP432P401R_Crystalfontz128x128_ST7735.obj (.text:HAL_LCD_writeCommand)
                  00006cf0    00000034     sysbios.aem4f : BIOS.obj (.text:ti_sysbios_family_arm_m3_Hwi_Instance_finalize__E)
                  00006d24    00000004     --HOLE-- [fill = 0]
                  00006d28    00000034                   : BIOS.obj (.text:ti_sysbios_family_arm_m3_Hwi_excNmi__I)
                  00006d5c    00000004     --HOLE-- [fill = 0]
                  00006d60    00000034                   : BIOS.obj (.text:ti_sysbios_family_arm_m3_Timer_periodicStub__I)
                  00006d94    00000004     --HOLE-- [fill = 0]
                  00006d98    00000034                   : BIOS.obj (.text:ti_sysbios_hal_Hwi_checkStack)
                  00006dcc    00000034     uartecho_pem4f.oem4f (.text:ti_sysbios_knl_Clock_construct)
                  00006e00    00000034     ti.uia.loggers.aem4f : LoggerStopMode.oem4f (.text:ti_uia_loggers_LoggerStopMode_reset__E)
                  00006e34    00000034     ti.targets.arm.rtsarm.aem4f : Core-label.oem4f (.text:xdc_runtime_Core_assignLabel__I)
                  00006e68    00000033                                 : Text.oem4f (.text:xdc_runtime_Text_printVisFxn__I)
                  00006e9b    00000005     --HOLE-- [fill = 0]
                  00006ea0    00000032     sysbios.aem4f : BIOS.obj (.text:ti_sysbios_hal_Hwi_initStack)
                  00006ed2    00000002     --HOLE-- [fill = 0]
                  00006ed4    00000030     drivers_MSP432P401R.aem4f : GPIOMSP432.oem4f (.text:GPIO_getEnabledInterruptStatus_WA)
                  00006f04    00000030     msp432p4xx_driverlib.lib : gpio.o (.text:GPIO_setAsInputPinWithPullDownResistor)
                  00006f34    00000030                              : gpio.o (.text:GPIO_setAsInputPinWithPullUpResistor)
                  00006f64    00000030     HAL_MSP_EXP432P401R_Crystalfontz128x128_ST7735.obj (.text:HAL_LCD_PortInit)
                  00006f94    00000030     drivers_MSP432P401R.aem4f : UART.oem4f (.text:UART_open)
                  00006fc4    00000030     msp432p4xx_driverlib.lib : spi.o (.text:is_A_Module)
                  00006ff4    00000030     uartecho_pem4f.oem4f (.text:ti_sysbios_BIOS_atExitFunc__I)
                  00007024    00000004     --HOLE-- [fill = 0]
                  00007028    00000030     sysbios.aem4f : BIOS.obj (.text:ti_sysbios_family_arm_m3_TaskSupport_start__E)
                  00007058    00000030                   : BIOS.obj (.text:ti_sysbios_family_arm_msp432_Timer_setPeriod__E)
                  00007088    00000030     uartecho_pem4f.oem4f (.text:ti_sysbios_gates_GateHwi_Object__create__S)
                  000070b8    00000030     uartecho_pem4f.oem4f (.text:ti_sysbios_gates_GateMutex_Object__create__S)
                  000070e8    00000030     sysbios.aem4f : BIOS.obj (.text:ti_sysbios_gates_GateMutex_enter__E)
                  00007118    00000030     uartecho_pem4f.oem4f (.text:ti_sysbios_heaps_HeapMem_Object__create__S)
                  00007148    00000030     sysbios.aem4f : BIOS.obj (.text:ti_sysbios_knl_Mailbox_postInit__I)
                  00007178    00000030     uartecho_pem4f.oem4f (.text:ti_sysbios_knl_Semaphore_construct)
                  000071a8    00000030     sysbios.aem4f : BIOS.obj (.text:ti_sysbios_knl_Semaphore_pendTimeout__I)
                  000071d8    00000030                   : BIOS.obj (.text:ti_sysbios_knl_Task_processVitalTaskFlag__I)
                  00007208    00000030                   : BIOS.obj (.text:ti_sysbios_knl_Task_unblockI__E)
                  00007238    00000030                   : BIOS.obj (.text:ti_sysbios_utils_Load_updateCurrentThreadTime__E)
                  00007268    00000030     uartecho_pem4f.oem4f (.text:ti_uia_loggers_LoggerStopMode_Object__create__S)
                  00007298    00000030     ti.targets.arm.rtsarm.aem4f : SysMin.oem4f (.text:xdc_runtime_SysMin_abort__E)
                  000072c8    00000030                                 : System.oem4f (.text:xdc_runtime_System_processAtExit__E)
                  000072f8    0000002c     Crystalfontz128x128_ST7735.obj (.text:Crystalfontz128x128_ClearScreen)
                  00007324    0000002c     msp432p4xx_driverlib.lib : gpio.o (.text:GPIO_setAsInputPin)
                  00007350    0000002c                              : pcm.o (.text:PCM_getCoreVoltageLevel)
                  0000737c    0000002c     power_tirtos_MSP432P401R.aem4f : PowerMSP432_tirtos.oem4f (.text:PowerMSP432_updateFreqs)
                  000073a8    0000002c     drivers_MSP432P401R.aem4f : PowerMSP432.oem4f (.text:Power_releaseConstraint)
                  000073d4    0000002c                               : PowerMSP432.oem4f (.text:Power_setConstraint)
                  00007400    0000002c     main.obj (.text:start_button)
                  0000742c    0000002c     uartecho_pem4f.oem4f (.text:ti_sysbios_knl_Clock_doTick__I)
                  00007458    0000002c     uartecho_pem4f.oem4f (.text:ti_sysbios_knl_Queue_construct)
                  00007484    00000004     --HOLE-- [fill = 0]
                  00007488    0000002c     sysbios.aem4f : BIOS.obj (.text:ti_sysbios_knl_Task_restore__E)
                  000074b4    0000002c     ti.targets.arm.rtsarm.aem4f : Text.oem4f (.text:xdc_runtime_Text_cordText__E)
                  000074e0    0000002a     display.obj (.text:Graphics_drawPixelOnDisplay)
                  0000750a    0000002a     msp432p4xx_driverlib.lib : pcm.o (.text:PCM_getPowerMode)
                  00007534    0000002a     drivers_MSP432P401R.aem4f : UARTMSP432.oem4f (.text:findBaudDividerIndex)
                  0000755e    0000002a     ped_adc.obj (.text:init_clocks)
                  00007588    0000002a     ti.targets.arm.rtsarm.aem4f : System.oem4f (.text:xdc_runtime_System_putchar__I)
                  000075b2    00000028     Crystalfontz128x128_ST7735.obj (.text:Crystalfontz128x128_ColorTranslate)
                  000075da    00000002     --HOLE-- [fill = 0]
                  000075dc    00000028     msp432p4xx_driverlib.lib : flash.o (.text:FlashCtl_setWaitState)
                  00007604    00000028                              : pcm.o (.text:PCM_gotoLPM0)
                  0000762c    00000028     uartecho_pem4f.oem4f (.text:ti_sysbios_BIOS_startFunc__I)
                  00007654    00000004     --HOLE-- [fill = 0]
                  00007658    00000028     sysbios.aem4f : BIOS.obj (.text:ti_sysbios_knl_Clock_addI__E)
                  00007680    00000028                   : BIOS.obj (.text:ti_sysbios_knl_Swi_Module_startup__E)
                  000076a8    00000026     drivers_MSP432P401R.aem4f : List.oem4f (.text:List_put)
                  000076ce    00000026     main.obj (.text:main)
                  000076f4    00000026     sysbios.aem4f : m3_Hwi_asm.obj (.text:ti_sysbios_family_arm_m3_Hwi_pendSV__I)
                  0000771a    00000026     ti.targets.arm.rtsarm.aem4f : System.oem4f (.text:xdc_runtime_System_avprintf__E)
                  00007740    00000024     msp432p4xx_driverlib.lib : cs.o (.text:CS_setDCOCenteredFrequency)
                  00007764    00000024                              : gpio.o (.text:GPIO_setAsOutputPin)
                  00007788    00000024     HAL_MSP_EXP432P401R_Crystalfontz128x128_ST7735.obj (.text:HAL_LCD_writeData)
                  000077ac    00000024     msp432p4xx_driverlib.lib : rtc_c.o (.text:RTC_C_holdClock)
                  000077d0    00000024                              : rtc_c.o (.text:RTC_C_startClock)
                  000077f4    00000024                              : uart.o (.text:UART_disableInterrupt)
                  00007818    00000024                              : uart.o (.text:UART_receiveData)
                  0000783c    00000024                              : uart.o (.text:UART_transmitData)
                  00007860    00000024     uartecho_pem4f.oem4f (.text:ti_sysbios_BIOS_errorRaiseHook__I)
                  00007884    00000024     uartecho_pem4f.oem4f (.text:ti_sysbios_BIOS_registerRTSLock__I)
                  000078a8    00000024     uartecho_pem4f.oem4f (.text:ti_sysbios_BIOS_removeRTSLock__I)
                  000078cc    00000004     --HOLE-- [fill = 0]
                  000078d0    00000024     sysbios.aem4f : BIOS.obj (.text:ti_sysbios_family_arm_m3_Timer_Module_startup__E)
                  000078f4    00000004     --HOLE-- [fill = 0]
                  000078f8    00000024                   : BIOS.obj (.text:ti_sysbios_family_arm_m3_Timer_postInit__I)
                  0000791c    00000004     --HOLE-- [fill = 0]
                  00007920    00000024                   : BIOS.obj (.text:ti_sysbios_family_arm_m3_Timer_startup__E)
                  00007944    00000004     --HOLE-- [fill = 0]
                  00007948    00000024                   : BIOS.obj (.text:ti_sysbios_family_arm_msp432_ClockFreqs_setFrequency__E)
                  0000796c    00000004     --HOLE-- [fill = 0]
                  00007970    00000024                   : BIOS.obj (.text:ti_sysbios_family_arm_msp432_Timer_postInit__I)
                  00007994    00000024     uartecho_pem4f.oem4f (.text:ti_sysbios_gates_GateMutex_Object__delete__S)
                  000079b8    00000024     sysbios.aem4f : BIOS.obj (.text:ti_sysbios_knl_Clock_Module_startup__E)
                  000079dc    00000004     --HOLE-- [fill = 0]
                  000079e0    00000024                   : BIOS.obj (.text:ti_sysbios_knl_Clock_start__E)
                  00007a04    00000004     --HOLE-- [fill = 0]
                  00007a08    00000024                   : BIOS.obj (.text:ti_sysbios_knl_Semaphore_Instance_init__E)
                  00007a2c    00000004     --HOLE-- [fill = 0]
                  00007a30    00000024                   : BIOS.obj (.text:ti_sysbios_knl_Task_restoreHwi__E)
                  00007a54    00000004     --HOLE-- [fill = 0]
                  00007a58    00000024                   : BIOS.obj (.text:ti_sysbios_utils_Load_updateThreadContexts__E)
                  00007a7c    00000024     ti.targets.arm.rtsarm.aem4f : System.oem4f (.text:xdc_runtime_System_vprintf__E)
                  00007aa0    00000022     uartecho_pem4f.oem4f (.text:xdc_runtime_SysMin_output__I)
                  00007ac2    00000002     --HOLE-- [fill = 0]
                  00007ac4    00000020     msp432p4xx_driverlib.lib : gpio.o (.text:GPIO_interruptEdgeSelect)
                  00007ae4    00000020     drivers_MSP432P401R.aem4f : PowerMSP432.oem4f (.text:PowerMSP432_getFreqs)
                  00007b04    00000020                               : PowerMSP432.oem4f (.text:Power_idleFunc)
                  00007b24    00000020                               : PowerMSP432.oem4f (.text:Power_unregisterNotify)
                  00007b44    00000020     msp432p4xx_driverlib.lib : spi.o (.text:SPI_transmitData)
                  00007b64    00000020     uartecho_pem4f.oem4f (.text:ti_sysbios_BIOS_rtsLock__I)
                  00007b84    00000020     sysbios.aem4f : m3_Hwi_asm.obj (.text:ti_sysbios_family_arm_m3_Hwi_excHandlerAsm__I)
                  00007ba4    00000004     --HOLE-- [fill = 0]
                  00007ba8    00000020                   : BIOS.obj (.text:ti_sysbios_family_arm_m3_Hwi_excHandler__I)
                  00007bc8    00000020                   : BIOS.obj (.text:ti_sysbios_family_arm_m3_TimestampProvider_Module_startup__E)
                  00007be8    00000020     uartecho_pem4f.oem4f (.text:ti_sysbios_gates_GateHwi_Object__delete__S)
                  00007c08    00000020     uartecho_pem4f.oem4f (.text:ti_sysbios_heaps_HeapMem_Object__delete__S)
                  00007c28    00000020     uartecho_pem4f.oem4f (.text:ti_sysbios_knl_Clock_Object__destruct__S)
                  00007c48    00000020     sysbios.aem4f : BIOS.obj (.text:ti_sysbios_knl_Idle_run__E)
                  00007c68    00000020     uartecho_pem4f.oem4f (.text:ti_sysbios_knl_Semaphore_Object__destruct__S)
                  00007c88    00000020     uartecho_pem4f.oem4f (.text:ti_uia_loggers_LoggerStopMode_Object__delete__S)
                  00007ca8    00000020     ti.targets.arm.rtsarm.aem4f : Registry.oem4f (.text:xdc_runtime_Registry_findById__E)
                  00007cc8    00000020                                 : SysMin.oem4f (.text:xdc_runtime_SysMin_Module_startup__E)
                  00007ce8    0000001e     sysbios.aem4f : m3_Hwi_asm_switch.obj (.text:ti_sysbios_family_xxx_Hwi_switchAndRunFunc)
                  00007d06    0000001c     MSP_EXP432P401R.obj (.text:MSP_EXP432P401R_initUART)
                  00007d22    00000002     --HOLE-- [fill = 0]
                  00007d24    0000001c     drivers_MSP432P401R.aem4f : PowerMSP432.oem4f (.text:Power_registerNotify)
                  00007d40    0000001c     uartecho_pem4f.oem4f (.text:ti_sysbios_family_arm_m3_Hwi_Object__destruct__S)
                  00007d5c    00000004     --HOLE-- [fill = 0]
                  00007d60    0000001c     sysbios.aem4f : BIOS.obj (.text:ti_sysbios_family_arm_m3_Timer_stop__E)
                  00007d7c    00000004     --HOLE-- [fill = 0]
                  00007d80    0000001c                   : BIOS.obj (.text:ti_sysbios_gates_GateMutex_Instance_init__E)
                  00007d9c    00000004     --HOLE-- [fill = 0]
                  00007da0    0000001c                   : BIOS.obj (.text:ti_sysbios_knl_Clock_Instance_finalize__E)
                  00007dbc    0000001c     uartecho_pem4f.oem4f (.text:ti_sysbios_knl_Queue_Object__destruct__S)
                  00007dd8    0000001c     sysbios.aem4f : BIOS.obj (.text:ti_sysbios_knl_Queue_get__E)
                  00007df4    00000004     --HOLE-- [fill = 0]
                  00007df8    0000001c                   : BIOS.obj (.text:ti_sysbios_knl_Queue_put__E)
                  00007e14    00000004     --HOLE-- [fill = 0]
                  00007e18    0000001c                   : BIOS.obj (.text:ti_sysbios_knl_Task_enter__I)
                  00007e34    0000001c     ti.uia.loggers.aem4f : LoggerStopMode.oem4f (.text:ti_uia_loggers_LoggerStopMode_Instance_init__E)
                  00007e50    0000001c     ti.targets.arm.rtsarm.aem4f : Error.oem4f (.text:xdc_runtime_Error_raiseX__E)
                  00007e6c    0000001c                                 : Memory.oem4f (.text:xdc_runtime_Memory_valloc__E)
                  00007e88    0000001c                                 : SysMin.oem4f (.text:xdc_runtime_SysMin_exit__E)
                  00007ea4    0000001c                                 : System.oem4f (.text:xdc_runtime_System_abort__E)
                  00007ec0    0000001a     context.obj (.text:Graphics_setBackgroundColor)
                  00007eda    0000001a     context.obj (.text:Graphics_setFont)
                  00007ef4    0000001a     drivers_MSP432P401R.aem4f : List.oem4f (.text:List_remove)
                  00007f0e    0000001a     msp432p4xx_driverlib.lib : spi.o (.text:SPI_enableModule)
                  00007f28    0000001a     uartecho_pem4f.oem4f (.text:ti_sysbios_family_arm_m3_Hwi_Handle__label__S)
                  00007f42    0000001a     uartecho_pem4f.oem4f (.text:ti_sysbios_gates_GateHwi_Handle__label__S)
                  00007f5c    0000001a     uartecho_pem4f.oem4f (.text:ti_sysbios_gates_GateMutex_Handle__label__S)
                  00007f76    0000001a     uartecho_pem4f.oem4f (.text:ti_sysbios_heaps_HeapMem_Handle__label__S)
                  00007f90    0000001a     uartecho_pem4f.oem4f (.text:ti_sysbios_knl_Swi_Handle__label__S)
                  00007faa    0000001a     uartecho_pem4f.oem4f (.text:ti_sysbios_knl_Task_Handle__label__S)
                  00007fc4    0000001a     uartecho_pem4f.oem4f (.text:ti_uia_loggers_LoggerStopMode_Handle__label__S)
                  00007fde    0000001a     uartecho_pem4f.oem4f (.text:xdc_runtime_System_aprintf__E)
                  00007ff8    0000001a     uartecho_pem4f.oem4f (.text:xdc_runtime_System_printf__E)
                  00008012    00000002     --HOLE-- [fill = 0]
                  00008014    00000018     msp432p4xx_driverlib.lib : adc14.o (.text:ADC14_getResult)
                  0000802c    00000018                              : gpio.o (.text:GPIO_clearInterruptFlag)
                  00008044    00000018                              : gpio.o (.text:GPIO_setDriveStrengthLow)
                  0000805c    00000018                              : gpio.o (.text:GPIO_setOutputLowOnPin)
                  00008074    00000018     display.obj (.text:Graphics_clearDisplayOnDisplay)
                  0000808c    00000018     drivers_MSP432P401R.aem4f : UART.oem4f (.text:UART_Params_init)
                  000080a4    00000018     msp432p4xx_driverlib.lib : wdt_a.o (.text:WDT_A_holdTimer)
                  000080bc    00000018     rtsv7M4_T_le_v4SPD16_eabi.lib : args_main.obj (.text)
                  000080d4    00000018     uartecho_pem4f.oem4f (.text:ti_sysbios_BIOS_rtsUnlock__I)
                  000080ec    00000018     uartecho_pem4f.oem4f (.text:ti_sysbios_family_arm_m3_Hwi_Module__startupDone__F)
                  00008104    00000018     sysbios.aem4f : m3_TaskSupport_asm.obj (.text:ti_sysbios_family_arm_m3_TaskSupport_swap__E)
                  0000811c    00000018     uartecho_pem4f.oem4f (.text:ti_sysbios_family_arm_msp432_Timer_Module__startupDone__F)
                  00008134    00000004     --HOLE-- [fill = 0]
                  00008138    00000018     sysbios.aem4f : BIOS.obj (.text:ti_sysbios_gates_GateMutex_leave__E)
                  00008150    00000018     ti.targets.arm.rtsarm.aem4f : Error.oem4f (.text:xdc_runtime_Error_check__E)
                  00008168    00000018                                 : System.oem4f (.text:xdc_runtime_System_exit__E)
                  00008180    00000018                                 : Text.oem4f (.text:xdc_runtime_Text_ropeText__E)
                  00008198    00000016     tirtosport.aem4f : ClockP_tirtos.oem4f (.text:ClockP_delete)
                  000081ae    00000016     context.obj (.text:Graphics_setForegroundColor)
                  000081c4    00000016     display.obj (.text:Graphics_translateColorOnDisplay)
                  000081da    00000016     tirtosport.aem4f : HwiP_tirtos.oem4f (.text:HwiP_delete)
                  000081f0    00000016                      : SemaphoreP_tirtos.oem4f (.text:SemaphoreP_delete)
                  00008206    00000016     msp432p4xx_driverlib.lib : uart.o (.text:UART_enableInterrupt)
                  0000821c    00000016     uartecho_pem4f.oem4f (.text:ti_sysbios_BIOS_exitFunc__I)
                  00008232    00000006     msp432p4xx_driverlib.lib : uart.o (.text:UART_queryStatusFlags)
                  00008238    00000016     sysbios.aem4f : BIOS.obj (.text:ti_sysbios_knl_Task_unblock__E)
                  0000824e    00000016     ti.uia.loggers.aem4f : LoggerStopMode.oem4f (.text:ti_uia_loggers_LoggerStopMode_disable__E)
                  00008264    00000016                          : LoggerStopMode.oem4f (.text:ti_uia_loggers_LoggerStopMode_enable__E)
                  0000827a    00000002     --HOLE-- [fill = 0]
                  0000827c    00000014     msp432p4xx_driverlib.lib : gpio.o (.text:GPIO_setDriveStrengthHigh)
                  00008290    00000014                              : gpio.o (.text:GPIO_setOutputHighOnPin)
                  000082a4    00000014                              : wdt_a.o (.text:WDT_A_startTimer)
                  000082b8    00000014     rtsv7M4_T_le_v4SPD16_eabi.lib : _lock.obj (.text)
                  000082cc    00000014                                   : strcpy.obj (.text)
                  000082e0    00000014                                   : strlen.obj (.text)
                  000082f4    00000014     uartecho_pem4f.oem4f (.text:ti_sysbios_family_arm_m3_Hwi_Object__get__S)
                  00008308    00000014     sysbios.aem4f : BIOS.obj (.text:ti_sysbios_family_arm_m3_Hwi_switchFromBootStack__E)
                  0000831c    00000014     uartecho_pem4f.oem4f (.text:ti_sysbios_heaps_HeapMem_Object__get__S)
                  00008330    00000014     uartecho_pem4f.oem4f (.text:ti_sysbios_knl_Mailbox_Object__get__S)
                  00008344    00000014     uartecho_pem4f.oem4f (.text:ti_sysbios_knl_Swi_Object__get__S)
                  00008358    00000012     tirtosport.aem4f : ClockP_tirtos.oem4f (.text:ClockP_start)
                  0000836a    00000012     context.obj (.text:Graphics_clearDisplay)
                  0000837c    00000012     drivers_MSP432P401R.aem4f : RingBuf.oem4f (.text:RingBuf_construct)
                  0000838e    00000012     tirtosport.aem4f : SemaphoreP_tirtos.oem4f (.text:SemaphoreP_pend)
                  000083a0    00000012     sysbios.aem4f : BIOS.obj (.text:ti_sysbios_hal_Hwi_Module_startup__E)
                  000083b2    00000012     uartecho_pem4f.oem4f (.text:xdc_runtime_Startup_exec__I)
                  000083c4    00000010     msp432p4xx_driverlib.lib : gpio.o (.text:GPIO_getInterruptStatus)
                  000083d4    00000010                              : pcm.o (.text:PCM_gotoLPM4)
                  000083e4    00000010     drivers_MSP432P401R.aem4f : UARTMSP432.oem4f (.text:readBlockingTimeout)
                  000083f4    00000004     --HOLE-- [fill = 0]
                  000083f8    00000010     sysbios.aem4f : BIOS.obj (.text:ti_sysbios_BIOS_exit__E)
                  00008408    00000010                   : BIOS.obj (.text:ti_sysbios_BIOS_getCpuFreq__E)
                  00008418    00000010                   : BIOS.obj (.text:ti_sysbios_BIOS_setCpuFreq__E)
                  00008428    00000010                   : BIOS.obj (.text:ti_sysbios_BIOS_setThreadType__E)
                  00008438    00000010                   : BIOS.obj (.text:ti_sysbios_BIOS_start__E)
                  00008448    00000010                   : m3_TaskSupport_asm.obj (.text:ti_sysbios_family_arm_m3_TaskSupport_glue)
                  00008458    00000010                   : BIOS.obj (.text:ti_sysbios_family_arm_msp432_init_Boot_disableWatchdog)
                  00008468    00000010                   : BIOS.obj (.text:ti_sysbios_gates_GateMutex_Instance_finalize__E)
                  00008478    00000010                   : BIOS.obj (.text:ti_sysbios_knl_Semaphore_Instance_finalize__E)
                  00008488    00000010                   : BIOS.obj (.text:ti_sysbios_knl_Swi_disable__E)
                  00008498    00000010     uartecho_pem4f.oem4f (.text:ti_sysbios_knl_Task_Object__get__S)
                  000084a8    00000010     sysbios.aem4f : BIOS.obj (.text:ti_sysbios_knl_Task_disable__E)
                  000084b8    00000010     uartecho_pem4f.oem4f (.text:ti_uia_loggers_LoggerStopMode_Object__get__S)
                  000084c8    00000010     ti.uia.loggers.aem4f : LoggerStopMode.oem4f (.text:ti_uia_loggers_LoggerStopMode_isEmpty__E)
                  000084d8    00000010     ti.targets.arm.rtsarm.aem4f : Gate.oem4f (.text:xdc_runtime_Gate_leaveSystem__E)
                  000084e8    00000010                                 : Memory.oem4f (.text:xdc_runtime_Memory_free__E)
                  000084f8    00000010                                 : SysMin.oem4f (.text:xdc_runtime_SysMin_ready__E)
                  00008508    00000010                                 : System.oem4f (.text:xdc_runtime_System_vsnprintf__E)
                  00008518    00000010     uartecho_pem4f.oem4f (.text:xdc_runtime_Text_visitRope__I)
                  00008528    0000000e     tirtosport.aem4f : HwiP_tirtos.oem4f (.text:HwiP_Params_init)
                  00008536    0000000e     msp432p4xx_driverlib.lib : uart.o (.text:UART_clearInterruptFlag)
                  00008544    0000000e     rtsv7M4_T_le_v4SPD16_eabi.lib : copy_decompress_none.obj (.text:decompress:none)
                  00008552    00000006     ti.targets.arm.rtsarm.aem4f : xdc_noinit.oem4f (.text:__xdc__init)
                  00008558    0000000e     sysbios.aem4f : BIOS.obj (.text:ti_sysbios_knl_Clock_removeI__E)
                  00008566    00000002     --HOLE-- [fill = 0]
                  00008568    0000000e                   : BIOS.obj (.text:ti_sysbios_knl_Idle_loop__E)
                  00008576    00000002     --HOLE-- [fill = 0]
                  00008578    0000000e                   : BIOS.obj (.text:ti_sysbios_knl_Queue_empty__E)
                  00008586    0000000c     uartecho_pem4f.oem4f (.text:.bootCodeSection:ti_sysbios_family_arm_msp432_init_Boot_init__I)
                  00008592    0000000c     msp432p4xx_driverlib.lib : cpu.o (.text:CPU_cpsid)
                  0000859e    0000000c                              : cpu.o (.text:CPU_cpsie)
                  000085aa    0000000c                              : spi.o (.text:EUSCI_A_SPI_enable)
                  000085b6    0000000c                              : spi.o (.text:EUSCI_B_SPI_enable)
                  000085c2    00000002     --HOLE-- [fill = 0]
                  000085c4    0000000c                              : pcm.o (.text:PCM_getPowerState)
                  000085d0    0000000c     drivers_MSP432P401R.aem4f : PowerMSP432.oem4f (.text:Power_getConstraintMask)
                  000085dc    0000000c                               : PowerMSP432.oem4f (.text:Power_getPerformanceLevel)
                  000085e8    0000000c                               : RingBuf.oem4f (.text:RingBuf_peek)
                  000085f4    0000000c                               : UARTMSP432.oem4f (.text:UARTMSP432_init)
                  00008600    0000000c     msp432p4xx_driverlib.lib : uart.o (.text:UART_disableModule)
                  0000860c    0000000c                              : uart.o (.text:UART_enableModule)
                  00008618    0000000c     rtsv7M4_T_le_v4SPD16_eabi.lib : copy_zero_init.obj (.text:decompress:ZI)
                  00008624    0000000c     uartecho_pem4f.oem4f (.text:ti_sysbios_family_arm_m3_Hwi_Params__init__S)
                  00008630    0000000c     sysbios.aem4f : BIOS.obj (.text:ti_sysbios_family_arm_m3_Hwi_disableFxn__E)
                  0000863c    00000004     --HOLE-- [fill = 0]
                  00008640    0000000c                   : BIOS.obj (.text:ti_sysbios_family_arm_m3_TaskSupport_checkStack__E)
                  0000864c    00000004     --HOLE-- [fill = 0]
                  00008650    0000000c                   : BIOS.obj (.text:ti_sysbios_family_arm_m3_TimestampProvider_startTimer__E)
                  0000865c    00000004     --HOLE-- [fill = 0]
                  00008660    0000000c                   : BIOS.obj (.text:ti_sysbios_family_arm_msp432_Timer_getMaxTicks__E)
                  0000866c    00000004     --HOLE-- [fill = 0]
                  00008670    0000000c                   : BIOS.obj (.text:ti_sysbios_gates_GateHwi_enter__E)
                  0000867c    0000000c     uartecho_pem4f.oem4f (.text:ti_sysbios_knl_Clock_Params__init__S)
                  00008688    0000000c     uartecho_pem4f.oem4f (.text:ti_sysbios_knl_Queue_Object__get__S)
                  00008694    0000000c     uartecho_pem4f.oem4f (.text:ti_sysbios_knl_Semaphore_Params__init__S)
                  000086a0    0000000c     ti.targets.arm.rtsarm.aem4f : Error.oem4f (.text:xdc_runtime_Error_init__E)
                  000086ac    0000000c                                 : Gate.oem4f (.text:xdc_runtime_Gate_enterSystem__E)
                  000086b8    0000000c                                 : Memory.oem4f (.text:xdc_runtime_Memory_calloc__E)
                  000086c4    0000000c                                 : Memory.oem4f (.text:xdc_runtime_Memory_getMaxDefaultTypeAlign__E)
                  000086d0    0000000a     tirtosport.aem4f : ClockP_tirtos.oem4f (.text:ClockP_stop)
                  000086da    0000000a     Crystalfontz128x128_ST7735.obj (.text:Crystalfontz128x128_Flush)
                  000086e4    0000000a     tirtosport.aem4f : SemaphoreP_tirtos.oem4f (.text:SemaphoreP_post)
                  000086ee    0000000a     drivers_MSP432P401R.aem4f : UART.oem4f (.text:UART_read)
                  000086f8    0000000a                               : UART.oem4f (.text:UART_write)
                  00008702    0000000a     uartecho_pem4f.oem4f (.text:xdc_runtime_IHeap_alloc)
                  0000870c    0000000a     uartecho_pem4f.oem4f (.text:xdc_runtime_IHeap_free)
                  00008716    00000008     tirtosport.aem4f : ClockP_tirtos.oem4f (.text:ClockP_Params_init)
                  0000871e    00000008     msp432p4xx_driverlib.lib : spi.o (.text:EUSCI_B_SPI_getInterruptStatus)
                  00008726    00000008     MSP_EXP432P401R.obj (.text:MSP_EXP432P401R_initGPIO)
                  0000872e    00000008     MSP_EXP432P401R.obj (.text:MSP_EXP432P401R_initGeneral)
                  00008736    00000008     msp432p4xx_driverlib.lib : pcm.o (.text:PCM_setPowerMode)
                  0000873e    00000008                              : pcm.o (.text:PCM_setPowerState)
                  00008746    00000008     tirtosport.aem4f : SemaphoreP_tirtos.oem4f (.text:SemaphoreP_Params_init)
                  0000874e    00000008     drivers_MSP432P401R.aem4f : UARTMSP432.oem4f (.text:readSemCallback)
                  00008756    00000002     --HOLE-- [fill = 0]
                  00008758    00000008     sysbios.aem4f : BIOS.obj (.text:ti_sysbios_family_arm_m3_Hwi_doSwiRestore__I)
                  00008760    00000008                   : BIOS.obj (.text:ti_sysbios_family_arm_m3_Hwi_startup__E)
                  00008768    00000008     drivers_MSP432P401R.aem4f : UARTMSP432.oem4f (.text:writeSemCallback)
                  00008770    00000006     rtsv7M4_T_le_v4SPD16_eabi.lib : copy_decompress_rle.obj (.text:decompress:rle24)
                  00008776    00000002     --HOLE-- [fill = 0]
                  00008778    00000006     sysbios.aem4f : BIOS.obj (.text:ti_sysbios_family_arm_m3_Hwi_doTaskRestore__I)
                  0000877e    00000002     --HOLE-- [fill = 0]
                  00008780    00000006                   : BIOS.obj (.text:ti_sysbios_family_arm_m3_Hwi_restoreFxn__E)
                  00008786    00000002     --HOLE-- [fill = 0]
                  00008788    00000006                   : BIOS.obj (.text:ti_sysbios_gates_GateHwi_leave__E)
                  0000878e    00000002     --HOLE-- [fill = 0]
                  00008790    00000006                   : BIOS.obj (.text:ti_sysbios_heaps_HeapMem_isBlocking__E)
                  00008796    00000002     --HOLE-- [fill = 0]
                  00008798    00000006                   : BIOS.obj (.text:ti_sysbios_knl_Clock_stop__E)
                  0000879e    00000002     --HOLE-- [fill = 0]
                  000087a0    00000006                   : BIOS.obj (.text:ti_sysbios_knl_Queue_Instance_init__E)
                  000087a6    00000002     --HOLE-- [fill = 0]
                  000087a8    00000006                   : BIOS.obj (.text:ti_sysbios_knl_Swi_startup__E)
                  000087ae    00000006     ti.targets.arm.rtsarm.aem4f : System.oem4f (.text:xdc_runtime_System_Module_startup__E)
                  000087b4    00000004     --HOLE-- [fill = 0]
                  000087b8    00000004     sysbios.aem4f : BIOS.obj (.text:ti_sysbios_gates_GateHwi_query__E)
                  000087bc    00000004     --HOLE-- [fill = 0]
                  000087c0    00000004                   : BIOS.obj (.text:ti_sysbios_gates_GateMutex_query__E)
                  000087c4    00000004     --HOLE-- [fill = 0]
                  000087c8    00000004                   : BIOS.obj (.text:ti_sysbios_knl_Clock_setTimeout__E)
                  000087cc    00000004     --HOLE-- [fill = 0]
                  000087d0    00000004                   : BIOS.obj (.text:ti_sysbios_knl_Task_startup__E)
                  000087d4    00000004     --HOLE-- [fill = 0]
                  000087d8    00000002                   : BIOS.obj (.text:ti_sysbios_family_arm_m3_TimestampProvider_rolloverFunc__E)
                  000087da    00000006     --HOLE-- [fill = 0]
                  000087e0    00000002                   : BIOS.obj (.text:ti_sysbios_gates_GateHwi_Instance_init__E)
                  000087e2    00000006     --HOLE-- [fill = 0]
                  000087e8    00000002                   : BIOS.obj (.text:ti_sysbios_knl_Clock_logTick__E)

.const     0    000087ec    00002bc6     
                  000087ec    00001f3d     uartecho_pem4f.oem4f (.const:xdc_runtime_Text_charTab__A)
                  0000a729    000002f8     fontfixed6x8.obj (.const:.string:g_pucFontFixed6x8Data)
                  0000aa21    00000001     uartecho_pem4f.oem4f (.const:xdc_runtime_Error_policy__C)
                  0000aa22    00000100     uartecho_pem4f.oem4f (.const:xdc_runtime_Text_nodeTab__A)
                  0000ab22    00000002     uartecho_pem4f.oem4f (.const:ti_sysbios_family_arm_m3_Hwi_Module__id__C)
                  0000ab24    000000c8     fontfixed6x8.obj (.const:g_sFontFixed6x8)
                  0000abec    00000080     msp432p4xx_driverlib.lib : adc14.o (.const:_ctlRegs)
                  0000ac6c    00000070     MSP_EXP432P401R.obj (.const:uartMSP432Baudrates)
                  0000acdc    00000060     uartecho_pem4f.oem4f (.const:ti_uia_loggers_LoggerStopMode_Module__FXNS__C)
                  0000ad3c    00000048     uartecho_pem4f.oem4f (.const:.string)
                  0000ad84    00000048     MSP_EXP432P401R.obj (.const:uartMSP432HWAttrs)
                  0000adcc    00000030     uartecho_pem4f.oem4f (.const:ti_sysbios_family_arm_m3_Hwi_Object__PARAMS__C)
                  0000adfc    00000030     uartecho_pem4f.oem4f (.const:xdc_runtime_Startup_sfxnTab__A)
                  0000ae2c    0000002c     Crystalfontz128x128_ST7735.obj (.const:g_sCrystalfontz128x128)
                  0000ae58    00000028     drivers_MSP432P401R.aem4f : UARTMSP432.oem4f (.const:UARTMSP432_fxnTable)
                  0000ae80    00000028     uartecho_pem4f.oem4f (.const:ti_sysbios_heaps_HeapMem_Module__FXNS__C)
                  0000aea8    00000028     uartecho_pem4f.oem4f (.const:ti_uia_loggers_LoggerStopMode_Object__PARAMS__C)
                  0000aed0    00000024     MSP_EXP432P401R.obj (.const:UART_config)
                  0000aef4    00000024     drivers_MSP432P401R.aem4f : UART.oem4f (.const:UART_defaultParams)
                  0000af18    00000024                               : UARTMSP432.oem4f (.const)
                  0000af3c    00000024     uartecho_pem4f.oem4f (.const:ti_sysbios_gates_GateHwi_Module__FXNS__C)
                  0000af60    00000024     uartecho_pem4f.oem4f (.const:ti_sysbios_gates_GateMutex_Module__FXNS__C)
                  0000af84    00000024     uartecho_pem4f.oem4f (.const:ti_sysbios_heaps_HeapMem_Object__PARAMS__C)
                  0000afa8    00000024     uartecho_pem4f.oem4f (.const:ti_sysbios_knl_Clock_Object__PARAMS__C)
                  0000afcc    00000024     uartecho_pem4f.oem4f (.const:ti_sysbios_knl_Semaphore_Object__PARAMS__C)
                  0000aff0    00000024     uartecho_pem4f.oem4f (.const)
                  0000b014    00000020     uartecho_pem4f.oem4f (.const:ti_sysbios_family_arm_m3_Hwi_Object__DESC__C)
                  0000b034    00000020     uartecho_pem4f.oem4f (.const:ti_sysbios_gates_GateHwi_Object__DESC__C)
                  0000b054    00000020     uartecho_pem4f.oem4f (.const:ti_sysbios_gates_GateMutex_Object__DESC__C)
                  0000b074    00000020     uartecho_pem4f.oem4f (.const:ti_sysbios_heaps_HeapMem_Object__DESC__C)
                  0000b094    00000020     uartecho_pem4f.oem4f (.const:ti_sysbios_knl_Clock_Object__DESC__C)
                  0000b0b4    00000020     uartecho_pem4f.oem4f (.const:ti_sysbios_knl_Queue_Object__DESC__C)
                  0000b0d4    00000020     uartecho_pem4f.oem4f (.const:ti_sysbios_knl_Semaphore_Object__DESC__C)
                  0000b0f4    00000020     uartecho_pem4f.oem4f (.const:ti_uia_loggers_LoggerStopMode_Object__DESC__C)
                  0000b114    0000001c     HAL_MSP_EXP432P401R_Crystalfontz128x128_ST7735.obj (.const)
                  0000b130    0000001a     main.obj (.const:.string)
                  0000b14a    00000002     uartecho_pem4f.oem4f (.const:ti_sysbios_family_arm_m3_Timer_Module__id__C)
                  0000b14c    00000018     uartecho_pem4f.oem4f (.const:ti_sysbios_gates_GateHwi_Object__PARAMS__C)
                  0000b164    00000018     uartecho_pem4f.oem4f (.const:ti_sysbios_gates_GateMutex_Object__PARAMS__C)
                  0000b17c    00000018     uartecho_pem4f.oem4f (.const:ti_sysbios_knl_Queue_Object__PARAMS__C)
                  0000b194    00000018     uartecho_pem4f.oem4f (.const:xdc_runtime_Startup_sfxnRts__A)
                  0000b1ac    00000014     MSP_EXP432P401R.obj (.const:GPIOMSP432_config)
                  0000b1c0    00000010     MSP_EXP432P401R.obj (.const)
                  0000b1d0    00000010     uartecho_pem4f.oem4f (.const:ti_sysbios_knl_Idle_funcList__A)
                  0000b1e0    0000000c     drivers_MSP432P401R.aem4f : GPIOMSP432.oem4f (.const:.string)
                  0000b1ec    0000000c     lcd_display.obj (.const:.string)
                  0000b1f8    0000000c     uartecho_pem4f.oem4f (.const:xdc_runtime_Startup_firstFxns__A)
                  0000b204    00000008     Crystalfontz128x128_ST7735.obj (.const)
                  0000b20c    00000008     uartecho_pem4f.oem4f (.const:ti_sysbios_family_arm_m3_Hwi_excHookFuncs__A)
                  0000b214    00000008     uartecho_pem4f.oem4f (.const:ti_sysbios_knl_Idle_funcList__C)
                  0000b21c    00000008     uartecho_pem4f.oem4f (.const:xdc_runtime_Startup_firstFxns__C)
                  0000b224    00000008     uartecho_pem4f.oem4f (.const:xdc_runtime_Startup_lastFxns__C)
                  0000b22c    00000005     drivers_MSP432P401R.aem4f : UARTMSP432.oem4f (.const:.string)
                  0000b231    00000001     --HOLE-- [fill = 0]
                  0000b232    00000002     uartecho_pem4f.oem4f (.const:ti_sysbios_family_arm_m3_TimestampProvider_configTimer__C)
                  0000b234    00000004     uartecho_pem4f.oem4f (.const:ti_sysbios_family_arm_m3_Hwi_E_NMI__C)
                  0000b238    00000004     uartecho_pem4f.oem4f (.const:ti_sysbios_family_arm_m3_Hwi_E_alreadyDefined__C)
                  0000b23c    00000004     uartecho_pem4f.oem4f (.const:ti_sysbios_family_arm_m3_Hwi_E_busFault__C)
                  0000b240    00000004     uartecho_pem4f.oem4f (.const:ti_sysbios_family_arm_m3_Hwi_E_debugMon__C)
                  0000b244    00000004     uartecho_pem4f.oem4f (.const:ti_sysbios_family_arm_m3_Hwi_E_hardFault__C)
                  0000b248    00000004     uartecho_pem4f.oem4f (.const:ti_sysbios_family_arm_m3_Hwi_E_memFault__C)
                  0000b24c    00000004     uartecho_pem4f.oem4f (.const:ti_sysbios_family_arm_m3_Hwi_E_noIsr__C)
                  0000b250    00000004     uartecho_pem4f.oem4f (.const:ti_sysbios_family_arm_m3_Hwi_E_reserved__C)
                  0000b254    00000004     uartecho_pem4f.oem4f (.const:ti_sysbios_family_arm_m3_Hwi_E_svCall__C)
                  0000b258    00000004     uartecho_pem4f.oem4f (.const:ti_sysbios_family_arm_m3_Hwi_E_usageFault__C)
                  0000b25c    00000004     uartecho_pem4f.oem4f (.const:ti_sysbios_family_arm_m3_Hwi_NUM_INTERRUPTS__C)
                  0000b260    00000004     uartecho_pem4f.oem4f (.const:ti_sysbios_family_arm_m3_Hwi_Object__count__C)
                  0000b264    00000004     uartecho_pem4f.oem4f (.const:ti_sysbios_family_arm_m3_Hwi_ccr__C)
                  0000b268    00000004     uartecho_pem4f.oem4f (.const:ti_sysbios_family_arm_m3_Hwi_excHandlerFunc__C)
                  0000b26c    00000004     uartecho_pem4f.oem4f (.const:ti_sysbios_family_arm_m3_Hwi_excHookFuncs__C)
                  0000b270    00000004     uartecho_pem4f.oem4f (.const:ti_sysbios_family_arm_m3_Hwi_nullIsrFunc__C)
                  0000b274    00000004     uartecho_pem4f.oem4f (.const:ti_sysbios_family_arm_m3_Hwi_priGroup__C)
                  0000b278    00000004     uartecho_pem4f.oem4f (.const:ti_sysbios_family_arm_m3_Timer_E_cannotSupport__C)
                  0000b27c    00000004     uartecho_pem4f.oem4f (.const:ti_sysbios_family_arm_m3_Timer_startupNeeded__C)
                  0000b280    00000004     uartecho_pem4f.oem4f (.const:ti_sysbios_family_arm_msp432_Timer_numTimerDevices__C)
                  0000b284    00000004     uartecho_pem4f.oem4f (.const:ti_sysbios_family_arm_msp432_Timer_startupNeeded__C)
                  0000b288    00000004     uartecho_pem4f.oem4f (.const:ti_sysbios_gates_GateMutex_Instance_State_sem__O)
                  0000b28c    00000004     uartecho_pem4f.oem4f (.const:ti_sysbios_hal_Hwi_E_stackOverflow__C)
                  0000b290    00000004     uartecho_pem4f.oem4f (.const:ti_sysbios_heaps_HeapMem_E_memory__C)
                  0000b294    00000004     uartecho_pem4f.oem4f (.const:ti_sysbios_heaps_HeapMem_Module__gateObj__C)
                  0000b298    00000004     uartecho_pem4f.oem4f (.const:ti_sysbios_heaps_HeapMem_Object__count__C)
                  0000b29c    00000004     uartecho_pem4f.oem4f (.const:ti_sysbios_heaps_HeapMem_reqAlign__C)
                  0000b2a0    00000004     uartecho_pem4f.oem4f (.const:ti_sysbios_knl_Clock_Module_State_clockQ__O)
                  0000b2a4    00000004     uartecho_pem4f.oem4f (.const:ti_sysbios_knl_Mailbox_Instance_State_dataQue__O)
                  0000b2a8    00000004     uartecho_pem4f.oem4f (.const:ti_sysbios_knl_Mailbox_Instance_State_dataSem__O)
                  0000b2ac    00000004     uartecho_pem4f.oem4f (.const:ti_sysbios_knl_Mailbox_Instance_State_freeQue__O)
                  0000b2b0    00000004     uartecho_pem4f.oem4f (.const:ti_sysbios_knl_Mailbox_Instance_State_freeSem__O)
                  0000b2b4    00000004     uartecho_pem4f.oem4f (.const:ti_sysbios_knl_Mailbox_Object__count__C)
                  0000b2b8    00000004     uartecho_pem4f.oem4f (.const:ti_sysbios_knl_Mailbox_maxTypeAlign__C)
                  0000b2bc    00000004     uartecho_pem4f.oem4f (.const:ti_sysbios_knl_Semaphore_Instance_State_pendQ__O)
                  0000b2c0    00000004     uartecho_pem4f.oem4f (.const:ti_sysbios_knl_Swi_Object__count__C)
                  0000b2c4    00000004     uartecho_pem4f.oem4f (.const:ti_sysbios_knl_Task_E_spOutOfBounds__C)
                  0000b2c8    00000004     uartecho_pem4f.oem4f (.const:ti_sysbios_knl_Task_E_stackOverflow__C)
                  0000b2cc    00000004     uartecho_pem4f.oem4f (.const:ti_sysbios_knl_Task_Module_State_inactiveQ__O)
                  0000b2d0    00000004     uartecho_pem4f.oem4f (.const:ti_sysbios_knl_Task_Object__count__C)
                  0000b2d4    00000004     uartecho_pem4f.oem4f (.const:ti_sysbios_knl_Task_allBlockedFunc__C)
                  0000b2d8    00000004     uartecho_pem4f.oem4f (.const:ti_sysbios_knl_Task_numConstructedTasks__C)
                  0000b2dc    00000004     uartecho_pem4f.oem4f (.const:ti_sysbios_utils_Load_postUpdate__C)
                  0000b2e0    00000004     uartecho_pem4f.oem4f (.const:ti_sysbios_utils_Load_windowInMs__C)
                  0000b2e4    00000004     uartecho_pem4f.oem4f (.const:ti_uia_loggers_LoggerStopMode_Module__diagsEnabled__C)
                  0000b2e8    00000004     uartecho_pem4f.oem4f (.const:ti_uia_loggers_LoggerStopMode_Module__diagsIncluded__C)
                  0000b2ec    00000004     uartecho_pem4f.oem4f (.const:ti_uia_loggers_LoggerStopMode_Module__diagsMask__C)
                  0000b2f0    00000004     uartecho_pem4f.oem4f (.const:ti_uia_loggers_LoggerStopMode_Object__count__C)
                  0000b2f4    00000004     uartecho_pem4f.oem4f (.const:ti_uia_runtime_ILoggerSnapshot_Interface__BASE__C)
                  0000b2f8    00000004     uartecho_pem4f.oem4f (.const:ti_uia_runtime_IUIATransfer_Interface__BASE__C)
                  0000b2fc    00000004     uartecho_pem4f.oem4f (.const:xdc_runtime_Assert_E_assertFailed__C)
                  0000b300    00000004     uartecho_pem4f.oem4f (.const:xdc_runtime_Core_A_initializedParams__C)
                  0000b304    00000004     uartecho_pem4f.oem4f (.const:xdc_runtime_Core_Module__diagsEnabled__C)
                  0000b308    00000004     uartecho_pem4f.oem4f (.const:xdc_runtime_Core_Module__diagsIncluded__C)
                  0000b30c    00000004     uartecho_pem4f.oem4f (.const:xdc_runtime_Core_Module__diagsMask__C)
                  0000b310    00000004     uartecho_pem4f.oem4f (.const:xdc_runtime_Error_E_memory__C)
                  0000b314    00000004     uartecho_pem4f.oem4f (.const:xdc_runtime_Error_Module__diagsEnabled__C)
                  0000b318    00000004     uartecho_pem4f.oem4f (.const:xdc_runtime_Error_Module__diagsIncluded__C)
                  0000b31c    00000004     uartecho_pem4f.oem4f (.const:xdc_runtime_Error_Module__diagsMask__C)
                  0000b320    00000004     uartecho_pem4f.oem4f (.const:xdc_runtime_Error_Module__loggerFxn8__C)
                  0000b324    00000004     uartecho_pem4f.oem4f (.const:xdc_runtime_Error_Module__loggerObj__C)
                  0000b328    00000004     uartecho_pem4f.oem4f (.const:xdc_runtime_Error_policyFxn__C)
                  0000b32c    00000004     uartecho_pem4f.oem4f (.const:xdc_runtime_Error_raiseHook__C)
                  0000b330    00000004     uartecho_pem4f.oem4f (.const:xdc_runtime_IFilterLogger_Interface__BASE__C)
                  0000b334    00000004     uartecho_pem4f.oem4f (.const:xdc_runtime_IGateProvider_Interface__BASE__C)
                  0000b338    00000004     uartecho_pem4f.oem4f (.const:xdc_runtime_IHeap_Interface__BASE__C)
                  0000b33c    00000004     uartecho_pem4f.oem4f (.const:xdc_runtime_ILogger_Interface__BASE__C)
                  0000b340    00000004     uartecho_pem4f.oem4f (.const:xdc_runtime_IModule_Interface__BASE__C)
                  0000b344    00000004     uartecho_pem4f.oem4f (.const:xdc_runtime_Log_L_error__C)
                  0000b348    00000004     uartecho_pem4f.oem4f (.const:xdc_runtime_Memory_defaultHeapInstance__C)
                  0000b34c    00000004     uartecho_pem4f.oem4f (.const:xdc_runtime_Startup_execImpl__C)
                  0000b350    00000004     uartecho_pem4f.oem4f (.const:xdc_runtime_Startup_lastFxns__A)
                  0000b354    00000004     uartecho_pem4f.oem4f (.const:xdc_runtime_Startup_maxPasses__C)
                  0000b358    00000004     uartecho_pem4f.oem4f (.const:xdc_runtime_Startup_sfxnRts__C)
                  0000b35c    00000004     uartecho_pem4f.oem4f (.const:xdc_runtime_Startup_sfxnTab__C)
                  0000b360    00000004     uartecho_pem4f.oem4f (.const:xdc_runtime_SysMin_bufSize__C)
                  0000b364    00000004     uartecho_pem4f.oem4f (.const:xdc_runtime_SysMin_outputFunc__C)
                  0000b368    00000004     uartecho_pem4f.oem4f (.const:xdc_runtime_System_Module__gateObj__C)
                  0000b36c    00000004     uartecho_pem4f.oem4f (.const:xdc_runtime_System_abortFxn__C)
                  0000b370    00000004     uartecho_pem4f.oem4f (.const:xdc_runtime_System_exitFxn__C)
                  0000b374    00000004     uartecho_pem4f.oem4f (.const:xdc_runtime_System_extendFxn__C)
                  0000b378    00000004     uartecho_pem4f.oem4f (.const:xdc_runtime_System_maxAtexitHandlers__C)
                  0000b37c    00000004     uartecho_pem4f.oem4f (.const:xdc_runtime_Text_charTab__C)
                  0000b380    00000004     uartecho_pem4f.oem4f (.const:xdc_runtime_Text_nameEmpty__C)
                  0000b384    00000004     uartecho_pem4f.oem4f (.const:xdc_runtime_Text_nameStatic__C)
                  0000b388    00000004     uartecho_pem4f.oem4f (.const:xdc_runtime_Text_nameUnknown__C)
                  0000b38c    00000004     uartecho_pem4f.oem4f (.const:xdc_runtime_Text_nodeTab__C)
                  0000b390    00000004     uartecho_pem4f.oem4f (.const:xdc_runtime_Text_visitRopeFxn__C)
                  0000b394    00000002     uartecho_pem4f.oem4f (.const:ti_sysbios_hal_Hwi_Module__id__C)
                  0000b396    00000002     uartecho_pem4f.oem4f (.const:ti_sysbios_heaps_HeapMem_Module__id__C)
                  0000b398    00000002     uartecho_pem4f.oem4f (.const:ti_sysbios_knl_Task_Module__id__C)
                  0000b39a    00000002     uartecho_pem4f.oem4f (.const:ti_sysbios_utils_Load_updateInIdle__C)
                  0000b39c    00000002     uartecho_pem4f.oem4f (.const:ti_uia_loggers_LoggerStopMode_Module__id__C)
                  0000b39e    00000002     uartecho_pem4f.oem4f (.const:ti_uia_loggers_LoggerStopMode_isTimestampEnabled__C)
                  0000b3a0    00000002     uartecho_pem4f.oem4f (.const:xdc_runtime_Core_Module__id__C)
                  0000b3a2    00000002     uartecho_pem4f.oem4f (.const:xdc_runtime_Error_Module__loggerDefined__C)
                  0000b3a4    00000002     uartecho_pem4f.oem4f (.const:xdc_runtime_Error_maxDepth__C)
                  0000b3a6    00000002     uartecho_pem4f.oem4f (.const:xdc_runtime_Memory_Module__id__C)
                  0000b3a8    00000002     uartecho_pem4f.oem4f (.const:xdc_runtime_SysMin_flushAtExit__C)
                  0000b3aa    00000002     uartecho_pem4f.oem4f (.const:xdc_runtime_Text_charCnt__C)
                  0000b3ac    00000002     uartecho_pem4f.oem4f (.const:xdc_runtime_Text_isLoaded__C)
                  0000b3ae    00000002     uartecho_pem4f.oem4f (.const:xdc_runtime_Text_registryModsLastId__C)
                  0000b3b0    00000002     uartecho_pem4f.oem4f (.const:xdc_runtime_Text_unnamedModsLastId__C)

.cinit     0    0000b3b8    00000670     
                  0000b3b8    00000639     (.cinit..data.load) [load image, compression = rle]
                  0000b9f1    00000003     --HOLE-- [fill = 0]
                  0000b9f4    0000000c     (__TI_handler_table)
                  0000ba00    00000008     (.cinit..bss.load) [load image, compression = zero_init]
                  0000ba08    00000008     (.cinit..vecs.load) [load image, compression = zero_init]
                  0000ba10    00000018     (__TI_cinit_table)

.resetVecs 
*          0    00000000    0000003c     
                  00000000    0000003c     uartecho_pem4f.oem4f (.resetVecs)

.bss       0    20000180    00001f30     UNINITIALIZED
                  20000180    00000e00     uartecho_pem4f.oem4f (.bss:taskStackSection)
                  20000f80    00000400     uartecho_pem4f.oem4f (.bss:ti_sysbios_heaps_HeapMem_Instance_State_0_buf__A)
                  20001380    00000400     uartecho_pem4f.oem4f (.bss:ti_uia_loggers_LoggerStopMode_Instance_State_2_packetArray__A)
                  20001780    00000200     uartecho_pem4f.oem4f (.bss:ti_uia_loggers_LoggerStopMode_Instance_State_1_packetArray__A)
                  20001980    00000140     uartecho_pem4f.oem4f (.bss:ti_sysbios_family_arm_m3_Hwi_dispatchTable)
                  20001ac0    00000120     rtsv7M4_T_le_v4SPD16_eabi.lib : trgmsg.obj (.bss:__CIOBUF_)
                  20001be0    0000001c     (.common:g_sContext)
                  20001bfc    00000002     (.common:Lcd_ScreenHeigth)
                  20001bfe    00000002     (.common:Lcd_ScreenWidth)
                  20001c00    00000100     uartecho_pem4f.oem4f (.bss:ti_uia_loggers_LoggerStopMode_Instance_State_0_packetArray__A)
                  20001d00    00000100     MSP_EXP432P401R.obj (.bss:uartMSP432Objects)
                  20001e00    00000090     uartecho_pem4f.oem4f (.bss:ti_sysbios_knl_Mailbox_Instance_State_1_allocBuf__A)
                  20001e90    00000080     uartecho_pem4f.oem4f (.bss:xdc_runtime_SysMin_Module_State_0_outbuf__A)
                  20001f10    00000040     MSP_EXP432P401R.obj (.bss:uartMSP432RingBuffer)
                  20001f50    00000030     drivers_MSP432P401R.aem4f : GPIOMSP432.oem4f (.bss:gpioCallbackInfo)
                  20001f80    00000030     uartecho_pem4f.oem4f (.bss:ti_uia_loggers_LoggerStopMode_Instance_State_0_hdr__A)
                  20001fb0    00000018     (.common:ti_sysbios_knl_Mailbox_Instance_State_0_allocBuf__A)
                  20001fc8    00000008     (.common:parmbuf)
                  20001fd0    00000002     (.common:Lcd_TouchTrim)
                  20001fd2    00000001     (.common:Lcd_FlagRead)
                  20001fd3    00000001     (.common:Lcd_FontSolid)
                  20001fd4    00000001     (.common:Lcd_Orientation)
                  20001fd5    00000001     (.common:Lcd_PenSolid)
                  20001fd6    0000002a     --HOLE--
                  20002000    00000030     uartecho_pem4f.oem4f (.bss:ti_uia_loggers_LoggerStopMode_Instance_State_1_hdr__A)
                  20002030    00000050     --HOLE--
                  20002080    00000030     uartecho_pem4f.oem4f (.bss:ti_uia_loggers_LoggerStopMode_Instance_State_2_hdr__A)

.data      0    200020b0    0000092d     UNINITIALIZED
                  200020b0    0000019c     uartecho_pem4f.oem4f (.data)
                  2000224c    00000130     uartecho_pem4f.oem4f (.data:ti_sysbios_knl_Task_Object__table__V)
[...]
000087b9  ti_sysbios_gates_GateHwi_query__E                            
000087b9  xdc_runtime_Main_Module_GateProxy_query__E                   
000087b9  xdc_runtime_System_Module_GateProxy_query__E                 
000087c1  ti_sysbios_BIOS_RtsGateProxy_query__E                        
000087c1  ti_sysbios_gates_GateMutex_query__E                          
000087c1  ti_sysbios_heaps_HeapMem_Module_GateProxy_query__E           
000087c9  ti_sysbios_knl_Clock_setTimeout__E                           
000087d1  ti_sysbios_knl_Task_startup__E                               
000087d9  ti_sysbios_family_arm_m3_TimestampProvider_rolloverFunc__E   
000087e1  ti_sysbios_gates_GateHwi_Instance_init__E                    
000087e9  ti_sysbios_knl_Clock_logTick__E                              
000087ec  xdc_runtime_Text_charTab__A                                  
0000aa21  xdc_runtime_Error_policy__C                                  
0000aa22  xdc_runtime_Text_nodeTab__A                                  
0000ab22  ti_sysbios_family_arm_m3_Hwi_Module__id__C                   
0000ab24  g_sFontFixed6x8                                              
0000ac6c  uartMSP432Baudrates                                          
0000acdc  ti_uia_loggers_LoggerStopMode_Module__FXNS__C                
0000ad84  uartMSP432HWAttrs                                            
0000adcc  ti_sysbios_family_arm_m3_Hwi_Object__PARAMS__C               
0000adfc  xdc_runtime_Startup_sfxnTab__A                               
0000ae2c  g_sCrystalfontz128x128                                       
0000ae58  UARTMSP432_fxnTable                                          
0000ae80  ti_sysbios_heaps_HeapMem_Module__FXNS__C                     
0000aea8  ti_uia_loggers_LoggerStopMode_Object__PARAMS__C              
0000aed0  UART_config                                                  
0000aef4  UART_defaultParams                                           
0000af3c  ti_sysbios_gates_GateHwi_Module__FXNS__C                     
0000af60  ti_sysbios_gates_GateMutex_Module__FXNS__C                   
0000af84  ti_sysbios_heaps_HeapMem_Object__PARAMS__C                   
0000afa8  ti_sysbios_knl_Clock_Object__PARAMS__C                       
0000afcc  ti_sysbios_knl_Semaphore_Object__PARAMS__C                   
0000aff0  m3Hwi0                                                       
0000aff4  ADC_Mbx                                                      
0000aff8  task0                                                        
0000affc  task1                                                        
0000b000  start_data_semaphore                                         
0000b004  adc_calc_semaphore                                           
0000b008  lcd_draw_semaphore                                           
0000b00c  task2                                                        
0000b010  LCD_Mbx                                                      
0000b014  ti_sysbios_family_arm_m3_Hwi_Object__DESC__C                 
0000b034  ti_sysbios_gates_GateHwi_Object__DESC__C                     
0000b054  ti_sysbios_gates_GateMutex_Object__DESC__C                   
0000b074  ti_sysbios_heaps_HeapMem_Object__DESC__C                     
0000b094  ti_sysbios_knl_Clock_Object__DESC__C                         
0000b0b4  ti_sysbios_knl_Queue_Object__DESC__C                         
0000b0d4  ti_sysbios_knl_Semaphore_Object__DESC__C                     
0000b0f4  ti_uia_loggers_LoggerStopMode_Object__DESC__C                
0000b14a  ti_sysbios_family_arm_m3_Timer_Module__id__C                 
0000b14c  ti_sysbios_gates_GateHwi_Object__PARAMS__C                   
0000b164  ti_sysbios_gates_GateMutex_Object__PARAMS__C                 
0000b17c  ti_sysbios_knl_Queue_Object__PARAMS__C                       
0000b194  xdc_runtime_Startup_sfxnRts__A                               
0000b1ac  GPIOMSP432_config                                            
0000b1c0  PowerMSP432_config                                           
0000b1d0  ti_sysbios_knl_Idle_funcList__A                              
0000b1f8  xdc_runtime_Startup_firstFxns__A                             
0000b20c  ti_sysbios_family_arm_m3_Hwi_excHookFuncs__A                 
0000b214  ti_sysbios_knl_Idle_funcList__C                              
0000b21c  xdc_runtime_Startup_firstFxns__C                             
0000b224  xdc_runtime_Startup_lastFxns__C                              
0000b232  ti_sysbios_family_arm_m3_TimestampProvider_configTimer__C    
0000b234  ti_sysbios_family_arm_m3_Hwi_E_NMI__C                        
0000b238  ti_sysbios_family_arm_m3_Hwi_E_alreadyDefined__C             
0000b23c  ti_sysbios_family_arm_m3_Hwi_E_busFault__C                   
0000b240  ti_sysbios_family_arm_m3_Hwi_E_debugMon__C                   
0000b244  ti_sysbios_family_arm_m3_Hwi_E_hardFault__C                  
0000b248  ti_sysbios_family_arm_m3_Hwi_E_memFault__C                   
0000b24c  ti_sysbios_family_arm_m3_Hwi_E_noIsr__C                      
0000b250  ti_sysbios_family_arm_m3_Hwi_E_reserved__C                   
0000b254  ti_sysbios_family_arm_m3_Hwi_E_svCall__C                     
0000b258  ti_sysbios_family_arm_m3_Hwi_E_usageFault__C                 
0000b25c  ti_sysbios_family_arm_m3_Hwi_NUM_INTERRUPTS__C               
0000b260  ti_sysbios_family_arm_m3_Hwi_Object__count__C                
0000b264  ti_sysbios_family_arm_m3_Hwi_ccr__C                          
0000b268  ti_sysbios_family_arm_m3_Hwi_excHandlerFunc__C               
0000b26c  ti_sysbios_family_arm_m3_Hwi_excHookFuncs__C                 
0000b270  ti_sysbios_family_arm_m3_Hwi_nullIsrFunc__C                  
0000b274  ti_sysbios_family_arm_m3_Hwi_priGroup__C                     
0000b278  ti_sysbios_family_arm_m3_Timer_E_cannotSupport__C            
0000b27c  ti_sysbios_family_arm_m3_Timer_startupNeeded__C              
0000b280  ti_sysbios_family_arm_msp432_Timer_numTimerDevices__C        
0000b284  ti_sysbios_family_arm_msp432_Timer_startupNeeded__C          
0000b288  ti_sysbios_gates_GateMutex_Instance_State_sem__O             
0000b28c  ti_sysbios_hal_Hwi_E_stackOverflow__C                        
0000b290  ti_sysbios_heaps_HeapMem_E_memory__C                         
0000b294  ti_sysbios_heaps_HeapMem_Module__gateObj__C                  
0000b298  ti_sysbios_heaps_HeapMem_Object__count__C                    
0000b29c  ti_sysbios_heaps_HeapMem_reqAlign__C                         
0000b2a0  ti_sysbios_knl_Clock_Module_State_clockQ__O                  
0000b2a4  ti_sysbios_knl_Mailbox_Instance_State_dataQue__O             
0000b2a8  ti_sysbios_knl_Mailbox_Instance_State_dataSem__O             
0000b2ac  ti_sysbios_knl_Mailbox_Instance_State_freeQue__O             
0000b2b0  ti_sysbios_knl_Mailbox_Instance_State_freeSem__O             
0000b2b4  ti_sysbios_knl_Mailbox_Object__count__C                      
0000b2b8  ti_sysbios_knl_Mailbox_maxTypeAlign__C                       
0000b2bc  ti_sysbios_knl_Semaphore_Instance_State_pendQ__O             
0000b2c0  ti_sysbios_knl_Swi_Object__count__C                          
0000b2c4  ti_sysbios_knl_Task_E_spOutOfBounds__C                       
0000b2c8  ti_sysbios_knl_Task_E_stackOverflow__C                       
0000b2cc  ti_sysbios_knl_Task_Module_State_inactiveQ__O                
0000b2d0  ti_sysbios_knl_Task_Object__count__C                         
0000b2d4  ti_sysbios_knl_Task_allBlockedFunc__C                        
0000b2d8  ti_sysbios_knl_Task_numConstructedTasks__C                   
0000b2dc  ti_sysbios_utils_Load_postUpdate__C                          
0000b2e0  ti_sysbios_utils_Load_windowInMs__C                          
0000b2e4  ti_uia_loggers_LoggerStopMode_Module__diagsEnabled__C        
0000b2e8  ti_uia_loggers_LoggerStopMode_Module__diagsIncluded__C       
0000b2ec  ti_uia_loggers_LoggerStopMode_Module__diagsMask__C           
0000b2f0  ti_uia_loggers_LoggerStopMode_Object__count__C               
0000b2f4  ti_uia_runtime_ILoggerSnapshot_Interface__BASE__C            
0000b2f8  ti_uia_runtime_IUIATransfer_Interface__BASE__C               
0000b2fc  xdc_runtime_Assert_E_assertFailed__C                         
0000b300  xdc_runtime_Core_A_initializedParams__C                      
0000b304  xdc_runtime_Core_Module__diagsEnabled__C                     
0000b308  xdc_runtime_Core_Module__diagsIncluded__C                    
0000b30c  xdc_runtime_Core_Module__diagsMask__C                        
0000b310  xdc_runtime_Error_E_memory__C                                
0000b314  xdc_runtime_Error_Module__diagsEnabled__C                    
0000b318  xdc_runtime_Error_Module__diagsIncluded__C                   
0000b31c  xdc_runtime_Error_Module__diagsMask__C                       
0000b320  xdc_runtime_Error_Module__loggerFxn8__C                      
0000b324  xdc_runtime_Error_Module__loggerObj__C                       
0000b328  xdc_runtime_Error_policyFxn__C                               
0000b32c  xdc_runtime_Error_raiseHook__C                               
0000b330  xdc_runtime_IFilterLogger_Interface__BASE__C                 
0000b334  xdc_runtime_IGateProvider_Interface__BASE__C                 
0000b338  xdc_runtime_IHeap_Interface__BASE__C                         
0000b33c  xdc_runtime_ILogger_Interface__BASE__C                       
0000b340  xdc_runtime_IModule_Interface__BASE__C                       
0000b344  xdc_runtime_Log_L_error__C                                   
0000b348  xdc_runtime_Memory_defaultHeapInstance__C                    
0000b34c  xdc_runtime_Startup_execImpl__C                              
0000b350  xdc_runtime_Startup_lastFxns__A                              
0000b354  xdc_runtime_Startup_maxPasses__C                             
0000b358  xdc_runtime_Startup_sfxnRts__C                               
0000b35c  xdc_runtime_Startup_sfxnTab__C                               
0000b360  xdc_runtime_SysMin_bufSize__C                                
0000b364  xdc_runtime_SysMin_outputFunc__C                             
0000b368  xdc_runtime_System_Module__gateObj__C                        
0000b36c  xdc_runtime_System_abortFxn__C                               
0000b370  xdc_runtime_System_exitFxn__C                                
0000b374  xdc_runtime_System_extendFxn__C                              
0000b378  xdc_runtime_System_maxAtexitHandlers__C                      
0000b37c  xdc_runtime_Text_charTab__C                                  
0000b380  xdc_runtime_Text_nameEmpty__C                                
0000b384  xdc_runtime_Text_nameStatic__C                               
0000b388  xdc_runtime_Text_nameUnknown__C                              
0000b38c  xdc_runtime_Text_nodeTab__C                                  
0000b390  xdc_runtime_Text_visitRopeFxn__C                             
0000b394  ti_sysbios_hal_Hwi_Module__id__C                             
0000b396  ti_sysbios_heaps_HeapMem_Module__id__C                       
0000b398  ti_sysbios_knl_Task_Module__id__C                            
0000b39a  ti_sysbios_utils_Load_updateInIdle__C                        
0000b39c  ti_uia_loggers_LoggerStopMode_Module__id__C                  
0000b39e  ti_uia_loggers_LoggerStopMode_isTimestampEnabled__C          
0000b3a0  xdc_runtime_Core_Module__id__C                               
0000b3a2  xdc_runtime_Error_Module__loggerDefined__C                   
0000b3a4  xdc_runtime_Error_maxDepth__C                                
0000b3a6  xdc_runtime_Memory_Module__id__C                             
0000b3a8  xdc_runtime_SysMin_flushAtExit__C                            
0000b3aa  xdc_runtime_Text_charCnt__C                                  
0000b3ac  xdc_runtime_Text_isLoaded__C                                 
0000b3ae  xdc_runtime_Text_registryModsLastId__C                       
0000b3b0  xdc_runtime_Text_unnamedModsLastId__C                        
0000b3b8  __TI_static_base__                                           
0000b9f4  __TI_Handler_Table_Base                                      
0000ba00  __TI_Handler_Table_Limit                                     
0000ba10  __TI_CINIT_Base                                              
0000ba28  __TI_CINIT_Limit                                             
20000000  ti_sysbios_family_arm_m3_Hwi_ramVectors                      
20000180  ti_sysbios_knl_Task_Instance_State_0_stack__A                
20000580  ti_sysbios_knl_Task_Instance_State_1_stack__A                
20000980  ti_sysbios_knl_Task_Instance_State_2_stack__A                
20000d80  ti_sysbios_knl_Task_Instance_State_3_stack__A                
20000f80  ti_sysbios_heaps_HeapMem_Instance_State_0_buf__A             
20001380  ti_uia_loggers_LoggerStopMode_Instance_State_2_packetArray__A
20001780  ti_uia_loggers_LoggerStopMode_Instance_State_1_packetArray__A
20001980  ti_sysbios_family_arm_m3_Hwi_dispatchTable                   
20001ac0  __CIOBUF_                                                    
20001be0  g_sContext                                                   
20001bfc  Lcd_ScreenHeigth                                             
20001bfe  Lcd_ScreenWidth                                              
20001c00  ti_uia_loggers_LoggerStopMode_Instance_State_0_packetArray__A
20001d00  uartMSP432Objects                                            
20001e00  ti_sysbios_knl_Mailbox_Instance_State_1_allocBuf__A          
20001e90  xdc_runtime_SysMin_Module_State_0_outbuf__A                  
20001f10  uartMSP432RingBuffer                                         
20001f80  ti_uia_loggers_LoggerStopMode_Instance_State_0_hdr__A        
20001fb0  ti_sysbios_knl_Mailbox_Instance_State_0_allocBuf__A          
20001fd0  Lcd_TouchTrim                                                
20001fd2  Lcd_FlagRead                                                 
20001fd3  Lcd_FontSolid                                                
20001fd4  Lcd_Orientation                                              
20001fd5  Lcd_PenSolid                                                 
20002000  ti_uia_loggers_LoggerStopMode_Instance_State_1_hdr__A        
20002080  ti_uia_loggers_LoggerStopMode_Instance_State_2_hdr__A        
200020b0  xdc_runtime_Diags_dictElems                                  
200020d0  ti_sysbios_family_arm_m3_Hwi_Module__root__V                 
200020d8  ti_sysbios_family_arm_m3_Hwi_Module_State_0_excActive__A     
200020dc  ti_sysbios_family_arm_m3_Hwi_Module_State_0_excContext__A    
200020e0  ti_sysbios_family_arm_m3_Hwi_Module_State_0_excStack__A      
200020e4  ti_sysbios_family_arm_m3_Timer_Module__root__V               
200020ec  ti_sysbios_family_arm_m3_Timer_Module__state__V              
200020f8  ti_sysbios_family_arm_m3_TimestampProvider_Module__state__V  
200020fc  ti_sysbios_family_arm_msp432_ClockFreqs_Module__state__V     
20002108  ti_sysbios_family_arm_msp432_Timer_Module__root__V           
20002110  ti_sysbios_family_arm_msp432_Timer_Module_State_0_device__A  
20002130  ti_sysbios_family_arm_msp432_Timer_Module_State_0_handles__A 
20002140  ti_sysbios_family_arm_msp432_Timer_Module__state__V          
2000214c  ti_sysbios_gates_GateHwi_Module__root__V                     
20002154  ti_sysbios_gates_GateHwi_Object__table__V                    
20002158  ti_sysbios_gates_GateMutex_Module__root__V                   
20002160  ti_sysbios_hal_Hwi_Module__root__V                           
20002168  ti_sysbios_heaps_HeapMem_Module__root__V                     
20002170  ti_sysbios_heaps_HeapMem_Object__table__V                    
20002188  ti_sysbios_knl_Clock_Module__root__V                         
20002190  ti_sysbios_knl_Event_Module__root__V                         
2000219c  ti_sysbios_knl_Mailbox_Module__root__V                       
200021a4  ti_sysbios_knl_Queue_Module__root__V                         
200021ac  ti_sysbios_knl_Semaphore_Module__root__V                     
200021b4  ti_sysbios_knl_Swi_Module__root__V                           
200021bc  ti_sysbios_knl_Swi_Module__state__V                          
200021d8  ti_sysbios_knl_Task_Module__root__V                          
200021e4  ti_sysbios_knl_Task_Module_State_0_idleTask__A               
200021e8  ti_sysbios_utils_Load_Module_State_0_taskStartTime__A        
200021ec  ti_sysbios_utils_Load_Module_State_0_runningTask__A          
200021f0  ti_uia_loggers_LoggerStopMode_Module__root__V                
200021f8  ti_uia_loggers_LoggerStopMode_Module__state__V               
20002200  ti_uia_runtime_QueueDescriptor_Module__state__V              
2000220c  xdc_runtime_Error_Module__state__V                           
2000220e  xdc_runtime_Main_Module__root__V                             
20002210  xdc_runtime_Memory_Module__state__V                          
20002214  xdc_runtime_Registry_Module__state__V                        
2000221c  xdc_runtime_Startup_Module__state__V                         
20002224  xdc_runtime_SysMin_Module__state__V                          
20002230  xdc_runtime_System_Module_State_0_atexitHandlers__A          
20002238  xdc_runtime_System_Module__state__V                          
20002240  xdc_runtime_Text_Module__state__V                            
20002248  __xdc__init__addr                                            
2000224c  ti_sysbios_knl_Task_Object__table__V                         
2000237c  ti_sysbios_knl_Mailbox_Object__table__V                      
2000241c  PowerMSP432_perfLevels                                       
200024b8  ti_uia_loggers_LoggerStopMode_Object__table__V               
20002554  ti_sysbios_utils_Load_Module__state__V                       
200025ec  ti_sysbios_knl_Swi_Module_State_0_readyQ__A                  
2000266c  ti_sysbios_knl_Task_Module_State_0_readyQ__A                 
200026ec  ti_sysbios_family_arm_msp432_Timer_Object__table__V          
20002738  ti_sysbios_family_arm_m3_Hwi_Object__table__V                
20002780  ti_sysbios_knl_Task_Module__state__V                         
200027c4  ti_sysbios_knl_Semaphore_Object__table__V                    
20002800  ti_sysbios_gates_GateMutex_Object__table__V                  
20002838  ti_sysbios_family_arm_m3_Hwi_Module__state__V                
200028cc  ti_sysbios_family_arm_m3_Timer_Object__table__V              
200028fc  ti_sysbios_knl_Swi_Object__table__V                          
2000292c  ti_sysbios_knl_Clock_Module__state__V                        
20002958  PowerMSP432_module                                           
2000297c  ti_sysbios_BIOS_Module__state__V                             
200029a4  gpioPinConfigs                                               
200029b4  gpioCallbackFunctions                                        
200029bc  _lock                                                        
200029c0  _unlock                                                      
200029c4  __TI_cleanup_ptr                                             
200029c8  __TI_dtors_ptr                                               
200029cc  ti_uia_runtime_QueueDescriptor_gPtrToFirstDescriptor         
200029d0  ti_uia_runtime_QueueDescriptor_gUpdateCount                  
200029d8  main_func_sp                                                 
2000fd00  __stack                                                      
20010000  __STACK_END                                                  
4000480c  WDTCTL_SYM                                                   
e000e000  ti_sysbios_family_arm_m3_Hwi_nvic                            
ffffffff  __binit__                                                    
ffffffff  __c_args__                                                   
ffffffff  binit                                                        
UNDEFED   SHT$$INIT_ARRAY$$Base                                        
UNDEFED   SHT$$INIT_ARRAY$$Limit                                       

[796 symbols]
