******************************************************************************
                  TI ARM Linker Unix v5.2.6                    
******************************************************************************
>> Linked Tue Apr  5 20:58:13 2016

OUTPUT FILE NAME:   <uartecho_MSP_EXP432P401R_TI_MSP432P401R.out>
ENTRY POINT SYMBOL: "_c_int00"  address: 000056e5


MEMORY CONFIGURATION

         name            origin    length      used     unused   attr    fill
----------------------  --------  ---------  --------  --------  ----  --------
  MAIN                  00000000   00040000  0000b800  00034800  R  X
  INFO                  00200000   00004000  00000000  00004000  R  X
  SRAM_CODE             01000000   00010000  00000000  00010000  RW X
  SRAM_DATA             20000000   00010000  00002c9d  0000d363  RW  


SEGMENT ALLOCATION MAP

run origin  load origin   length   init length attrs members
----------  ----------- ---------- ----------- ----- -------
00000000    00000000    0000b808   0000b808    r-x
  00000000    00000000    0000003c   0000003c    r-- .resetVecs
  00000040    00000040    0000859a   0000859a    r-x .text
  000085dc    000085dc    00002bba   00002bba    r-- .const
  0000b198    0000b198    00000670   00000670    r-- .cinit
20000000    20000000    00000140   00000000    rw-
  20000000    20000000    00000140   00000000    rw- .vecs
20000180    20000180    0000285d   00000000    rw-
  20000180    20000180    00001f30   00000000    rw- .bss
  200020b0    200020b0    0000092d   00000000    rw- .data
2000fd00    2000fd00    00000300   00000000    rw-
  2000fd00    2000fd00    00000300   00000000    rw- .stack


SECTION ALLOCATION MAP

 output                                  attributes/
section   page    origin      length       input sections
--------  ----  ----------  ----------   ----------------
.text      0    00000040    0000859a     
                  00000040    0000047e     string.obj (.text:Graphics_drawString)
                  000004be    00000002     power_tirtos_MSP432P401R.aem4f : PowerMSP432_tirtos.oem4f (.text:PowerMSP432_initPolicy)
                  000004c0    00000430     sysbios.aem4f : BIOS.obj (.text:ti_sysbios_family_arm_m3_Hwi_excDumpRegs__I)
                  000008f0    0000034c     ti.targets.arm.rtsarm.aem4f : System.oem4f (.text:xdc_runtime_System_doPrint__I)
                  00000c3c    000002d4     rtsv7M4_T_le_v4SPD16_eabi.lib : trgdrv.obj (.text)
                  00000f10    00000260     drivers_MSP432P401R.aem4f : UARTMSP432.oem4f (.text:UARTMSP432_open)
                  00001170    000001ce     Crystalfontz128x128_ST7735.obj (.text:Crystalfontz128x128_PixelDrawMultiple)
                  0000133e    000001a0     msp432p4xx_driverlib.lib : pcm.o (.text:__PCM_setPowerStateAdvanced)
                  000014de    00000002     rtsv7M4_T_le_v4SPD16_eabi.lib : i_div0.obj (.text)
                  000014e0    00000174     sysbios.aem4f : BIOS.obj (.text:ti_sysbios_family_arm_m3_Hwi_excBusFault__I)
                  00001654    00000004     msp432p4xx_driverlib.lib : cpu.o (.text:CPU_wfi)
                  00001658    00000164     sysbios.aem4f : BIOS.obj (.text:ti_sysbios_family_arm_m3_Hwi_excUsageFault__I)
                  000017bc    00000154     msp432p4xx_driverlib.lib : adc14.o (.text:_getIndexForMemRegister)
                  00001910    00000148     sysbios.aem4f : BIOS.obj (.text:ti_sysbios_family_arm_m3_Hwi_excMemFault__I)
                  00001a58    00000140     drivers_MSP432P401R.aem4f : GPIOMSP432.oem4f (.text:GPIO_setConfig)
                  00001b98    00000138     uartecho_pem4f.oem4f (.text:ti_uia_loggers_LoggerStopMode_writeMemoryRange__E)
                  00001cd0    00000134     Crystalfontz128x128_ST7735.obj (.text:Crystalfontz128x128_SetDrawFrame)
                  00001e04    0000012c     Crystalfontz128x128_ST7735.obj (.text:Crystalfontz128x128_Init)
                  00001f30    00000128     sysbios.aem4f : BIOS.obj (.text:ti_sysbios_knl_Semaphore_pend__E)
                  00002058    0000011c     main.obj (.text:echoFxn)
                  00002174    00000118     ti.targets.arm.rtsarm.aem4f : Error.oem4f (.text:xdc_runtime_Error_policyDefault__E)
                  0000228c    00000004     msp432p4xx_driverlib.lib : spi.o (.text:EUSCI_A_SPI_transmitData)
                  00002290    0000010c     sysbios.aem4f : BIOS.obj (.text:ti_sysbios_family_arm_m3_Hwi_excFillContext__I)
                  0000239c    0000010c     uartecho_pem4f.oem4f (.text:ti_uia_loggers_LoggerStopMode_write8__E)
                  000024a8    00000108     sysbios.aem4f : BIOS.obj (.text:ti_sysbios_family_arm_m3_Hwi_excHandlerMax__I)
                  000025b0    00000100     ti.targets.arm.rtsarm.aem4f : Core-mem.oem4f (.text:xdc_runtime_Core_createObject__I)
                  000026b0    000000fa     string.obj (.text:Graphics_getStringWidth)
                  000027aa    00000002     uartecho_pem4f.oem4f (.text:ti_sysbios_BIOS_nullFunc__I)
                  000027ac    000000f8     ti.targets.arm.rtsarm.aem4f : Startup.oem4f (.text:xdc_runtime_Startup_startMods__I)
                  000028a4    000000f8     uartecho_pem4f.oem4f (.text:xdc_runtime_System_printfExtend__I)
                  0000299c    000000f4     drivers_MSP432P401R.aem4f : PowerMSP432.oem4f (.text:Power_sleep)
                  00002a90    000000f4     sysbios.aem4f : m3_Hwi_asm.obj (.text:ti_sysbios_family_arm_m3_Hwi_dispatch__I)
                  00002b84    000000f4     uartecho_pem4f.oem4f (.text:ti_uia_loggers_LoggerStopMode_write4__E)
                  00002c78    000000f0     drivers_MSP432P401R.aem4f : PowerMSP432.oem4f (.text:initPerfControl)
                  00002d68    000000e8     uartecho_pem4f.oem4f (.text:ti_uia_loggers_LoggerStopMode_write2__E)
                  00002e50    000000e4     uartecho_pem4f.oem4f (.text:ti_uia_loggers_LoggerStopMode_write1__E)
                  00002f34    000000e0     msp432p4xx_driverlib.lib : cs.o (.text:CS_initClockSignal)
                  00003014    000000dc                              : pcm.o (.text:__PCM_setPowerModeAdvanced)
                  000030f0    000000dc     lcd_display.obj (.text:combine_ints_to_string)
                  000031cc    000000d8     uartecho_pem4f.oem4f (.text:ti_uia_loggers_LoggerStopMode_write0__E)
                  000032a4    00000004     msp432p4xx_driverlib.lib : spi.o (.text:EUSCI_B_SPI_transmitData)
                  000032a8    000000cc     sysbios.aem4f : BIOS.obj (.text:ti_sysbios_heaps_HeapMem_alloc__E)
                  00003374    000000cc     ti.targets.arm.rtsarm.aem4f : Core-smem.oem4f (.text:xdc_runtime_Core_constructObject__I)
                  00003440    000000c4     ped_adc.obj (.text:init_adc)
                  00003504    00000004     tirtosport.aem4f : HwiP_tirtos.oem4f (.text:HwiP_disable)
                  00003508    000000bc     sysbios.aem4f : BIOS.obj (.text:ti_sysbios_family_arm_m3_Hwi_excDebugMon__I)
                  000035c4    00000004     drivers_MSP432P401R.aem4f : List.oem4f (.text:List_head)
                  000035c8    000000bc     sysbios.aem4f : BIOS.obj (.text:ti_sysbios_family_arm_m3_Hwi_excHardFault__I)
                  00003684    000000b8     main.obj (.text:adcCalc)
                  0000373c    00000004     drivers_MSP432P401R.aem4f : List.oem4f (.text:List_next)
                  00003740    000000b4     sysbios.aem4f : BIOS.obj (.text:ti_sysbios_knl_Task_checkStacks__E)
                  000037f4    000000b0     drivers_MSP432P401R.aem4f : UARTMSP432.oem4f (.text:UARTMSP432_readPolling)
                  000038a4    000000b0     msp432p4xx_driverlib.lib : pcm.o (.text:__PCM_setCoreVoltageLevelAdvanced)
                  00003954    00000004     drivers_MSP432P401R.aem4f : PowerMSP432.oem4f (.text:PowerMSP432_getNumPerfLevels)
                  00003958    000000a8     sysbios.aem4f : BIOS.obj (.text:ti_sysbios_family_arm_msp432_Timer_periodicStub__E)
                  00003a00    000000a4     drivers_MSP432P401R.aem4f : UARTMSP432.oem4f (.text:UARTMSP432_control)
                  00003aa4    000000a0     auto_init.aem4f : auto_init.oem4f (.text)
                  00003b44    000000a0     ti.targets.arm.rtsarm.aem4f : Text.oem4f (.text:xdc_runtime_Text_putMod__E)
                  00003be4    0000009c     Crystalfontz128x128_ST7735.obj (.text:Crystalfontz128x128_RectFill)
                  00003c80    0000009c     line.obj (.text:Graphics_drawLineH)
                  00003d1c    0000009c     drivers_MSP432P401R.aem4f : UARTMSP432.oem4f (.text:readTaskBlocking)
                  00003db8    0000009c     rtsv7M4_T_le_v4SPD16_eabi.lib : memcpy_t2.obj (.text)
                  00003e54    0000009a     ti.targets.arm.rtsarm.aem4f : Text.oem4f (.text:xdc_runtime_Text_putSite__E)
                  00003eee    00000002     uartecho_pem4f.oem4f (.text:ti_uia_loggers_LoggerStopMode_setFilterLevel__E)
                  00003ef0    00000094     msp432p4xx_driverlib.lib : uart.o (.text:UART_initModule)
                  00003f84    00000004     uartecho_pem4f.oem4f (.text:ti_sysbios_BIOS_RtsGateProxy_enter__E)
                  00003f88    00000094     sysbios.aem4f : BIOS.obj (.text:ti_sysbios_family_arm_m3_Hwi_Instance_init__E)
                  0000401c    00000004     uartecho_pem4f.oem4f (.text:ti_sysbios_BIOS_RtsGateProxy_leave__E)
                  00004020    00000094     sysbios.aem4f : BIOS.obj (.text:ti_sysbios_family_arm_m3_Hwi_initNVIC__E)
                  000040b4    00000090     ti.uia.loggers.aem4f : LoggerStopMode.oem4f (.text:ti_uia_loggers_LoggerStopMode_initQueueDescriptor__E)
                  00004144    0000008c     sysbios.aem4f : m3_TaskSupport_asm.obj (.text:ti_sysbios_family_arm_m3_TaskSupport_buildTaskStack)
                  000041d0    0000008c                   : BIOS.obj (.text:ti_sysbios_knl_Task_postInit__I)
                  0000425c    0000008a     drivers_MSP432P401R.aem4f : UARTMSP432.oem4f (.text:UARTMSP432_close)
                  000042e6    00000088     msp432p4xx_driverlib.lib : spi.o (.text:SPI_initMaster)
                  0000436e    00000002     ti.uia.loggers.aem4f : LoggerStopMode.oem4f (.text:ti_uia_loggers_LoggerStopMode_setPriority__E)
                  00004370    00000088     sysbios.aem4f : BIOS.obj (.text:ti_sysbios_knl_Mailbox_post__E)
                  000043f8    00000084     drivers_MSP432P401R.aem4f : UARTMSP432.oem4f (.text:initHw)
                  0000447c    00000084     lcd_display.obj (.text:init_lcd)
                  00004500    00000084     sysbios.aem4f : BIOS.obj (.text:ti_sysbios_family_arm_m3_Hwi_postInit__I)
                  00004584    00000084     drivers_MSP432P401R.aem4f : UARTMSP432.oem4f (.text:writeData)
                  00004608    00000082                               : UARTMSP432.oem4f (.text:readIsrTextCallback)
                  0000468a    00000002     --HOLE-- [fill = 0]
                  0000468c    00000080     main.obj (.text:ADC14_IRQHandler)
                  0000470c    00000004     uartecho_pem4f.oem4f (.text:ti_sysbios_family_arm_m3_Hwi_destruct)
                  00004710    00000080     sysbios.aem4f : BIOS.obj (.text:ti_sysbios_utils_Load_updateLoads__E)
                  00004790    0000007c     msp432p4xx_driverlib.lib : pcm.o (.text:PCM_gotoLPM3)
                  0000480c    00000004     uartecho_pem4f.oem4f (.text:ti_sysbios_family_arm_m3_TaskSupport_Module__startupDone__S)
                  00004810    0000007c     sysbios.aem4f : BIOS.obj (.text:ti_sysbios_family_arm_m3_TimestampProvider_get64__E)
                  0000488c    00000004     uartecho_pem4f.oem4f (.text:ti_sysbios_heaps_HeapMem_Module_GateProxy_enter__E)
                  00004890    0000007c     sysbios.aem4f : BIOS.obj (.text:ti_sysbios_heaps_HeapMem_free__E)
                  0000490c    0000007a     drivers_MSP432P401R.aem4f : UARTMSP432.oem4f (.text:UARTMSP432_write)
                  00004986    0000007a                               : UARTMSP432.oem4f (.text:readTaskCallback)
                  00004a00    0000007a     rtsv7M4_T_le_v4SPD16_eabi.lib : memset_t2.obj (.text)
                  00004a7a    00000074     drivers_MSP432P401R.aem4f : UARTMSP432.oem4f (.text:readIsrTextBlocking)
                  00004aee    00000002     --HOLE-- [fill = 0]
                  00004af0    00000074     sysbios.aem4f : BIOS.obj (.text:ti_sysbios_knl_Mailbox_pend__E)
                  00004b64    00000074     ti.uia.runtime.aem4f : QueueDescriptor.oem4f (.text:ti_uia_runtime_QueueDescriptor_addToList__E)
                  00004bd8    00000070     sysbios.aem4f : BIOS.obj (.text:ti_sysbios_knl_Semaphore_post__E)
                  00004c48    0000006d     ti.targets.arm.rtsarm.aem4f : System.oem4f (.text:xdc_runtime_System_formatNum__I)
                  00004cb5    00000003     --HOLE-- [fill = 0]
                  00004cb8    0000006c     sysbios.aem4f : BIOS.obj (.text:ti_sysbios_knl_Clock_workFunc__E)
                  00004d24    00000004     uartecho_pem4f.oem4f (.text:ti_sysbios_heaps_HeapMem_Module_GateProxy_leave__E)
                  00004d28    0000006c     sysbios.aem4f : BIOS.obj (.text:ti_sysbios_knl_Swi_restoreHwi__E)
                  00004d94    00000004     uartecho_pem4f.oem4f (.text:ti_sysbios_knl_Clock_TimerProxy_getMaxTicks__E)
                  00004d98    0000006c     sysbios.aem4f : BIOS.obj (.text:ti_sysbios_knl_Task_exit__E)
                  00004e04    0000006c     ti.targets.arm.rtsarm.aem4f : Error.oem4f (.text:xdc_runtime_Error_print__E)
                  00004e70    0000006c                                 : Memory.oem4f (.text:xdc_runtime_Memory_alloc__E)
                  00004edc    0000006a     rtsv7M4_T_le_v4SPD16_eabi.lib : copy_decompress_rle.obj (.text)
                  00004f46    00000002     --HOLE-- [fill = 0]
                  00004f48    00000068                                   : trgmsg.obj (.text)
                  00004fb0    00000066     ti.uia.loggers.aem4f : LoggerStopMode.oem4f (.text:ti_uia_loggers_LoggerStopMode_flush__E)
                  00005016    00000066     ti.targets.arm.rtsarm.aem4f : Core-mem.oem4f (.text:xdc_runtime_Core_deleteObject__I)
                  0000507c    00000064     drivers_MSP432P401R.aem4f : UARTMSP432.oem4f (.text:UARTMSP432_writePolling)
                  000050e0    00000064     lcd_display.obj (.text:itoa)
                  00005144    00000004     uartecho_pem4f.oem4f (.text:ti_sysbios_knl_Clock_destruct)
                  00005148    00000064     sysbios.aem4f : BIOS.obj (.text:ti_sysbios_family_arm_m3_Hwi_dispatchC__I)
                  000051ac    00000004     uartecho_pem4f.oem4f (.text:ti_sysbios_knl_Queue_destruct)
                  000051b0    00000064     sysbios.aem4f : BIOS.obj (.text:ti_sysbios_utils_Load_idleFxn__E)
                  00005214    00000062     tirtosport.aem4f : HwiP_tirtos.oem4f (.text:HwiP_create)
                  00005276    00000060     Crystalfontz128x128_ST7735.obj (.text:Crystalfontz128x128_LineDrawH)
                  000052d6    00000060     Crystalfontz128x128_ST7735.obj (.text:Crystalfontz128x128_LineDrawV)
                  00005336    00000002     --HOLE-- [fill = 0]
                  00005338    00000060     sysbios.aem4f : BIOS.obj (.text:ti_sysbios_family_arm_m3_TimestampProvider_get32__E)
                  00005398    00000060                   : BIOS.obj (.text:ti_sysbios_knl_Task_schedule__I)
                  000053f8    0000005c     drivers_MSP432P401R.aem4f : GPIOMSP432.oem4f (.text:GPIO_init)
                  00005454    00000004     uartecho_pem4f.oem4f (.text:ti_sysbios_knl_Semaphore_destruct)
                  00005458    0000005c     sysbios.aem4f : BIOS.obj (.text:ti_sysbios_knl_Swi_run__I)
                  000054b4    00000004     ti.uia.loggers.aem4f : LoggerStopMode.oem4f (.text:ti_uia_loggers_LoggerStopMode_getContents__E)
                  000054b8    0000005c     sysbios.aem4f : BIOS.obj (.text:ti_sysbios_knl_Swi_schedule__I)
                  00005514    00000004     uartecho_pem4f.oem4f (.text:ti_uia_loggers_LoggerStopMode_getFilterLevel__E)
                  00005518    0000005c     sysbios.aem4f : BIOS.obj (.text:ti_sysbios_knl_Task_Module_startup__E)
                  00005574    00000004     ti.uia.loggers.aem4f : LoggerStopMode.oem4f (.text:ti_uia_loggers_LoggerStopMode_getInstanceId__E)
                  00005578    0000005c     sysbios.aem4f : BIOS.obj (.text:ti_sysbios_knl_Task_startCore__E)
                  000055d4    0000005b     ti.targets.arm.rtsarm.aem4f : Text.oem4f (.text:xdc_runtime_Text_putLab__E)
                  0000562f    00000001     --HOLE-- [fill = 0]
                  00005630    0000005a     tirtosport.aem4f : ClockP_tirtos.oem4f (.text:ClockP_create)
                  0000568a    00000058                      : SemaphoreP_tirtos.oem4f (.text:SemaphoreP_create)
                  000056e2    00000002     --HOLE-- [fill = 0]
                  000056e4    00000058     boot.aem4f : boot.oem4f (.text)
                  0000573c    00000058     uartecho_pem4f.oem4f (.text:ti_sysbios_family_arm_m3_Hwi_construct)
                  00005794    00000058     sysbios.aem4f : m3_Hwi_asm_switch.obj (.text:ti_sysbios_family_arm_m3_Hwi_initStacks__E)
                  000057ec    00000054     Crystalfontz128x128_ST7735.obj (.text:Crystalfontz128x128_SetOrientation)
                  00005840    00000054     drivers_MSP432P401R.aem4f : GPIOMSP432.oem4f (.text:GPIO_hwiIntFxn)
                  00005894    00000054                               : GPIOMSP432.oem4f (.text:GPIO_setCallback)
                  000058e8    00000054     sysbios.aem4f : BIOS.obj (.text:ti_sysbios_family_arm_m3_Timer_start__E)
                  0000593c    00000004     ti.uia.loggers.aem4f : LoggerStopMode.oem4f (.text:ti_uia_loggers_LoggerStopMode_getMaxLength__E)
                  00005940    00000054     sysbios.aem4f : BIOS.obj (.text:ti_sysbios_family_arm_msp432_Timer_initDevice__I)
                  00005994    00000004     ti.uia.loggers.aem4f : LoggerStopMode.oem4f (.text:ti_uia_loggers_LoggerStopMode_getPriority__E)
                  00005998    00000054     sysbios.aem4f : BIOS.obj (.text:ti_sysbios_family_arm_msp432_init_Boot_configureClocksHigh)
                  000059ec    00000054     ti.targets.arm.rtsarm.aem4f : Assert.oem4f (.text:xdc_runtime_Assert_raise__I)
                  00005a40    00000052     drivers_MSP432P401R.aem4f : UARTMSP432.oem4f (.text:UARTMSP432_writeCancel)
                  00005a92    00000052     lcd_display.obj (.text:reverse)
                  00005ae4    00000050     msp432p4xx_driverlib.lib : pcm.o (.text:PCM_shutdownDevice)
                  00005b34    00000050     power_tirtos_MSP432P401R.aem4f : PowerMSP432_tirtos.oem4f (.text:PowerMSP432_sleepPolicy)
                  00005b84    00000004     ti.uia.loggers.aem4f : LoggerStopMode.oem4f (.text:ti_uia_loggers_LoggerStopMode_getTransferType__E)
                  00005b88    00000050     sysbios.aem4f : BIOS.obj (.text:ti_sysbios_family_arm_m3_Hwi_Module_startup__E)
                  00005bd8    00000050     ti.targets.arm.rtsarm.aem4f : Startup.oem4f (.text:xdc_runtime_Startup_exec__E)
                  00005c28    00000050                                 : Text.oem4f (.text:xdc_runtime_Text_visitRope2__I)
                  00005c78    0000004c     msp432p4xx_driverlib.lib : gpio.o (.text:GPIO_setAsPeripheralModuleFunctionOutputPin)
                  00005cc4    0000004c     main.obj (.text:LcDTask)
                  00005d10    0000004c     rtsv7M4_T_le_v4SPD16_eabi.lib : cpy_tbl.obj (.text)
                  00005d5c    00000004     ti.targets.arm.rtsarm.aem4f : Error.oem4f (.text:xdc_runtime_Error_getSite__E)
                  00005d60    0000004c     sysbios.aem4f : BIOS.obj (.text:ti_sysbios_family_arm_msp432_Timer_start__E)
                  00005dac    00000004     uartecho_pem4f.oem4f (.text:xdc_runtime_System_Module_GateProxy_enter__E)
                  00005db0    0000004c     sysbios.aem4f : BIOS.obj (.text:ti_sysbios_heaps_HeapMem_getStats__E)
                  00005dfc    00000004     uartecho_pem4f.oem4f (.text:xdc_runtime_System_Module_GateProxy_leave__E)
                  00005e00    0000004c     sysbios.aem4f : BIOS.obj (.text:ti_sysbios_knl_Swi_runLoop__I)
                  00005e4c    00000004     ti.targets.arm.rtsarm.aem4f : System.oem4f (.text:xdc_runtime_System_aprintf_va__F)
                  00005e50    0000004c     sysbios.aem4f : BIOS.obj (.text:ti_sysbios_knl_Task_allBlockedFunction__I)
                  00005e9c    0000004c     ti.uia.loggers.aem4f : LoggerStopMode.oem4f (.text:ti_uia_loggers_LoggerStopMode_Module_startup__E)
                  00005ee8    0000004c     lcd_display.obj (.text:write_lcd)
                  00005f34    0000004a     context.obj (.text:Graphics_initContext)
                  00005f7e    00000002     --HOLE-- [fill = 0]
                  00005f80    00000048     msp432p4xx_driverlib.lib : gpio.o (.text:GPIO_setAsPeripheralModuleFunctionInputPin)
                  00005fc8    00000048     string.obj (.text:Graphics_drawStringCentered)
                  00006010    00000048     sysbios.aem4f : BIOS.obj (.text:ti_sysbios_family_arm_m3_Hwi_disableInterrupt__E)
                  00006058    00000048                   : BIOS.obj (.text:ti_sysbios_family_arm_m3_Hwi_enableInterrupt__E)
                  000060a0    00000048                   : BIOS.obj (.text:ti_sysbios_family_arm_m3_Hwi_excReserved__I)
                  000060e8    00000048                   : BIOS.obj (.text:ti_sysbios_family_arm_m3_Timer_initDevice__I)
                  00006130    00000048                   : BIOS.obj (.text:ti_sysbios_family_arm_m3_Timer_setPeriod__E)
                  00006178    00000048                   : BIOS.obj (.text:ti_sysbios_knl_Mailbox_Module_startup__E)
                  000061c0    00000046     drivers_MSP432P401R.aem4f : RingBuf.oem4f (.text:RingBuf_put)
                  00006206    00000046                               : UARTMSP432.oem4f (.text:readIsrBinaryBlocking)
                  0000624c    00000046     ti.targets.arm.rtsarm.aem4f : Core-params.oem4f (.text:xdc_runtime_Core_assignParams__I)
                  00006292    00000002     --HOLE-- [fill = 0]
                  00006294    00000044     rtsv7M4_T_le_v4SPD16_eabi.lib : exit.obj (.text)
                  000062d8    00000044     sysbios.aem4f : BIOS.obj (.text:ti_sysbios_family_arm_m3_Hwi_getStackInfo__E)
                  0000631c    00000004     ti.targets.arm.rtsarm.aem4f : System.oem4f (.text:xdc_runtime_System_printf_va__F)
                  00006320    00000044     sysbios.aem4f : BIOS.obj (.text:ti_sysbios_knl_Swi_post__E)
                  00006364    00000044     ti.uia.loggers.aem4f : LoggerStopMode.oem4f (.text:ti_uia_loggers_LoggerStopMode_initBuffer__I)
                  000063a8    00000044     ti.targets.arm.rtsarm.aem4f : Error.oem4f (.text:xdc_runtime_Error_setX__E)
                  000063ec    00000044                                 : SysMin.oem4f (.text:xdc_runtime_SysMin_flush__E)
                  00006430    00000044                                 : Text.oem4f (.text:xdc_runtime_Text_xprintf__I)
                  00006474    00000042     drivers_MSP432P401R.aem4f : UARTMSP432.oem4f (.text:UARTMSP432_hwiIntFxn)
                  000064b6    00000040     Crystalfontz128x128_ST7735.obj (.text:Crystalfontz128x128_PixelDraw)
                  000064f6    00000002     --HOLE-- [fill = 0]
                  000064f8    00000040     msp432p4xx_driverlib.lib : flash.o (.text:FlashCtl_disableReadBuffering)
                  00006538    00000040     string.obj (.text:Graphics_getNumberOfLeadingZeros)
                  00006578    00000040     HAL_MSP_EXP432P401R_Crystalfontz128x128_ST7735.obj (.text:HAL_LCD_SpiInit)
                  000065b8    00000040     drivers_MSP432P401R.aem4f : RingBuf.oem4f (.text:RingBuf_get)
                  000065f8    00000040                               : UARTMSP432.oem4f (.text:UARTMSP432_read)
                  00006638    00000040                               : PowerMSP432.oem4f (.text:notify)
                  00006678    00000040     rtsv7M4_T_le_v4SPD16_eabi.lib : u_divt2.obj (.text)
                  000066b8    00000040     sysbios.aem4f : BIOS.obj (.text:ti_sysbios_family_arm_msp432_Timer_Module_startup__E)
                  000066f8    00000040                   : BIOS.obj (.text:ti_sysbios_family_arm_msp432_Timer_startup__E)
                  00006738    00000040                   : BIOS.obj (.text:ti_sysbios_heaps_HeapMem_Instance_init__E)
                  00006778    0000003c     drivers_MSP432P401R.aem4f : PowerMSP432.oem4f (.text:Power_init)
                  000067b4    00000004     --HOLE-- [fill = 0]
                  000067b8    0000003c     sysbios.aem4f : BIOS.obj (.text:ti_sysbios_family_arm_m3_Hwi_excSvCall__I)
                  000067f4    00000004     --HOLE-- [fill = 0]
                  000067f8    0000003c                   : BIOS.obj (.text:ti_sysbios_heaps_HeapMem_init__I)
                  00006834    00000004     --HOLE-- [fill = 0]
                  00006838    0000003c                   : BIOS.obj (.text:ti_sysbios_knl_Clock_Instance_init__E)
                  00006874    00000004     --HOLE-- [fill = 0]
                  00006878    0000003c                   : BIOS.obj (.text:ti_sysbios_knl_Swi_restore__E)
                  000068b4    0000003a     drivers_MSP432P401R.aem4f : UARTMSP432.oem4f (.text:readIsrBinaryCallback)
                  000068ee    00000002     --HOLE-- [fill = 0]
                  000068f0    00000038                               : UART.oem4f (.text:UART_init)
                  00006928    00000038     sysbios.aem4f : BIOS.obj (.text:ti_sysbios_family_arm_m3_Hwi_excNoIsr__I)
                  00006960    00000038     ti.targets.arm.rtsarm.aem4f : SysMin.oem4f (.text:xdc_runtime_SysMin_putch__E)
                  00006998    00000038                                 : System.oem4f (.text:xdc_runtime_System_atexit__E)
                  000069d0    00000036     drivers_MSP432P401R.aem4f : UARTMSP432.oem4f (.text:UARTMSP432_readCancel)
                  00006a06    00000036                               : UARTMSP432.oem4f (.text:perfChangeNotifyFxn)
                  00006a3c    00000034     msp432p4xx_driverlib.lib : flash.o (.text:FlashCtl_enableReadBuffering)
                  00006a70    00000034     display.obj (.text:Graphics_drawHorizontalLineOnDisplay)
                  00006aa4    00000034     HAL_MSP_EXP432P401R_Crystalfontz128x128_ST7735.obj (.text:HAL_LCD_writeCommand)
                  00006ad8    00000034     sysbios.aem4f : BIOS.obj (.text:ti_sysbios_family_arm_m3_Hwi_Instance_finalize__E)
                  00006b0c    00000004     --HOLE-- [fill = 0]
                  00006b10    00000034                   : BIOS.obj (.text:ti_sysbios_family_arm_m3_Hwi_excNmi__I)
                  00006b44    00000004     --HOLE-- [fill = 0]
                  00006b48    00000034                   : BIOS.obj (.text:ti_sysbios_family_arm_m3_Timer_periodicStub__I)
                  00006b7c    00000004     --HOLE-- [fill = 0]
                  00006b80    00000034                   : BIOS.obj (.text:ti_sysbios_hal_Hwi_checkStack)
                  00006bb4    00000034     uartecho_pem4f.oem4f (.text:ti_sysbios_knl_Clock_construct)
                  00006be8    00000034     ti.uia.loggers.aem4f : LoggerStopMode.oem4f (.text:ti_uia_loggers_LoggerStopMode_reset__E)
                  00006c1c    00000034     ti.targets.arm.rtsarm.aem4f : Core-label.oem4f (.text:xdc_runtime_Core_assignLabel__I)
                  00006c50    00000033                                 : Text.oem4f (.text:xdc_runtime_Text_printVisFxn__I)
                  00006c83    00000005     --HOLE-- [fill = 0]
                  00006c88    00000032     sysbios.aem4f : BIOS.obj (.text:ti_sysbios_hal_Hwi_initStack)
                  00006cba    00000002     --HOLE-- [fill = 0]
                  00006cbc    00000030     drivers_MSP432P401R.aem4f : GPIOMSP432.oem4f (.text:GPIO_getEnabledInterruptStatus_WA)
                  00006cec    00000030     msp432p4xx_driverlib.lib : gpio.o (.text:GPIO_setAsInputPinWithPullDownResistor)
                  00006d1c    00000030                              : gpio.o (.text:GPIO_setAsInputPinWithPullUpResistor)
                  00006d4c    00000030     HAL_MSP_EXP432P401R_Crystalfontz128x128_ST7735.obj (.text:HAL_LCD_PortInit)
                  00006d7c    00000030     drivers_MSP432P401R.aem4f : UART.oem4f (.text:UART_open)
                  00006dac    00000030     msp432p4xx_driverlib.lib : spi.o (.text:is_A_Module)
                  00006ddc    00000030     uartecho_pem4f.oem4f (.text:ti_sysbios_BIOS_atExitFunc__I)
                  00006e0c    00000004     --HOLE-- [fill = 0]
                  00006e10    00000030     sysbios.aem4f : BIOS.obj (.text:ti_sysbios_family_arm_m3_TaskSupport_start__E)
                  00006e40    00000030                   : BIOS.obj (.text:ti_sysbios_family_arm_msp432_Timer_setPeriod__E)
                  00006e70    00000030     uartecho_pem4f.oem4f (.text:ti_sysbios_gates_GateHwi_Object__create__S)
                  00006ea0    00000030     uartecho_pem4f.oem4f (.text:ti_sysbios_gates_GateMutex_Object__create__S)
                  00006ed0    00000030     sysbios.aem4f : BIOS.obj (.text:ti_sysbios_gates_GateMutex_enter__E)
                  00006f00    00000030     uartecho_pem4f.oem4f (.text:ti_sysbios_heaps_HeapMem_Object__create__S)
                  00006f30    00000030     sysbios.aem4f : BIOS.obj (.text:ti_sysbios_knl_Mailbox_postInit__I)
                  00006f60    00000030     uartecho_pem4f.oem4f (.text:ti_sysbios_knl_Semaphore_construct)
                  00006f90    00000030     sysbios.aem4f : BIOS.obj (.text:ti_sysbios_knl_Semaphore_pendTimeout__I)
                  00006fc0    00000030                   : BIOS.obj (.text:ti_sysbios_knl_Task_processVitalTaskFlag__I)
                  00006ff0    00000030                   : BIOS.obj (.text:ti_sysbios_knl_Task_unblockI__E)
                  00007020    00000030                   : BIOS.obj (.text:ti_sysbios_utils_Load_updateCurrentThreadTime__E)
                  00007050    00000030     uartecho_pem4f.oem4f (.text:ti_uia_loggers_LoggerStopMode_Object__create__S)
                  00007080    00000030     ti.targets.arm.rtsarm.aem4f : SysMin.oem4f (.text:xdc_runtime_SysMin_abort__E)
                  000070b0    00000030                                 : System.oem4f (.text:xdc_runtime_System_processAtExit__E)
                  000070e0    0000002c     Crystalfontz128x128_ST7735.obj (.text:Crystalfontz128x128_ClearScreen)
                  0000710c    0000002c     msp432p4xx_driverlib.lib : gpio.o (.text:GPIO_setAsInputPin)
                  00007138    0000002c                              : pcm.o (.text:PCM_getCoreVoltageLevel)
                  00007164    0000002c     power_tirtos_MSP432P401R.aem4f : PowerMSP432_tirtos.oem4f (.text:PowerMSP432_updateFreqs)
                  00007190    0000002c     drivers_MSP432P401R.aem4f : PowerMSP432.oem4f (.text:Power_releaseConstraint)
                  000071bc    0000002c                               : PowerMSP432.oem4f (.text:Power_setConstraint)
                  000071e8    0000002c     main.obj (.text:start_button)
                  00007214    0000002c     uartecho_pem4f.oem4f (.text:ti_sysbios_knl_Clock_doTick__I)
                  00007240    0000002c     uartecho_pem4f.oem4f (.text:ti_sysbios_knl_Queue_construct)
                  0000726c    00000004     --HOLE-- [fill = 0]
                  00007270    0000002c     sysbios.aem4f : BIOS.obj (.text:ti_sysbios_knl_Task_restore__E)
                  0000729c    0000002c     ti.targets.arm.rtsarm.aem4f : Text.oem4f (.text:xdc_runtime_Text_cordText__E)
                  000072c8    0000002a     display.obj (.text:Graphics_drawPixelOnDisplay)
                  000072f2    0000002a     msp432p4xx_driverlib.lib : pcm.o (.text:PCM_getPowerMode)
                  0000731c    0000002a     drivers_MSP432P401R.aem4f : UARTMSP432.oem4f (.text:findBaudDividerIndex)
                  00007346    0000002a     ped_adc.obj (.text:init_clocks)
                  00007370    0000002a     ti.targets.arm.rtsarm.aem4f : System.oem4f (.text:xdc_runtime_System_putchar__I)
                  0000739a    00000028     Crystalfontz128x128_ST7735.obj (.text:Crystalfontz128x128_ColorTranslate)
                  000073c2    00000002     --HOLE-- [fill = 0]
                  000073c4    00000028     msp432p4xx_driverlib.lib : flash.o (.text:FlashCtl_setWaitState)
                  000073ec    00000028                              : pcm.o (.text:PCM_gotoLPM0)
                  00007414    00000028     uartecho_pem4f.oem4f (.text:ti_sysbios_BIOS_startFunc__I)
                  0000743c    00000004     --HOLE-- [fill = 0]
                  00007440    00000028     sysbios.aem4f : BIOS.obj (.text:ti_sysbios_knl_Clock_addI__E)
                  00007468    00000028                   : BIOS.obj (.text:ti_sysbios_knl_Swi_Module_startup__E)
                  00007490    00000026     drivers_MSP432P401R.aem4f : List.oem4f (.text:List_put)
                  000074b6    00000026     main.obj (.text:main)
                  000074dc    00000026     sysbios.aem4f : m3_Hwi_asm.obj (.text:ti_sysbios_family_arm_m3_Hwi_pendSV__I)
                  00007502    00000026     ti.targets.arm.rtsarm.aem4f : System.oem4f (.text:xdc_runtime_System_avprintf__E)
                  00007528    00000024     msp432p4xx_driverlib.lib : cs.o (.text:CS_setDCOCenteredFrequency)
                  0000754c    00000024                              : gpio.o (.text:GPIO_setAsOutputPin)
                  00007570    00000024     HAL_MSP_EXP432P401R_Crystalfontz128x128_ST7735.obj (.text:HAL_LCD_writeData)
                  00007594    00000024     msp432p4xx_driverlib.lib : rtc_c.o (.text:RTC_C_holdClock)
                  000075b8    00000024                              : rtc_c.o (.text:RTC_C_startClock)
                  000075dc    00000024                              : uart.o (.text:UART_disableInterrupt)
                  00007600    00000024                              : uart.o (.text:UART_receiveData)
                  00007624    00000024                              : uart.o (.text:UART_transmitData)
                  00007648    00000024     uartecho_pem4f.oem4f (.text:ti_sysbios_BIOS_errorRaiseHook__I)
                  0000766c    00000024     uartecho_pem4f.oem4f (.text:ti_sysbios_BIOS_registerRTSLock__I)
                  00007690    00000024     uartecho_pem4f.oem4f (.text:ti_sysbios_BIOS_removeRTSLock__I)
                  000076b4    00000004     --HOLE-- [fill = 0]
                  000076b8    00000024     sysbios.aem4f : BIOS.obj (.text:ti_sysbios_family_arm_m3_Timer_Module_startup__E)
                  000076dc    00000004     --HOLE-- [fill = 0]
                  000076e0    00000024                   : BIOS.obj (.text:ti_sysbios_family_arm_m3_Timer_postInit__I)
                  00007704    00000004     --HOLE-- [fill = 0]
                  00007708    00000024                   : BIOS.obj (.text:ti_sysbios_family_arm_m3_Timer_startup__E)
                  0000772c    00000004     --HOLE-- [fill = 0]
                  00007730    00000024                   : BIOS.obj (.text:ti_sysbios_family_arm_msp432_ClockFreqs_setFrequency__E)
                  00007754    00000004     --HOLE-- [fill = 0]
                  00007758    00000024                   : BIOS.obj (.text:ti_sysbios_family_arm_msp432_Timer_postInit__I)
                  0000777c    00000024     uartecho_pem4f.oem4f (.text:ti_sysbios_gates_GateMutex_Object__delete__S)
                  000077a0    00000024     sysbios.aem4f : BIOS.obj (.text:ti_sysbios_knl_Clock_Module_startup__E)
                  000077c4    00000004     --HOLE-- [fill = 0]
                  000077c8    00000024                   : BIOS.obj (.text:ti_sysbios_knl_Clock_start__E)
                  000077ec    00000004     --HOLE-- [fill = 0]
                  000077f0    00000024                   : BIOS.obj (.text:ti_sysbios_knl_Semaphore_Instance_init__E)
                  00007814    00000004     --HOLE-- [fill = 0]
                  00007818    00000024                   : BIOS.obj (.text:ti_sysbios_knl_Task_restoreHwi__E)
                  0000783c    00000004     --HOLE-- [fill = 0]
                  00007840    00000024                   : BIOS.obj (.text:ti_sysbios_utils_Load_updateThreadContexts__E)
                  00007864    00000024     ti.targets.arm.rtsarm.aem4f : System.oem4f (.text:xdc_runtime_System_vprintf__E)
                  00007888    00000022     uartecho_pem4f.oem4f (.text:xdc_runtime_SysMin_output__I)
                  000078aa    00000002     --HOLE-- [fill = 0]
                  000078ac    00000020     msp432p4xx_driverlib.lib : gpio.o (.text:GPIO_interruptEdgeSelect)
                  000078cc    00000020     drivers_MSP432P401R.aem4f : PowerMSP432.oem4f (.text:PowerMSP432_getFreqs)
                  000078ec    00000020                               : PowerMSP432.oem4f (.text:Power_idleFunc)
                  0000790c    00000020                               : PowerMSP432.oem4f (.text:Power_unregisterNotify)
                  0000792c    00000020     msp432p4xx_driverlib.lib : spi.o (.text:SPI_transmitData)
                  0000794c    00000020     uartecho_pem4f.oem4f (.text:ti_sysbios_BIOS_rtsLock__I)
                  0000796c    00000020     sysbios.aem4f : m3_Hwi_asm.obj (.text:ti_sysbios_family_arm_m3_Hwi_excHandlerAsm__I)
                  0000798c    00000004     --HOLE-- [fill = 0]
                  00007990    00000020                   : BIOS.obj (.text:ti_sysbios_family_arm_m3_Hwi_excHandler__I)
                  000079b0    00000020                   : BIOS.obj (.text:ti_sysbios_family_arm_m3_TimestampProvider_Module_startup__E)
                  000079d0    00000020     uartecho_pem4f.oem4f (.text:ti_sysbios_gates_GateHwi_Object__delete__S)
                  000079f0    00000020     uartecho_pem4f.oem4f (.text:ti_sysbios_heaps_HeapMem_Object__delete__S)
                  00007a10    00000020     uartecho_pem4f.oem4f (.text:ti_sysbios_knl_Clock_Object__destruct__S)
                  00007a30    00000020     sysbios.aem4f : BIOS.obj (.text:ti_sysbios_knl_Idle_run__E)
                  00007a50    00000020     uartecho_pem4f.oem4f (.text:ti_sysbios_knl_Semaphore_Object__destruct__S)
                  00007a70    00000020     uartecho_pem4f.oem4f (.text:ti_uia_loggers_LoggerStopMode_Object__delete__S)
                  00007a90    00000020     ti.targets.arm.rtsarm.aem4f : Registry.oem4f (.text:xdc_runtime_Registry_findById__E)
                  00007ab0    00000020                                 : SysMin.oem4f (.text:xdc_runtime_SysMin_Module_startup__E)
                  00007ad0    0000001e     sysbios.aem4f : m3_Hwi_asm_switch.obj (.text:ti_sysbios_family_xxx_Hwi_switchAndRunFunc)
                  00007aee    0000001c     MSP_EXP432P401R.obj (.text:MSP_EXP432P401R_initUART)
                  00007b0a    00000002     --HOLE-- [fill = 0]
                  00007b0c    0000001c     drivers_MSP432P401R.aem4f : PowerMSP432.oem4f (.text:Power_registerNotify)
                  00007b28    0000001c     uartecho_pem4f.oem4f (.text:ti_sysbios_family_arm_m3_Hwi_Object__destruct__S)
                  00007b44    00000004     --HOLE-- [fill = 0]
                  00007b48    0000001c     sysbios.aem4f : BIOS.obj (.text:ti_sysbios_family_arm_m3_Timer_stop__E)
                  00007b64    00000004     --HOLE-- [fill = 0]
                  00007b68    0000001c                   : BIOS.obj (.text:ti_sysbios_gates_GateMutex_Instance_init__E)
                  00007b84    00000004     --HOLE-- [fill = 0]
                  00007b88    0000001c                   : BIOS.obj (.text:ti_sysbios_knl_Clock_Instance_finalize__E)
                  00007ba4    0000001c     uartecho_pem4f.oem4f (.text:ti_sysbios_knl_Queue_Object__destruct__S)
                  00007bc0    0000001c     sysbios.aem4f : BIOS.obj (.text:ti_sysbios_knl_Queue_get__E)
                  00007bdc    00000004     --HOLE-- [fill = 0]
                  00007be0    0000001c                   : BIOS.obj (.text:ti_sysbios_knl_Queue_put__E)
                  00007bfc    00000004     --HOLE-- [fill = 0]
                  00007c00    0000001c                   : BIOS.obj (.text:ti_sysbios_knl_Task_enter__I)
                  00007c1c    0000001c     ti.uia.loggers.aem4f : LoggerStopMode.oem4f (.text:ti_uia_loggers_LoggerStopMode_Instance_init__E)
                  00007c38    0000001c     ti.targets.arm.rtsarm.aem4f : Error.oem4f (.text:xdc_runtime_Error_raiseX__E)
                  00007c54    0000001c                                 : Memory.oem4f (.text:xdc_runtime_Memory_valloc__E)
                  00007c70    0000001c                                 : SysMin.oem4f (.text:xdc_runtime_SysMin_exit__E)
                  00007c8c    0000001c                                 : System.oem4f (.text:xdc_runtime_System_abort__E)
                  00007ca8    0000001a     context.obj (.text:Graphics_setBackgroundColor)
                  00007cc2    0000001a     context.obj (.text:Graphics_setFont)
                  00007cdc    0000001a     drivers_MSP432P401R.aem4f : List.oem4f (.text:List_remove)
                  00007cf6    0000001a     msp432p4xx_driverlib.lib : spi.o (.text:SPI_enableModule)
                  00007d10    0000001a     uartecho_pem4f.oem4f (.text:ti_sysbios_family_arm_m3_Hwi_Handle__label__S)
                  00007d2a    0000001a     uartecho_pem4f.oem4f (.text:ti_sysbios_gates_GateHwi_Handle__label__S)
                  00007d44    0000001a     uartecho_pem4f.oem4f (.text:ti_sysbios_gates_GateMutex_Handle__label__S)
                  00007d5e    0000001a     uartecho_pem4f.oem4f (.text:ti_sysbios_heaps_HeapMem_Handle__label__S)
                  00007d78    0000001a     uartecho_pem4f.oem4f (.text:ti_sysbios_knl_Swi_Handle__label__S)
                  00007d92    0000001a     uartecho_pem4f.oem4f (.text:ti_sysbios_knl_Task_Handle__label__S)
                  00007dac    0000001a     uartecho_pem4f.oem4f (.text:ti_uia_loggers_LoggerStopMode_Handle__label__S)
                  00007dc6    0000001a     uartecho_pem4f.oem4f (.text:xdc_runtime_System_aprintf__E)
                  00007de0    0000001a     uartecho_pem4f.oem4f (.text:xdc_runtime_System_printf__E)
                  00007dfa    00000002     --HOLE-- [fill = 0]
                  00007dfc    00000018     msp432p4xx_driverlib.lib : adc14.o (.text:ADC14_getResult)
                  00007e14    00000018                              : gpio.o (.text:GPIO_clearInterruptFlag)
                  00007e2c    00000018                              : gpio.o (.text:GPIO_setDriveStrengthLow)
                  00007e44    00000018                              : gpio.o (.text:GPIO_setOutputLowOnPin)
                  00007e5c    00000018     display.obj (.text:Graphics_clearDisplayOnDisplay)
                  00007e74    00000018     drivers_MSP432P401R.aem4f : UART.oem4f (.text:UART_Params_init)
                  00007e8c    00000018     msp432p4xx_driverlib.lib : wdt_a.o (.text:WDT_A_holdTimer)
                  00007ea4    00000018     rtsv7M4_T_le_v4SPD16_eabi.lib : args_main.obj (.text)
                  00007ebc    00000018     uartecho_pem4f.oem4f (.text:ti_sysbios_BIOS_rtsUnlock__I)
                  00007ed4    00000018     uartecho_pem4f.oem4f (.text:ti_sysbios_family_arm_m3_Hwi_Module__startupDone__F)
                  00007eec    00000018     sysbios.aem4f : m3_TaskSupport_asm.obj (.text:ti_sysbios_family_arm_m3_TaskSupport_swap__E)
                  00007f04    00000018     uartecho_pem4f.oem4f (.text:ti_sysbios_family_arm_msp432_Timer_Module__startupDone__F)
                  00007f1c    00000004     --HOLE-- [fill = 0]
                  00007f20    00000018     sysbios.aem4f : BIOS.obj (.text:ti_sysbios_gates_GateMutex_leave__E)
                  00007f38    00000018     ti.targets.arm.rtsarm.aem4f : Error.oem4f (.text:xdc_runtime_Error_check__E)
                  00007f50    00000018                                 : System.oem4f (.text:xdc_runtime_System_exit__E)
                  00007f68    00000018                                 : Text.oem4f (.text:xdc_runtime_Text_ropeText__E)
                  00007f80    00000016     tirtosport.aem4f : ClockP_tirtos.oem4f (.text:ClockP_delete)
                  00007f96    00000016     context.obj (.text:Graphics_setForegroundColor)
                  00007fac    00000016     display.obj (.text:Graphics_translateColorOnDisplay)
                  00007fc2    00000016     tirtosport.aem4f : HwiP_tirtos.oem4f (.text:HwiP_delete)
                  00007fd8    00000016                      : SemaphoreP_tirtos.oem4f (.text:SemaphoreP_delete)
                  00007fee    00000016     msp432p4xx_driverlib.lib : uart.o (.text:UART_enableInterrupt)
                  00008004    00000016     uartecho_pem4f.oem4f (.text:ti_sysbios_BIOS_exitFunc__I)
                  0000801a    00000006     msp432p4xx_driverlib.lib : uart.o (.text:UART_getInterruptStatus)
                  00008020    00000016     sysbios.aem4f : BIOS.obj (.text:ti_sysbios_knl_Task_unblock__E)
                  00008036    00000016     ti.uia.loggers.aem4f : LoggerStopMode.oem4f (.text:ti_uia_loggers_LoggerStopMode_disable__E)
                  0000804c    00000016                          : LoggerStopMode.oem4f (.text:ti_uia_loggers_LoggerStopMode_enable__E)
                  00008062    00000002     --HOLE-- [fill = 0]
                  00008064    00000014     msp432p4xx_driverlib.lib : gpio.o (.text:GPIO_setDriveStrengthHigh)
                  00008078    00000014                              : gpio.o (.text:GPIO_setOutputHighOnPin)
                  0000808c    00000014                              : wdt_a.o (.text:WDT_A_startTimer)
                  000080a0    00000014     rtsv7M4_T_le_v4SPD16_eabi.lib : _lock.obj (.text)
                  000080b4    00000014                                   : strcpy.obj (.text)
                  000080c8    00000014                                   : strlen.obj (.text)
                  000080dc    00000014     uartecho_pem4f.oem4f (.text:ti_sysbios_family_arm_m3_Hwi_Object__get__S)
                  000080f0    00000014     sysbios.aem4f : BIOS.obj (.text:ti_sysbios_family_arm_m3_Hwi_switchFromBootStack__E)
                  00008104    00000014     uartecho_pem4f.oem4f (.text:ti_sysbios_heaps_HeapMem_Object__get__S)
                  00008118    00000014     uartecho_pem4f.oem4f (.text:ti_sysbios_knl_Mailbox_Object__get__S)
                  0000812c    00000014     uartecho_pem4f.oem4f (.text:ti_sysbios_knl_Swi_Object__get__S)
                  00008140    00000012     tirtosport.aem4f : ClockP_tirtos.oem4f (.text:ClockP_start)
                  00008152    00000012     context.obj (.text:Graphics_clearDisplay)
                  00008164    00000012     drivers_MSP432P401R.aem4f : RingBuf.oem4f (.text:RingBuf_construct)
                  00008176    00000012     tirtosport.aem4f : SemaphoreP_tirtos.oem4f (.text:SemaphoreP_pend)
                  00008188    00000012     sysbios.aem4f : BIOS.obj (.text:ti_sysbios_hal_Hwi_Module_startup__E)
                  0000819a    00000012     uartecho_pem4f.oem4f (.text:xdc_runtime_Startup_exec__I)
                  000081ac    00000010     msp432p4xx_driverlib.lib : gpio.o (.text:GPIO_getInterruptStatus)
                  000081bc    00000010                              : pcm.o (.text:PCM_gotoLPM4)
                  000081cc    00000010     drivers_MSP432P401R.aem4f : UARTMSP432.oem4f (.text:readBlockingTimeout)
                  000081dc    00000004     --HOLE-- [fill = 0]
                  000081e0    00000010     sysbios.aem4f : BIOS.obj (.text:ti_sysbios_BIOS_exit__E)
                  000081f0    00000010                   : BIOS.obj (.text:ti_sysbios_BIOS_getCpuFreq__E)
                  00008200    00000010                   : BIOS.obj (.text:ti_sysbios_BIOS_setCpuFreq__E)
                  00008210    00000010                   : BIOS.obj (.text:ti_sysbios_BIOS_setThreadType__E)
                  00008220    00000010                   : BIOS.obj (.text:ti_sysbios_BIOS_start__E)
                  00008230    00000010                   : m3_TaskSupport_asm.obj (.text:ti_sysbios_family_arm_m3_TaskSupport_glue)
                  00008240    00000010                   : BIOS.obj (.text:ti_sysbios_family_arm_msp432_init_Boot_disableWatchdog)
                  00008250    00000010                   : BIOS.obj (.text:ti_sysbios_gates_GateMutex_Instance_finalize__E)
                  00008260    00000010                   : BIOS.obj (.text:ti_sysbios_knl_Semaphore_Instance_finalize__E)
                  00008270    00000010                   : BIOS.obj (.text:ti_sysbios_knl_Swi_disable__E)
                  00008280    00000010     uartecho_pem4f.oem4f (.text:ti_sysbios_knl_Task_Object__get__S)
                  00008290    00000010     sysbios.aem4f : BIOS.obj (.text:ti_sysbios_knl_Task_disable__E)
                  000082a0    00000010     uartecho_pem4f.oem4f (.text:ti_uia_loggers_LoggerStopMode_Object__get__S)
                  000082b0    00000010     ti.uia.loggers.aem4f : LoggerStopMode.oem4f (.text:ti_uia_loggers_LoggerStopMode_isEmpty__E)
                  000082c0    00000010     ti.targets.arm.rtsarm.aem4f : Gate.oem4f (.text:xdc_runtime_Gate_leaveSystem__E)
                  000082d0    00000010                                 : Memory.oem4f (.text:xdc_runtime_Memory_free__E)
                  000082e0    00000010                                 : SysMin.oem4f (.text:xdc_runtime_SysMin_ready__E)
                  000082f0    00000010                                 : System.oem4f (.text:xdc_runtime_System_vsnprintf__E)
                  00008300    00000010     uartecho_pem4f.oem4f (.text:xdc_runtime_Text_visitRope__I)
                  00008310    0000000e     tirtosport.aem4f : HwiP_tirtos.oem4f (.text:HwiP_Params_init)
                  0000831e    0000000e     msp432p4xx_driverlib.lib : uart.o (.text:UART_clearInterruptFlag)
                  0000832c    0000000e     rtsv7M4_T_le_v4SPD16_eabi.lib : copy_decompress_none.obj (.text:decompress:none)
                  0000833a    00000006     msp432p4xx_driverlib.lib : uart.o (.text:UART_queryStatusFlags)
                  00008340    0000000e     sysbios.aem4f : BIOS.obj (.text:ti_sysbios_knl_Clock_removeI__E)
                  0000834e    00000002     --HOLE-- [fill = 0]
                  00008350    0000000e                   : BIOS.obj (.text:ti_sysbios_knl_Idle_loop__E)
                  0000835e    00000002     --HOLE-- [fill = 0]
                  00008360    0000000e                   : BIOS.obj (.text:ti_sysbios_knl_Queue_empty__E)
                  0000836e    0000000c     uartecho_pem4f.oem4f (.text:.bootCodeSection:ti_sysbios_family_arm_msp432_init_Boot_init__I)
                  0000837a    0000000c     msp432p4xx_driverlib.lib : cpu.o (.text:CPU_cpsid)
                  00008386    0000000c                              : cpu.o (.text:CPU_cpsie)
                  00008392    0000000c                              : spi.o (.text:EUSCI_A_SPI_enable)
                  0000839e    0000000c                              : spi.o (.text:EUSCI_B_SPI_enable)
                  000083aa    00000002     --HOLE-- [fill = 0]
                  000083ac    0000000c                              : pcm.o (.text:PCM_getPowerState)
                  000083b8    0000000c     drivers_MSP432P401R.aem4f : PowerMSP432.oem4f (.text:Power_getConstraintMask)
                  000083c4    0000000c                               : PowerMSP432.oem4f (.text:Power_getPerformanceLevel)
                  000083d0    0000000c                               : RingBuf.oem4f (.text:RingBuf_peek)
                  000083dc    0000000c                               : UARTMSP432.oem4f (.text:UARTMSP432_init)
                  000083e8    0000000c     msp432p4xx_driverlib.lib : uart.o (.text:UART_disableModule)
                  000083f4    0000000c                              : uart.o (.text:UART_enableModule)
                  00008400    0000000c     rtsv7M4_T_le_v4SPD16_eabi.lib : copy_zero_init.obj (.text:decompress:ZI)
                  0000840c    0000000c     uartecho_pem4f.oem4f (.text:ti_sysbios_family_arm_m3_Hwi_Params__init__S)
                  00008418    0000000c     sysbios.aem4f : BIOS.obj (.text:ti_sysbios_family_arm_m3_Hwi_disableFxn__E)
                  00008424    00000004     --HOLE-- [fill = 0]
                  00008428    0000000c                   : BIOS.obj (.text:ti_sysbios_family_arm_m3_TaskSupport_checkStack__E)
                  00008434    00000004     --HOLE-- [fill = 0]
                  00008438    0000000c                   : BIOS.obj (.text:ti_sysbios_family_arm_m3_TimestampProvider_startTimer__E)
                  00008444    00000004     --HOLE-- [fill = 0]
                  00008448    0000000c                   : BIOS.obj (.text:ti_sysbios_family_arm_msp432_Timer_getMaxTicks__E)
                  00008454    00000004     --HOLE-- [fill = 0]
                  00008458    0000000c                   : BIOS.obj (.text:ti_sysbios_gates_GateHwi_enter__E)
                  00008464    0000000c     uartecho_pem4f.oem4f (.text:ti_sysbios_knl_Clock_Params__init__S)
                  00008470    0000000c     uartecho_pem4f.oem4f (.text:ti_sysbios_knl_Queue_Object__get__S)
                  0000847c    0000000c     uartecho_pem4f.oem4f (.text:ti_sysbios_knl_Semaphore_Params__init__S)
                  00008488    0000000c     ti.targets.arm.rtsarm.aem4f : Error.oem4f (.text:xdc_runtime_Error_init__E)
                  00008494    0000000c                                 : Gate.oem4f (.text:xdc_runtime_Gate_enterSystem__E)
                  000084a0    0000000c                                 : Memory.oem4f (.text:xdc_runtime_Memory_calloc__E)
                  000084ac    0000000c                                 : Memory.oem4f (.text:xdc_runtime_Memory_getMaxDefaultTypeAlign__E)
                  000084b8    0000000a     tirtosport.aem4f : ClockP_tirtos.oem4f (.text:ClockP_stop)
                  000084c2    0000000a     Crystalfontz128x128_ST7735.obj (.text:Crystalfontz128x128_Flush)
                  000084cc    0000000a     tirtosport.aem4f : SemaphoreP_tirtos.oem4f (.text:SemaphoreP_post)
                  000084d6    0000000a     drivers_MSP432P401R.aem4f : UART.oem4f (.text:UART_read)
                  000084e0    0000000a                               : UART.oem4f (.text:UART_write)
                  000084ea    0000000a     uartecho_pem4f.oem4f (.text:xdc_runtime_IHeap_alloc)
                  000084f4    0000000a     uartecho_pem4f.oem4f (.text:xdc_runtime_IHeap_free)
                  000084fe    00000008     tirtosport.aem4f : ClockP_tirtos.oem4f (.text:ClockP_Params_init)
                  00008506    00000008     msp432p4xx_driverlib.lib : spi.o (.text:EUSCI_B_SPI_getInterruptStatus)
                  0000850e    00000008     MSP_EXP432P401R.obj (.text:MSP_EXP432P401R_initGPIO)
                  00008516    00000008     MSP_EXP432P401R.obj (.text:MSP_EXP432P401R_initGeneral)
                  0000851e    00000008     msp432p4xx_driverlib.lib : pcm.o (.text:PCM_setPowerMode)
                  00008526    00000008                              : pcm.o (.text:PCM_setPowerState)
                  0000852e    00000008     tirtosport.aem4f : SemaphoreP_tirtos.oem4f (.text:SemaphoreP_Params_init)
                  00008536    00000008     drivers_MSP432P401R.aem4f : UARTMSP432.oem4f (.text:readSemCallback)
                  0000853e    00000002     --HOLE-- [fill = 0]
                  00008540    00000008     sysbios.aem4f : BIOS.obj (.text:ti_sysbios_family_arm_m3_Hwi_doSwiRestore__I)
                  00008548    00000008                   : BIOS.obj (.text:ti_sysbios_family_arm_m3_Hwi_startup__E)
                  00008550    00000008     drivers_MSP432P401R.aem4f : UARTMSP432.oem4f (.text:writeSemCallback)
                  00008558    00000006     ti.targets.arm.rtsarm.aem4f : xdc_noinit.oem4f (.text:__xdc__init)
                  0000855e    00000006     rtsv7M4_T_le_v4SPD16_eabi.lib : copy_decompress_rle.obj (.text:decompress:rle24)
                  00008564    00000004     --HOLE-- [fill = 0]
                  00008568    00000006     sysbios.aem4f : BIOS.obj (.text:ti_sysbios_family_arm_m3_Hwi_doTaskRestore__I)
                  0000856e    00000002     --HOLE-- [fill = 0]
                  00008570    00000006                   : BIOS.obj (.text:ti_sysbios_family_arm_m3_Hwi_restoreFxn__E)
                  00008576    00000002     --HOLE-- [fill = 0]
                  00008578    00000006                   : BIOS.obj (.text:ti_sysbios_gates_GateHwi_leave__E)
                  0000857e    00000002     --HOLE-- [fill = 0]
                  00008580    00000006                   : BIOS.obj (.text:ti_sysbios_heaps_HeapMem_isBlocking__E)
                  00008586    00000002     --HOLE-- [fill = 0]
                  00008588    00000006                   : BIOS.obj (.text:ti_sysbios_knl_Clock_stop__E)
                  0000858e    00000002     --HOLE-- [fill = 0]
                  00008590    00000006                   : BIOS.obj (.text:ti_sysbios_knl_Queue_Instance_init__E)
                  00008596    00000002     --HOLE-- [fill = 0]
                  00008598    00000006                   : BIOS.obj (.text:ti_sysbios_knl_Swi_startup__E)
                  0000859e    00000006     ti.targets.arm.rtsarm.aem4f : System.oem4f (.text:xdc_runtime_System_Module_startup__E)
                  000085a4    00000004     --HOLE-- [fill = 0]
                  000085a8    00000004     sysbios.aem4f : BIOS.obj (.text:ti_sysbios_gates_GateHwi_query__E)
                  000085ac    00000004     --HOLE-- [fill = 0]
                  000085b0    00000004                   : BIOS.obj (.text:ti_sysbios_gates_GateMutex_query__E)
                  000085b4    00000004     --HOLE-- [fill = 0]
                  000085b8    00000004                   : BIOS.obj (.text:ti_sysbios_knl_Clock_setTimeout__E)
                  000085bc    00000004     --HOLE-- [fill = 0]
                  000085c0    00000004                   : BIOS.obj (.text:ti_sysbios_knl_Task_startup__E)
                  000085c4    00000004     --HOLE-- [fill = 0]
                  000085c8    00000002                   : BIOS.obj (.text:ti_sysbios_family_arm_m3_TimestampProvider_rolloverFunc__E)
                  000085ca    00000006     --HOLE-- [fill = 0]
                  000085d0    00000002                   : BIOS.obj (.text:ti_sysbios_gates_GateHwi_Instance_init__E)
                  000085d2    00000006     --HOLE-- [fill = 0]
                  000085d8    00000002                   : BIOS.obj (.text:ti_sysbios_knl_Clock_logTick__E)

.const     0    000085dc    00002bba     
                  000085dc    00001f3d     uartecho_pem4f.oem4f (.const:xdc_runtime_Text_charTab__A)
                  0000a519    000002f8     fontfixed6x8.obj (.const:.string:g_pucFontFixed6x8Data)
                  0000a811    00000001     uartecho_pem4f.oem4f (.const:xdc_runtime_Error_policy__C)
                  0000a812    00000100     uartecho_pem4f.oem4f (.const:xdc_runtime_Text_nodeTab__A)
                  0000a912    00000002     uartecho_pem4f.oem4f (.const:ti_sysbios_family_arm_m3_Hwi_Module__id__C)
                  0000a914    000000c8     fontfixed6x8.obj (.const:g_sFontFixed6x8)
                  0000a9dc    00000080     msp432p4xx_driverlib.lib : adc14.o (.const:_ctlRegs)
                  0000aa5c    00000070     MSP_EXP432P401R.obj (.const:uartMSP432Baudrates)
                  0000aacc    00000060     uartecho_pem4f.oem4f (.const:ti_uia_loggers_LoggerStopMode_Module__FXNS__C)
                  0000ab2c    00000048     uartecho_pem4f.oem4f (.const:.string)
                  0000ab74    00000048     MSP_EXP432P401R.obj (.const:uartMSP432HWAttrs)
                  0000abbc    00000030     uartecho_pem4f.oem4f (.const:ti_sysbios_family_arm_m3_Hwi_Object__PARAMS__C)
                  0000abec    00000030     uartecho_pem4f.oem4f (.const:xdc_runtime_Startup_sfxnTab__A)
                  0000ac1c    0000002c     Crystalfontz128x128_ST7735.obj (.const:g_sCrystalfontz128x128)
                  0000ac48    00000028     drivers_MSP432P401R.aem4f : UARTMSP432.oem4f (.const:UARTMSP432_fxnTable)
                  0000ac70    00000028     uartecho_pem4f.oem4f (.const:ti_sysbios_heaps_HeapMem_Module__FXNS__C)
                  0000ac98    00000028     uartecho_pem4f.oem4f (.const:ti_uia_loggers_LoggerStopMode_Object__PARAMS__C)
                  0000acc0    00000024     MSP_EXP432P401R.obj (.const:UART_config)
                  0000ace4    00000024     drivers_MSP432P401R.aem4f : UART.oem4f (.const:UART_defaultParams)
                  0000ad08    00000024                               : UARTMSP432.oem4f (.const)
                  0000ad2c    00000024     uartecho_pem4f.oem4f (.const:ti_sysbios_gates_GateHwi_Module__FXNS__C)
                  0000ad50    00000024     uartecho_pem4f.oem4f (.const:ti_sysbios_gates_GateMutex_Module__FXNS__C)
                  0000ad74    00000024     uartecho_pem4f.oem4f (.const:ti_sysbios_heaps_HeapMem_Object__PARAMS__C)
                  0000ad98    00000024     uartecho_pem4f.oem4f (.const:ti_sysbios_knl_Clock_Object__PARAMS__C)
                  0000adbc    00000024     uartecho_pem4f.oem4f (.const:ti_sysbios_knl_Semaphore_Object__PARAMS__C)
                  0000ade0    00000024     uartecho_pem4f.oem4f (.const)
                  0000ae04    00000020     uartecho_pem4f.oem4f (.const:ti_sysbios_family_arm_m3_Hwi_Object__DESC__C)
                  0000ae24    00000020     uartecho_pem4f.oem4f (.const:ti_sysbios_gates_GateHwi_Object__DESC__C)
                  0000ae44    00000020     uartecho_pem4f.oem4f (.const:ti_sysbios_gates_GateMutex_Object__DESC__C)
                  0000ae64    00000020     uartecho_pem4f.oem4f (.const:ti_sysbios_heaps_HeapMem_Object__DESC__C)
                  0000ae84    00000020     uartecho_pem4f.oem4f (.const:ti_sysbios_knl_Clock_Object__DESC__C)
                  0000aea4    00000020     uartecho_pem4f.oem4f (.const:ti_sysbios_knl_Queue_Object__DESC__C)
                  0000aec4    00000020     uartecho_pem4f.oem4f (.const:ti_sysbios_knl_Semaphore_Object__DESC__C)
                  0000aee4    00000020     uartecho_pem4f.oem4f (.const:ti_uia_loggers_LoggerStopMode_Object__DESC__C)
                  0000af04    0000001c     HAL_MSP_EXP432P401R_Crystalfontz128x128_ST7735.obj (.const)
                  0000af20    00000018     uartecho_pem4f.oem4f (.const:ti_sysbios_gates_GateHwi_Object__PARAMS__C)
                  0000af38    00000018     uartecho_pem4f.oem4f (.const:ti_sysbios_gates_GateMutex_Object__PARAMS__C)
                  0000af50    00000018     uartecho_pem4f.oem4f (.const:ti_sysbios_knl_Queue_Object__PARAMS__C)
                  0000af68    00000018     uartecho_pem4f.oem4f (.const:xdc_runtime_Startup_sfxnRts__A)
                  0000af80    00000014     MSP_EXP432P401R.obj (.const:GPIOMSP432_config)
                  0000af94    00000010     MSP_EXP432P401R.obj (.const)
                  0000afa4    00000010     uartecho_pem4f.oem4f (.const:ti_sysbios_knl_Idle_funcList__A)
                  0000afb4    0000000e     main.obj (.const:.string)
                  0000afc2    0000000c     drivers_MSP432P401R.aem4f : GPIOMSP432.oem4f (.const:.string)
                  0000afce    0000000c     lcd_display.obj (.const:.string)
                  0000afda    00000002     uartecho_pem4f.oem4f (.const:ti_sysbios_family_arm_m3_Timer_Module__id__C)
                  0000afdc    0000000c     uartecho_pem4f.oem4f (.const:xdc_runtime_Startup_firstFxns__A)
                  0000afe8    00000008     Crystalfontz128x128_ST7735.obj (.const)
                  0000aff0    00000008     uartecho_pem4f.oem4f (.const:ti_sysbios_family_arm_m3_Hwi_excHookFuncs__A)
                  0000aff8    00000008     uartecho_pem4f.oem4f (.const:ti_sysbios_knl_Idle_funcList__C)
                  0000b000    00000008     uartecho_pem4f.oem4f (.const:xdc_runtime_Startup_firstFxns__C)
                  0000b008    00000008     uartecho_pem4f.oem4f (.const:xdc_runtime_Startup_lastFxns__C)
                  0000b010    00000005     drivers_MSP432P401R.aem4f : UARTMSP432.oem4f (.const:.string)
                  0000b015    00000001     --HOLE-- [fill = 0]
                  0000b016    00000002     uartecho_pem4f.oem4f (.const:ti_sysbios_family_arm_m3_TimestampProvider_configTimer__C)
                  0000b018    00000004     uartecho_pem4f.oem4f (.const:ti_sysbios_family_arm_m3_Hwi_E_NMI__C)
                  0000b01c    00000004     uartecho_pem4f.oem4f (.const:ti_sysbios_family_arm_m3_Hwi_E_alreadyDefined__C)
                  0000b020    00000004     uartecho_pem4f.oem4f (.const:ti_sysbios_family_arm_m3_Hwi_E_busFault__C)
                  0000b024    00000004     uartecho_pem4f.oem4f (.const:ti_sysbios_family_arm_m3_Hwi_E_debugMon__C)
                  0000b028    00000004     uartecho_pem4f.oem4f (.const:ti_sysbios_family_arm_m3_Hwi_E_hardFault__C)
                  0000b02c    00000004     uartecho_pem4f.oem4f (.const:ti_sysbios_family_arm_m3_Hwi_E_memFault__C)
                  0000b030    00000004     uartecho_pem4f.oem4f (.const:ti_sysbios_family_arm_m3_Hwi_E_noIsr__C)
                  0000b034    00000004     uartecho_pem4f.oem4f (.const:ti_sysbios_family_arm_m3_Hwi_E_reserved__C)
                  0000b038    00000004     uartecho_pem4f.oem4f (.const:ti_sysbios_family_arm_m3_Hwi_E_svCall__C)
                  0000b03c    00000004     uartecho_pem4f.oem4f (.const:ti_sysbios_family_arm_m3_Hwi_E_usageFault__C)
                  0000b040    00000004     uartecho_pem4f.oem4f (.const:ti_sysbios_family_arm_m3_Hwi_NUM_INTERRUPTS__C)
                  0000b044    00000004     uartecho_pem4f.oem4f (.const:ti_sysbios_family_arm_m3_Hwi_Object__count__C)
                  0000b048    00000004     uartecho_pem4f.oem4f (.const:ti_sysbios_family_arm_m3_Hwi_ccr__C)
                  0000b04c    00000004     uartecho_pem4f.oem4f (.const:ti_sysbios_family_arm_m3_Hwi_excHandlerFunc__C)
                  0000b050    00000004     uartecho_pem4f.oem4f (.const:ti_sysbios_family_arm_m3_Hwi_excHookFuncs__C)
                  0000b054    00000004     uartecho_pem4f.oem4f (.const:ti_sysbios_family_arm_m3_Hwi_nullIsrFunc__C)
                  0000b058    00000004     uartecho_pem4f.oem4f (.const:ti_sysbios_family_arm_m3_Hwi_priGroup__C)
                  0000b05c    00000004     uartecho_pem4f.oem4f (.const:ti_sysbios_family_arm_m3_Timer_E_cannotSupport__C)
                  0000b060    00000004     uartecho_pem4f.oem4f (.const:ti_sysbios_family_arm_m3_Timer_startupNeeded__C)
                  0000b064    00000004     uartecho_pem4f.oem4f (.const:ti_sysbios_family_arm_msp432_Timer_numTimerDevices__C)
                  0000b068    00000004     uartecho_pem4f.oem4f (.const:ti_sysbios_family_arm_msp432_Timer_startupNeeded__C)
                  0000b06c    00000004     uartecho_pem4f.oem4f (.const:ti_sysbios_gates_GateMutex_Instance_State_sem__O)
                  0000b070    00000004     uartecho_pem4f.oem4f (.const:ti_sysbios_hal_Hwi_E_stackOverflow__C)
                  0000b074    00000004     uartecho_pem4f.oem4f (.const:ti_sysbios_heaps_HeapMem_E_memory__C)
                  0000b078    00000004     uartecho_pem4f.oem4f (.const:ti_sysbios_heaps_HeapMem_Module__gateObj__C)
                  0000b07c    00000004     uartecho_pem4f.oem4f (.const:ti_sysbios_heaps_HeapMem_Object__count__C)
                  0000b080    00000004     uartecho_pem4f.oem4f (.const:ti_sysbios_heaps_HeapMem_reqAlign__C)
                  0000b084    00000004     uartecho_pem4f.oem4f (.const:ti_sysbios_knl_Clock_Module_State_clockQ__O)
                  0000b088    00000004     uartecho_pem4f.oem4f (.const:ti_sysbios_knl_Mailbox_Instance_State_dataQue__O)
                  0000b08c    00000004     uartecho_pem4f.oem4f (.const:ti_sysbios_knl_Mailbox_Instance_State_dataSem__O)
                  0000b090    00000004     uartecho_pem4f.oem4f (.const:ti_sysbios_knl_Mailbox_Instance_State_freeQue__O)
                  0000b094    00000004     uartecho_pem4f.oem4f (.const:ti_sysbios_knl_Mailbox_Instance_State_freeSem__O)
                  0000b098    00000004     uartecho_pem4f.oem4f (.const:ti_sysbios_knl_Mailbox_Object__count__C)
                  0000b09c    00000004     uartecho_pem4f.oem4f (.const:ti_sysbios_knl_Mailbox_maxTypeAlign__C)
                  0000b0a0    00000004     uartecho_pem4f.oem4f (.const:ti_sysbios_knl_Semaphore_Instance_State_pendQ__O)
                  0000b0a4    00000004     uartecho_pem4f.oem4f (.const:ti_sysbios_knl_Swi_Object__count__C)
                  0000b0a8    00000004     uartecho_pem4f.oem4f (.const:ti_sysbios_knl_Task_E_spOutOfBounds__C)
                  0000b0ac    00000004     uartecho_pem4f.oem4f (.const:ti_sysbios_knl_Task_E_stackOverflow__C)
                  0000b0b0    00000004     uartecho_pem4f.oem4f (.const:ti_sysbios_knl_Task_Module_State_inactiveQ__O)
                  0000b0b4    00000004     uartecho_pem4f.oem4f (.const:ti_sysbios_knl_Task_Object__count__C)
                  0000b0b8    00000004     uartecho_pem4f.oem4f (.const:ti_sysbios_knl_Task_allBlockedFunc__C)
                  0000b0bc    00000004     uartecho_pem4f.oem4f (.const:ti_sysbios_knl_Task_numConstructedTasks__C)
                  0000b0c0    00000004     uartecho_pem4f.oem4f (.const:ti_sysbios_utils_Load_postUpdate__C)
                  0000b0c4    00000004     uartecho_pem4f.oem4f (.const:ti_sysbios_utils_Load_windowInMs__C)
                  0000b0c8    00000004     uartecho_pem4f.oem4f (.const:ti_uia_loggers_LoggerStopMode_Module__diagsEnabled__C)
                  0000b0cc    00000004     uartecho_pem4f.oem4f (.const:ti_uia_loggers_LoggerStopMode_Module__diagsIncluded__C)
                  0000b0d0    00000004     uartecho_pem4f.oem4f (.const:ti_uia_loggers_LoggerStopMode_Module__diagsMask__C)
                  0000b0d4    00000004     uartecho_pem4f.oem4f (.const:ti_uia_loggers_LoggerStopMode_Object__count__C)
                  0000b0d8    00000004     uartecho_pem4f.oem4f (.const:ti_uia_runtime_ILoggerSnapshot_Interface__BASE__C)
                  0000b0dc    00000004     uartecho_pem4f.oem4f (.const:ti_uia_runtime_IUIATransfer_Interface__BASE__C)
                  0000b0e0    00000004     uartecho_pem4f.oem4f (.const:xdc_runtime_Assert_E_assertFailed__C)
                  0000b0e4    00000004     uartecho_pem4f.oem4f (.const:xdc_runtime_Core_A_initializedParams__C)
                  0000b0e8    00000004     uartecho_pem4f.oem4f (.const:xdc_runtime_Core_Module__diagsEnabled__C)
                  0000b0ec    00000004     uartecho_pem4f.oem4f (.const:xdc_runtime_Core_Module__diagsIncluded__C)
                  0000b0f0    00000004     uartecho_pem4f.oem4f (.const:xdc_runtime_Core_Module__diagsMask__C)
                  0000b0f4    00000004     uartecho_pem4f.oem4f (.const:xdc_runtime_Error_E_memory__C)
                  0000b0f8    00000004     uartecho_pem4f.oem4f (.const:xdc_runtime_Error_Module__diagsEnabled__C)
                  0000b0fc    00000004     uartecho_pem4f.oem4f (.const:xdc_runtime_Error_Module__diagsIncluded__C)
                  0000b100    00000004     uartecho_pem4f.oem4f (.const:xdc_runtime_Error_Module__diagsMask__C)
                  0000b104    00000004     uartecho_pem4f.oem4f (.const:xdc_runtime_Error_Module__loggerFxn8__C)
                  0000b108    00000004     uartecho_pem4f.oem4f (.const:xdc_runtime_Error_Module__loggerObj__C)
                  0000b10c    00000004     uartecho_pem4f.oem4f (.const:xdc_runtime_Error_policyFxn__C)
                  0000b110    00000004     uartecho_pem4f.oem4f (.const:xdc_runtime_Error_raiseHook__C)
                  0000b114    00000004     uartecho_pem4f.oem4f (.const:xdc_runtime_IFilterLogger_Interface__BASE__C)
                  0000b118    00000004     uartecho_pem4f.oem4f (.const:xdc_runtime_IGateProvider_Interface__BASE__C)
                  0000b11c    00000004     uartecho_pem4f.oem4f (.const:xdc_runtime_IHeap_Interface__BASE__C)
                  0000b120    00000004     uartecho_pem4f.oem4f (.const:xdc_runtime_ILogger_Interface__BASE__C)
                  0000b124    00000004     uartecho_pem4f.oem4f (.const:xdc_runtime_IModule_Interface__BASE__C)
                  0000b128    00000004     uartecho_pem4f.oem4f (.const:xdc_runtime_Log_L_error__C)
                  0000b12c    00000004     uartecho_pem4f.oem4f (.const:xdc_runtime_Memory_defaultHeapInstance__C)
                  0000b130    00000004     uartecho_pem4f.oem4f (.const:xdc_runtime_Startup_execImpl__C)
                  0000b134    00000004     uartecho_pem4f.oem4f (.const:xdc_runtime_Startup_lastFxns__A)
                  0000b138    00000004     uartecho_pem4f.oem4f (.const:xdc_runtime_Startup_maxPasses__C)
                  0000b13c    00000004     uartecho_pem4f.oem4f (.const:xdc_runtime_Startup_sfxnRts__C)
                  0000b140    00000004     uartecho_pem4f.oem4f (.const:xdc_runtime_Startup_sfxnTab__C)
                  0000b144    00000004     uartecho_pem4f.oem4f (.const:xdc_runtime_SysMin_bufSize__C)
                  0000b148    00000004     uartecho_pem4f.oem4f (.const:xdc_runtime_SysMin_outputFunc__C)
                  0000b14c    00000004     uartecho_pem4f.oem4f (.const:xdc_runtime_System_Module__gateObj__C)
                  0000b150    00000004     uartecho_pem4f.oem4f (.const:xdc_runtime_System_abortFxn__C)
                  0000b154    00000004     uartecho_pem4f.oem4f (.const:xdc_runtime_System_exitFxn__C)
                  0000b158    00000004     uartecho_pem4f.oem4f (.const:xdc_runtime_System_extendFxn__C)
                  0000b15c    00000004     uartecho_pem4f.oem4f (.const:xdc_runtime_System_maxAtexitHandlers__C)
                  0000b160    00000004     uartecho_pem4f.oem4f (.const:xdc_runtime_Text_charTab__C)
                  0000b164    00000004     uartecho_pem4f.oem4f (.const:xdc_runtime_Text_nameEmpty__C)
                  0000b168    00000004     uartecho_pem4f.oem4f (.const:xdc_runtime_Text_nameStatic__C)
                  0000b16c    00000004     uartecho_pem4f.oem4f (.const:xdc_runtime_Text_nameUnknown__C)
                  0000b170    00000004     uartecho_pem4f.oem4f (.const:xdc_runtime_Text_nodeTab__C)
                  0000b174    00000004     uartecho_pem4f.oem4f (.const:xdc_runtime_Text_visitRopeFxn__C)
                  0000b178    00000002     uartecho_pem4f.oem4f (.const:ti_sysbios_hal_Hwi_Module__id__C)
                  0000b17a    00000002     uartecho_pem4f.oem4f (.const:ti_sysbios_heaps_HeapMem_Module__id__C)
                  0000b17c    00000002     uartecho_pem4f.oem4f (.const:ti_sysbios_knl_Task_Module__id__C)
                  0000b17e    00000002     uartecho_pem4f.oem4f (.const:ti_sysbios_utils_Load_updateInIdle__C)
                  0000b180    00000002     uartecho_pem4f.oem4f (.const:ti_uia_loggers_LoggerStopMode_Module__id__C)
                  0000b182    00000002     uartecho_pem4f.oem4f (.const:ti_uia_loggers_LoggerStopMode_isTimestampEnabled__C)
                  0000b184    00000002     uartecho_pem4f.oem4f (.const:xdc_runtime_Core_Module__id__C)
                  0000b186    00000002     uartecho_pem4f.oem4f (.const:xdc_runtime_Error_Module__loggerDefined__C)
                  0000b188    00000002     uartecho_pem4f.oem4f (.const:xdc_runtime_Error_maxDepth__C)
                  0000b18a    00000002     uartecho_pem4f.oem4f (.const:xdc_runtime_Memory_Module__id__C)
                  0000b18c    00000002     uartecho_pem4f.oem4f (.const:xdc_runtime_SysMin_flushAtExit__C)
                  0000b18e    00000002     uartecho_pem4f.oem4f (.const:xdc_runtime_Text_charCnt__C)
                  0000b190    00000002     uartecho_pem4f.oem4f (.const:xdc_runtime_Text_isLoaded__C)
                  0000b192    00000002     uartecho_pem4f.oem4f (.const:xdc_runtime_Text_registryModsLastId__C)
                  0000b194    00000002     uartecho_pem4f.oem4f (.const:xdc_runtime_Text_unnamedModsLastId__C)

.cinit     0    0000b198    00000670     
                  0000b198    00000639     (.cinit..data.load) [load image, compression = rle]
                  0000b7d1    00000003     --HOLE-- [fill = 0]
                  0000b7d4    0000000c     (__TI_handler_table)
                  0000b7e0    00000008     (.cinit..bss.load) [load image, compression = zero_init]
                  0000b7e8    00000008     (.cinit..vecs.load) [load image, compression = zero_init]
                  0000b7f0    00000018     (__TI_cinit_table)

.resetVecs 
*          0    00000000    0000003c     
                  00000000    0000003c     uartecho_pem4f.oem4f (.resetVecs)

.bss       0    20000180    00001f30     UNINITIALIZED
                  20000180    00000e00     uartecho_pem4f.oem4f (.bss:taskStackSection)
                  20000f80    00000400     uartecho_pem4f.oem4f (.bss:ti_sysbios_heaps_HeapMem_Instance_State_0_buf__A)
                  20001380    00000400     uartecho_pem4f.oem4f (.bss:ti_uia_loggers_LoggerStopMode_Instance_State_2_packetArray__A)
                  20001780    00000200     uartecho_pem4f.oem4f (.bss:ti_uia_loggers_LoggerStopMode_Instance_State_1_packetArray__A)
                  20001980    00000140     uartecho_pem4f.oem4f (.bss:ti_sysbios_family_arm_m3_Hwi_dispatchTable)
                  20001ac0    00000120     rtsv7M4_T_le_v4SPD16_eabi.lib : trgmsg.obj (.bss:__CIOBUF_)
                  20001be0    0000001c     (.common:g_sContext)
                  20001bfc    00000002     (.common:Lcd_ScreenHeigth)
                  20001bfe    00000002     (.common:Lcd_ScreenWidth)
                  20001c00    00000100     uartecho_pem4f.oem4f (.bss:ti_uia_loggers_LoggerStopMode_Instance_State_0_packetArray__A)
                  20001d00    00000100     MSP_EXP432P401R.obj (.bss:uartMSP432Objects)
                  20001e00    00000080     uartecho_pem4f.oem4f (.bss:ti_sysbios_knl_Mailbox_Instance_State_1_allocBuf__A)
                  20001e80    00000080     uartecho_pem4f.oem4f (.bss:xdc_runtime_SysMin_Module_State_0_outbuf__A)
                  20001f00    00000040     MSP_EXP432P401R.obj (.bss:uartMSP432RingBuffer)
                  20001f40    00000030     drivers_MSP432P401R.aem4f : GPIOMSP432.oem4f (.bss:gpioCallbackInfo)
                  20001f70    00000008     (.common:parmbuf)
                  20001f78    00000002     (.common:Lcd_TouchTrim)
                  20001f7a    00000001     (.common:Lcd_FlagRead)
                  20001f7b    00000001     (.common:Lcd_FontSolid)
                  20001f7c    00000001     (.common:Lcd_Orientation)
                  20001f7d    00000001     (.common:Lcd_PenSolid)
                  20001f7e    00000002     --HOLE--
                  20001f80    00000030     uartecho_pem4f.oem4f (.bss:ti_uia_loggers_LoggerStopMode_Instance_State_0_hdr__A)
                  20001fb0    00000018     (.common:ti_sysbios_knl_Mailbox_Instance_State_0_allocBuf__A)
                  20001fc8    00000038     --HOLE--
                  20002000    00000030     uartecho_pem4f.oem4f (.bss:ti_uia_loggers_LoggerStopMode_Instance_State_1_hdr__A)
                  20002030    00000050     --HOLE--
                  20002080    00000030     uartecho_pem4f.oem4f (.bss:ti_uia_loggers_LoggerStopMode_Instance_State_2_hdr__A)

.data      0    200020b0    0000092d     UNINITIALIZED
                  200020b0    0000019c     uartecho_pem4f.oem4f (.data)
[...]
000085a9  ti_sysbios_gates_GateHwi_query__E                            
000085a9  xdc_runtime_Main_Module_GateProxy_query__E                   
000085a9  xdc_runtime_System_Module_GateProxy_query__E                 
000085b1  ti_sysbios_BIOS_RtsGateProxy_query__E                        
000085b1  ti_sysbios_gates_GateMutex_query__E                          
000085b1  ti_sysbios_heaps_HeapMem_Module_GateProxy_query__E           
000085b9  ti_sysbios_knl_Clock_setTimeout__E                           
000085c1  ti_sysbios_knl_Task_startup__E                               
000085c9  ti_sysbios_family_arm_m3_TimestampProvider_rolloverFunc__E   
000085d1  ti_sysbios_gates_GateHwi_Instance_init__E                    
000085d9  ti_sysbios_knl_Clock_logTick__E                              
000085dc  xdc_runtime_Text_charTab__A                                  
0000a811  xdc_runtime_Error_policy__C                                  
0000a812  xdc_runtime_Text_nodeTab__A                                  
0000a912  ti_sysbios_family_arm_m3_Hwi_Module__id__C                   
0000a914  g_sFontFixed6x8                                              
0000aa5c  uartMSP432Baudrates                                          
0000aacc  ti_uia_loggers_LoggerStopMode_Module__FXNS__C                
0000ab74  uartMSP432HWAttrs                                            
0000abbc  ti_sysbios_family_arm_m3_Hwi_Object__PARAMS__C               
0000abec  xdc_runtime_Startup_sfxnTab__A                               
0000ac1c  g_sCrystalfontz128x128                                       
0000ac48  UARTMSP432_fxnTable                                          
0000ac70  ti_sysbios_heaps_HeapMem_Module__FXNS__C                     
0000ac98  ti_uia_loggers_LoggerStopMode_Object__PARAMS__C              
0000acc0  UART_config                                                  
0000ace4  UART_defaultParams                                           
0000ad2c  ti_sysbios_gates_GateHwi_Module__FXNS__C                     
0000ad50  ti_sysbios_gates_GateMutex_Module__FXNS__C                   
0000ad74  ti_sysbios_heaps_HeapMem_Object__PARAMS__C                   
0000ad98  ti_sysbios_knl_Clock_Object__PARAMS__C                       
0000adbc  ti_sysbios_knl_Semaphore_Object__PARAMS__C                   
0000ade0  m3Hwi0                                                       
0000ade4  ADC_Mbx                                                      
0000ade8  task0                                                        
0000adec  task1                                                        
0000adf0  start_data_semaphore                                         
0000adf4  adc_calc_semaphore                                           
0000adf8  lcd_draw_semaphore                                           
0000adfc  task2                                                        
0000ae00  LCD_Mbx                                                      
0000ae04  ti_sysbios_family_arm_m3_Hwi_Object__DESC__C                 
0000ae24  ti_sysbios_gates_GateHwi_Object__DESC__C                     
0000ae44  ti_sysbios_gates_GateMutex_Object__DESC__C                   
0000ae64  ti_sysbios_heaps_HeapMem_Object__DESC__C                     
0000ae84  ti_sysbios_knl_Clock_Object__DESC__C                         
0000aea4  ti_sysbios_knl_Queue_Object__DESC__C                         
0000aec4  ti_sysbios_knl_Semaphore_Object__DESC__C                     
0000aee4  ti_uia_loggers_LoggerStopMode_Object__DESC__C                
0000af20  ti_sysbios_gates_GateHwi_Object__PARAMS__C                   
0000af38  ti_sysbios_gates_GateMutex_Object__PARAMS__C                 
0000af50  ti_sysbios_knl_Queue_Object__PARAMS__C                       
0000af68  xdc_runtime_Startup_sfxnRts__A                               
0000af80  GPIOMSP432_config                                            
0000af94  PowerMSP432_config                                           
0000afa4  ti_sysbios_knl_Idle_funcList__A                              
0000afda  ti_sysbios_family_arm_m3_Timer_Module__id__C                 
0000afdc  xdc_runtime_Startup_firstFxns__A                             
0000aff0  ti_sysbios_family_arm_m3_Hwi_excHookFuncs__A                 
0000aff8  ti_sysbios_knl_Idle_funcList__C                              
0000b000  xdc_runtime_Startup_firstFxns__C                             
0000b008  xdc_runtime_Startup_lastFxns__C                              
0000b016  ti_sysbios_family_arm_m3_TimestampProvider_configTimer__C    
0000b018  ti_sysbios_family_arm_m3_Hwi_E_NMI__C                        
0000b01c  ti_sysbios_family_arm_m3_Hwi_E_alreadyDefined__C             
0000b020  ti_sysbios_family_arm_m3_Hwi_E_busFault__C                   
0000b024  ti_sysbios_family_arm_m3_Hwi_E_debugMon__C                   
0000b028  ti_sysbios_family_arm_m3_Hwi_E_hardFault__C                  
0000b02c  ti_sysbios_family_arm_m3_Hwi_E_memFault__C                   
0000b030  ti_sysbios_family_arm_m3_Hwi_E_noIsr__C                      
0000b034  ti_sysbios_family_arm_m3_Hwi_E_reserved__C                   
0000b038  ti_sysbios_family_arm_m3_Hwi_E_svCall__C                     
0000b03c  ti_sysbios_family_arm_m3_Hwi_E_usageFault__C                 
0000b040  ti_sysbios_family_arm_m3_Hwi_NUM_INTERRUPTS__C               
0000b044  ti_sysbios_family_arm_m3_Hwi_Object__count__C                
0000b048  ti_sysbios_family_arm_m3_Hwi_ccr__C                          
0000b04c  ti_sysbios_family_arm_m3_Hwi_excHandlerFunc__C               
0000b050  ti_sysbios_family_arm_m3_Hwi_excHookFuncs__C                 
0000b054  ti_sysbios_family_arm_m3_Hwi_nullIsrFunc__C                  
0000b058  ti_sysbios_family_arm_m3_Hwi_priGroup__C                     
0000b05c  ti_sysbios_family_arm_m3_Timer_E_cannotSupport__C            
0000b060  ti_sysbios_family_arm_m3_Timer_startupNeeded__C              
0000b064  ti_sysbios_family_arm_msp432_Timer_numTimerDevices__C        
0000b068  ti_sysbios_family_arm_msp432_Timer_startupNeeded__C          
0000b06c  ti_sysbios_gates_GateMutex_Instance_State_sem__O             
0000b070  ti_sysbios_hal_Hwi_E_stackOverflow__C                        
0000b074  ti_sysbios_heaps_HeapMem_E_memory__C                         
0000b078  ti_sysbios_heaps_HeapMem_Module__gateObj__C                  
0000b07c  ti_sysbios_heaps_HeapMem_Object__count__C                    
0000b080  ti_sysbios_heaps_HeapMem_reqAlign__C                         
0000b084  ti_sysbios_knl_Clock_Module_State_clockQ__O                  
0000b088  ti_sysbios_knl_Mailbox_Instance_State_dataQue__O             
0000b08c  ti_sysbios_knl_Mailbox_Instance_State_dataSem__O             
0000b090  ti_sysbios_knl_Mailbox_Instance_State_freeQue__O             
0000b094  ti_sysbios_knl_Mailbox_Instance_State_freeSem__O             
0000b098  ti_sysbios_knl_Mailbox_Object__count__C                      
0000b09c  ti_sysbios_knl_Mailbox_maxTypeAlign__C                       
0000b0a0  ti_sysbios_knl_Semaphore_Instance_State_pendQ__O             
0000b0a4  ti_sysbios_knl_Swi_Object__count__C                          
0000b0a8  ti_sysbios_knl_Task_E_spOutOfBounds__C                       
0000b0ac  ti_sysbios_knl_Task_E_stackOverflow__C                       
0000b0b0  ti_sysbios_knl_Task_Module_State_inactiveQ__O                
0000b0b4  ti_sysbios_knl_Task_Object__count__C                         
0000b0b8  ti_sysbios_knl_Task_allBlockedFunc__C                        
0000b0bc  ti_sysbios_knl_Task_numConstructedTasks__C                   
0000b0c0  ti_sysbios_utils_Load_postUpdate__C                          
0000b0c4  ti_sysbios_utils_Load_windowInMs__C                          
0000b0c8  ti_uia_loggers_LoggerStopMode_Module__diagsEnabled__C        
0000b0cc  ti_uia_loggers_LoggerStopMode_Module__diagsIncluded__C       
0000b0d0  ti_uia_loggers_LoggerStopMode_Module__diagsMask__C           
0000b0d4  ti_uia_loggers_LoggerStopMode_Object__count__C               
0000b0d8  ti_uia_runtime_ILoggerSnapshot_Interface__BASE__C            
0000b0dc  ti_uia_runtime_IUIATransfer_Interface__BASE__C               
0000b0e0  xdc_runtime_Assert_E_assertFailed__C                         
0000b0e4  xdc_runtime_Core_A_initializedParams__C                      
0000b0e8  xdc_runtime_Core_Module__diagsEnabled__C                     
0000b0ec  xdc_runtime_Core_Module__diagsIncluded__C                    
0000b0f0  xdc_runtime_Core_Module__diagsMask__C                        
0000b0f4  xdc_runtime_Error_E_memory__C                                
0000b0f8  xdc_runtime_Error_Module__diagsEnabled__C                    
0000b0fc  xdc_runtime_Error_Module__diagsIncluded__C                   
0000b100  xdc_runtime_Error_Module__diagsMask__C                       
0000b104  xdc_runtime_Error_Module__loggerFxn8__C                      
0000b108  xdc_runtime_Error_Module__loggerObj__C                       
0000b10c  xdc_runtime_Error_policyFxn__C                               
0000b110  xdc_runtime_Error_raiseHook__C                               
0000b114  xdc_runtime_IFilterLogger_Interface__BASE__C                 
0000b118  xdc_runtime_IGateProvider_Interface__BASE__C                 
0000b11c  xdc_runtime_IHeap_Interface__BASE__C                         
0000b120  xdc_runtime_ILogger_Interface__BASE__C                       
0000b124  xdc_runtime_IModule_Interface__BASE__C                       
0000b128  xdc_runtime_Log_L_error__C                                   
0000b12c  xdc_runtime_Memory_defaultHeapInstance__C                    
0000b130  xdc_runtime_Startup_execImpl__C                              
0000b134  xdc_runtime_Startup_lastFxns__A                              
0000b138  xdc_runtime_Startup_maxPasses__C                             
0000b13c  xdc_runtime_Startup_sfxnRts__C                               
0000b140  xdc_runtime_Startup_sfxnTab__C                               
0000b144  xdc_runtime_SysMin_bufSize__C                                
0000b148  xdc_runtime_SysMin_outputFunc__C                             
0000b14c  xdc_runtime_System_Module__gateObj__C                        
0000b150  xdc_runtime_System_abortFxn__C                               
0000b154  xdc_runtime_System_exitFxn__C                                
0000b158  xdc_runtime_System_extendFxn__C                              
0000b15c  xdc_runtime_System_maxAtexitHandlers__C                      
0000b160  xdc_runtime_Text_charTab__C                                  
0000b164  xdc_runtime_Text_nameEmpty__C                                
0000b168  xdc_runtime_Text_nameStatic__C                               
0000b16c  xdc_runtime_Text_nameUnknown__C                              
0000b170  xdc_runtime_Text_nodeTab__C                                  
0000b174  xdc_runtime_Text_visitRopeFxn__C                             
0000b178  ti_sysbios_hal_Hwi_Module__id__C                             
0000b17a  ti_sysbios_heaps_HeapMem_Module__id__C                       
0000b17c  ti_sysbios_knl_Task_Module__id__C                            
0000b17e  ti_sysbios_utils_Load_updateInIdle__C                        
0000b180  ti_uia_loggers_LoggerStopMode_Module__id__C                  
0000b182  ti_uia_loggers_LoggerStopMode_isTimestampEnabled__C          
0000b184  xdc_runtime_Core_Module__id__C                               
0000b186  xdc_runtime_Error_Module__loggerDefined__C                   
0000b188  xdc_runtime_Error_maxDepth__C                                
0000b18a  xdc_runtime_Memory_Module__id__C                             
0000b18c  xdc_runtime_SysMin_flushAtExit__C                            
0000b18e  xdc_runtime_Text_charCnt__C                                  
0000b190  xdc_runtime_Text_isLoaded__C                                 
0000b192  xdc_runtime_Text_registryModsLastId__C                       
0000b194  xdc_runtime_Text_unnamedModsLastId__C                        
0000b198  __TI_static_base__                                           
0000b7d4  __TI_Handler_Table_Base                                      
0000b7e0  __TI_Handler_Table_Limit                                     
0000b7f0  __TI_CINIT_Base                                              
0000b808  __TI_CINIT_Limit                                             
20000000  ti_sysbios_family_arm_m3_Hwi_ramVectors                      
20000180  ti_sysbios_knl_Task_Instance_State_0_stack__A                
20000580  ti_sysbios_knl_Task_Instance_State_1_stack__A                
20000980  ti_sysbios_knl_Task_Instance_State_2_stack__A                
20000d80  ti_sysbios_knl_Task_Instance_State_3_stack__A                
20000f80  ti_sysbios_heaps_HeapMem_Instance_State_0_buf__A             
20001380  ti_uia_loggers_LoggerStopMode_Instance_State_2_packetArray__A
20001780  ti_uia_loggers_LoggerStopMode_Instance_State_1_packetArray__A
20001980  ti_sysbios_family_arm_m3_Hwi_dispatchTable                   
20001ac0  __CIOBUF_                                                    
20001be0  g_sContext                                                   
20001bfc  Lcd_ScreenHeigth                                             
20001bfe  Lcd_ScreenWidth                                              
20001c00  ti_uia_loggers_LoggerStopMode_Instance_State_0_packetArray__A
20001d00  uartMSP432Objects                                            
20001e00  ti_sysbios_knl_Mailbox_Instance_State_1_allocBuf__A          
20001e80  xdc_runtime_SysMin_Module_State_0_outbuf__A                  
20001f00  uartMSP432RingBuffer                                         
20001f78  Lcd_TouchTrim                                                
20001f7a  Lcd_FlagRead                                                 
20001f7b  Lcd_FontSolid                                                
20001f7c  Lcd_Orientation                                              
20001f7d  Lcd_PenSolid                                                 
20001f80  ti_uia_loggers_LoggerStopMode_Instance_State_0_hdr__A        
20001fb0  ti_sysbios_knl_Mailbox_Instance_State_0_allocBuf__A          
20002000  ti_uia_loggers_LoggerStopMode_Instance_State_1_hdr__A        
20002080  ti_uia_loggers_LoggerStopMode_Instance_State_2_hdr__A        
200020b0  xdc_runtime_Diags_dictElems                                  
200020d0  ti_sysbios_family_arm_m3_Hwi_Module__root__V                 
200020d8  ti_sysbios_family_arm_m3_Hwi_Module_State_0_excActive__A     
200020dc  ti_sysbios_family_arm_m3_Hwi_Module_State_0_excContext__A    
200020e0  ti_sysbios_family_arm_m3_Hwi_Module_State_0_excStack__A      
200020e4  ti_sysbios_family_arm_m3_Timer_Module__root__V               
200020ec  ti_sysbios_family_arm_m3_Timer_Module__state__V              
200020f8  ti_sysbios_family_arm_m3_TimestampProvider_Module__state__V  
200020fc  ti_sysbios_family_arm_msp432_ClockFreqs_Module__state__V     
20002108  ti_sysbios_family_arm_msp432_Timer_Module__root__V           
20002110  ti_sysbios_family_arm_msp432_Timer_Module_State_0_device__A  
20002130  ti_sysbios_family_arm_msp432_Timer_Module_State_0_handles__A 
20002140  ti_sysbios_family_arm_msp432_Timer_Module__state__V          
2000214c  ti_sysbios_gates_GateHwi_Module__root__V                     
20002154  ti_sysbios_gates_GateHwi_Object__table__V                    
20002158  ti_sysbios_gates_GateMutex_Module__root__V                   
20002160  ti_sysbios_hal_Hwi_Module__root__V                           
20002168  ti_sysbios_heaps_HeapMem_Module__root__V                     
20002170  ti_sysbios_heaps_HeapMem_Object__table__V                    
20002188  ti_sysbios_knl_Clock_Module__root__V                         
20002190  ti_sysbios_knl_Event_Module__root__V                         
2000219c  ti_sysbios_knl_Mailbox_Module__root__V                       
200021a4  ti_sysbios_knl_Queue_Module__root__V                         
200021ac  ti_sysbios_knl_Semaphore_Module__root__V                     
200021b4  ti_sysbios_knl_Swi_Module__root__V                           
200021bc  ti_sysbios_knl_Swi_Module__state__V                          
200021d8  ti_sysbios_knl_Task_Module__root__V                          
200021e4  ti_sysbios_knl_Task_Module_State_0_idleTask__A               
200021e8  ti_sysbios_utils_Load_Module_State_0_taskStartTime__A        
200021ec  ti_sysbios_utils_Load_Module_State_0_runningTask__A          
200021f0  ti_uia_loggers_LoggerStopMode_Module__root__V                
200021f8  ti_uia_loggers_LoggerStopMode_Module__state__V               
20002200  ti_uia_runtime_QueueDescriptor_Module__state__V              
2000220c  xdc_runtime_Error_Module__state__V                           
2000220e  xdc_runtime_Main_Module__root__V                             
20002210  xdc_runtime_Memory_Module__state__V                          
20002214  xdc_runtime_Registry_Module__state__V                        
2000221c  xdc_runtime_Startup_Module__state__V                         
20002224  xdc_runtime_SysMin_Module__state__V                          
20002230  xdc_runtime_System_Module_State_0_atexitHandlers__A          
20002238  xdc_runtime_System_Module__state__V                          
20002240  xdc_runtime_Text_Module__state__V                            
20002248  __xdc__init__addr                                            
2000224c  ti_sysbios_knl_Task_Object__table__V                         
2000237c  ti_sysbios_knl_Mailbox_Object__table__V                      
2000241c  PowerMSP432_perfLevels                                       
200024b8  ti_uia_loggers_LoggerStopMode_Object__table__V               
20002554  ti_sysbios_utils_Load_Module__state__V                       
200025ec  ti_sysbios_knl_Swi_Module_State_0_readyQ__A                  
2000266c  ti_sysbios_knl_Task_Module_State_0_readyQ__A                 
200026ec  ti_sysbios_family_arm_msp432_Timer_Object__table__V          
20002738  ti_sysbios_family_arm_m3_Hwi_Object__table__V                
20002780  ti_sysbios_knl_Task_Module__state__V                         
200027c4  ti_sysbios_knl_Semaphore_Object__table__V                    
20002800  ti_sysbios_gates_GateMutex_Object__table__V                  
20002838  ti_sysbios_family_arm_m3_Hwi_Module__state__V                
200028cc  ti_sysbios_family_arm_m3_Timer_Object__table__V              
200028fc  ti_sysbios_knl_Swi_Object__table__V                          
2000292c  ti_sysbios_knl_Clock_Module__state__V                        
20002958  PowerMSP432_module                                           
2000297c  ti_sysbios_BIOS_Module__state__V                             
200029a4  gpioPinConfigs                                               
200029b4  gpioCallbackFunctions                                        
200029bc  _lock                                                        
200029c0  _unlock                                                      
200029c4  __TI_cleanup_ptr                                             
200029c8  __TI_dtors_ptr                                               
200029cc  ti_uia_runtime_QueueDescriptor_gPtrToFirstDescriptor         
200029d0  ti_uia_runtime_QueueDescriptor_gUpdateCount                  
200029d8  main_func_sp                                                 
2000fd00  __stack                                                      
20010000  __STACK_END                                                  
4000480c  WDTCTL_SYM                                                   
e000e000  ti_sysbios_family_arm_m3_Hwi_nvic                            
ffffffff  __binit__                                                    
ffffffff  __c_args__                                                   
ffffffff  binit                                                        
UNDEFED   SHT$$INIT_ARRAY$$Base                                        
UNDEFED   SHT$$INIT_ARRAY$$Limit                                       

[796 symbols]
