******************************************************************************
                  TI ARM Linker Unix v5.2.6                    
******************************************************************************
>> Linked Mon Apr  4 19:52:16 2016

OUTPUT FILE NAME:   <uartecho_MSP_EXP432P401R_TI_MSP432P401R.out>
ENTRY POINT SYMBOL: "_c_int00"  address: 000055ed


MEMORY CONFIGURATION

         name            origin    length      used     unused   attr    fill
----------------------  --------  ---------  --------  --------  ----  --------
  MAIN                  00000000   00040000  0000b42c  00034bd4  R  X
  INFO                  00200000   00004000  00000000  00004000  R  X
  SRAM_CODE             01000000   00010000  00000000  00010000  RW X
  SRAM_DATA             20000000   00010000  00002205  0000ddfb  RW  


SEGMENT ALLOCATION MAP

run origin  load origin   length   init length attrs members
----------  ----------- ---------- ----------- ----- -------
00000000    00000000    0000b438   0000b438    r-x
  00000000    00000000    0000003c   0000003c    r-- .resetVecs
  00000040    00000040    0000831a   0000831a    r-x .text
  0000835c    0000835c    00002b7e   00002b7e    r-- .const
  0000aee0    0000aee0    00000558   00000558    r-- .cinit
20000000    20000000    00000140   00000000    rw-
  20000000    20000000    00000140   00000000    rw- .vecs
20000180    20000180    00001dc5   00000000    rw-
  20000180    20000180    00001630   00000000    rw- .bss
  200017b0    200017b0    00000795   00000000    rw- .data
2000fd00    2000fd00    00000300   00000000    rw-
  2000fd00    2000fd00    00000300   00000000    rw- .stack


SECTION ALLOCATION MAP

 output                                  attributes/
section   page    origin      length       input sections
--------  ----  ----------  ----------   ----------------
.text      0    00000040    0000831a     
                  00000040    0000047e     string.obj (.text:Graphics_drawString)
                  000004be    00000002     power_tirtos_MSP432P401R.aem4f : PowerMSP432_tirtos.oem4f (.text:PowerMSP432_initPolicy)
                  000004c0    00000430     sysbios.aem4f : BIOS.obj (.text:ti_sysbios_family_arm_m3_Hwi_excDumpRegs__I)
                  000008f0    0000034c     ti.targets.arm.rtsarm.aem4f : System.oem4f (.text:xdc_runtime_System_doPrint__I)
                  00000c3c    000002d4     rtsv7M4_T_le_v4SPD16_eabi.lib : trgdrv.obj (.text)
                  00000f10    00000260     drivers_MSP432P401R.aem4f : UARTMSP432.oem4f (.text:UARTMSP432_open)
                  00001170    000001ce     Crystalfontz128x128_ST7735.obj (.text:Crystalfontz128x128_PixelDrawMultiple)
                  0000133e    000001a0     msp432p4xx_driverlib.lib : pcm.o (.text:__PCM_setPowerStateAdvanced)
                  000014de    00000002     rtsv7M4_T_le_v4SPD16_eabi.lib : i_div0.obj (.text)
                  000014e0    00000174     sysbios.aem4f : BIOS.obj (.text:ti_sysbios_family_arm_m3_Hwi_excBusFault__I)
                  00001654    00000004     msp432p4xx_driverlib.lib : cpu.o (.text:CPU_wfi)
                  00001658    00000164     sysbios.aem4f : BIOS.obj (.text:ti_sysbios_family_arm_m3_Hwi_excUsageFault__I)
                  000017bc    00000154     msp432p4xx_driverlib.lib : adc14.o (.text:_getIndexForMemRegister)
                  00001910    00000148     sysbios.aem4f : BIOS.obj (.text:ti_sysbios_family_arm_m3_Hwi_excMemFault__I)
                  00001a58    00000140     drivers_MSP432P401R.aem4f : GPIOMSP432.oem4f (.text:GPIO_setConfig)
                  00001b98    00000138     sysbios.aem4f : BIOS.obj (.text:ti_sysbios_knl_Semaphore_pend__E)
                  00001cd0    00000138     uartecho_pem4f.oem4f (.text:ti_uia_loggers_LoggerStopMode_writeMemoryRange__E)
                  00001e08    00000134     Crystalfontz128x128_ST7735.obj (.text:Crystalfontz128x128_SetDrawFrame)
                  00001f3c    0000012c     Crystalfontz128x128_ST7735.obj (.text:Crystalfontz128x128_Init)
                  00002068    00000118     ti.targets.arm.rtsarm.aem4f : Error.oem4f (.text:xdc_runtime_Error_policyDefault__E)
                  00002180    0000010c     sysbios.aem4f : BIOS.obj (.text:ti_sysbios_family_arm_m3_Hwi_excFillContext__I)
                  0000228c    0000010c     uartecho_pem4f.oem4f (.text:ti_uia_loggers_LoggerStopMode_write8__E)
                  00002398    00000108     sysbios.aem4f : BIOS.obj (.text:ti_sysbios_family_arm_m3_Hwi_excHandlerMax__I)
                  000024a0    00000100     ti.targets.arm.rtsarm.aem4f : Core-mem.oem4f (.text:xdc_runtime_Core_createObject__I)
                  000025a0    000000fa     string.obj (.text:Graphics_getStringWidth)
                  0000269a    00000002     uartecho_pem4f.oem4f (.text:ti_sysbios_BIOS_nullFunc__I)
                  0000269c    000000f8     ti.targets.arm.rtsarm.aem4f : Startup.oem4f (.text:xdc_runtime_Startup_startMods__I)
                  00002794    000000f8     uartecho_pem4f.oem4f (.text:xdc_runtime_System_printfExtend__I)
                  0000288c    000000f4     drivers_MSP432P401R.aem4f : PowerMSP432.oem4f (.text:Power_sleep)
                  00002980    000000f4     sysbios.aem4f : m3_Hwi_asm.obj (.text:ti_sysbios_family_arm_m3_Hwi_dispatch__I)
                  00002a74    000000f4     uartecho_pem4f.oem4f (.text:ti_uia_loggers_LoggerStopMode_write4__E)
                  00002b68    000000f0     drivers_MSP432P401R.aem4f : PowerMSP432.oem4f (.text:initPerfControl)
                  00002c58    000000e8     uartecho_pem4f.oem4f (.text:ti_uia_loggers_LoggerStopMode_write2__E)
                  00002d40    000000e4     uartecho_pem4f.oem4f (.text:ti_uia_loggers_LoggerStopMode_write1__E)
                  00002e24    000000e0     msp432p4xx_driverlib.lib : cs.o (.text:CS_initClockSignal)
                  00002f04    000000dc                              : pcm.o (.text:__PCM_setPowerModeAdvanced)
                  00002fe0    000000d8     uartecho_pem4f.oem4f (.text:ti_uia_loggers_LoggerStopMode_write0__E)
                  000030b8    000000cc     main.obj (.text:echoFxn)
                  00003184    00000004     msp432p4xx_driverlib.lib : spi.o (.text:EUSCI_A_SPI_transmitData)
                  00003188    000000cc     sysbios.aem4f : BIOS.obj (.text:ti_sysbios_heaps_HeapMem_alloc__E)
                  00003254    00000004     msp432p4xx_driverlib.lib : spi.o (.text:EUSCI_B_SPI_transmitData)
                  00003258    000000cc     sysbios.aem4f : BIOS.obj (.text:ti_sysbios_knl_Task_Instance_init__E)
                  00003324    000000cc     ti.targets.arm.rtsarm.aem4f : Core-smem.oem4f (.text:xdc_runtime_Core_constructObject__I)
                  000033f0    000000c4     main.obj (.text:init_adc)
                  000034b4    00000004     tirtosport.aem4f : HwiP_tirtos.oem4f (.text:HwiP_disable)
                  000034b8    000000bc     sysbios.aem4f : BIOS.obj (.text:ti_sysbios_family_arm_m3_Hwi_excDebugMon__I)
                  00003574    00000004     drivers_MSP432P401R.aem4f : List.oem4f (.text:List_head)
                  00003578    000000bc     sysbios.aem4f : BIOS.obj (.text:ti_sysbios_family_arm_m3_Hwi_excHardFault__I)
                  00003634    00000004     drivers_MSP432P401R.aem4f : List.oem4f (.text:List_next)
                  00003638    000000bc     sysbios.aem4f : BIOS.obj (.text:ti_sysbios_knl_Task_Instance_finalize__E)
                  000036f4    00000004     drivers_MSP432P401R.aem4f : PowerMSP432.oem4f (.text:PowerMSP432_getNumPerfLevels)
                  000036f8    000000b4     sysbios.aem4f : BIOS.obj (.text:ti_sysbios_knl_Task_checkStacks__E)
                  000037ac    000000b0     drivers_MSP432P401R.aem4f : UARTMSP432.oem4f (.text:UARTMSP432_readPolling)
                  0000385c    000000b0     msp432p4xx_driverlib.lib : pcm.o (.text:__PCM_setCoreVoltageLevelAdvanced)
                  0000390c    00000004     uartecho_pem4f.oem4f (.text:ti_sysbios_BIOS_RtsGateProxy_enter__E)
                  00003910    000000a8     sysbios.aem4f : BIOS.obj (.text:ti_sysbios_family_arm_msp432_Timer_periodicStub__E)
                  000039b8    000000a4     drivers_MSP432P401R.aem4f : UARTMSP432.oem4f (.text:UARTMSP432_control)
                  00003a5c    000000a0     auto_init.aem4f : auto_init.oem4f (.text)
                  00003afc    000000a0     ti.targets.arm.rtsarm.aem4f : Text.oem4f (.text:xdc_runtime_Text_putMod__E)
                  00003b9c    0000009c     Crystalfontz128x128_ST7735.obj (.text:Crystalfontz128x128_RectFill)
                  00003c38    0000009c     line.obj (.text:Graphics_drawLineH)
                  00003cd4    0000009c     drivers_MSP432P401R.aem4f : UARTMSP432.oem4f (.text:readTaskBlocking)
                  00003d70    0000009c     rtsv7M4_T_le_v4SPD16_eabi.lib : memcpy_t2.obj (.text)
                  00003e0c    0000009a     ti.targets.arm.rtsarm.aem4f : Text.oem4f (.text:xdc_runtime_Text_putSite__E)
                  00003ea6    00000002     uartecho_pem4f.oem4f (.text:ti_uia_loggers_LoggerStopMode_setFilterLevel__E)
                  00003ea8    00000094     msp432p4xx_driverlib.lib : uart.o (.text:UART_initModule)
                  00003f3c    00000004     uartecho_pem4f.oem4f (.text:ti_sysbios_BIOS_RtsGateProxy_leave__E)
                  00003f40    00000094     sysbios.aem4f : BIOS.obj (.text:ti_sysbios_family_arm_m3_Hwi_Instance_init__E)
                  00003fd4    00000004     uartecho_pem4f.oem4f (.text:ti_sysbios_family_arm_m3_Hwi_destruct)
                  00003fd8    00000094     sysbios.aem4f : BIOS.obj (.text:ti_sysbios_family_arm_m3_Hwi_initNVIC__E)
                  0000406c    00000090     ti.uia.loggers.aem4f : LoggerStopMode.oem4f (.text:ti_uia_loggers_LoggerStopMode_initQueueDescriptor__E)
                  000040fc    0000008c     sysbios.aem4f : m3_TaskSupport_asm.obj (.text:ti_sysbios_family_arm_m3_TaskSupport_buildTaskStack)
                  00004188    0000008c                   : BIOS.obj (.text:ti_sysbios_knl_Task_postInit__I)
                  00004214    0000008a     drivers_MSP432P401R.aem4f : UARTMSP432.oem4f (.text:UARTMSP432_close)
                  0000429e    00000088     msp432p4xx_driverlib.lib : spi.o (.text:SPI_initMaster)
                  00004326    00000002     ti.uia.loggers.aem4f : LoggerStopMode.oem4f (.text:ti_uia_loggers_LoggerStopMode_setPriority__E)
                  00004328    00000084     drivers_MSP432P401R.aem4f : UARTMSP432.oem4f (.text:initHw)
                  000043ac    00000004     uartecho_pem4f.oem4f (.text:ti_sysbios_family_arm_m3_TaskSupport_Module__startupDone__S)
                  000043b0    00000084     sysbios.aem4f : BIOS.obj (.text:ti_sysbios_family_arm_m3_Hwi_postInit__I)
                  00004434    00000084     drivers_MSP432P401R.aem4f : UARTMSP432.oem4f (.text:writeData)
                  000044b8    00000082                               : UARTMSP432.oem4f (.text:readIsrTextCallback)
                  0000453a    00000006     msp432p4xx_driverlib.lib : uart.o (.text:UART_getInterruptStatus)
                  00004540    00000080     sysbios.aem4f : BIOS.obj (.text:ti_sysbios_utils_Load_updateLoads__E)
                  000045c0    0000007c     msp432p4xx_driverlib.lib : pcm.o (.text:PCM_gotoLPM3)
                  0000463c    00000004     uartecho_pem4f.oem4f (.text:ti_sysbios_heaps_HeapMem_Module_GateProxy_enter__E)
                  00004640    0000007c     sysbios.aem4f : BIOS.obj (.text:ti_sysbios_family_arm_m3_TimestampProvider_get64__E)
                  000046bc    00000004     uartecho_pem4f.oem4f (.text:ti_sysbios_heaps_HeapMem_Module_GateProxy_leave__E)
                  000046c0    0000007c     sysbios.aem4f : BIOS.obj (.text:ti_sysbios_heaps_HeapMem_free__E)
                  0000473c    0000007a     drivers_MSP432P401R.aem4f : UARTMSP432.oem4f (.text:UARTMSP432_write)
                  000047b6    0000007a                               : UARTMSP432.oem4f (.text:readTaskCallback)
                  00004830    0000007a     rtsv7M4_T_le_v4SPD16_eabi.lib : memset_t2.obj (.text)
                  000048aa    00000002     --HOLE-- [fill = 0]
                  000048ac    00000078     main.obj (.text:ADC14_IRQHandler)
                  00004924    00000074     drivers_MSP432P401R.aem4f : UARTMSP432.oem4f (.text:readIsrTextBlocking)
                  00004998    00000074     ti.uia.runtime.aem4f : QueueDescriptor.oem4f (.text:ti_uia_runtime_QueueDescriptor_addToList__E)
                  00004a0c    00000004     uartecho_pem4f.oem4f (.text:ti_sysbios_knl_Clock_TimerProxy_getMaxTicks__E)
                  00004a10    00000070     sysbios.aem4f : BIOS.obj (.text:ti_sysbios_knl_Semaphore_post__E)
                  00004a80    0000006d     ti.targets.arm.rtsarm.aem4f : System.oem4f (.text:xdc_runtime_System_formatNum__I)
                  00004aed    00000003     --HOLE-- [fill = 0]
                  00004af0    0000006c     sysbios.aem4f : BIOS.obj (.text:ti_sysbios_knl_Clock_workFunc__E)
                  00004b5c    00000004     uartecho_pem4f.oem4f (.text:ti_sysbios_knl_Clock_destruct)
                  00004b60    0000006c     sysbios.aem4f : BIOS.obj (.text:ti_sysbios_knl_Swi_restoreHwi__E)
                  00004bcc    00000004     uartecho_pem4f.oem4f (.text:ti_sysbios_knl_Queue_destruct)
                  00004bd0    0000006c     sysbios.aem4f : BIOS.obj (.text:ti_sysbios_knl_Task_exit__E)
                  00004c3c    0000006c     ti.targets.arm.rtsarm.aem4f : Error.oem4f (.text:xdc_runtime_Error_print__E)
                  00004ca8    0000006c                                 : Memory.oem4f (.text:xdc_runtime_Memory_alloc__E)
                  00004d14    0000006a     rtsv7M4_T_le_v4SPD16_eabi.lib : copy_decompress_rle.obj (.text)
                  00004d7e    00000002     --HOLE-- [fill = 0]
                  00004d80    00000068     main.obj (.text:init_lcd)
                  00004de8    00000068     rtsv7M4_T_le_v4SPD16_eabi.lib : trgmsg.obj (.text)
                  00004e50    00000068     main.obj (.text:show_adc14_info)
                  00004eb8    00000066     ti.uia.loggers.aem4f : LoggerStopMode.oem4f (.text:ti_uia_loggers_LoggerStopMode_flush__E)
                  00004f1e    00000066     ti.targets.arm.rtsarm.aem4f : Core-mem.oem4f (.text:xdc_runtime_Core_deleteObject__I)
                  00004f84    00000064     drivers_MSP432P401R.aem4f : UARTMSP432.oem4f (.text:UARTMSP432_writePolling)
                  00004fe8    00000064     main.obj (.text:main)
                  0000504c    00000004     uartecho_pem4f.oem4f (.text:ti_sysbios_knl_Semaphore_destruct)
                  00005050    00000064     sysbios.aem4f : BIOS.obj (.text:ti_sysbios_family_arm_m3_Hwi_dispatchC__I)
                  000050b4    00000004     ti.uia.loggers.aem4f : LoggerStopMode.oem4f (.text:ti_uia_loggers_LoggerStopMode_getContents__E)
                  000050b8    00000064     sysbios.aem4f : BIOS.obj (.text:ti_sysbios_utils_Load_idleFxn__E)
                  0000511c    00000062     tirtosport.aem4f : HwiP_tirtos.oem4f (.text:HwiP_create)
                  0000517e    00000060     Crystalfontz128x128_ST7735.obj (.text:Crystalfontz128x128_LineDrawH)
                  000051de    00000060     Crystalfontz128x128_ST7735.obj (.text:Crystalfontz128x128_LineDrawV)
                  0000523e    00000002     --HOLE-- [fill = 0]
                  00005240    00000060     sysbios.aem4f : BIOS.obj (.text:ti_sysbios_family_arm_m3_TimestampProvider_get32__E)
                  000052a0    00000060                   : BIOS.obj (.text:ti_sysbios_knl_Task_schedule__I)
                  00005300    0000005c     drivers_MSP432P401R.aem4f : GPIOMSP432.oem4f (.text:GPIO_init)
                  0000535c    00000004     uartecho_pem4f.oem4f (.text:ti_uia_loggers_LoggerStopMode_getFilterLevel__E)
                  00005360    0000005c     sysbios.aem4f : BIOS.obj (.text:ti_sysbios_knl_Swi_run__I)
                  000053bc    00000004     ti.uia.loggers.aem4f : LoggerStopMode.oem4f (.text:ti_uia_loggers_LoggerStopMode_getInstanceId__E)
                  000053c0    0000005c     sysbios.aem4f : BIOS.obj (.text:ti_sysbios_knl_Swi_schedule__I)
                  0000541c    00000004     ti.uia.loggers.aem4f : LoggerStopMode.oem4f (.text:ti_uia_loggers_LoggerStopMode_getMaxLength__E)
                  00005420    0000005c     sysbios.aem4f : BIOS.obj (.text:ti_sysbios_knl_Task_Module_startup__E)
                  0000547c    00000004     ti.uia.loggers.aem4f : LoggerStopMode.oem4f (.text:ti_uia_loggers_LoggerStopMode_getPriority__E)
                  00005480    0000005c     sysbios.aem4f : BIOS.obj (.text:ti_sysbios_knl_Task_startCore__E)
                  000054dc    0000005b     ti.targets.arm.rtsarm.aem4f : Text.oem4f (.text:xdc_runtime_Text_putLab__E)
                  00005537    00000001     --HOLE-- [fill = 0]
                  00005538    0000005a     tirtosport.aem4f : ClockP_tirtos.oem4f (.text:ClockP_create)
                  00005592    00000058                      : SemaphoreP_tirtos.oem4f (.text:SemaphoreP_create)
                  000055ea    00000002     --HOLE-- [fill = 0]
                  000055ec    00000058     boot.aem4f : boot.oem4f (.text)
                  00005644    00000058     uartecho_pem4f.oem4f (.text:ti_sysbios_family_arm_m3_Hwi_construct)
                  0000569c    00000058     sysbios.aem4f : m3_Hwi_asm_switch.obj (.text:ti_sysbios_family_arm_m3_Hwi_initStacks__E)
                  000056f4    00000054     Crystalfontz128x128_ST7735.obj (.text:Crystalfontz128x128_SetOrientation)
                  00005748    00000054     drivers_MSP432P401R.aem4f : GPIOMSP432.oem4f (.text:GPIO_hwiIntFxn)
                  0000579c    00000054                               : GPIOMSP432.oem4f (.text:GPIO_setCallback)
                  000057f0    00000054     sysbios.aem4f : BIOS.obj (.text:ti_sysbios_family_arm_m3_Timer_start__E)
                  00005844    00000004     ti.uia.loggers.aem4f : LoggerStopMode.oem4f (.text:ti_uia_loggers_LoggerStopMode_getTransferType__E)
                  00005848    00000054     sysbios.aem4f : BIOS.obj (.text:ti_sysbios_family_arm_msp432_Timer_initDevice__I)
                  0000589c    00000004     ti.targets.arm.rtsarm.aem4f : Error.oem4f (.text:xdc_runtime_Error_getSite__E)
                  000058a0    00000054     sysbios.aem4f : BIOS.obj (.text:ti_sysbios_family_arm_msp432_init_Boot_configureClocksHigh)
                  000058f4    00000054     uartecho_pem4f.oem4f (.text:ti_sysbios_knl_Task_construct)
                  00005948    00000054     ti.targets.arm.rtsarm.aem4f : Assert.oem4f (.text:xdc_runtime_Assert_raise__I)
                  0000599c    00000052     drivers_MSP432P401R.aem4f : UARTMSP432.oem4f (.text:UARTMSP432_writeCancel)
                  000059ee    00000002     --HOLE-- [fill = 0]
                  000059f0    00000050     msp432p4xx_driverlib.lib : pcm.o (.text:PCM_shutdownDevice)
                  00005a40    00000050     power_tirtos_MSP432P401R.aem4f : PowerMSP432_tirtos.oem4f (.text:PowerMSP432_sleepPolicy)
                  00005a90    00000050     sysbios.aem4f : BIOS.obj (.text:ti_sysbios_family_arm_m3_Hwi_Module_startup__E)
                  00005ae0    00000050     ti.targets.arm.rtsarm.aem4f : Startup.oem4f (.text:xdc_runtime_Startup_exec__E)
                  00005b30    00000050                                 : Text.oem4f (.text:xdc_runtime_Text_visitRope2__I)
                  00005b80    0000004c     msp432p4xx_driverlib.lib : gpio.o (.text:GPIO_setAsPeripheralModuleFunctionOutputPin)
                  00005bcc    0000004c     rtsv7M4_T_le_v4SPD16_eabi.lib : cpy_tbl.obj (.text)
                  00005c18    0000004c     sysbios.aem4f : BIOS.obj (.text:ti_sysbios_family_arm_msp432_Timer_start__E)
                  00005c64    00000004     uartecho_pem4f.oem4f (.text:xdc_runtime_System_Module_GateProxy_enter__E)
                  00005c68    0000004c     sysbios.aem4f : BIOS.obj (.text:ti_sysbios_heaps_HeapMem_getStats__E)
                  00005cb4    00000004     uartecho_pem4f.oem4f (.text:xdc_runtime_System_Module_GateProxy_leave__E)
                  00005cb8    0000004c     sysbios.aem4f : BIOS.obj (.text:ti_sysbios_knl_Swi_runLoop__I)
                  00005d04    00000004     ti.targets.arm.rtsarm.aem4f : System.oem4f (.text:xdc_runtime_System_aprintf_va__F)
                  00005d08    0000004c     sysbios.aem4f : BIOS.obj (.text:ti_sysbios_knl_Task_allBlockedFunction__I)
                  00005d54    0000004c     ti.uia.loggers.aem4f : LoggerStopMode.oem4f (.text:ti_uia_loggers_LoggerStopMode_Module_startup__E)
                  00005da0    0000004a     context.obj (.text:Graphics_initContext)
                  00005dea    00000002     --HOLE-- [fill = 0]
                  00005dec    00000048     msp432p4xx_driverlib.lib : gpio.o (.text:GPIO_setAsPeripheralModuleFunctionInputPin)
                  00005e34    00000048     string.obj (.text:Graphics_drawStringCentered)
                  00005e7c    00000004     ti.targets.arm.rtsarm.aem4f : System.oem4f (.text:xdc_runtime_System_printf_va__F)
                  00005e80    00000048     sysbios.aem4f : BIOS.obj (.text:ti_sysbios_family_arm_m3_Hwi_disableInterrupt__E)
                  00005ec8    00000048                   : BIOS.obj (.text:ti_sysbios_family_arm_m3_Hwi_enableInterrupt__E)
                  00005f10    00000048                   : BIOS.obj (.text:ti_sysbios_family_arm_m3_Hwi_excReserved__I)
                  00005f58    00000048                   : BIOS.obj (.text:ti_sysbios_family_arm_m3_Timer_initDevice__I)
                  00005fa0    00000048                   : BIOS.obj (.text:ti_sysbios_family_arm_m3_Timer_setPeriod__E)
                  00005fe8    00000046     drivers_MSP432P401R.aem4f : RingBuf.oem4f (.text:RingBuf_put)
                  0000602e    00000046                               : UARTMSP432.oem4f (.text:readIsrBinaryBlocking)
                  00006074    00000046     ti.targets.arm.rtsarm.aem4f : Core-params.oem4f (.text:xdc_runtime_Core_assignParams__I)
                  000060ba    00000002     --HOLE-- [fill = 0]
                  000060bc    00000044     rtsv7M4_T_le_v4SPD16_eabi.lib : exit.obj (.text)
                  00006100    00000044     sysbios.aem4f : BIOS.obj (.text:ti_sysbios_family_arm_m3_Hwi_getStackInfo__E)
                  00006144    00000004     --HOLE-- [fill = 0]
                  00006148    00000044                   : BIOS.obj (.text:ti_sysbios_knl_Swi_post__E)
                  0000618c    00000044     ti.uia.loggers.aem4f : LoggerStopMode.oem4f (.text:ti_uia_loggers_LoggerStopMode_initBuffer__I)
                  000061d0    00000044     ti.targets.arm.rtsarm.aem4f : Error.oem4f (.text:xdc_runtime_Error_setX__E)
                  00006214    00000044                                 : SysMin.oem4f (.text:xdc_runtime_SysMin_flush__E)
                  00006258    00000044                                 : Text.oem4f (.text:xdc_runtime_Text_xprintf__I)
                  0000629c    00000042     drivers_MSP432P401R.aem4f : UARTMSP432.oem4f (.text:UARTMSP432_hwiIntFxn)
                  000062de    00000040     Crystalfontz128x128_ST7735.obj (.text:Crystalfontz128x128_PixelDraw)
                  0000631e    00000002     --HOLE-- [fill = 0]
                  00006320    00000040     msp432p4xx_driverlib.lib : flash.o (.text:FlashCtl_disableReadBuffering)
                  00006360    00000040     string.obj (.text:Graphics_getNumberOfLeadingZeros)
                  000063a0    00000040     HAL_MSP_EXP432P401R_Crystalfontz128x128_ST7735.obj (.text:HAL_LCD_SpiInit)
                  000063e0    00000040     drivers_MSP432P401R.aem4f : RingBuf.oem4f (.text:RingBuf_get)
                  00006420    00000040                               : UARTMSP432.oem4f (.text:UARTMSP432_read)
                  00006460    00000040                               : PowerMSP432.oem4f (.text:notify)
                  000064a0    00000040     rtsv7M4_T_le_v4SPD16_eabi.lib : u_divt2.obj (.text)
                  000064e0    00000040     sysbios.aem4f : BIOS.obj (.text:ti_sysbios_family_arm_msp432_Timer_Module_startup__E)
                  00006520    00000040                   : BIOS.obj (.text:ti_sysbios_family_arm_msp432_Timer_startup__E)
                  00006560    00000040                   : BIOS.obj (.text:ti_sysbios_heaps_HeapMem_Instance_init__E)
                  000065a0    0000003c     drivers_MSP432P401R.aem4f : PowerMSP432.oem4f (.text:Power_init)
                  000065dc    00000004     --HOLE-- [fill = 0]
                  000065e0    0000003c     sysbios.aem4f : BIOS.obj (.text:ti_sysbios_family_arm_m3_Hwi_excSvCall__I)
                  0000661c    00000004     --HOLE-- [fill = 0]
                  00006620    0000003c                   : BIOS.obj (.text:ti_sysbios_heaps_HeapMem_init__I)
                  0000665c    00000004     --HOLE-- [fill = 0]
                  00006660    0000003c                   : BIOS.obj (.text:ti_sysbios_knl_Clock_Instance_init__E)
                  0000669c    00000004     --HOLE-- [fill = 0]
                  000066a0    0000003c                   : BIOS.obj (.text:ti_sysbios_knl_Swi_restore__E)
                  000066dc    0000003a     drivers_MSP432P401R.aem4f : UARTMSP432.oem4f (.text:readIsrBinaryCallback)
                  00006716    00000002     --HOLE-- [fill = 0]
                  00006718    00000038                               : UART.oem4f (.text:UART_init)
                  00006750    00000038     sysbios.aem4f : BIOS.obj (.text:ti_sysbios_family_arm_m3_Hwi_excNoIsr__I)
                  00006788    00000038     ti.targets.arm.rtsarm.aem4f : SysMin.oem4f (.text:xdc_runtime_SysMin_putch__E)
                  000067c0    00000038                                 : System.oem4f (.text:xdc_runtime_System_atexit__E)
                  000067f8    00000036     drivers_MSP432P401R.aem4f : UARTMSP432.oem4f (.text:UARTMSP432_readCancel)
                  0000682e    00000036                               : UARTMSP432.oem4f (.text:perfChangeNotifyFxn)
                  00006864    00000034     msp432p4xx_driverlib.lib : flash.o (.text:FlashCtl_enableReadBuffering)
                  00006898    00000034     display.obj (.text:Graphics_drawHorizontalLineOnDisplay)
                  000068cc    00000034     HAL_MSP_EXP432P401R_Crystalfontz128x128_ST7735.obj (.text:HAL_LCD_writeCommand)
                  00006900    00000034     sysbios.aem4f : BIOS.obj (.text:ti_sysbios_family_arm_m3_Hwi_Instance_finalize__E)
                  00006934    00000004     --HOLE-- [fill = 0]
                  00006938    00000034                   : BIOS.obj (.text:ti_sysbios_family_arm_m3_Hwi_excNmi__I)
                  0000696c    00000004     --HOLE-- [fill = 0]
                  00006970    00000034                   : BIOS.obj (.text:ti_sysbios_family_arm_m3_Timer_periodicStub__I)
                  000069a4    00000004     --HOLE-- [fill = 0]
                  000069a8    00000034                   : BIOS.obj (.text:ti_sysbios_hal_Hwi_checkStack)
                  000069dc    00000034     uartecho_pem4f.oem4f (.text:ti_sysbios_knl_Clock_construct)
                  00006a10    00000034     ti.uia.loggers.aem4f : LoggerStopMode.oem4f (.text:ti_uia_loggers_LoggerStopMode_reset__E)
                  00006a44    00000034     ti.targets.arm.rtsarm.aem4f : Core-label.oem4f (.text:xdc_runtime_Core_assignLabel__I)
                  00006a78    00000033                                 : Text.oem4f (.text:xdc_runtime_Text_printVisFxn__I)
                  00006aab    00000005     --HOLE-- [fill = 0]
                  00006ab0    00000032     sysbios.aem4f : BIOS.obj (.text:ti_sysbios_hal_Hwi_initStack)
                  00006ae2    00000002     --HOLE-- [fill = 0]
                  00006ae4    00000030     drivers_MSP432P401R.aem4f : GPIOMSP432.oem4f (.text:GPIO_getEnabledInterruptStatus_WA)
                  00006b14    00000030     msp432p4xx_driverlib.lib : gpio.o (.text:GPIO_setAsInputPinWithPullDownResistor)
                  00006b44    00000030                              : gpio.o (.text:GPIO_setAsInputPinWithPullUpResistor)
                  00006b74    00000030     HAL_MSP_EXP432P401R_Crystalfontz128x128_ST7735.obj (.text:HAL_LCD_PortInit)
                  00006ba4    00000030     drivers_MSP432P401R.aem4f : UART.oem4f (.text:UART_open)
                  00006bd4    00000030     msp432p4xx_driverlib.lib : spi.o (.text:is_A_Module)
                  00006c04    00000030     uartecho_pem4f.oem4f (.text:ti_sysbios_BIOS_atExitFunc__I)
                  00006c34    00000004     --HOLE-- [fill = 0]
                  00006c38    00000030     sysbios.aem4f : BIOS.obj (.text:ti_sysbios_family_arm_m3_TaskSupport_start__E)
                  00006c68    00000030                   : BIOS.obj (.text:ti_sysbios_family_arm_msp432_Timer_setPeriod__E)
                  00006c98    00000030     uartecho_pem4f.oem4f (.text:ti_sysbios_gates_GateHwi_Object__create__S)
                  00006cc8    00000030     uartecho_pem4f.oem4f (.text:ti_sysbios_gates_GateMutex_Object__create__S)
                  00006cf8    00000030     sysbios.aem4f : BIOS.obj (.text:ti_sysbios_gates_GateMutex_enter__E)
                  00006d28    00000030     uartecho_pem4f.oem4f (.text:ti_sysbios_heaps_HeapMem_Object__create__S)
                  00006d58    00000030     uartecho_pem4f.oem4f (.text:ti_sysbios_knl_Semaphore_construct)
                  00006d88    00000030     sysbios.aem4f : BIOS.obj (.text:ti_sysbios_knl_Semaphore_pendTimeout__I)
                  00006db8    00000030                   : BIOS.obj (.text:ti_sysbios_knl_Task_processVitalTaskFlag__I)
                  00006de8    00000030                   : BIOS.obj (.text:ti_sysbios_knl_Task_unblockI__E)
                  00006e18    00000030                   : BIOS.obj (.text:ti_sysbios_utils_Load_updateCurrentThreadTime__E)
                  00006e48    00000030     uartecho_pem4f.oem4f (.text:ti_uia_loggers_LoggerStopMode_Object__create__S)
                  00006e78    00000030     ti.targets.arm.rtsarm.aem4f : SysMin.oem4f (.text:xdc_runtime_SysMin_abort__E)
                  00006ea8    00000030                                 : System.oem4f (.text:xdc_runtime_System_processAtExit__E)
                  00006ed8    0000002c     Crystalfontz128x128_ST7735.obj (.text:Crystalfontz128x128_ClearScreen)
                  00006f04    0000002c     msp432p4xx_driverlib.lib : gpio.o (.text:GPIO_setAsInputPin)
                  00006f30    0000002c                              : pcm.o (.text:PCM_getCoreVoltageLevel)
                  00006f5c    0000002c     power_tirtos_MSP432P401R.aem4f : PowerMSP432_tirtos.oem4f (.text:PowerMSP432_updateFreqs)
                  00006f88    0000002c     drivers_MSP432P401R.aem4f : PowerMSP432.oem4f (.text:Power_releaseConstraint)
                  00006fb4    0000002c                               : PowerMSP432.oem4f (.text:Power_setConstraint)
                  00006fe0    0000002c     uartecho_pem4f.oem4f (.text:ti_sysbios_knl_Clock_doTick__I)
                  0000700c    0000002c     uartecho_pem4f.oem4f (.text:ti_sysbios_knl_Queue_construct)
                  00007038    0000002c     sysbios.aem4f : BIOS.obj (.text:ti_sysbios_knl_Task_restore__E)
                  00007064    0000002c     ti.targets.arm.rtsarm.aem4f : Text.oem4f (.text:xdc_runtime_Text_cordText__E)
                  00007090    0000002a     display.obj (.text:Graphics_drawPixelOnDisplay)
                  000070ba    0000002a     msp432p4xx_driverlib.lib : pcm.o (.text:PCM_getPowerMode)
                  000070e4    0000002a     drivers_MSP432P401R.aem4f : UARTMSP432.oem4f (.text:findBaudDividerIndex)
                  0000710e    0000002a     main.obj (.text:init_clocks)
                  00007138    0000002a     ti.targets.arm.rtsarm.aem4f : System.oem4f (.text:xdc_runtime_System_putchar__I)
                  00007162    00000028     Crystalfontz128x128_ST7735.obj (.text:Crystalfontz128x128_ColorTranslate)
                  0000718a    00000002     --HOLE-- [fill = 0]
                  0000718c    00000028     msp432p4xx_driverlib.lib : flash.o (.text:FlashCtl_setWaitState)
                  000071b4    00000028                              : pcm.o (.text:PCM_gotoLPM0)
                  000071dc    00000028     uartecho_pem4f.oem4f (.text:ti_sysbios_BIOS_startFunc__I)
                  00007204    00000004     --HOLE-- [fill = 0]
                  00007208    00000028     sysbios.aem4f : BIOS.obj (.text:ti_sysbios_knl_Clock_addI__E)
                  00007230    00000028                   : BIOS.obj (.text:ti_sysbios_knl_Swi_Module_startup__E)
                  00007258    00000026     drivers_MSP432P401R.aem4f : List.oem4f (.text:List_put)
                  0000727e    00000026     sysbios.aem4f : m3_Hwi_asm.obj (.text:ti_sysbios_family_arm_m3_Hwi_pendSV__I)
                  000072a4    00000026     ti.targets.arm.rtsarm.aem4f : System.oem4f (.text:xdc_runtime_System_avprintf__E)
                  000072ca    00000002     --HOLE-- [fill = 0]
                  000072cc    00000024     msp432p4xx_driverlib.lib : cs.o (.text:CS_setDCOCenteredFrequency)
                  000072f0    00000024                              : gpio.o (.text:GPIO_setAsOutputPin)
                  00007314    00000024     HAL_MSP_EXP432P401R_Crystalfontz128x128_ST7735.obj (.text:HAL_LCD_writeData)
                  00007338    00000024     msp432p4xx_driverlib.lib : rtc_c.o (.text:RTC_C_holdClock)
                  0000735c    00000024                              : rtc_c.o (.text:RTC_C_startClock)
                  00007380    00000024                              : uart.o (.text:UART_disableInterrupt)
                  000073a4    00000024                              : uart.o (.text:UART_receiveData)
                  000073c8    00000024                              : uart.o (.text:UART_transmitData)
                  000073ec    00000024     uartecho_pem4f.oem4f (.text:ti_sysbios_BIOS_errorRaiseHook__I)
                  00007410    00000024     uartecho_pem4f.oem4f (.text:ti_sysbios_BIOS_registerRTSLock__I)
                  00007434    00000024     uartecho_pem4f.oem4f (.text:ti_sysbios_BIOS_removeRTSLock__I)
                  00007458    00000024     sysbios.aem4f : BIOS.obj (.text:ti_sysbios_family_arm_m3_Timer_Module_startup__E)
                  0000747c    00000004     --HOLE-- [fill = 0]
                  00007480    00000024                   : BIOS.obj (.text:ti_sysbios_family_arm_m3_Timer_postInit__I)
                  000074a4    00000004     --HOLE-- [fill = 0]
                  000074a8    00000024                   : BIOS.obj (.text:ti_sysbios_family_arm_m3_Timer_startup__E)
                  000074cc    00000004     --HOLE-- [fill = 0]
                  000074d0    00000024                   : BIOS.obj (.text:ti_sysbios_family_arm_msp432_ClockFreqs_setFrequency__E)
                  000074f4    00000004     --HOLE-- [fill = 0]
                  000074f8    00000024                   : BIOS.obj (.text:ti_sysbios_family_arm_msp432_Timer_postInit__I)
                  0000751c    00000024     uartecho_pem4f.oem4f (.text:ti_sysbios_gates_GateMutex_Object__delete__S)
                  00007540    00000024     sysbios.aem4f : BIOS.obj (.text:ti_sysbios_knl_Clock_Module_startup__E)
                  00007564    00000004     --HOLE-- [fill = 0]
                  00007568    00000024                   : BIOS.obj (.text:ti_sysbios_knl_Clock_start__E)
                  0000758c    00000004     --HOLE-- [fill = 0]
                  00007590    00000024                   : BIOS.obj (.text:ti_sysbios_knl_Semaphore_Instance_init__E)
                  000075b4    00000004     --HOLE-- [fill = 0]
                  000075b8    00000024                   : BIOS.obj (.text:ti_sysbios_knl_Task_restoreHwi__E)
                  000075dc    00000004     --HOLE-- [fill = 0]
                  000075e0    00000024                   : BIOS.obj (.text:ti_sysbios_utils_Load_updateThreadContexts__E)
                  00007604    00000024     ti.targets.arm.rtsarm.aem4f : System.oem4f (.text:xdc_runtime_System_vprintf__E)
                  00007628    00000022     uartecho_pem4f.oem4f (.text:xdc_runtime_SysMin_output__I)
                  0000764a    00000002     --HOLE-- [fill = 0]
                  0000764c    00000020     msp432p4xx_driverlib.lib : gpio.o (.text:GPIO_interruptEdgeSelect)
                  0000766c    00000020     drivers_MSP432P401R.aem4f : PowerMSP432.oem4f (.text:PowerMSP432_getFreqs)
                  0000768c    00000020                               : PowerMSP432.oem4f (.text:Power_idleFunc)
                  000076ac    00000020                               : PowerMSP432.oem4f (.text:Power_unregisterNotify)
                  000076cc    00000020     msp432p4xx_driverlib.lib : spi.o (.text:SPI_transmitData)
                  000076ec    00000020     uartecho_pem4f.oem4f (.text:ti_sysbios_BIOS_rtsLock__I)
                  0000770c    00000020     sysbios.aem4f : m3_Hwi_asm.obj (.text:ti_sysbios_family_arm_m3_Hwi_excHandlerAsm__I)
                  0000772c    00000004     --HOLE-- [fill = 0]
                  00007730    00000020                   : BIOS.obj (.text:ti_sysbios_family_arm_m3_Hwi_excHandler__I)
                  00007750    00000020                   : BIOS.obj (.text:ti_sysbios_family_arm_m3_TimestampProvider_Module_startup__E)
                  00007770    00000020     uartecho_pem4f.oem4f (.text:ti_sysbios_gates_GateHwi_Object__delete__S)
                  00007790    00000020     uartecho_pem4f.oem4f (.text:ti_sysbios_heaps_HeapMem_Object__delete__S)
                  000077b0    00000020     uartecho_pem4f.oem4f (.text:ti_sysbios_knl_Clock_Object__destruct__S)
                  000077d0    00000020     sysbios.aem4f : BIOS.obj (.text:ti_sysbios_knl_Idle_run__E)
                  000077f0    00000020     uartecho_pem4f.oem4f (.text:ti_sysbios_knl_Semaphore_Object__destruct__S)
                  00007810    00000020     uartecho_pem4f.oem4f (.text:ti_uia_loggers_LoggerStopMode_Object__delete__S)
                  00007830    00000020     ti.targets.arm.rtsarm.aem4f : Registry.oem4f (.text:xdc_runtime_Registry_findById__E)
                  00007850    00000020                                 : SysMin.oem4f (.text:xdc_runtime_SysMin_Module_startup__E)
                  00007870    0000001e     sysbios.aem4f : m3_Hwi_asm_switch.obj (.text:ti_sysbios_family_xxx_Hwi_switchAndRunFunc)
                  0000788e    0000001c     MSP_EXP432P401R.obj (.text:MSP_EXP432P401R_initUART)
                  000078aa    00000002     --HOLE-- [fill = 0]
                  000078ac    0000001c     drivers_MSP432P401R.aem4f : PowerMSP432.oem4f (.text:Power_registerNotify)
                  000078c8    0000001c     uartecho_pem4f.oem4f (.text:ti_sysbios_family_arm_m3_Hwi_Object__destruct__S)
                  000078e4    00000004     --HOLE-- [fill = 0]
                  000078e8    0000001c     sysbios.aem4f : BIOS.obj (.text:ti_sysbios_family_arm_m3_Timer_stop__E)
                  00007904    00000004     --HOLE-- [fill = 0]
                  00007908    0000001c                   : BIOS.obj (.text:ti_sysbios_gates_GateMutex_Instance_init__E)
                  00007924    00000004     --HOLE-- [fill = 0]
                  00007928    0000001c                   : BIOS.obj (.text:ti_sysbios_knl_Clock_Instance_finalize__E)
                  00007944    0000001c     uartecho_pem4f.oem4f (.text:ti_sysbios_knl_Queue_Object__destruct__S)
                  00007960    0000001c     sysbios.aem4f : BIOS.obj (.text:ti_sysbios_knl_Queue_put__E)
                  0000797c    00000004     --HOLE-- [fill = 0]
                  00007980    0000001c                   : BIOS.obj (.text:ti_sysbios_knl_Task_enter__I)
                  0000799c    0000001c     ti.uia.loggers.aem4f : LoggerStopMode.oem4f (.text:ti_uia_loggers_LoggerStopMode_Instance_init__E)
                  000079b8    0000001c     ti.targets.arm.rtsarm.aem4f : Error.oem4f (.text:xdc_runtime_Error_raiseX__E)
                  000079d4    0000001c                                 : Memory.oem4f (.text:xdc_runtime_Memory_valloc__E)
                  000079f0    0000001c                                 : SysMin.oem4f (.text:xdc_runtime_SysMin_exit__E)
                  00007a0c    0000001c                                 : System.oem4f (.text:xdc_runtime_System_abort__E)
                  00007a28    0000001a     context.obj (.text:Graphics_setBackgroundColor)
                  00007a42    0000001a     context.obj (.text:Graphics_setFont)
                  00007a5c    0000001a     drivers_MSP432P401R.aem4f : List.oem4f (.text:List_remove)
                  00007a76    0000001a     msp432p4xx_driverlib.lib : spi.o (.text:SPI_enableModule)
                  00007a90    0000001a     uartecho_pem4f.oem4f (.text:ti_sysbios_family_arm_m3_Hwi_Handle__label__S)
                  00007aaa    0000001a     uartecho_pem4f.oem4f (.text:ti_sysbios_gates_GateHwi_Handle__label__S)
                  00007ac4    0000001a     uartecho_pem4f.oem4f (.text:ti_sysbios_gates_GateMutex_Handle__label__S)
                  00007ade    0000001a     uartecho_pem4f.oem4f (.text:ti_sysbios_heaps_HeapMem_Handle__label__S)
                  00007af8    0000001a     uartecho_pem4f.oem4f (.text:ti_sysbios_knl_Swi_Handle__label__S)
                  00007b12    0000001a     uartecho_pem4f.oem4f (.text:ti_sysbios_knl_Task_Handle__label__S)
                  00007b2c    0000001a     uartecho_pem4f.oem4f (.text:ti_uia_loggers_LoggerStopMode_Handle__label__S)
                  00007b46    0000001a     uartecho_pem4f.oem4f (.text:xdc_runtime_System_aprintf__E)
                  00007b60    0000001a     uartecho_pem4f.oem4f (.text:xdc_runtime_System_printf__E)
                  00007b7a    00000002     --HOLE-- [fill = 0]
                  00007b7c    00000018     msp432p4xx_driverlib.lib : adc14.o (.text:ADC14_getResult)
                  00007b94    00000018                              : gpio.o (.text:GPIO_clearInterruptFlag)
                  00007bac    00000018                              : gpio.o (.text:GPIO_setDriveStrengthLow)
                  00007bc4    00000018                              : gpio.o (.text:GPIO_setOutputLowOnPin)
                  00007bdc    00000018     display.obj (.text:Graphics_clearDisplayOnDisplay)
                  00007bf4    00000018     drivers_MSP432P401R.aem4f : UART.oem4f (.text:UART_Params_init)
                  00007c0c    00000018     msp432p4xx_driverlib.lib : wdt_a.o (.text:WDT_A_holdTimer)
                  00007c24    00000018     rtsv7M4_T_le_v4SPD16_eabi.lib : args_main.obj (.text)
                  00007c3c    00000018     uartecho_pem4f.oem4f (.text:ti_sysbios_BIOS_rtsUnlock__I)
                  00007c54    00000018     uartecho_pem4f.oem4f (.text:ti_sysbios_family_arm_m3_Hwi_Module__startupDone__F)
                  00007c6c    00000018     sysbios.aem4f : m3_TaskSupport_asm.obj (.text:ti_sysbios_family_arm_m3_TaskSupport_swap__E)
                  00007c84    00000018     uartecho_pem4f.oem4f (.text:ti_sysbios_family_arm_msp432_Timer_Module__startupDone__F)
                  00007c9c    00000004     --HOLE-- [fill = 0]
                  00007ca0    00000018     sysbios.aem4f : BIOS.obj (.text:ti_sysbios_gates_GateMutex_leave__E)
                  00007cb8    00000018     ti.targets.arm.rtsarm.aem4f : Error.oem4f (.text:xdc_runtime_Error_check__E)
                  00007cd0    00000018                                 : System.oem4f (.text:xdc_runtime_System_exit__E)
                  00007ce8    00000018                                 : Text.oem4f (.text:xdc_runtime_Text_ropeText__E)
                  00007d00    00000016     tirtosport.aem4f : ClockP_tirtos.oem4f (.text:ClockP_delete)
                  00007d16    00000016     context.obj (.text:Graphics_setForegroundColor)
                  00007d2c    00000016     display.obj (.text:Graphics_translateColorOnDisplay)
                  00007d42    00000016     tirtosport.aem4f : HwiP_tirtos.oem4f (.text:HwiP_delete)
                  00007d58    00000016                      : SemaphoreP_tirtos.oem4f (.text:SemaphoreP_delete)
                  00007d6e    00000016     msp432p4xx_driverlib.lib : uart.o (.text:UART_enableInterrupt)
                  00007d84    00000016     uartecho_pem4f.oem4f (.text:ti_sysbios_BIOS_exitFunc__I)
                  00007d9a    00000016     main.obj (.text:ti_sysbios_knl_Task_Params_init)
                  00007db0    00000016     sysbios.aem4f : BIOS.obj (.text:ti_sysbios_knl_Task_unblock__E)
                  00007dc6    00000016     ti.uia.loggers.aem4f : LoggerStopMode.oem4f (.text:ti_uia_loggers_LoggerStopMode_disable__E)
                  00007ddc    00000016                          : LoggerStopMode.oem4f (.text:ti_uia_loggers_LoggerStopMode_enable__E)
                  00007df2    00000002     --HOLE-- [fill = 0]
                  00007df4    00000014     msp432p4xx_driverlib.lib : gpio.o (.text:GPIO_setDriveStrengthHigh)
                  00007e08    00000014                              : gpio.o (.text:GPIO_setOutputHighOnPin)
                  00007e1c    00000014                              : wdt_a.o (.text:WDT_A_startTimer)
                  00007e30    00000014     rtsv7M4_T_le_v4SPD16_eabi.lib : _lock.obj (.text)
                  00007e44    00000014                                   : strcpy.obj (.text)
                  00007e58    00000014                                   : strlen.obj (.text)
                  00007e6c    00000014     uartecho_pem4f.oem4f (.text:ti_sysbios_family_arm_m3_Hwi_Object__get__S)
                  00007e80    00000014     sysbios.aem4f : BIOS.obj (.text:ti_sysbios_family_arm_m3_Hwi_switchFromBootStack__E)
                  00007e94    00000014     uartecho_pem4f.oem4f (.text:ti_sysbios_heaps_HeapMem_Object__get__S)
                  00007ea8    00000014     uartecho_pem4f.oem4f (.text:ti_sysbios_knl_Swi_Object__get__S)
                  00007ebc    00000012     tirtosport.aem4f : ClockP_tirtos.oem4f (.text:ClockP_start)
                  00007ece    00000012     context.obj (.text:Graphics_clearDisplay)
                  00007ee0    00000012     drivers_MSP432P401R.aem4f : RingBuf.oem4f (.text:RingBuf_construct)
                  00007ef2    00000012     tirtosport.aem4f : SemaphoreP_tirtos.oem4f (.text:SemaphoreP_pend)
                  00007f04    00000004     --HOLE-- [fill = 0]
                  00007f08    00000012     sysbios.aem4f : BIOS.obj (.text:ti_sysbios_hal_Hwi_Module_startup__E)
                  00007f1a    00000012     uartecho_pem4f.oem4f (.text:xdc_runtime_Startup_exec__I)
                  00007f2c    00000010     msp432p4xx_driverlib.lib : gpio.o (.text:GPIO_getInterruptStatus)
                  00007f3c    00000010                              : pcm.o (.text:PCM_gotoLPM4)
                  00007f4c    00000010     drivers_MSP432P401R.aem4f : UARTMSP432.oem4f (.text:readBlockingTimeout)
                  00007f5c    00000004     --HOLE-- [fill = 0]
                  00007f60    00000010     sysbios.aem4f : BIOS.obj (.text:ti_sysbios_BIOS_exit__E)
                  00007f70    00000010                   : BIOS.obj (.text:ti_sysbios_BIOS_getCpuFreq__E)
                  00007f80    00000010                   : BIOS.obj (.text:ti_sysbios_BIOS_setCpuFreq__E)
                  00007f90    00000010                   : BIOS.obj (.text:ti_sysbios_BIOS_setThreadType__E)
                  00007fa0    00000010                   : BIOS.obj (.text:ti_sysbios_BIOS_start__E)
                  00007fb0    00000010                   : m3_TaskSupport_asm.obj (.text:ti_sysbios_family_arm_m3_TaskSupport_glue)
                  00007fc0    00000010                   : BIOS.obj (.text:ti_sysbios_family_arm_msp432_init_Boot_disableWatchdog)
                  00007fd0    00000010                   : BIOS.obj (.text:ti_sysbios_gates_GateMutex_Instance_finalize__E)
                  00007fe0    00000010                   : BIOS.obj (.text:ti_sysbios_knl_Semaphore_Instance_finalize__E)
                  00007ff0    00000010                   : BIOS.obj (.text:ti_sysbios_knl_Swi_disable__E)
                  00008000    00000010     uartecho_pem4f.oem4f (.text:ti_sysbios_knl_Task_Object__get__S)
                  00008010    00000010     sysbios.aem4f : BIOS.obj (.text:ti_sysbios_knl_Task_disable__E)
                  00008020    00000010     uartecho_pem4f.oem4f (.text:ti_uia_loggers_LoggerStopMode_Object__get__S)
                  00008030    00000010     ti.uia.loggers.aem4f : LoggerStopMode.oem4f (.text:ti_uia_loggers_LoggerStopMode_isEmpty__E)
                  00008040    00000010     ti.targets.arm.rtsarm.aem4f : Gate.oem4f (.text:xdc_runtime_Gate_leaveSystem__E)
                  00008050    00000010                                 : Memory.oem4f (.text:xdc_runtime_Memory_free__E)
                  00008060    00000010                                 : SysMin.oem4f (.text:xdc_runtime_SysMin_ready__E)
                  00008070    00000010                                 : System.oem4f (.text:xdc_runtime_System_vsnprintf__E)
                  00008080    00000010     uartecho_pem4f.oem4f (.text:xdc_runtime_Text_visitRope__I)
                  00008090    0000000e     tirtosport.aem4f : HwiP_tirtos.oem4f (.text:HwiP_Params_init)
                  0000809e    0000000e     msp432p4xx_driverlib.lib : uart.o (.text:UART_clearInterruptFlag)
                  000080ac    0000000e     rtsv7M4_T_le_v4SPD16_eabi.lib : copy_decompress_none.obj (.text:decompress:none)
                  000080ba    00000006     msp432p4xx_driverlib.lib : uart.o (.text:UART_queryStatusFlags)
                  000080c0    0000000e     sysbios.aem4f : BIOS.obj (.text:ti_sysbios_knl_Idle_loop__E)
                  000080ce    00000002     --HOLE-- [fill = 0]
                  000080d0    0000000e                   : BIOS.obj (.text:ti_sysbios_knl_Queue_empty__E)
                  000080de    0000000c     uartecho_pem4f.oem4f (.text:.bootCodeSection:ti_sysbios_family_arm_msp432_init_Boot_init__I)
                  000080ea    0000000c     msp432p4xx_driverlib.lib : cpu.o (.text:CPU_cpsid)
                  000080f6    0000000c                              : cpu.o (.text:CPU_cpsie)
                  00008102    0000000c                              : spi.o (.text:EUSCI_A_SPI_enable)
                  0000810e    0000000c                              : spi.o (.text:EUSCI_B_SPI_enable)
                  0000811a    00000002     --HOLE-- [fill = 0]
                  0000811c    0000000c                              : pcm.o (.text:PCM_getPowerState)
                  00008128    0000000c     drivers_MSP432P401R.aem4f : PowerMSP432.oem4f (.text:Power_getConstraintMask)
                  00008134    0000000c                               : PowerMSP432.oem4f (.text:Power_getPerformanceLevel)
                  00008140    0000000c                               : RingBuf.oem4f (.text:RingBuf_peek)
                  0000814c    0000000c                               : UARTMSP432.oem4f (.text:UARTMSP432_init)
                  00008158    0000000c     msp432p4xx_driverlib.lib : uart.o (.text:UART_disableModule)
                  00008164    0000000c                              : uart.o (.text:UART_enableModule)
                  00008170    0000000c     rtsv7M4_T_le_v4SPD16_eabi.lib : copy_zero_init.obj (.text:decompress:ZI)
                  0000817c    0000000c     uartecho_pem4f.oem4f (.text:ti_sysbios_family_arm_m3_Hwi_Params__init__S)
                  00008188    0000000c     sysbios.aem4f : BIOS.obj (.text:ti_sysbios_family_arm_m3_Hwi_disableFxn__E)
                  00008194    00000004     --HOLE-- [fill = 0]
                  00008198    0000000c                   : BIOS.obj (.text:ti_sysbios_family_arm_m3_TaskSupport_checkStack__E)
                  000081a4    00000004     --HOLE-- [fill = 0]
                  000081a8    0000000c                   : BIOS.obj (.text:ti_sysbios_family_arm_m3_TaskSupport_getStackAlignment__E)
                  000081b4    00000004     --HOLE-- [fill = 0]
                  000081b8    0000000c                   : BIOS.obj (.text:ti_sysbios_family_arm_m3_TimestampProvider_startTimer__E)
                  000081c4    00000004     --HOLE-- [fill = 0]
                  000081c8    0000000c                   : BIOS.obj (.text:ti_sysbios_family_arm_msp432_Timer_getMaxTicks__E)
                  000081d4    00000004     --HOLE-- [fill = 0]
                  000081d8    0000000c                   : BIOS.obj (.text:ti_sysbios_gates_GateHwi_enter__E)
                  000081e4    0000000c     uartecho_pem4f.oem4f (.text:ti_sysbios_knl_Clock_Params__init__S)
                  000081f0    0000000c     uartecho_pem4f.oem4f (.text:ti_sysbios_knl_Queue_Object__get__S)
                  000081fc    0000000c     uartecho_pem4f.oem4f (.text:ti_sysbios_knl_Semaphore_Params__init__S)
                  00008208    0000000c     uartecho_pem4f.oem4f (.text:ti_sysbios_knl_Task_Params__init__S)
                  00008214    0000000c     ti.targets.arm.rtsarm.aem4f : Error.oem4f (.text:xdc_runtime_Error_init__E)
                  00008220    0000000c                                 : Gate.oem4f (.text:xdc_runtime_Gate_enterSystem__E)
                  0000822c    0000000c                                 : Memory.oem4f (.text:xdc_runtime_Memory_calloc__E)
                  00008238    0000000c                                 : Memory.oem4f (.text:xdc_runtime_Memory_getMaxDefaultTypeAlign__E)
                  00008244    0000000a     tirtosport.aem4f : ClockP_tirtos.oem4f (.text:ClockP_stop)
                  0000824e    0000000a     Crystalfontz128x128_ST7735.obj (.text:Crystalfontz128x128_Flush)
                  00008258    0000000a     tirtosport.aem4f : SemaphoreP_tirtos.oem4f (.text:SemaphoreP_post)
                  00008262    0000000a     drivers_MSP432P401R.aem4f : UART.oem4f (.text:UART_read)
                  0000826c    0000000a     uartecho_pem4f.oem4f (.text:xdc_runtime_IHeap_alloc)
                  00008276    0000000a     uartecho_pem4f.oem4f (.text:xdc_runtime_IHeap_free)
                  00008280    00000008     tirtosport.aem4f : ClockP_tirtos.oem4f (.text:ClockP_Params_init)
                  00008288    00000008     msp432p4xx_driverlib.lib : spi.o (.text:EUSCI_B_SPI_getInterruptStatus)
                  00008290    00000008     MSP_EXP432P401R.obj (.text:MSP_EXP432P401R_initGPIO)
                  00008298    00000008     MSP_EXP432P401R.obj (.text:MSP_EXP432P401R_initGeneral)
                  000082a0    00000008     msp432p4xx_driverlib.lib : pcm.o (.text:PCM_setPowerMode)
                  000082a8    00000008                              : pcm.o (.text:PCM_setPowerState)
                  000082b0    00000008     tirtosport.aem4f : SemaphoreP_tirtos.oem4f (.text:SemaphoreP_Params_init)
                  000082b8    00000008     drivers_MSP432P401R.aem4f : UARTMSP432.oem4f (.text:readSemCallback)
                  000082c0    00000008     sysbios.aem4f : BIOS.obj (.text:ti_sysbios_family_arm_m3_Hwi_doSwiRestore__I)
                  000082c8    00000008                   : BIOS.obj (.text:ti_sysbios_family_arm_m3_Hwi_startup__E)
                  000082d0    00000008     drivers_MSP432P401R.aem4f : UARTMSP432.oem4f (.text:writeSemCallback)
                  000082d8    00000006     ti.targets.arm.rtsarm.aem4f : xdc_noinit.oem4f (.text:__xdc__init)
                  000082de    00000006     rtsv7M4_T_le_v4SPD16_eabi.lib : copy_decompress_rle.obj (.text:decompress:rle24)
                  000082e4    00000004     --HOLE-- [fill = 0]
                  000082e8    00000006     sysbios.aem4f : BIOS.obj (.text:ti_sysbios_family_arm_m3_Hwi_doTaskRestore__I)
                  000082ee    00000002     --HOLE-- [fill = 0]
                  000082f0    00000006                   : BIOS.obj (.text:ti_sysbios_family_arm_m3_Hwi_restoreFxn__E)
                  000082f6    00000002     --HOLE-- [fill = 0]
                  000082f8    00000006                   : BIOS.obj (.text:ti_sysbios_gates_GateHwi_leave__E)
                  000082fe    00000002     --HOLE-- [fill = 0]
                  00008300    00000006                   : BIOS.obj (.text:ti_sysbios_heaps_HeapMem_isBlocking__E)
                  00008306    00000002     --HOLE-- [fill = 0]
                  00008308    00000006                   : BIOS.obj (.text:ti_sysbios_knl_Clock_stop__E)
                  0000830e    00000002     --HOLE-- [fill = 0]
                  00008310    00000006                   : BIOS.obj (.text:ti_sysbios_knl_Queue_Instance_init__E)
                  00008316    00000002     --HOLE-- [fill = 0]
                  00008318    00000006                   : BIOS.obj (.text:ti_sysbios_knl_Swi_startup__E)
                  0000831e    00000006     ti.targets.arm.rtsarm.aem4f : System.oem4f (.text:xdc_runtime_System_Module_startup__E)
                  00008324    00000004     --HOLE-- [fill = 0]
                  00008328    00000004     sysbios.aem4f : BIOS.obj (.text:ti_sysbios_gates_GateHwi_query__E)
                  0000832c    00000004     --HOLE-- [fill = 0]
                  00008330    00000004                   : BIOS.obj (.text:ti_sysbios_gates_GateMutex_query__E)
                  00008334    00000004     --HOLE-- [fill = 0]
                  00008338    00000004                   : BIOS.obj (.text:ti_sysbios_knl_Clock_setTimeout__E)
                  0000833c    00000004     --HOLE-- [fill = 0]
                  00008340    00000004                   : BIOS.obj (.text:ti_sysbios_knl_Task_startup__E)
                  00008344    00000004     --HOLE-- [fill = 0]
                  00008348    00000002                   : BIOS.obj (.text:ti_sysbios_family_arm_m3_TimestampProvider_rolloverFunc__E)
                  0000834a    00000006     --HOLE-- [fill = 0]
                  00008350    00000002                   : BIOS.obj (.text:ti_sysbios_gates_GateHwi_Instance_init__E)
                  00008352    00000006     --HOLE-- [fill = 0]
                  00008358    00000002                   : BIOS.obj (.text:ti_sysbios_knl_Clock_logTick__E)

.const     0    0000835c    00002b7e     
                  0000835c    00001edd     uartecho_pem4f.oem4f (.const:xdc_runtime_Text_charTab__A)
                  0000a239    000002f8     fontfixed6x8.obj (.const:.string:g_pucFontFixed6x8Data)
                  0000a531    00000001     uartecho_pem4f.oem4f (.const:xdc_runtime_Error_policy__C)
                  0000a532    000000fc     uartecho_pem4f.oem4f (.const:xdc_runtime_Text_nodeTab__A)
                  0000a62e    00000002     uartecho_pem4f.oem4f (.const:ti_sysbios_family_arm_m3_Hwi_Module__id__C)
                  0000a630    000000c8     fontfixed6x8.obj (.const:g_sFontFixed6x8)
                  0000a6f8    00000080     msp432p4xx_driverlib.lib : adc14.o (.const:_ctlRegs)
                  0000a778    00000070     MSP_EXP432P401R.obj (.const:uartMSP432Baudrates)
                  0000a7e8    00000060     uartecho_pem4f.oem4f (.const:ti_uia_loggers_LoggerStopMode_Module__FXNS__C)
                  0000a848    00000048     uartecho_pem4f.oem4f (.const:.string)
                  0000a890    00000048     MSP_EXP432P401R.obj (.const:uartMSP432HWAttrs)
                  0000a8d8    0000003c     uartecho_pem4f.oem4f (.const:ti_sysbios_knl_Task_Object__PARAMS__C)
                  0000a914    00000030     uartecho_pem4f.oem4f (.const:ti_sysbios_family_arm_m3_Hwi_Object__PARAMS__C)
                  0000a944    0000002c     Crystalfontz128x128_ST7735.obj (.const:g_sCrystalfontz128x128)
                  0000a970    0000002c     uartecho_pem4f.oem4f (.const:xdc_runtime_Startup_sfxnTab__A)
                  0000a99c    00000028     drivers_MSP432P401R.aem4f : UARTMSP432.oem4f (.const:UARTMSP432_fxnTable)
                  0000a9c4    00000028     uartecho_pem4f.oem4f (.const:ti_sysbios_heaps_HeapMem_Module__FXNS__C)
                  0000a9ec    00000028     uartecho_pem4f.oem4f (.const:ti_uia_loggers_LoggerStopMode_Object__PARAMS__C)
                  0000aa14    00000024     MSP_EXP432P401R.obj (.const:UART_config)
                  0000aa38    00000024     drivers_MSP432P401R.aem4f : UART.oem4f (.const:UART_defaultParams)
                  0000aa5c    00000024                               : UARTMSP432.oem4f (.const)
                  0000aa80    00000024     uartecho_pem4f.oem4f (.const:ti_sysbios_gates_GateHwi_Module__FXNS__C)
                  0000aaa4    00000024     uartecho_pem4f.oem4f (.const:ti_sysbios_gates_GateMutex_Module__FXNS__C)
                  0000aac8    00000024     uartecho_pem4f.oem4f (.const:ti_sysbios_heaps_HeapMem_Object__PARAMS__C)
                  0000aaec    00000024     uartecho_pem4f.oem4f (.const:ti_sysbios_knl_Clock_Object__PARAMS__C)
                  0000ab10    00000024     uartecho_pem4f.oem4f (.const:ti_sysbios_knl_Semaphore_Object__PARAMS__C)
                  0000ab34    00000020     uartecho_pem4f.oem4f (.const:ti_sysbios_family_arm_m3_Hwi_Object__DESC__C)
                  0000ab54    00000020     uartecho_pem4f.oem4f (.const:ti_sysbios_gates_GateHwi_Object__DESC__C)
                  0000ab74    00000020     uartecho_pem4f.oem4f (.const:ti_sysbios_gates_GateMutex_Object__DESC__C)
                  0000ab94    00000020     uartecho_pem4f.oem4f (.const:ti_sysbios_heaps_HeapMem_Object__DESC__C)
                  0000abb4    00000020     uartecho_pem4f.oem4f (.const:ti_sysbios_knl_Clock_Object__DESC__C)
                  0000abd4    00000020     uartecho_pem4f.oem4f (.const:ti_sysbios_knl_Queue_Object__DESC__C)
                  0000abf4    00000020     uartecho_pem4f.oem4f (.const:ti_sysbios_knl_Semaphore_Object__DESC__C)
                  0000ac14    00000020     uartecho_pem4f.oem4f (.const:ti_sysbios_knl_Task_Object__DESC__C)
                  0000ac34    00000020     uartecho_pem4f.oem4f (.const:ti_uia_loggers_LoggerStopMode_Object__DESC__C)
                  0000ac54    0000001c     HAL_MSP_EXP432P401R_Crystalfontz128x128_ST7735.obj (.const)
                  0000ac70    00000018     main.obj (.const:.string)
                  0000ac88    00000018     uartecho_pem4f.oem4f (.const:ti_sysbios_gates_GateHwi_Object__PARAMS__C)
                  0000aca0    00000018     uartecho_pem4f.oem4f (.const:ti_sysbios_gates_GateMutex_Object__PARAMS__C)
                  0000acb8    00000018     uartecho_pem4f.oem4f (.const:ti_sysbios_knl_Queue_Object__PARAMS__C)
                  0000acd0    00000016     uartecho_pem4f.oem4f (.const:xdc_runtime_Startup_sfxnRts__A)
                  0000ace6    00000002     uartecho_pem4f.oem4f (.const:ti_sysbios_family_arm_m3_Timer_Module__id__C)
                  0000ace8    00000014     MSP_EXP432P401R.obj (.const:GPIOMSP432_config)
                  0000acfc    00000010     MSP_EXP432P401R.obj (.const)
                  0000ad0c    0000000c     drivers_MSP432P401R.aem4f : GPIOMSP432.oem4f (.const:.string)
                  0000ad18    0000000c     uartecho_pem4f.oem4f (.const:ti_sysbios_knl_Idle_funcList__A)
                  0000ad24    0000000c     uartecho_pem4f.oem4f (.const:xdc_runtime_Startup_firstFxns__A)
                  0000ad30    00000008     Crystalfontz128x128_ST7735.obj (.const)
                  0000ad38    00000008     uartecho_pem4f.oem4f (.const:ti_sysbios_family_arm_m3_Hwi_excHookFuncs__A)
                  0000ad40    00000008     uartecho_pem4f.oem4f (.const:ti_sysbios_knl_Idle_funcList__C)
                  0000ad48    00000008     uartecho_pem4f.oem4f (.const)
                  0000ad50    00000008     uartecho_pem4f.oem4f (.const:xdc_runtime_Startup_firstFxns__C)
                  0000ad58    00000008     uartecho_pem4f.oem4f (.const:xdc_runtime_Startup_lastFxns__C)
                  0000ad60    00000005     drivers_MSP432P401R.aem4f : UARTMSP432.oem4f (.const:.string)
                  0000ad65    00000001     --HOLE-- [fill = 0]
                  0000ad66    00000002     uartecho_pem4f.oem4f (.const:ti_sysbios_family_arm_m3_TimestampProvider_configTimer__C)
                  0000ad68    00000004     uartecho_pem4f.oem4f (.const:ti_sysbios_family_arm_m3_Hwi_E_NMI__C)
                  0000ad6c    00000004     uartecho_pem4f.oem4f (.const:ti_sysbios_family_arm_m3_Hwi_E_alreadyDefined__C)
                  0000ad70    00000004     uartecho_pem4f.oem4f (.const:ti_sysbios_family_arm_m3_Hwi_E_busFault__C)
                  0000ad74    00000004     uartecho_pem4f.oem4f (.const:ti_sysbios_family_arm_m3_Hwi_E_debugMon__C)
                  0000ad78    00000004     uartecho_pem4f.oem4f (.const:ti_sysbios_family_arm_m3_Hwi_E_hardFault__C)
                  0000ad7c    00000004     uartecho_pem4f.oem4f (.const:ti_sysbios_family_arm_m3_Hwi_E_memFault__C)
                  0000ad80    00000004     uartecho_pem4f.oem4f (.const:ti_sysbios_family_arm_m3_Hwi_E_noIsr__C)
                  0000ad84    00000004     uartecho_pem4f.oem4f (.const:ti_sysbios_family_arm_m3_Hwi_E_reserved__C)
                  0000ad88    00000004     uartecho_pem4f.oem4f (.const:ti_sysbios_family_arm_m3_Hwi_E_svCall__C)
                  0000ad8c    00000004     uartecho_pem4f.oem4f (.const:ti_sysbios_family_arm_m3_Hwi_E_usageFault__C)
                  0000ad90    00000004     uartecho_pem4f.oem4f (.const:ti_sysbios_family_arm_m3_Hwi_NUM_INTERRUPTS__C)
                  0000ad94    00000004     uartecho_pem4f.oem4f (.const:ti_sysbios_family_arm_m3_Hwi_Object__count__C)
                  0000ad98    00000004     uartecho_pem4f.oem4f (.const:ti_sysbios_family_arm_m3_Hwi_ccr__C)
                  0000ad9c    00000004     uartecho_pem4f.oem4f (.const:ti_sysbios_family_arm_m3_Hwi_excHandlerFunc__C)
                  0000ada0    00000004     uartecho_pem4f.oem4f (.const:ti_sysbios_family_arm_m3_Hwi_excHookFuncs__C)
                  0000ada4    00000004     uartecho_pem4f.oem4f (.const:ti_sysbios_family_arm_m3_Hwi_nullIsrFunc__C)
                  0000ada8    00000004     uartecho_pem4f.oem4f (.const:ti_sysbios_family_arm_m3_Hwi_priGroup__C)
                  0000adac    00000004     uartecho_pem4f.oem4f (.const:ti_sysbios_family_arm_m3_TaskSupport_stackAlignment__C)
                  0000adb0    00000004     uartecho_pem4f.oem4f (.const:ti_sysbios_family_arm_m3_Timer_E_cannotSupport__C)
                  0000adb4    00000004     uartecho_pem4f.oem4f (.const:ti_sysbios_family_arm_m3_Timer_startupNeeded__C)
                  0000adb8    00000004     uartecho_pem4f.oem4f (.const:ti_sysbios_family_arm_msp432_Timer_numTimerDevices__C)
                  0000adbc    00000004     uartecho_pem4f.oem4f (.const:ti_sysbios_family_arm_msp432_Timer_startupNeeded__C)
                  0000adc0    00000004     uartecho_pem4f.oem4f (.const:ti_sysbios_gates_GateMutex_Instance_State_sem__O)
                  0000adc4    00000004     uartecho_pem4f.oem4f (.const:ti_sysbios_hal_Hwi_E_stackOverflow__C)
                  0000adc8    00000004     uartecho_pem4f.oem4f (.const:ti_sysbios_heaps_HeapMem_E_memory__C)
                  0000adcc    00000004     uartecho_pem4f.oem4f (.const:ti_sysbios_heaps_HeapMem_Module__gateObj__C)
                  0000add0    00000004     uartecho_pem4f.oem4f (.const:ti_sysbios_heaps_HeapMem_Object__count__C)
                  0000add4    00000004     uartecho_pem4f.oem4f (.const:ti_sysbios_heaps_HeapMem_reqAlign__C)
                  0000add8    00000004     uartecho_pem4f.oem4f (.const:ti_sysbios_knl_Clock_Module_State_clockQ__O)
                  0000addc    00000004     uartecho_pem4f.oem4f (.const:ti_sysbios_knl_Semaphore_Instance_State_pendQ__O)
                  0000ade0    00000004     uartecho_pem4f.oem4f (.const:ti_sysbios_knl_Swi_Object__count__C)
                  0000ade4    00000004     uartecho_pem4f.oem4f (.const:ti_sysbios_knl_Task_E_spOutOfBounds__C)
                  0000ade8    00000004     uartecho_pem4f.oem4f (.const:ti_sysbios_knl_Task_E_stackOverflow__C)
                  0000adec    00000004     uartecho_pem4f.oem4f (.const:ti_sysbios_knl_Task_Module_State_inactiveQ__O)
                  0000adf0    00000004     uartecho_pem4f.oem4f (.const:ti_sysbios_knl_Task_Object__count__C)
                  0000adf4    00000004     uartecho_pem4f.oem4f (.const:ti_sysbios_knl_Task_allBlockedFunc__C)
                  0000adf8    00000004     uartecho_pem4f.oem4f (.const:ti_sysbios_knl_Task_defaultStackHeap__C)
                  0000adfc    00000004     uartecho_pem4f.oem4f (.const:ti_sysbios_knl_Task_defaultStackSize__C)
                  0000ae00    00000004     uartecho_pem4f.oem4f (.const:ti_sysbios_knl_Task_numConstructedTasks__C)
                  0000ae04    00000004     uartecho_pem4f.oem4f (.const:ti_sysbios_utils_Load_postUpdate__C)
                  0000ae08    00000004     uartecho_pem4f.oem4f (.const:ti_sysbios_utils_Load_windowInMs__C)
                  0000ae0c    00000004     uartecho_pem4f.oem4f (.const:ti_uia_loggers_LoggerStopMode_Module__diagsEnabled__C)
                  0000ae10    00000004     uartecho_pem4f.oem4f (.const:ti_uia_loggers_LoggerStopMode_Module__diagsIncluded__C)
                  0000ae14    00000004     uartecho_pem4f.oem4f (.const:ti_uia_loggers_LoggerStopMode_Module__diagsMask__C)
                  0000ae18    00000004     uartecho_pem4f.oem4f (.const:ti_uia_loggers_LoggerStopMode_Object__count__C)
                  0000ae1c    00000004     uartecho_pem4f.oem4f (.const:ti_uia_runtime_ILoggerSnapshot_Interface__BASE__C)
                  0000ae20    00000004     uartecho_pem4f.oem4f (.const:ti_uia_runtime_IUIATransfer_Interface__BASE__C)
                  0000ae24    00000004     uartecho_pem4f.oem4f (.const:xdc_runtime_Assert_E_assertFailed__C)
                  0000ae28    00000004     uartecho_pem4f.oem4f (.const:xdc_runtime_Core_A_initializedParams__C)
                  0000ae2c    00000004     uartecho_pem4f.oem4f (.const:xdc_runtime_Core_Module__diagsEnabled__C)
                  0000ae30    00000004     uartecho_pem4f.oem4f (.const:xdc_runtime_Core_Module__diagsIncluded__C)
                  0000ae34    00000004     uartecho_pem4f.oem4f (.const:xdc_runtime_Core_Module__diagsMask__C)
                  0000ae38    00000004     uartecho_pem4f.oem4f (.const:xdc_runtime_Error_E_memory__C)
                  0000ae3c    00000004     uartecho_pem4f.oem4f (.const:xdc_runtime_Error_Module__diagsEnabled__C)
                  0000ae40    00000004     uartecho_pem4f.oem4f (.const:xdc_runtime_Error_Module__diagsIncluded__C)
                  0000ae44    00000004     uartecho_pem4f.oem4f (.const:xdc_runtime_Error_Module__diagsMask__C)
                  0000ae48    00000004     uartecho_pem4f.oem4f (.const:xdc_runtime_Error_Module__loggerFxn8__C)
                  0000ae4c    00000004     uartecho_pem4f.oem4f (.const:xdc_runtime_Error_Module__loggerObj__C)
                  0000ae50    00000004     uartecho_pem4f.oem4f (.const:xdc_runtime_Error_policyFxn__C)
                  0000ae54    00000004     uartecho_pem4f.oem4f (.const:xdc_runtime_Error_raiseHook__C)
                  0000ae58    00000004     uartecho_pem4f.oem4f (.const:xdc_runtime_IFilterLogger_Interface__BASE__C)
                  0000ae5c    00000004     uartecho_pem4f.oem4f (.const:xdc_runtime_IGateProvider_Interface__BASE__C)
                  0000ae60    00000004     uartecho_pem4f.oem4f (.const:xdc_runtime_IHeap_Interface__BASE__C)
                  0000ae64    00000004     uartecho_pem4f.oem4f (.const:xdc_runtime_ILogger_Interface__BASE__C)
                  0000ae68    00000004     uartecho_pem4f.oem4f (.const:xdc_runtime_IModule_Interface__BASE__C)
                  0000ae6c    00000004     uartecho_pem4f.oem4f (.const:xdc_runtime_Log_L_error__C)
                  0000ae70    00000004     uartecho_pem4f.oem4f (.const:xdc_runtime_Memory_defaultHeapInstance__C)
                  0000ae74    00000004     uartecho_pem4f.oem4f (.const:xdc_runtime_Startup_execImpl__C)
                  0000ae78    00000004     uartecho_pem4f.oem4f (.const:xdc_runtime_Startup_lastFxns__A)
                  0000ae7c    00000004     uartecho_pem4f.oem4f (.const:xdc_runtime_Startup_maxPasses__C)
                  0000ae80    00000004     uartecho_pem4f.oem4f (.const:xdc_runtime_Startup_sfxnRts__C)
                  0000ae84    00000004     uartecho_pem4f.oem4f (.const:xdc_runtime_Startup_sfxnTab__C)
                  0000ae88    00000004     uartecho_pem4f.oem4f (.const:xdc_runtime_SysMin_bufSize__C)
                  0000ae8c    00000004     uartecho_pem4f.oem4f (.const:xdc_runtime_SysMin_outputFunc__C)
                  0000ae90    00000004     uartecho_pem4f.oem4f (.const:xdc_runtime_System_Module__gateObj__C)
                  0000ae94    00000004     uartecho_pem4f.oem4f (.const:xdc_runtime_System_abortFxn__C)
                  0000ae98    00000004     uartecho_pem4f.oem4f (.const:xdc_runtime_System_exitFxn__C)
                  0000ae9c    00000004     uartecho_pem4f.oem4f (.const:xdc_runtime_System_extendFxn__C)
                  0000aea0    00000004     uartecho_pem4f.oem4f (.const:xdc_runtime_System_maxAtexitHandlers__C)
                  0000aea4    00000004     uartecho_pem4f.oem4f (.const:xdc_runtime_Text_charTab__C)
                  0000aea8    00000004     uartecho_pem4f.oem4f (.const:xdc_runtime_Text_nameEmpty__C)
                  0000aeac    00000004     uartecho_pem4f.oem4f (.const:xdc_runtime_Text_nameStatic__C)
                  0000aeb0    00000004     uartecho_pem4f.oem4f (.const:xdc_runtime_Text_nameUnknown__C)
                  0000aeb4    00000004     uartecho_pem4f.oem4f (.const:xdc_runtime_Text_nodeTab__C)
                  0000aeb8    00000004     uartecho_pem4f.oem4f (.const:xdc_runtime_Text_visitRopeFxn__C)
                  0000aebc    00000002     uartecho_pem4f.oem4f (.const:ti_sysbios_hal_Hwi_Module__id__C)
                  0000aebe    00000002     uartecho_pem4f.oem4f (.const:ti_sysbios_heaps_HeapMem_Module__id__C)
                  0000aec0    00000002     uartecho_pem4f.oem4f (.const:ti_sysbios_knl_Task_Module__id__C)
                  0000aec2    00000002     uartecho_pem4f.oem4f (.const:ti_sysbios_utils_Load_updateInIdle__C)
                  0000aec4    00000002     uartecho_pem4f.oem4f (.const:ti_uia_loggers_LoggerStopMode_Module__id__C)
                  0000aec6    00000002     uartecho_pem4f.oem4f (.const:ti_uia_loggers_LoggerStopMode_isTimestampEnabled__C)
                  0000aec8    00000002     uartecho_pem4f.oem4f (.const:xdc_runtime_Core_Module__id__C)
                  0000aeca    00000002     uartecho_pem4f.oem4f (.const:xdc_runtime_Error_Module__loggerDefined__C)
                  0000aecc    00000002     uartecho_pem4f.oem4f (.const:xdc_runtime_Error_maxDepth__C)
                  0000aece    00000002     uartecho_pem4f.oem4f (.const:xdc_runtime_Memory_Module__id__C)
                  0000aed0    00000002     uartecho_pem4f.oem4f (.const:xdc_runtime_SysMin_flushAtExit__C)
                  0000aed2    00000002     uartecho_pem4f.oem4f (.const:xdc_runtime_Text_charCnt__C)
                  0000aed4    00000002     uartecho_pem4f.oem4f (.const:xdc_runtime_Text_isLoaded__C)
                  0000aed6    00000002     uartecho_pem4f.oem4f (.const:xdc_runtime_Text_registryModsLastId__C)
                  0000aed8    00000002     uartecho_pem4f.oem4f (.const:xdc_runtime_Text_unnamedModsLastId__C)

.cinit     0    0000aee0    00000558     
                  0000aee0    0000051d     (.cinit..data.load) [load image, compression = rle]
                  0000b3fd    00000003     --HOLE-- [fill = 0]
                  0000b400    0000000c     (__TI_handler_table)
                  0000b40c    00000004     --HOLE-- [fill = 0]
                  0000b410    00000008     (.cinit..bss.load) [load image, compression = zero_init]
                  0000b418    00000008     (.cinit..vecs.load) [load image, compression = zero_init]
                  0000b420    00000018     (__TI_cinit_table)

.resetVecs 
*          0    00000000    0000003c     
                  00000000    0000003c     uartecho_pem4f.oem4f (.resetVecs)

.bss       0    20000180    00001630     UNINITIALIZED
                  20000180    00000400     uartecho_pem4f.oem4f (.bss:ti_sysbios_heaps_HeapMem_Instance_State_0_buf__A)
                  20000580    00000400     uartecho_pem4f.oem4f (.bss:ti_uia_loggers_LoggerStopMode_Instance_State_2_packetArray__A)
                  20000980    00000300     main.obj (.bss:task0Stack)
                  20000c80    00000200     uartecho_pem4f.oem4f (.bss:taskStackSection)
                  20000e80    00000200     uartecho_pem4f.oem4f (.bss:ti_uia_loggers_LoggerStopMode_Instance_State_1_packetArray__A)
                  20001080    00000140     uartecho_pem4f.oem4f (.bss:ti_sysbios_family_arm_m3_Hwi_dispatchTable)
                  200011c0    00000120     rtsv7M4_T_le_v4SPD16_eabi.lib : trgmsg.obj (.bss:__CIOBUF_)
                  200012e0    0000001c     (.common:g_sContext)
                  200012fc    00000002     (.common:Lcd_ScreenHeigth)
                  200012fe    00000002     (.common:Lcd_ScreenWidth)
                  20001300    00000100     uartecho_pem4f.oem4f (.bss:ti_uia_loggers_LoggerStopMode_Instance_State_0_packetArray__A)
                  20001400    00000100     MSP_EXP432P401R.obj (.bss:uartMSP432Objects)
                  20001500    00000080     uartecho_pem4f.oem4f (.bss:xdc_runtime_SysMin_Module_State_0_outbuf__A)
                  20001580    00000050     main.obj (.bss:task0Struct)
                  200015d0    00000040     MSP_EXP432P401R.obj (.bss:uartMSP432RingBuffer)
                  20001610    00000030     drivers_MSP432P401R.aem4f : GPIOMSP432.oem4f (.bss:gpioCallbackInfo)
                  20001640    00000008     (.common:parmbuf)
                  20001648    00000008     (.common:resultsBuffer)
                  20001650    00000002     (.common:Lcd_TouchTrim)
                  20001652    00000001     (.common:Lcd_FlagRead)
                  20001653    00000001     (.common:Lcd_FontSolid)
                  20001654    00000001     (.common:Lcd_Orientation)
                  20001655    00000001     (.common:Lcd_PenSolid)
                  20001656    0000002a     --HOLE--
                  20001680    00000030     uartecho_pem4f.oem4f (.bss:ti_uia_loggers_LoggerStopMode_Instance_State_0_hdr__A)
                  200016b0    00000050     --HOLE--
                  20001700    00000030     uartecho_pem4f.oem4f (.bss:ti_uia_loggers_LoggerStopMode_Instance_State_1_hdr__A)
                  20001730    00000050     --HOLE--
                  20001780    00000030     uartecho_pem4f.oem4f (.bss:ti_uia_loggers_LoggerStopMode_Instance_State_2_hdr__A)

.data      0    200017b0    00000795     UNINITIALIZED
                  200017b0    00000194     uartecho_pem4f.oem4f (.data)
                  20001944    0000009c     drivers_MSP432P401R.aem4f : PowerMSP432.oem4f (.data:PowerMSP432_perfLevels)
                  200019e0    0000009c     uartecho_pem4f.oem4f (.data:ti_uia_loggers_LoggerStopMode_Object__table__V)
                  20001a7c    00000098     uartecho_pem4f.oem4f (.data:ti_sysbios_utils_Load_Module__state__V)
                  20001b14    00000080     uartecho_pem4f.oem4f (.data:ti_sysbios_knl_Swi_Module_State_0_readyQ__A)
                  20001b94    00000080     uartecho_pem4f.oem4f (.data:ti_sysbios_knl_Task_Module_State_0_readyQ__A)
                  20001c14    00000060     uartecho_pem4f.oem4f (.data:ti_sysbios_knl_Swi_Object__table__V)
                  20001c74    0000004c     uartecho_pem4f.oem4f (.data:ti_sysbios_family_arm_msp432_Timer_Object__table__V)
[...]
000082c9  ti_sysbios_family_arm_m3_Hwi_startup__E                      
000082c9  ti_sysbios_hal_Hwi_HwiProxy_startup__E                       
000082d9  __xdc__init                                                  
000082df  __TI_decompress_rle24                                        
000082e9  ti_sysbios_family_arm_m3_Hwi_doTaskRestore__I                
000082f1  HwiP_restore                                                 
000082f1  ti_sysbios_family_arm_m3_Hwi_restoreFxn__E                   
000082f1  ti_sysbios_hal_Hwi_HwiProxy_restore__E                       
000082f9  ti_sysbios_gates_GateHwi_leave__E                            
00008301  ti_sysbios_heaps_HeapMem_isBlocking__E                       
00008309  ti_sysbios_knl_Clock_stop__E                                 
00008311  ti_sysbios_knl_Queue_Instance_init__E                        
00008319  ti_sysbios_knl_Swi_startup__E                                
0000831f  xdc_runtime_System_Module_startup__E                         
00008329  ti_sysbios_gates_GateHwi_query__E                            
00008329  xdc_runtime_Main_Module_GateProxy_query__E                   
00008329  xdc_runtime_System_Module_GateProxy_query__E                 
00008331  ti_sysbios_BIOS_RtsGateProxy_query__E                        
00008331  ti_sysbios_gates_GateMutex_query__E                          
00008331  ti_sysbios_heaps_HeapMem_Module_GateProxy_query__E           
00008339  ti_sysbios_knl_Clock_setTimeout__E                           
00008341  ti_sysbios_knl_Task_startup__E                               
00008349  ti_sysbios_family_arm_m3_TimestampProvider_rolloverFunc__E   
00008351  ti_sysbios_gates_GateHwi_Instance_init__E                    
00008359  ti_sysbios_knl_Clock_logTick__E                              
0000835c  xdc_runtime_Text_charTab__A                                  
0000a531  xdc_runtime_Error_policy__C                                  
0000a532  xdc_runtime_Text_nodeTab__A                                  
0000a62e  ti_sysbios_family_arm_m3_Hwi_Module__id__C                   
0000a630  g_sFontFixed6x8                                              
0000a778  uartMSP432Baudrates                                          
0000a7e8  ti_uia_loggers_LoggerStopMode_Module__FXNS__C                
0000a890  uartMSP432HWAttrs                                            
0000a8d8  ti_sysbios_knl_Task_Object__PARAMS__C                        
0000a914  ti_sysbios_family_arm_m3_Hwi_Object__PARAMS__C               
0000a944  g_sCrystalfontz128x128                                       
0000a970  xdc_runtime_Startup_sfxnTab__A                               
0000a99c  UARTMSP432_fxnTable                                          
0000a9c4  ti_sysbios_heaps_HeapMem_Module__FXNS__C                     
0000a9ec  ti_uia_loggers_LoggerStopMode_Object__PARAMS__C              
0000aa14  UART_config                                                  
0000aa38  UART_defaultParams                                           
0000aa80  ti_sysbios_gates_GateHwi_Module__FXNS__C                     
0000aaa4  ti_sysbios_gates_GateMutex_Module__FXNS__C                   
0000aac8  ti_sysbios_heaps_HeapMem_Object__PARAMS__C                   
0000aaec  ti_sysbios_knl_Clock_Object__PARAMS__C                       
0000ab10  ti_sysbios_knl_Semaphore_Object__PARAMS__C                   
0000ab34  ti_sysbios_family_arm_m3_Hwi_Object__DESC__C                 
0000ab54  ti_sysbios_gates_GateHwi_Object__DESC__C                     
0000ab74  ti_sysbios_gates_GateMutex_Object__DESC__C                   
0000ab94  ti_sysbios_heaps_HeapMem_Object__DESC__C                     
0000abb4  ti_sysbios_knl_Clock_Object__DESC__C                         
0000abd4  ti_sysbios_knl_Queue_Object__DESC__C                         
0000abf4  ti_sysbios_knl_Semaphore_Object__DESC__C                     
0000ac14  ti_sysbios_knl_Task_Object__DESC__C                          
0000ac34  ti_uia_loggers_LoggerStopMode_Object__DESC__C                
0000ac88  ti_sysbios_gates_GateHwi_Object__PARAMS__C                   
0000aca0  ti_sysbios_gates_GateMutex_Object__PARAMS__C                 
0000acb8  ti_sysbios_knl_Queue_Object__PARAMS__C                       
0000acd0  xdc_runtime_Startup_sfxnRts__A                               
0000ace6  ti_sysbios_family_arm_m3_Timer_Module__id__C                 
0000ace8  GPIOMSP432_config                                            
0000acfc  PowerMSP432_config                                           
0000ad18  ti_sysbios_knl_Idle_funcList__A                              
0000ad24  xdc_runtime_Startup_firstFxns__A                             
0000ad38  ti_sysbios_family_arm_m3_Hwi_excHookFuncs__A                 
0000ad40  ti_sysbios_knl_Idle_funcList__C                              
0000ad48  m3Hwi0                                                       
0000ad4c  swi0                                                         
0000ad50  xdc_runtime_Startup_firstFxns__C                             
0000ad58  xdc_runtime_Startup_lastFxns__C                              
0000ad66  ti_sysbios_family_arm_m3_TimestampProvider_configTimer__C    
0000ad68  ti_sysbios_family_arm_m3_Hwi_E_NMI__C                        
0000ad6c  ti_sysbios_family_arm_m3_Hwi_E_alreadyDefined__C             
0000ad70  ti_sysbios_family_arm_m3_Hwi_E_busFault__C                   
0000ad74  ti_sysbios_family_arm_m3_Hwi_E_debugMon__C                   
0000ad78  ti_sysbios_family_arm_m3_Hwi_E_hardFault__C                  
0000ad7c  ti_sysbios_family_arm_m3_Hwi_E_memFault__C                   
0000ad80  ti_sysbios_family_arm_m3_Hwi_E_noIsr__C                      
0000ad84  ti_sysbios_family_arm_m3_Hwi_E_reserved__C                   
0000ad88  ti_sysbios_family_arm_m3_Hwi_E_svCall__C                     
0000ad8c  ti_sysbios_family_arm_m3_Hwi_E_usageFault__C                 
0000ad90  ti_sysbios_family_arm_m3_Hwi_NUM_INTERRUPTS__C               
0000ad94  ti_sysbios_family_arm_m3_Hwi_Object__count__C                
0000ad98  ti_sysbios_family_arm_m3_Hwi_ccr__C                          
0000ad9c  ti_sysbios_family_arm_m3_Hwi_excHandlerFunc__C               
0000ada0  ti_sysbios_family_arm_m3_Hwi_excHookFuncs__C                 
0000ada4  ti_sysbios_family_arm_m3_Hwi_nullIsrFunc__C                  
0000ada8  ti_sysbios_family_arm_m3_Hwi_priGroup__C                     
0000adac  ti_sysbios_family_arm_m3_TaskSupport_stackAlignment__C       
0000adb0  ti_sysbios_family_arm_m3_Timer_E_cannotSupport__C            
0000adb4  ti_sysbios_family_arm_m3_Timer_startupNeeded__C              
0000adb8  ti_sysbios_family_arm_msp432_Timer_numTimerDevices__C        
0000adbc  ti_sysbios_family_arm_msp432_Timer_startupNeeded__C          
0000adc0  ti_sysbios_gates_GateMutex_Instance_State_sem__O             
0000adc4  ti_sysbios_hal_Hwi_E_stackOverflow__C                        
0000adc8  ti_sysbios_heaps_HeapMem_E_memory__C                         
0000adcc  ti_sysbios_heaps_HeapMem_Module__gateObj__C                  
0000add0  ti_sysbios_heaps_HeapMem_Object__count__C                    
0000add4  ti_sysbios_heaps_HeapMem_reqAlign__C                         
0000add8  ti_sysbios_knl_Clock_Module_State_clockQ__O                  
0000addc  ti_sysbios_knl_Semaphore_Instance_State_pendQ__O             
0000ade0  ti_sysbios_knl_Swi_Object__count__C                          
0000ade4  ti_sysbios_knl_Task_E_spOutOfBounds__C                       
0000ade8  ti_sysbios_knl_Task_E_stackOverflow__C                       
0000adec  ti_sysbios_knl_Task_Module_State_inactiveQ__O                
0000adf0  ti_sysbios_knl_Task_Object__count__C                         
0000adf4  ti_sysbios_knl_Task_allBlockedFunc__C                        
0000adf8  ti_sysbios_knl_Task_defaultStackHeap__C                      
0000adfc  ti_sysbios_knl_Task_defaultStackSize__C                      
0000ae00  ti_sysbios_knl_Task_numConstructedTasks__C                   
0000ae04  ti_sysbios_utils_Load_postUpdate__C                          
0000ae08  ti_sysbios_utils_Load_windowInMs__C                          
0000ae0c  ti_uia_loggers_LoggerStopMode_Module__diagsEnabled__C        
0000ae10  ti_uia_loggers_LoggerStopMode_Module__diagsIncluded__C       
0000ae14  ti_uia_loggers_LoggerStopMode_Module__diagsMask__C           
0000ae18  ti_uia_loggers_LoggerStopMode_Object__count__C               
0000ae1c  ti_uia_runtime_ILoggerSnapshot_Interface__BASE__C            
0000ae20  ti_uia_runtime_IUIATransfer_Interface__BASE__C               
0000ae24  xdc_runtime_Assert_E_assertFailed__C                         
0000ae28  xdc_runtime_Core_A_initializedParams__C                      
0000ae2c  xdc_runtime_Core_Module__diagsEnabled__C                     
0000ae30  xdc_runtime_Core_Module__diagsIncluded__C                    
0000ae34  xdc_runtime_Core_Module__diagsMask__C                        
0000ae38  xdc_runtime_Error_E_memory__C                                
0000ae3c  xdc_runtime_Error_Module__diagsEnabled__C                    
0000ae40  xdc_runtime_Error_Module__diagsIncluded__C                   
0000ae44  xdc_runtime_Error_Module__diagsMask__C                       
0000ae48  xdc_runtime_Error_Module__loggerFxn8__C                      
0000ae4c  xdc_runtime_Error_Module__loggerObj__C                       
0000ae50  xdc_runtime_Error_policyFxn__C                               
0000ae54  xdc_runtime_Error_raiseHook__C                               
0000ae58  xdc_runtime_IFilterLogger_Interface__BASE__C                 
0000ae5c  xdc_runtime_IGateProvider_Interface__BASE__C                 
0000ae60  xdc_runtime_IHeap_Interface__BASE__C                         
0000ae64  xdc_runtime_ILogger_Interface__BASE__C                       
0000ae68  xdc_runtime_IModule_Interface__BASE__C                       
0000ae6c  xdc_runtime_Log_L_error__C                                   
0000ae70  xdc_runtime_Memory_defaultHeapInstance__C                    
0000ae74  xdc_runtime_Startup_execImpl__C                              
0000ae78  xdc_runtime_Startup_lastFxns__A                              
0000ae7c  xdc_runtime_Startup_maxPasses__C                             
0000ae80  xdc_runtime_Startup_sfxnRts__C                               
0000ae84  xdc_runtime_Startup_sfxnTab__C                               
0000ae88  xdc_runtime_SysMin_bufSize__C                                
0000ae8c  xdc_runtime_SysMin_outputFunc__C                             
0000ae90  xdc_runtime_System_Module__gateObj__C                        
0000ae94  xdc_runtime_System_abortFxn__C                               
0000ae98  xdc_runtime_System_exitFxn__C                                
0000ae9c  xdc_runtime_System_extendFxn__C                              
0000aea0  xdc_runtime_System_maxAtexitHandlers__C                      
0000aea4  xdc_runtime_Text_charTab__C                                  
0000aea8  xdc_runtime_Text_nameEmpty__C                                
0000aeac  xdc_runtime_Text_nameStatic__C                               
0000aeb0  xdc_runtime_Text_nameUnknown__C                              
0000aeb4  xdc_runtime_Text_nodeTab__C                                  
0000aeb8  xdc_runtime_Text_visitRopeFxn__C                             
0000aebc  ti_sysbios_hal_Hwi_Module__id__C                             
0000aebe  ti_sysbios_heaps_HeapMem_Module__id__C                       
0000aec0  ti_sysbios_knl_Task_Module__id__C                            
0000aec2  ti_sysbios_utils_Load_updateInIdle__C                        
0000aec4  ti_uia_loggers_LoggerStopMode_Module__id__C                  
0000aec6  ti_uia_loggers_LoggerStopMode_isTimestampEnabled__C          
0000aec8  xdc_runtime_Core_Module__id__C                               
0000aeca  xdc_runtime_Error_Module__loggerDefined__C                   
0000aecc  xdc_runtime_Error_maxDepth__C                                
0000aece  xdc_runtime_Memory_Module__id__C                             
0000aed0  xdc_runtime_SysMin_flushAtExit__C                            
0000aed2  xdc_runtime_Text_charCnt__C                                  
0000aed4  xdc_runtime_Text_isLoaded__C                                 
0000aed6  xdc_runtime_Text_registryModsLastId__C                       
0000aed8  xdc_runtime_Text_unnamedModsLastId__C                        
0000aee0  __TI_static_base__                                           
0000b400  __TI_Handler_Table_Base                                      
0000b40c  __TI_Handler_Table_Limit                                     
0000b420  __TI_CINIT_Base                                              
0000b438  __TI_CINIT_Limit                                             
20000000  ti_sysbios_family_arm_m3_Hwi_ramVectors                      
20000180  ti_sysbios_heaps_HeapMem_Instance_State_0_buf__A             
20000580  ti_uia_loggers_LoggerStopMode_Instance_State_2_packetArray__A
20000980  task0Stack                                                   
20000c80  ti_sysbios_knl_Task_Instance_State_0_stack__A                
20000e80  ti_uia_loggers_LoggerStopMode_Instance_State_1_packetArray__A
20001080  ti_sysbios_family_arm_m3_Hwi_dispatchTable                   
200011c0  __CIOBUF_                                                    
200012e0  g_sContext                                                   
200012fc  Lcd_ScreenHeigth                                             
200012fe  Lcd_ScreenWidth                                              
20001300  ti_uia_loggers_LoggerStopMode_Instance_State_0_packetArray__A
20001400  uartMSP432Objects                                            
20001500  xdc_runtime_SysMin_Module_State_0_outbuf__A                  
20001580  task0Struct                                                  
200015d0  uartMSP432RingBuffer                                         
20001650  Lcd_TouchTrim                                                
20001652  Lcd_FlagRead                                                 
20001653  Lcd_FontSolid                                                
20001654  Lcd_Orientation                                              
20001655  Lcd_PenSolid                                                 
20001680  ti_uia_loggers_LoggerStopMode_Instance_State_0_hdr__A        
20001700  ti_uia_loggers_LoggerStopMode_Instance_State_1_hdr__A        
20001780  ti_uia_loggers_LoggerStopMode_Instance_State_2_hdr__A        
200017b0  xdc_runtime_Diags_dictElems                                  
200017d0  ti_sysbios_family_arm_m3_Hwi_Module__root__V                 
200017d8  ti_sysbios_family_arm_m3_Hwi_Module_State_0_excActive__A     
200017dc  ti_sysbios_family_arm_m3_Hwi_Module_State_0_excContext__A    
200017e0  ti_sysbios_family_arm_m3_Hwi_Module_State_0_excStack__A      
200017e4  ti_sysbios_family_arm_m3_Timer_Module__root__V               
200017ec  ti_sysbios_family_arm_m3_Timer_Module__state__V              
200017f8  ti_sysbios_family_arm_m3_TimestampProvider_Module__state__V  
200017fc  ti_sysbios_family_arm_msp432_ClockFreqs_Module__state__V     
20001808  ti_sysbios_family_arm_msp432_Timer_Module__root__V           
20001810  ti_sysbios_family_arm_msp432_Timer_Module_State_0_device__A  
20001830  ti_sysbios_family_arm_msp432_Timer_Module_State_0_handles__A 
20001840  ti_sysbios_family_arm_msp432_Timer_Module__state__V          
2000184c  ti_sysbios_gates_GateHwi_Module__root__V                     
20001854  ti_sysbios_gates_GateHwi_Object__table__V                    
20001858  ti_sysbios_gates_GateMutex_Module__root__V                   
20001860  ti_sysbios_hal_Hwi_Module__root__V                           
20001868  ti_sysbios_heaps_HeapMem_Module__root__V                     
20001870  ti_sysbios_heaps_HeapMem_Object__table__V                    
20001888  ti_sysbios_knl_Clock_Module__root__V                         
20001890  ti_sysbios_knl_Event_Module__root__V                         
2000189c  ti_sysbios_knl_Queue_Module__root__V                         
200018a4  ti_sysbios_knl_Semaphore_Module__root__V                     
200018ac  ti_sysbios_knl_Swi_Module__root__V                           
200018b4  ti_sysbios_knl_Swi_Module__state__V                          
200018d0  ti_sysbios_knl_Task_Module__root__V                          
200018dc  ti_sysbios_knl_Task_Module_State_0_idleTask__A               
200018e0  ti_sysbios_utils_Load_Module_State_0_taskStartTime__A        
200018e4  ti_sysbios_utils_Load_Module_State_0_runningTask__A          
200018e8  ti_uia_loggers_LoggerStopMode_Module__root__V                
200018f0  ti_uia_loggers_LoggerStopMode_Module__state__V               
200018f8  ti_uia_runtime_QueueDescriptor_Module__state__V              
20001904  xdc_runtime_Error_Module__state__V                           
20001906  xdc_runtime_Main_Module__root__V                             
20001908  xdc_runtime_Memory_Module__state__V                          
2000190c  xdc_runtime_Registry_Module__state__V                        
20001914  xdc_runtime_Startup_Module__state__V                         
2000191c  xdc_runtime_SysMin_Module__state__V                          
20001928  xdc_runtime_System_Module_State_0_atexitHandlers__A          
20001930  xdc_runtime_System_Module__state__V                          
20001938  xdc_runtime_Text_Module__state__V                            
20001940  __xdc__init__addr                                            
20001944  PowerMSP432_perfLevels                                       
200019e0  ti_uia_loggers_LoggerStopMode_Object__table__V               
20001a7c  ti_sysbios_utils_Load_Module__state__V                       
20001b14  ti_sysbios_knl_Swi_Module_State_0_readyQ__A                  
20001b94  ti_sysbios_knl_Task_Module_State_0_readyQ__A                 
20001c14  ti_sysbios_knl_Swi_Object__table__V                          
20001c74  ti_sysbios_family_arm_msp432_Timer_Object__table__V          
20001cc0  ti_sysbios_knl_Task_Object__table__V                         
20001d0c  ti_sysbios_family_arm_m3_Hwi_Object__table__V                
20001d54  ti_sysbios_knl_Task_Module__state__V                         
20001d98  ti_sysbios_gates_GateMutex_Object__table__V                  
20001dd0  ti_sysbios_family_arm_m3_Hwi_Module__state__V                
20001e64  ti_sysbios_family_arm_m3_Timer_Object__table__V              
20001e94  ti_sysbios_knl_Clock_Module__state__V                        
20001ec0  PowerMSP432_module                                           
20001ee4  ti_sysbios_BIOS_Module__state__V                             
20001f0c  gpioPinConfigs                                               
20001f1c  gpioCallbackFunctions                                        
20001f24  _lock                                                        
20001f28  _unlock                                                      
20001f2c  __TI_cleanup_ptr                                             
20001f30  __TI_dtors_ptr                                               
20001f34  ti_uia_runtime_QueueDescriptor_gPtrToFirstDescriptor         
20001f38  ti_uia_runtime_QueueDescriptor_gUpdateCount                  
20001f40  main_func_sp                                                 
2000fd00  __stack                                                      
20010000  __STACK_END                                                  
4000480c  WDTCTL_SYM                                                   
e000e000  ti_sysbios_family_arm_m3_Hwi_nvic                            
ffffffff  __binit__                                                    
ffffffff  __c_args__                                                   
ffffffff  binit                                                        
UNDEFED   SHT$$INIT_ARRAY$$Base                                        
UNDEFED   SHT$$INIT_ARRAY$$Limit                                       

[774 symbols]
