******************************************************************************
                  TI ARM Linker Unix v5.2.6                    
******************************************************************************
>> Linked Mon Apr  4 20:08:28 2016

OUTPUT FILE NAME:   <uartecho_MSP_EXP432P401R_TI_MSP432P401R.out>
ENTRY POINT SYMBOL: "_c_int00"  address: 0000556d


MEMORY CONFIGURATION

         name            origin    length      used     unused   attr    fill
----------------------  --------  ---------  --------  --------  ----  --------
  MAIN                  00000000   00040000  0000b44c  00034bb4  R  X
  INFO                  00200000   00004000  00000000  00004000  R  X
  SRAM_CODE             01000000   00010000  00000000  00010000  RW X
  SRAM_DATA             20000000   00010000  00002205  0000ddfb  RW  


SEGMENT ALLOCATION MAP

run origin  load origin   length   init length attrs members
----------  ----------- ---------- ----------- ----- -------
00000000    00000000    0000b458   0000b458    r-x
  00000000    00000000    0000003c   0000003c    r-- .resetVecs
  00000040    00000040    0000833a   0000833a    r-x .text
  0000837c    0000837c    00002b7e   00002b7e    r-- .const
  0000af00    0000af00    00000558   00000558    r-- .cinit
20000000    20000000    00000140   00000000    rw-
  20000000    20000000    00000140   00000000    rw- .vecs
20000180    20000180    00001dc5   00000000    rw-
  20000180    20000180    00001630   00000000    rw- .bss
  200017b0    200017b0    00000795   00000000    rw- .data
2000fd00    2000fd00    00000300   00000000    rw-
  2000fd00    2000fd00    00000300   00000000    rw- .stack


SECTION ALLOCATION MAP

 output                                  attributes/
section   page    origin      length       input sections
--------  ----  ----------  ----------   ----------------
.text      0    00000040    0000833a     
                  00000040    0000047e     string.obj (.text:Graphics_drawString)
                  000004be    00000002     power_tirtos_MSP432P401R.aem4f : PowerMSP432_tirtos.oem4f (.text:PowerMSP432_initPolicy)
                  000004c0    00000430     sysbios.aem4f : BIOS.obj (.text:ti_sysbios_family_arm_m3_Hwi_excDumpRegs__I)
                  000008f0    0000034c     ti.targets.arm.rtsarm.aem4f : System.oem4f (.text:xdc_runtime_System_doPrint__I)
                  00000c3c    000002d4     rtsv7M4_T_le_v4SPD16_eabi.lib : trgdrv.obj (.text)
                  00000f10    00000260     drivers_MSP432P401R.aem4f : UARTMSP432.oem4f (.text:UARTMSP432_open)
                  00001170    000001ce     Crystalfontz128x128_ST7735.obj (.text:Crystalfontz128x128_PixelDrawMultiple)
                  0000133e    000001a0     msp432p4xx_driverlib.lib : pcm.o (.text:__PCM_setPowerStateAdvanced)
                  000014de    00000002     rtsv7M4_T_le_v4SPD16_eabi.lib : i_div0.obj (.text)
                  000014e0    00000174     sysbios.aem4f : BIOS.obj (.text:ti_sysbios_family_arm_m3_Hwi_excBusFault__I)
                  00001654    00000004     msp432p4xx_driverlib.lib : cpu.o (.text:CPU_wfi)
                  00001658    00000164     sysbios.aem4f : BIOS.obj (.text:ti_sysbios_family_arm_m3_Hwi_excUsageFault__I)
                  000017bc    00000154     msp432p4xx_driverlib.lib : adc14.o (.text:_getIndexForMemRegister)
                  00001910    00000148     sysbios.aem4f : BIOS.obj (.text:ti_sysbios_family_arm_m3_Hwi_excMemFault__I)
                  00001a58    00000140     drivers_MSP432P401R.aem4f : GPIOMSP432.oem4f (.text:GPIO_setConfig)
                  00001b98    00000138     sysbios.aem4f : BIOS.obj (.text:ti_sysbios_knl_Semaphore_pend__E)
                  00001cd0    00000138     uartecho_pem4f.oem4f (.text:ti_uia_loggers_LoggerStopMode_writeMemoryRange__E)
                  00001e08    00000134     Crystalfontz128x128_ST7735.obj (.text:Crystalfontz128x128_SetDrawFrame)
                  00001f3c    0000012c     Crystalfontz128x128_ST7735.obj (.text:Crystalfontz128x128_Init)
                  00002068    00000118     ti.targets.arm.rtsarm.aem4f : Error.oem4f (.text:xdc_runtime_Error_policyDefault__E)
                  00002180    0000010c     sysbios.aem4f : BIOS.obj (.text:ti_sysbios_family_arm_m3_Hwi_excFillContext__I)
                  0000228c    0000010c     uartecho_pem4f.oem4f (.text:ti_uia_loggers_LoggerStopMode_write8__E)
                  00002398    00000108     sysbios.aem4f : BIOS.obj (.text:ti_sysbios_family_arm_m3_Hwi_excHandlerMax__I)
                  000024a0    00000100     ti.targets.arm.rtsarm.aem4f : Core-mem.oem4f (.text:xdc_runtime_Core_createObject__I)
                  000025a0    000000fa     string.obj (.text:Graphics_getStringWidth)
                  0000269a    00000002     uartecho_pem4f.oem4f (.text:ti_sysbios_BIOS_nullFunc__I)
                  0000269c    000000f8     ti.targets.arm.rtsarm.aem4f : Startup.oem4f (.text:xdc_runtime_Startup_startMods__I)
                  00002794    000000f8     uartecho_pem4f.oem4f (.text:xdc_runtime_System_printfExtend__I)
                  0000288c    000000f4     drivers_MSP432P401R.aem4f : PowerMSP432.oem4f (.text:Power_sleep)
                  00002980    000000f4     sysbios.aem4f : m3_Hwi_asm.obj (.text:ti_sysbios_family_arm_m3_Hwi_dispatch__I)
                  00002a74    000000f4     uartecho_pem4f.oem4f (.text:ti_uia_loggers_LoggerStopMode_write4__E)
                  00002b68    000000f0     drivers_MSP432P401R.aem4f : PowerMSP432.oem4f (.text:initPerfControl)
                  00002c58    000000e8     uartecho_pem4f.oem4f (.text:ti_uia_loggers_LoggerStopMode_write2__E)
                  00002d40    000000e4     uartecho_pem4f.oem4f (.text:ti_uia_loggers_LoggerStopMode_write1__E)
                  00002e24    000000e0     msp432p4xx_driverlib.lib : cs.o (.text:CS_initClockSignal)
                  00002f04    000000dc                              : pcm.o (.text:__PCM_setPowerModeAdvanced)
                  00002fe0    000000d8     uartecho_pem4f.oem4f (.text:ti_uia_loggers_LoggerStopMode_write0__E)
                  000030b8    000000cc     sysbios.aem4f : BIOS.obj (.text:ti_sysbios_heaps_HeapMem_alloc__E)
                  00003184    00000004     msp432p4xx_driverlib.lib : spi.o (.text:EUSCI_A_SPI_transmitData)
                  00003188    000000cc     sysbios.aem4f : BIOS.obj (.text:ti_sysbios_knl_Task_Instance_init__E)
                  00003254    000000cc     ti.targets.arm.rtsarm.aem4f : Core-smem.oem4f (.text:xdc_runtime_Core_constructObject__I)
                  00003320    000000c4     main.obj (.text:init_adc)
                  000033e4    000000bc     main.obj (.text:echoFxn)
                  000034a0    000000bc     sysbios.aem4f : BIOS.obj (.text:ti_sysbios_family_arm_m3_Hwi_excDebugMon__I)
                  0000355c    00000004     msp432p4xx_driverlib.lib : spi.o (.text:EUSCI_B_SPI_transmitData)
                  00003560    000000bc     sysbios.aem4f : BIOS.obj (.text:ti_sysbios_family_arm_m3_Hwi_excHardFault__I)
                  0000361c    00000004     tirtosport.aem4f : HwiP_tirtos.oem4f (.text:HwiP_disable)
                  00003620    000000bc     sysbios.aem4f : BIOS.obj (.text:ti_sysbios_knl_Task_Instance_finalize__E)
                  000036dc    00000004     drivers_MSP432P401R.aem4f : List.oem4f (.text:List_head)
                  000036e0    000000b4     sysbios.aem4f : BIOS.obj (.text:ti_sysbios_knl_Task_checkStacks__E)
                  00003794    000000b0     drivers_MSP432P401R.aem4f : UARTMSP432.oem4f (.text:UARTMSP432_readPolling)
                  00003844    000000b0     msp432p4xx_driverlib.lib : pcm.o (.text:__PCM_setCoreVoltageLevelAdvanced)
                  000038f4    00000004     drivers_MSP432P401R.aem4f : List.oem4f (.text:List_next)
                  000038f8    000000a8     sysbios.aem4f : BIOS.obj (.text:ti_sysbios_family_arm_msp432_Timer_periodicStub__E)
                  000039a0    000000a4     drivers_MSP432P401R.aem4f : UARTMSP432.oem4f (.text:UARTMSP432_control)
                  00003a44    000000a0     auto_init.aem4f : auto_init.oem4f (.text)
                  00003ae4    000000a0     ti.targets.arm.rtsarm.aem4f : Text.oem4f (.text:xdc_runtime_Text_putMod__E)
                  00003b84    0000009c     Crystalfontz128x128_ST7735.obj (.text:Crystalfontz128x128_RectFill)
                  00003c20    0000009c     line.obj (.text:Graphics_drawLineH)
                  00003cbc    0000009c     drivers_MSP432P401R.aem4f : UARTMSP432.oem4f (.text:readTaskBlocking)
                  00003d58    0000009c     rtsv7M4_T_le_v4SPD16_eabi.lib : memcpy_t2.obj (.text)
                  00003df4    0000009a     ti.targets.arm.rtsarm.aem4f : Text.oem4f (.text:xdc_runtime_Text_putSite__E)
                  00003e8e    00000002     uartecho_pem4f.oem4f (.text:ti_uia_loggers_LoggerStopMode_setFilterLevel__E)
                  00003e90    00000094     msp432p4xx_driverlib.lib : uart.o (.text:UART_initModule)
                  00003f24    00000004     drivers_MSP432P401R.aem4f : PowerMSP432.oem4f (.text:PowerMSP432_getNumPerfLevels)
                  00003f28    00000094     sysbios.aem4f : BIOS.obj (.text:ti_sysbios_family_arm_m3_Hwi_Instance_init__E)
                  00003fbc    00000004     uartecho_pem4f.oem4f (.text:ti_sysbios_BIOS_RtsGateProxy_enter__E)
                  00003fc0    00000094     sysbios.aem4f : BIOS.obj (.text:ti_sysbios_family_arm_m3_Hwi_initNVIC__E)
                  00004054    00000090     ti.uia.loggers.aem4f : LoggerStopMode.oem4f (.text:ti_uia_loggers_LoggerStopMode_initQueueDescriptor__E)
                  000040e4    0000008c     sysbios.aem4f : m3_TaskSupport_asm.obj (.text:ti_sysbios_family_arm_m3_TaskSupport_buildTaskStack)
                  00004170    0000008c                   : BIOS.obj (.text:ti_sysbios_knl_Task_postInit__I)
                  000041fc    0000008a     drivers_MSP432P401R.aem4f : UARTMSP432.oem4f (.text:UARTMSP432_close)
                  00004286    00000088     msp432p4xx_driverlib.lib : spi.o (.text:SPI_initMaster)
                  0000430e    00000002     ti.uia.loggers.aem4f : LoggerStopMode.oem4f (.text:ti_uia_loggers_LoggerStopMode_setPriority__E)
                  00004310    00000084     drivers_MSP432P401R.aem4f : UARTMSP432.oem4f (.text:initHw)
                  00004394    00000004     uartecho_pem4f.oem4f (.text:ti_sysbios_BIOS_RtsGateProxy_leave__E)
                  00004398    00000084     sysbios.aem4f : BIOS.obj (.text:ti_sysbios_family_arm_m3_Hwi_postInit__I)
                  0000441c    00000084     drivers_MSP432P401R.aem4f : UARTMSP432.oem4f (.text:writeData)
                  000044a0    00000082                               : UARTMSP432.oem4f (.text:readIsrTextCallback)
                  00004522    00000006     msp432p4xx_driverlib.lib : uart.o (.text:UART_getInterruptStatus)
                  00004528    00000080     sysbios.aem4f : BIOS.obj (.text:ti_sysbios_utils_Load_updateLoads__E)
                  000045a8    0000007c     msp432p4xx_driverlib.lib : pcm.o (.text:PCM_gotoLPM3)
                  00004624    00000004     uartecho_pem4f.oem4f (.text:ti_sysbios_family_arm_m3_Hwi_destruct)
                  00004628    0000007c     sysbios.aem4f : BIOS.obj (.text:ti_sysbios_family_arm_m3_TimestampProvider_get64__E)
                  000046a4    00000004     uartecho_pem4f.oem4f (.text:ti_sysbios_family_arm_m3_TaskSupport_Module__startupDone__S)
                  000046a8    0000007c     sysbios.aem4f : BIOS.obj (.text:ti_sysbios_heaps_HeapMem_free__E)
                  00004724    0000007a     drivers_MSP432P401R.aem4f : UARTMSP432.oem4f (.text:UARTMSP432_write)
                  0000479e    0000007a                               : UARTMSP432.oem4f (.text:readTaskCallback)
                  00004818    0000007a     rtsv7M4_T_le_v4SPD16_eabi.lib : memset_t2.obj (.text)
                  00004892    00000002     --HOLE-- [fill = 0]
                  00004894    00000078     main.obj (.text:ADC14_IRQHandler)
                  0000490c    00000074     drivers_MSP432P401R.aem4f : UARTMSP432.oem4f (.text:readIsrTextBlocking)
                  00004980    00000074     ti.uia.runtime.aem4f : QueueDescriptor.oem4f (.text:ti_uia_runtime_QueueDescriptor_addToList__E)
                  000049f4    00000004     uartecho_pem4f.oem4f (.text:ti_sysbios_heaps_HeapMem_Module_GateProxy_enter__E)
                  000049f8    00000070     sysbios.aem4f : BIOS.obj (.text:ti_sysbios_knl_Semaphore_post__E)
                  00004a68    0000006d     ti.targets.arm.rtsarm.aem4f : System.oem4f (.text:xdc_runtime_System_formatNum__I)
                  00004ad5    00000003     --HOLE-- [fill = 0]
                  00004ad8    0000006c     sysbios.aem4f : BIOS.obj (.text:ti_sysbios_knl_Clock_workFunc__E)
                  00004b44    00000004     uartecho_pem4f.oem4f (.text:ti_sysbios_heaps_HeapMem_Module_GateProxy_leave__E)
                  00004b48    0000006c     sysbios.aem4f : BIOS.obj (.text:ti_sysbios_knl_Swi_restoreHwi__E)
                  00004bb4    00000004     uartecho_pem4f.oem4f (.text:ti_sysbios_knl_Clock_TimerProxy_getMaxTicks__E)
                  00004bb8    0000006c     sysbios.aem4f : BIOS.obj (.text:ti_sysbios_knl_Task_exit__E)
                  00004c24    0000006c     ti.targets.arm.rtsarm.aem4f : Error.oem4f (.text:xdc_runtime_Error_print__E)
                  00004c90    0000006c                                 : Memory.oem4f (.text:xdc_runtime_Memory_alloc__E)
                  00004cfc    0000006a     rtsv7M4_T_le_v4SPD16_eabi.lib : copy_decompress_rle.obj (.text)
                  00004d66    00000002     --HOLE-- [fill = 0]
                  00004d68    00000068     lcd_display.obj (.text:init_lcd)
                  00004dd0    00000068     rtsv7M4_T_le_v4SPD16_eabi.lib : trgmsg.obj (.text)
                  00004e38    00000066     ti.uia.loggers.aem4f : LoggerStopMode.oem4f (.text:ti_uia_loggers_LoggerStopMode_flush__E)
                  00004e9e    00000066     ti.targets.arm.rtsarm.aem4f : Core-mem.oem4f (.text:xdc_runtime_Core_deleteObject__I)
                  00004f04    00000064     drivers_MSP432P401R.aem4f : UARTMSP432.oem4f (.text:UARTMSP432_writePolling)
                  00004f68    00000064     main.obj (.text:main)
                  00004fcc    00000004     uartecho_pem4f.oem4f (.text:ti_sysbios_knl_Clock_destruct)
                  00004fd0    00000064     sysbios.aem4f : BIOS.obj (.text:ti_sysbios_family_arm_m3_Hwi_dispatchC__I)
                  00005034    00000004     uartecho_pem4f.oem4f (.text:ti_sysbios_knl_Queue_destruct)
                  00005038    00000064     sysbios.aem4f : BIOS.obj (.text:ti_sysbios_utils_Load_idleFxn__E)
                  0000509c    00000062     tirtosport.aem4f : HwiP_tirtos.oem4f (.text:HwiP_create)
                  000050fe    00000060     Crystalfontz128x128_ST7735.obj (.text:Crystalfontz128x128_LineDrawH)
                  0000515e    00000060     Crystalfontz128x128_ST7735.obj (.text:Crystalfontz128x128_LineDrawV)
                  000051be    00000002     --HOLE-- [fill = 0]
                  000051c0    00000060     sysbios.aem4f : BIOS.obj (.text:ti_sysbios_family_arm_m3_TimestampProvider_get32__E)
                  00005220    00000060                   : BIOS.obj (.text:ti_sysbios_knl_Task_schedule__I)
                  00005280    0000005c     drivers_MSP432P401R.aem4f : GPIOMSP432.oem4f (.text:GPIO_init)
                  000052dc    00000004     uartecho_pem4f.oem4f (.text:ti_sysbios_knl_Semaphore_destruct)
                  000052e0    0000005c     sysbios.aem4f : BIOS.obj (.text:ti_sysbios_knl_Swi_run__I)
                  0000533c    00000004     ti.uia.loggers.aem4f : LoggerStopMode.oem4f (.text:ti_uia_loggers_LoggerStopMode_getContents__E)
                  00005340    0000005c     sysbios.aem4f : BIOS.obj (.text:ti_sysbios_knl_Swi_schedule__I)
                  0000539c    00000004     uartecho_pem4f.oem4f (.text:ti_uia_loggers_LoggerStopMode_getFilterLevel__E)
                  000053a0    0000005c     sysbios.aem4f : BIOS.obj (.text:ti_sysbios_knl_Task_Module_startup__E)
                  000053fc    00000004     ti.uia.loggers.aem4f : LoggerStopMode.oem4f (.text:ti_uia_loggers_LoggerStopMode_getInstanceId__E)
                  00005400    0000005c     sysbios.aem4f : BIOS.obj (.text:ti_sysbios_knl_Task_startCore__E)
                  0000545c    0000005b     ti.targets.arm.rtsarm.aem4f : Text.oem4f (.text:xdc_runtime_Text_putLab__E)
                  000054b7    00000001     --HOLE-- [fill = 0]
                  000054b8    0000005a     tirtosport.aem4f : ClockP_tirtos.oem4f (.text:ClockP_create)
                  00005512    00000058                      : SemaphoreP_tirtos.oem4f (.text:SemaphoreP_create)
                  0000556a    00000002     --HOLE-- [fill = 0]
                  0000556c    00000058     boot.aem4f : boot.oem4f (.text)
                  000055c4    00000058     uartecho_pem4f.oem4f (.text:ti_sysbios_family_arm_m3_Hwi_construct)
                  0000561c    00000058     sysbios.aem4f : m3_Hwi_asm_switch.obj (.text:ti_sysbios_family_arm_m3_Hwi_initStacks__E)
                  00005674    00000054     Crystalfontz128x128_ST7735.obj (.text:Crystalfontz128x128_SetOrientation)
                  000056c8    00000054     drivers_MSP432P401R.aem4f : GPIOMSP432.oem4f (.text:GPIO_hwiIntFxn)
                  0000571c    00000054                               : GPIOMSP432.oem4f (.text:GPIO_setCallback)
                  00005770    00000054     main.obj (.text:show_adc14_info)
                  000057c4    00000004     ti.uia.loggers.aem4f : LoggerStopMode.oem4f (.text:ti_uia_loggers_LoggerStopMode_getMaxLength__E)
                  000057c8    00000054     sysbios.aem4f : BIOS.obj (.text:ti_sysbios_family_arm_m3_Timer_start__E)
                  0000581c    00000004     ti.uia.loggers.aem4f : LoggerStopMode.oem4f (.text:ti_uia_loggers_LoggerStopMode_getPriority__E)
                  00005820    00000054     sysbios.aem4f : BIOS.obj (.text:ti_sysbios_family_arm_msp432_Timer_initDevice__I)
                  00005874    00000004     ti.uia.loggers.aem4f : LoggerStopMode.oem4f (.text:ti_uia_loggers_LoggerStopMode_getTransferType__E)
                  00005878    00000054     sysbios.aem4f : BIOS.obj (.text:ti_sysbios_family_arm_msp432_init_Boot_configureClocksHigh)
                  000058cc    00000054     uartecho_pem4f.oem4f (.text:ti_sysbios_knl_Task_construct)
                  00005920    00000054     ti.targets.arm.rtsarm.aem4f : Assert.oem4f (.text:xdc_runtime_Assert_raise__I)
                  00005974    00000052     drivers_MSP432P401R.aem4f : UARTMSP432.oem4f (.text:UARTMSP432_writeCancel)
                  000059c6    00000002     --HOLE-- [fill = 0]
                  000059c8    00000050     msp432p4xx_driverlib.lib : pcm.o (.text:PCM_shutdownDevice)
                  00005a18    00000050     power_tirtos_MSP432P401R.aem4f : PowerMSP432_tirtos.oem4f (.text:PowerMSP432_sleepPolicy)
                  00005a68    00000050     sysbios.aem4f : BIOS.obj (.text:ti_sysbios_family_arm_m3_Hwi_Module_startup__E)
                  00005ab8    00000050     ti.targets.arm.rtsarm.aem4f : Startup.oem4f (.text:xdc_runtime_Startup_exec__E)
                  00005b08    00000050                                 : Text.oem4f (.text:xdc_runtime_Text_visitRope2__I)
                  00005b58    0000004c     msp432p4xx_driverlib.lib : gpio.o (.text:GPIO_setAsPeripheralModuleFunctionOutputPin)
                  00005ba4    0000004c     rtsv7M4_T_le_v4SPD16_eabi.lib : cpy_tbl.obj (.text)
                  00005bf0    0000004c     sysbios.aem4f : BIOS.obj (.text:ti_sysbios_family_arm_msp432_Timer_start__E)
                  00005c3c    00000004     ti.targets.arm.rtsarm.aem4f : Error.oem4f (.text:xdc_runtime_Error_getSite__E)
                  00005c40    0000004c     sysbios.aem4f : BIOS.obj (.text:ti_sysbios_heaps_HeapMem_getStats__E)
                  00005c8c    00000004     uartecho_pem4f.oem4f (.text:xdc_runtime_System_Module_GateProxy_enter__E)
                  00005c90    0000004c     sysbios.aem4f : BIOS.obj (.text:ti_sysbios_knl_Swi_runLoop__I)
                  00005cdc    00000004     uartecho_pem4f.oem4f (.text:xdc_runtime_System_Module_GateProxy_leave__E)
                  00005ce0    0000004c     sysbios.aem4f : BIOS.obj (.text:ti_sysbios_knl_Task_allBlockedFunction__I)
                  00005d2c    0000004c     ti.uia.loggers.aem4f : LoggerStopMode.oem4f (.text:ti_uia_loggers_LoggerStopMode_Module_startup__E)
                  00005d78    0000004c     lcd_display.obj (.text:write_lcd)
                  00005dc4    0000004a     context.obj (.text:Graphics_initContext)
                  00005e0e    00000002     --HOLE-- [fill = 0]
                  00005e10    00000048     msp432p4xx_driverlib.lib : gpio.o (.text:GPIO_setAsPeripheralModuleFunctionInputPin)
                  00005e58    00000048     string.obj (.text:Graphics_drawStringCentered)
                  00005ea0    00000048     sysbios.aem4f : BIOS.obj (.text:ti_sysbios_family_arm_m3_Hwi_disableInterrupt__E)
                  00005ee8    00000048                   : BIOS.obj (.text:ti_sysbios_family_arm_m3_Hwi_enableInterrupt__E)
                  00005f30    00000048                   : BIOS.obj (.text:ti_sysbios_family_arm_m3_Hwi_excReserved__I)
                  00005f78    00000048                   : BIOS.obj (.text:ti_sysbios_family_arm_m3_Timer_initDevice__I)
                  00005fc0    00000048                   : BIOS.obj (.text:ti_sysbios_family_arm_m3_Timer_setPeriod__E)
                  00006008    00000046     drivers_MSP432P401R.aem4f : RingBuf.oem4f (.text:RingBuf_put)
                  0000604e    00000046                               : UARTMSP432.oem4f (.text:readIsrBinaryBlocking)
                  00006094    00000046     ti.targets.arm.rtsarm.aem4f : Core-params.oem4f (.text:xdc_runtime_Core_assignParams__I)
                  000060da    00000002     --HOLE-- [fill = 0]
                  000060dc    00000044     rtsv7M4_T_le_v4SPD16_eabi.lib : exit.obj (.text)
                  00006120    00000044     sysbios.aem4f : BIOS.obj (.text:ti_sysbios_family_arm_m3_Hwi_getStackInfo__E)
                  00006164    00000004     ti.targets.arm.rtsarm.aem4f : System.oem4f (.text:xdc_runtime_System_aprintf_va__F)
                  00006168    00000044     sysbios.aem4f : BIOS.obj (.text:ti_sysbios_knl_Swi_post__E)
                  000061ac    00000044     ti.uia.loggers.aem4f : LoggerStopMode.oem4f (.text:ti_uia_loggers_LoggerStopMode_initBuffer__I)
                  000061f0    00000044     ti.targets.arm.rtsarm.aem4f : Error.oem4f (.text:xdc_runtime_Error_setX__E)
                  00006234    00000044                                 : SysMin.oem4f (.text:xdc_runtime_SysMin_flush__E)
                  00006278    00000044                                 : Text.oem4f (.text:xdc_runtime_Text_xprintf__I)
                  000062bc    00000042     drivers_MSP432P401R.aem4f : UARTMSP432.oem4f (.text:UARTMSP432_hwiIntFxn)
                  000062fe    00000040     Crystalfontz128x128_ST7735.obj (.text:Crystalfontz128x128_PixelDraw)
                  0000633e    00000002     --HOLE-- [fill = 0]
                  00006340    00000040     msp432p4xx_driverlib.lib : flash.o (.text:FlashCtl_disableReadBuffering)
                  00006380    00000040     string.obj (.text:Graphics_getNumberOfLeadingZeros)
                  000063c0    00000040     HAL_MSP_EXP432P401R_Crystalfontz128x128_ST7735.obj (.text:HAL_LCD_SpiInit)
                  00006400    00000040     drivers_MSP432P401R.aem4f : RingBuf.oem4f (.text:RingBuf_get)
                  00006440    00000040                               : UARTMSP432.oem4f (.text:UARTMSP432_read)
                  00006480    00000040                               : PowerMSP432.oem4f (.text:notify)
                  000064c0    00000040     rtsv7M4_T_le_v4SPD16_eabi.lib : u_divt2.obj (.text)
                  00006500    00000040     sysbios.aem4f : BIOS.obj (.text:ti_sysbios_family_arm_msp432_Timer_Module_startup__E)
                  00006540    00000040                   : BIOS.obj (.text:ti_sysbios_family_arm_msp432_Timer_startup__E)
                  00006580    00000040                   : BIOS.obj (.text:ti_sysbios_heaps_HeapMem_Instance_init__E)
                  000065c0    0000003c     drivers_MSP432P401R.aem4f : PowerMSP432.oem4f (.text:Power_init)
                  000065fc    00000004     ti.targets.arm.rtsarm.aem4f : System.oem4f (.text:xdc_runtime_System_printf_va__F)
                  00006600    0000003c     sysbios.aem4f : BIOS.obj (.text:ti_sysbios_family_arm_m3_Hwi_excSvCall__I)
                  0000663c    00000004     --HOLE-- [fill = 0]
                  00006640    0000003c                   : BIOS.obj (.text:ti_sysbios_heaps_HeapMem_init__I)
                  0000667c    00000004     --HOLE-- [fill = 0]
                  00006680    0000003c                   : BIOS.obj (.text:ti_sysbios_knl_Clock_Instance_init__E)
                  000066bc    00000004     --HOLE-- [fill = 0]
                  000066c0    0000003c                   : BIOS.obj (.text:ti_sysbios_knl_Swi_restore__E)
                  000066fc    0000003a     drivers_MSP432P401R.aem4f : UARTMSP432.oem4f (.text:readIsrBinaryCallback)
                  00006736    00000002     --HOLE-- [fill = 0]
                  00006738    00000038                               : UART.oem4f (.text:UART_init)
                  00006770    00000038     sysbios.aem4f : BIOS.obj (.text:ti_sysbios_family_arm_m3_Hwi_excNoIsr__I)
                  000067a8    00000038     ti.targets.arm.rtsarm.aem4f : SysMin.oem4f (.text:xdc_runtime_SysMin_putch__E)
                  000067e0    00000038                                 : System.oem4f (.text:xdc_runtime_System_atexit__E)
                  00006818    00000036     drivers_MSP432P401R.aem4f : UARTMSP432.oem4f (.text:UARTMSP432_readCancel)
                  0000684e    00000036                               : UARTMSP432.oem4f (.text:perfChangeNotifyFxn)
                  00006884    00000034     msp432p4xx_driverlib.lib : flash.o (.text:FlashCtl_enableReadBuffering)
                  000068b8    00000034     display.obj (.text:Graphics_drawHorizontalLineOnDisplay)
                  000068ec    00000034     HAL_MSP_EXP432P401R_Crystalfontz128x128_ST7735.obj (.text:HAL_LCD_writeCommand)
                  00006920    00000034     sysbios.aem4f : BIOS.obj (.text:ti_sysbios_family_arm_m3_Hwi_Instance_finalize__E)
                  00006954    00000004     --HOLE-- [fill = 0]
                  00006958    00000034                   : BIOS.obj (.text:ti_sysbios_family_arm_m3_Hwi_excNmi__I)
                  0000698c    00000004     --HOLE-- [fill = 0]
                  00006990    00000034                   : BIOS.obj (.text:ti_sysbios_family_arm_m3_Timer_periodicStub__I)
                  000069c4    00000004     --HOLE-- [fill = 0]
                  000069c8    00000034                   : BIOS.obj (.text:ti_sysbios_hal_Hwi_checkStack)
                  000069fc    00000034     uartecho_pem4f.oem4f (.text:ti_sysbios_knl_Clock_construct)
                  00006a30    00000034     ti.uia.loggers.aem4f : LoggerStopMode.oem4f (.text:ti_uia_loggers_LoggerStopMode_reset__E)
                  00006a64    00000034     ti.targets.arm.rtsarm.aem4f : Core-label.oem4f (.text:xdc_runtime_Core_assignLabel__I)
                  00006a98    00000033                                 : Text.oem4f (.text:xdc_runtime_Text_printVisFxn__I)
                  00006acb    00000005     --HOLE-- [fill = 0]
                  00006ad0    00000032     sysbios.aem4f : BIOS.obj (.text:ti_sysbios_hal_Hwi_initStack)
                  00006b02    00000002     --HOLE-- [fill = 0]
                  00006b04    00000030     drivers_MSP432P401R.aem4f : GPIOMSP432.oem4f (.text:GPIO_getEnabledInterruptStatus_WA)
                  00006b34    00000030     msp432p4xx_driverlib.lib : gpio.o (.text:GPIO_setAsInputPinWithPullDownResistor)
                  00006b64    00000030                              : gpio.o (.text:GPIO_setAsInputPinWithPullUpResistor)
                  00006b94    00000030     HAL_MSP_EXP432P401R_Crystalfontz128x128_ST7735.obj (.text:HAL_LCD_PortInit)
                  00006bc4    00000030     drivers_MSP432P401R.aem4f : UART.oem4f (.text:UART_open)
                  00006bf4    00000030     msp432p4xx_driverlib.lib : spi.o (.text:is_A_Module)
                  00006c24    00000030     uartecho_pem4f.oem4f (.text:ti_sysbios_BIOS_atExitFunc__I)
                  00006c54    00000004     --HOLE-- [fill = 0]
                  00006c58    00000030     sysbios.aem4f : BIOS.obj (.text:ti_sysbios_family_arm_m3_TaskSupport_start__E)
                  00006c88    00000030                   : BIOS.obj (.text:ti_sysbios_family_arm_msp432_Timer_setPeriod__E)
                  00006cb8    00000030     uartecho_pem4f.oem4f (.text:ti_sysbios_gates_GateHwi_Object__create__S)
                  00006ce8    00000030     uartecho_pem4f.oem4f (.text:ti_sysbios_gates_GateMutex_Object__create__S)
                  00006d18    00000030     sysbios.aem4f : BIOS.obj (.text:ti_sysbios_gates_GateMutex_enter__E)
                  00006d48    00000030     uartecho_pem4f.oem4f (.text:ti_sysbios_heaps_HeapMem_Object__create__S)
                  00006d78    00000030     uartecho_pem4f.oem4f (.text:ti_sysbios_knl_Semaphore_construct)
                  00006da8    00000030     sysbios.aem4f : BIOS.obj (.text:ti_sysbios_knl_Semaphore_pendTimeout__I)
                  00006dd8    00000030                   : BIOS.obj (.text:ti_sysbios_knl_Task_processVitalTaskFlag__I)
                  00006e08    00000030                   : BIOS.obj (.text:ti_sysbios_knl_Task_unblockI__E)
                  00006e38    00000030                   : BIOS.obj (.text:ti_sysbios_utils_Load_updateCurrentThreadTime__E)
                  00006e68    00000030     uartecho_pem4f.oem4f (.text:ti_uia_loggers_LoggerStopMode_Object__create__S)
                  00006e98    00000030     ti.targets.arm.rtsarm.aem4f : SysMin.oem4f (.text:xdc_runtime_SysMin_abort__E)
                  00006ec8    00000030                                 : System.oem4f (.text:xdc_runtime_System_processAtExit__E)
                  00006ef8    0000002c     Crystalfontz128x128_ST7735.obj (.text:Crystalfontz128x128_ClearScreen)
                  00006f24    0000002c     msp432p4xx_driverlib.lib : gpio.o (.text:GPIO_setAsInputPin)
                  00006f50    0000002c                              : pcm.o (.text:PCM_getCoreVoltageLevel)
                  00006f7c    0000002c     power_tirtos_MSP432P401R.aem4f : PowerMSP432_tirtos.oem4f (.text:PowerMSP432_updateFreqs)
                  00006fa8    0000002c     drivers_MSP432P401R.aem4f : PowerMSP432.oem4f (.text:Power_releaseConstraint)
                  00006fd4    0000002c                               : PowerMSP432.oem4f (.text:Power_setConstraint)
                  00007000    0000002c     uartecho_pem4f.oem4f (.text:ti_sysbios_knl_Clock_doTick__I)
                  0000702c    0000002c     uartecho_pem4f.oem4f (.text:ti_sysbios_knl_Queue_construct)
                  00007058    0000002c     sysbios.aem4f : BIOS.obj (.text:ti_sysbios_knl_Task_restore__E)
                  00007084    0000002c     ti.targets.arm.rtsarm.aem4f : Text.oem4f (.text:xdc_runtime_Text_cordText__E)
                  000070b0    0000002a     display.obj (.text:Graphics_drawPixelOnDisplay)
                  000070da    0000002a     msp432p4xx_driverlib.lib : pcm.o (.text:PCM_getPowerMode)
                  00007104    0000002a     drivers_MSP432P401R.aem4f : UARTMSP432.oem4f (.text:findBaudDividerIndex)
                  0000712e    0000002a     main.obj (.text:init_clocks)
                  00007158    0000002a     ti.targets.arm.rtsarm.aem4f : System.oem4f (.text:xdc_runtime_System_putchar__I)
                  00007182    00000028     Crystalfontz128x128_ST7735.obj (.text:Crystalfontz128x128_ColorTranslate)
                  000071aa    00000002     --HOLE-- [fill = 0]
                  000071ac    00000028     msp432p4xx_driverlib.lib : flash.o (.text:FlashCtl_setWaitState)
                  000071d4    00000028                              : pcm.o (.text:PCM_gotoLPM0)
                  000071fc    00000028     uartecho_pem4f.oem4f (.text:ti_sysbios_BIOS_startFunc__I)
                  00007224    00000004     --HOLE-- [fill = 0]
                  00007228    00000028     sysbios.aem4f : BIOS.obj (.text:ti_sysbios_knl_Clock_addI__E)
                  00007250    00000028                   : BIOS.obj (.text:ti_sysbios_knl_Swi_Module_startup__E)
                  00007278    00000026     drivers_MSP432P401R.aem4f : List.oem4f (.text:List_put)
                  0000729e    00000026     sysbios.aem4f : m3_Hwi_asm.obj (.text:ti_sysbios_family_arm_m3_Hwi_pendSV__I)
                  000072c4    00000026     ti.targets.arm.rtsarm.aem4f : System.oem4f (.text:xdc_runtime_System_avprintf__E)
                  000072ea    00000002     --HOLE-- [fill = 0]
                  000072ec    00000024     msp432p4xx_driverlib.lib : cs.o (.text:CS_setDCOCenteredFrequency)
                  00007310    00000024                              : gpio.o (.text:GPIO_setAsOutputPin)
                  00007334    00000024     HAL_MSP_EXP432P401R_Crystalfontz128x128_ST7735.obj (.text:HAL_LCD_writeData)
                  00007358    00000024     msp432p4xx_driverlib.lib : rtc_c.o (.text:RTC_C_holdClock)
                  0000737c    00000024                              : rtc_c.o (.text:RTC_C_startClock)
                  000073a0    00000024                              : uart.o (.text:UART_disableInterrupt)
                  000073c4    00000024                              : uart.o (.text:UART_receiveData)
                  000073e8    00000024                              : uart.o (.text:UART_transmitData)
                  0000740c    00000024     uartecho_pem4f.oem4f (.text:ti_sysbios_BIOS_errorRaiseHook__I)
                  00007430    00000024     uartecho_pem4f.oem4f (.text:ti_sysbios_BIOS_registerRTSLock__I)
                  00007454    00000024     uartecho_pem4f.oem4f (.text:ti_sysbios_BIOS_removeRTSLock__I)
                  00007478    00000024     sysbios.aem4f : BIOS.obj (.text:ti_sysbios_family_arm_m3_Timer_Module_startup__E)
                  0000749c    00000004     --HOLE-- [fill = 0]
                  000074a0    00000024                   : BIOS.obj (.text:ti_sysbios_family_arm_m3_Timer_postInit__I)
                  000074c4    00000004     --HOLE-- [fill = 0]
                  000074c8    00000024                   : BIOS.obj (.text:ti_sysbios_family_arm_m3_Timer_startup__E)
                  000074ec    00000004     --HOLE-- [fill = 0]
                  000074f0    00000024                   : BIOS.obj (.text:ti_sysbios_family_arm_msp432_ClockFreqs_setFrequency__E)
                  00007514    00000004     --HOLE-- [fill = 0]
                  00007518    00000024                   : BIOS.obj (.text:ti_sysbios_family_arm_msp432_Timer_postInit__I)
                  0000753c    00000024     uartecho_pem4f.oem4f (.text:ti_sysbios_gates_GateMutex_Object__delete__S)
                  00007560    00000024     sysbios.aem4f : BIOS.obj (.text:ti_sysbios_knl_Clock_Module_startup__E)
                  00007584    00000004     --HOLE-- [fill = 0]
                  00007588    00000024                   : BIOS.obj (.text:ti_sysbios_knl_Clock_start__E)
                  000075ac    00000004     --HOLE-- [fill = 0]
                  000075b0    00000024                   : BIOS.obj (.text:ti_sysbios_knl_Semaphore_Instance_init__E)
                  000075d4    00000004     --HOLE-- [fill = 0]
                  000075d8    00000024                   : BIOS.obj (.text:ti_sysbios_knl_Task_restoreHwi__E)
                  000075fc    00000004     --HOLE-- [fill = 0]
                  00007600    00000024                   : BIOS.obj (.text:ti_sysbios_utils_Load_updateThreadContexts__E)
                  00007624    00000024     ti.targets.arm.rtsarm.aem4f : System.oem4f (.text:xdc_runtime_System_vprintf__E)
                  00007648    00000022     uartecho_pem4f.oem4f (.text:xdc_runtime_SysMin_output__I)
                  0000766a    00000002     --HOLE-- [fill = 0]
                  0000766c    00000020     msp432p4xx_driverlib.lib : gpio.o (.text:GPIO_interruptEdgeSelect)
                  0000768c    00000020     drivers_MSP432P401R.aem4f : PowerMSP432.oem4f (.text:PowerMSP432_getFreqs)
                  000076ac    00000020                               : PowerMSP432.oem4f (.text:Power_idleFunc)
                  000076cc    00000020                               : PowerMSP432.oem4f (.text:Power_unregisterNotify)
                  000076ec    00000020     msp432p4xx_driverlib.lib : spi.o (.text:SPI_transmitData)
                  0000770c    00000020     uartecho_pem4f.oem4f (.text:ti_sysbios_BIOS_rtsLock__I)
                  0000772c    00000020     sysbios.aem4f : m3_Hwi_asm.obj (.text:ti_sysbios_family_arm_m3_Hwi_excHandlerAsm__I)
                  0000774c    00000004     --HOLE-- [fill = 0]
                  00007750    00000020                   : BIOS.obj (.text:ti_sysbios_family_arm_m3_Hwi_excHandler__I)
                  00007770    00000020                   : BIOS.obj (.text:ti_sysbios_family_arm_m3_TimestampProvider_Module_startup__E)
                  00007790    00000020     uartecho_pem4f.oem4f (.text:ti_sysbios_gates_GateHwi_Object__delete__S)
                  000077b0    00000020     uartecho_pem4f.oem4f (.text:ti_sysbios_heaps_HeapMem_Object__delete__S)
                  000077d0    00000020     uartecho_pem4f.oem4f (.text:ti_sysbios_knl_Clock_Object__destruct__S)
                  000077f0    00000020     sysbios.aem4f : BIOS.obj (.text:ti_sysbios_knl_Idle_run__E)
                  00007810    00000020     uartecho_pem4f.oem4f (.text:ti_sysbios_knl_Semaphore_Object__destruct__S)
                  00007830    00000020     uartecho_pem4f.oem4f (.text:ti_uia_loggers_LoggerStopMode_Object__delete__S)
                  00007850    00000020     ti.targets.arm.rtsarm.aem4f : Registry.oem4f (.text:xdc_runtime_Registry_findById__E)
                  00007870    00000020                                 : SysMin.oem4f (.text:xdc_runtime_SysMin_Module_startup__E)
                  00007890    0000001e     sysbios.aem4f : m3_Hwi_asm_switch.obj (.text:ti_sysbios_family_xxx_Hwi_switchAndRunFunc)
                  000078ae    0000001c     MSP_EXP432P401R.obj (.text:MSP_EXP432P401R_initUART)
                  000078ca    00000002     --HOLE-- [fill = 0]
                  000078cc    0000001c     drivers_MSP432P401R.aem4f : PowerMSP432.oem4f (.text:Power_registerNotify)
                  000078e8    0000001c     uartecho_pem4f.oem4f (.text:ti_sysbios_family_arm_m3_Hwi_Object__destruct__S)
                  00007904    00000004     --HOLE-- [fill = 0]
                  00007908    0000001c     sysbios.aem4f : BIOS.obj (.text:ti_sysbios_family_arm_m3_Timer_stop__E)
                  00007924    00000004     --HOLE-- [fill = 0]
                  00007928    0000001c                   : BIOS.obj (.text:ti_sysbios_gates_GateMutex_Instance_init__E)
                  00007944    00000004     --HOLE-- [fill = 0]
                  00007948    0000001c                   : BIOS.obj (.text:ti_sysbios_knl_Clock_Instance_finalize__E)
                  00007964    0000001c     uartecho_pem4f.oem4f (.text:ti_sysbios_knl_Queue_Object__destruct__S)
                  00007980    0000001c     sysbios.aem4f : BIOS.obj (.text:ti_sysbios_knl_Queue_put__E)
                  0000799c    00000004     --HOLE-- [fill = 0]
                  000079a0    0000001c                   : BIOS.obj (.text:ti_sysbios_knl_Task_enter__I)
                  000079bc    0000001c     ti.uia.loggers.aem4f : LoggerStopMode.oem4f (.text:ti_uia_loggers_LoggerStopMode_Instance_init__E)
                  000079d8    0000001c     ti.targets.arm.rtsarm.aem4f : Error.oem4f (.text:xdc_runtime_Error_raiseX__E)
                  000079f4    0000001c                                 : Memory.oem4f (.text:xdc_runtime_Memory_valloc__E)
                  00007a10    0000001c                                 : SysMin.oem4f (.text:xdc_runtime_SysMin_exit__E)
                  00007a2c    0000001c                                 : System.oem4f (.text:xdc_runtime_System_abort__E)
                  00007a48    0000001a     context.obj (.text:Graphics_setBackgroundColor)
                  00007a62    0000001a     context.obj (.text:Graphics_setFont)
                  00007a7c    0000001a     drivers_MSP432P401R.aem4f : List.oem4f (.text:List_remove)
                  00007a96    0000001a     msp432p4xx_driverlib.lib : spi.o (.text:SPI_enableModule)
                  00007ab0    0000001a     uartecho_pem4f.oem4f (.text:ti_sysbios_family_arm_m3_Hwi_Handle__label__S)
                  00007aca    0000001a     uartecho_pem4f.oem4f (.text:ti_sysbios_gates_GateHwi_Handle__label__S)
                  00007ae4    0000001a     uartecho_pem4f.oem4f (.text:ti_sysbios_gates_GateMutex_Handle__label__S)
                  00007afe    0000001a     uartecho_pem4f.oem4f (.text:ti_sysbios_heaps_HeapMem_Handle__label__S)
                  00007b18    0000001a     uartecho_pem4f.oem4f (.text:ti_sysbios_knl_Swi_Handle__label__S)
                  00007b32    0000001a     uartecho_pem4f.oem4f (.text:ti_sysbios_knl_Task_Handle__label__S)
                  00007b4c    0000001a     uartecho_pem4f.oem4f (.text:ti_uia_loggers_LoggerStopMode_Handle__label__S)
                  00007b66    0000001a     uartecho_pem4f.oem4f (.text:xdc_runtime_System_aprintf__E)
                  00007b80    0000001a     uartecho_pem4f.oem4f (.text:xdc_runtime_System_printf__E)
                  00007b9a    00000002     --HOLE-- [fill = 0]
                  00007b9c    00000018     msp432p4xx_driverlib.lib : adc14.o (.text:ADC14_getResult)
                  00007bb4    00000018                              : gpio.o (.text:GPIO_clearInterruptFlag)
                  00007bcc    00000018                              : gpio.o (.text:GPIO_setDriveStrengthLow)
                  00007be4    00000018                              : gpio.o (.text:GPIO_setOutputLowOnPin)
                  00007bfc    00000018     display.obj (.text:Graphics_clearDisplayOnDisplay)
                  00007c14    00000018     drivers_MSP432P401R.aem4f : UART.oem4f (.text:UART_Params_init)
                  00007c2c    00000018     msp432p4xx_driverlib.lib : wdt_a.o (.text:WDT_A_holdTimer)
                  00007c44    00000018     rtsv7M4_T_le_v4SPD16_eabi.lib : args_main.obj (.text)
                  00007c5c    00000018     uartecho_pem4f.oem4f (.text:ti_sysbios_BIOS_rtsUnlock__I)
                  00007c74    00000018     uartecho_pem4f.oem4f (.text:ti_sysbios_family_arm_m3_Hwi_Module__startupDone__F)
                  00007c8c    00000018     sysbios.aem4f : m3_TaskSupport_asm.obj (.text:ti_sysbios_family_arm_m3_TaskSupport_swap__E)
                  00007ca4    00000018     uartecho_pem4f.oem4f (.text:ti_sysbios_family_arm_msp432_Timer_Module__startupDone__F)
                  00007cbc    00000004     --HOLE-- [fill = 0]
                  00007cc0    00000018     sysbios.aem4f : BIOS.obj (.text:ti_sysbios_gates_GateMutex_leave__E)
                  00007cd8    00000018     ti.targets.arm.rtsarm.aem4f : Error.oem4f (.text:xdc_runtime_Error_check__E)
                  00007cf0    00000018                                 : System.oem4f (.text:xdc_runtime_System_exit__E)
                  00007d08    00000018                                 : Text.oem4f (.text:xdc_runtime_Text_ropeText__E)
                  00007d20    00000016     tirtosport.aem4f : ClockP_tirtos.oem4f (.text:ClockP_delete)
                  00007d36    00000016     context.obj (.text:Graphics_setForegroundColor)
                  00007d4c    00000016     display.obj (.text:Graphics_translateColorOnDisplay)
                  00007d62    00000016     tirtosport.aem4f : HwiP_tirtos.oem4f (.text:HwiP_delete)
                  00007d78    00000016                      : SemaphoreP_tirtos.oem4f (.text:SemaphoreP_delete)
                  00007d8e    00000016     msp432p4xx_driverlib.lib : uart.o (.text:UART_enableInterrupt)
                  00007da4    00000016     uartecho_pem4f.oem4f (.text:ti_sysbios_BIOS_exitFunc__I)
                  00007dba    00000016     main.obj (.text:ti_sysbios_knl_Task_Params_init)
                  00007dd0    00000016     sysbios.aem4f : BIOS.obj (.text:ti_sysbios_knl_Task_unblock__E)
                  00007de6    00000016     ti.uia.loggers.aem4f : LoggerStopMode.oem4f (.text:ti_uia_loggers_LoggerStopMode_disable__E)
                  00007dfc    00000016                          : LoggerStopMode.oem4f (.text:ti_uia_loggers_LoggerStopMode_enable__E)
                  00007e12    00000002     --HOLE-- [fill = 0]
                  00007e14    00000014     msp432p4xx_driverlib.lib : gpio.o (.text:GPIO_setDriveStrengthHigh)
                  00007e28    00000014                              : gpio.o (.text:GPIO_setOutputHighOnPin)
                  00007e3c    00000014                              : wdt_a.o (.text:WDT_A_startTimer)
                  00007e50    00000014     rtsv7M4_T_le_v4SPD16_eabi.lib : _lock.obj (.text)
                  00007e64    00000014                                   : strcpy.obj (.text)
                  00007e78    00000014                                   : strlen.obj (.text)
                  00007e8c    00000014     uartecho_pem4f.oem4f (.text:ti_sysbios_family_arm_m3_Hwi_Object__get__S)
                  00007ea0    00000014     sysbios.aem4f : BIOS.obj (.text:ti_sysbios_family_arm_m3_Hwi_switchFromBootStack__E)
                  00007eb4    00000014     uartecho_pem4f.oem4f (.text:ti_sysbios_heaps_HeapMem_Object__get__S)
                  00007ec8    00000014     uartecho_pem4f.oem4f (.text:ti_sysbios_knl_Swi_Object__get__S)
                  00007edc    00000012     tirtosport.aem4f : ClockP_tirtos.oem4f (.text:ClockP_start)
                  00007eee    00000012     context.obj (.text:Graphics_clearDisplay)
                  00007f00    00000012     drivers_MSP432P401R.aem4f : RingBuf.oem4f (.text:RingBuf_construct)
                  00007f12    00000012     tirtosport.aem4f : SemaphoreP_tirtos.oem4f (.text:SemaphoreP_pend)
                  00007f24    00000004     --HOLE-- [fill = 0]
                  00007f28    00000012     sysbios.aem4f : BIOS.obj (.text:ti_sysbios_hal_Hwi_Module_startup__E)
                  00007f3a    00000012     uartecho_pem4f.oem4f (.text:xdc_runtime_Startup_exec__I)
                  00007f4c    00000010     msp432p4xx_driverlib.lib : gpio.o (.text:GPIO_getInterruptStatus)
                  00007f5c    00000010                              : pcm.o (.text:PCM_gotoLPM4)
                  00007f6c    00000010     drivers_MSP432P401R.aem4f : UARTMSP432.oem4f (.text:readBlockingTimeout)
                  00007f7c    00000004     --HOLE-- [fill = 0]
                  00007f80    00000010     sysbios.aem4f : BIOS.obj (.text:ti_sysbios_BIOS_exit__E)
                  00007f90    00000010                   : BIOS.obj (.text:ti_sysbios_BIOS_getCpuFreq__E)
                  00007fa0    00000010                   : BIOS.obj (.text:ti_sysbios_BIOS_setCpuFreq__E)
                  00007fb0    00000010                   : BIOS.obj (.text:ti_sysbios_BIOS_setThreadType__E)
                  00007fc0    00000010                   : BIOS.obj (.text:ti_sysbios_BIOS_start__E)
                  00007fd0    00000010                   : m3_TaskSupport_asm.obj (.text:ti_sysbios_family_arm_m3_TaskSupport_glue)
                  00007fe0    00000010                   : BIOS.obj (.text:ti_sysbios_family_arm_msp432_init_Boot_disableWatchdog)
                  00007ff0    00000010                   : BIOS.obj (.text:ti_sysbios_gates_GateMutex_Instance_finalize__E)
                  00008000    00000010                   : BIOS.obj (.text:ti_sysbios_knl_Semaphore_Instance_finalize__E)
                  00008010    00000010                   : BIOS.obj (.text:ti_sysbios_knl_Swi_disable__E)
                  00008020    00000010     uartecho_pem4f.oem4f (.text:ti_sysbios_knl_Task_Object__get__S)
                  00008030    00000010     sysbios.aem4f : BIOS.obj (.text:ti_sysbios_knl_Task_disable__E)
                  00008040    00000010     uartecho_pem4f.oem4f (.text:ti_uia_loggers_LoggerStopMode_Object__get__S)
                  00008050    00000010     ti.uia.loggers.aem4f : LoggerStopMode.oem4f (.text:ti_uia_loggers_LoggerStopMode_isEmpty__E)
                  00008060    00000010     ti.targets.arm.rtsarm.aem4f : Gate.oem4f (.text:xdc_runtime_Gate_leaveSystem__E)
                  00008070    00000010                                 : Memory.oem4f (.text:xdc_runtime_Memory_free__E)
                  00008080    00000010                                 : SysMin.oem4f (.text:xdc_runtime_SysMin_ready__E)
                  00008090    00000010                                 : System.oem4f (.text:xdc_runtime_System_vsnprintf__E)
                  000080a0    00000010     uartecho_pem4f.oem4f (.text:xdc_runtime_Text_visitRope__I)
                  000080b0    0000000e     tirtosport.aem4f : HwiP_tirtos.oem4f (.text:HwiP_Params_init)
                  000080be    0000000e     msp432p4xx_driverlib.lib : uart.o (.text:UART_clearInterruptFlag)
                  000080cc    0000000e     rtsv7M4_T_le_v4SPD16_eabi.lib : copy_decompress_none.obj (.text:decompress:none)
                  000080da    00000006     msp432p4xx_driverlib.lib : uart.o (.text:UART_queryStatusFlags)
                  000080e0    0000000e     sysbios.aem4f : BIOS.obj (.text:ti_sysbios_knl_Idle_loop__E)
                  000080ee    00000002     --HOLE-- [fill = 0]
                  000080f0    0000000e                   : BIOS.obj (.text:ti_sysbios_knl_Queue_empty__E)
                  000080fe    0000000c     uartecho_pem4f.oem4f (.text:.bootCodeSection:ti_sysbios_family_arm_msp432_init_Boot_init__I)
                  0000810a    0000000c     msp432p4xx_driverlib.lib : cpu.o (.text:CPU_cpsid)
                  00008116    0000000c                              : cpu.o (.text:CPU_cpsie)
                  00008122    0000000c                              : spi.o (.text:EUSCI_A_SPI_enable)
                  0000812e    0000000c                              : spi.o (.text:EUSCI_B_SPI_enable)
                  0000813a    00000002     --HOLE-- [fill = 0]
                  0000813c    0000000c                              : pcm.o (.text:PCM_getPowerState)
                  00008148    0000000c     drivers_MSP432P401R.aem4f : PowerMSP432.oem4f (.text:Power_getConstraintMask)
                  00008154    0000000c                               : PowerMSP432.oem4f (.text:Power_getPerformanceLevel)
                  00008160    0000000c                               : RingBuf.oem4f (.text:RingBuf_peek)
                  0000816c    0000000c                               : UARTMSP432.oem4f (.text:UARTMSP432_init)
                  00008178    0000000c     msp432p4xx_driverlib.lib : uart.o (.text:UART_disableModule)
                  00008184    0000000c                              : uart.o (.text:UART_enableModule)
                  00008190    0000000c     rtsv7M4_T_le_v4SPD16_eabi.lib : copy_zero_init.obj (.text:decompress:ZI)
                  0000819c    0000000c     uartecho_pem4f.oem4f (.text:ti_sysbios_family_arm_m3_Hwi_Params__init__S)
                  000081a8    0000000c     sysbios.aem4f : BIOS.obj (.text:ti_sysbios_family_arm_m3_Hwi_disableFxn__E)
                  000081b4    00000004     --HOLE-- [fill = 0]
                  000081b8    0000000c                   : BIOS.obj (.text:ti_sysbios_family_arm_m3_TaskSupport_checkStack__E)
                  000081c4    00000004     --HOLE-- [fill = 0]
                  000081c8    0000000c                   : BIOS.obj (.text:ti_sysbios_family_arm_m3_TaskSupport_getStackAlignment__E)
                  000081d4    00000004     --HOLE-- [fill = 0]
                  000081d8    0000000c                   : BIOS.obj (.text:ti_sysbios_family_arm_m3_TimestampProvider_startTimer__E)
                  000081e4    00000004     --HOLE-- [fill = 0]
                  000081e8    0000000c                   : BIOS.obj (.text:ti_sysbios_family_arm_msp432_Timer_getMaxTicks__E)
                  000081f4    00000004     --HOLE-- [fill = 0]
                  000081f8    0000000c                   : BIOS.obj (.text:ti_sysbios_gates_GateHwi_enter__E)
                  00008204    0000000c     uartecho_pem4f.oem4f (.text:ti_sysbios_knl_Clock_Params__init__S)
                  00008210    0000000c     uartecho_pem4f.oem4f (.text:ti_sysbios_knl_Queue_Object__get__S)
                  0000821c    0000000c     uartecho_pem4f.oem4f (.text:ti_sysbios_knl_Semaphore_Params__init__S)
                  00008228    0000000c     uartecho_pem4f.oem4f (.text:ti_sysbios_knl_Task_Params__init__S)
                  00008234    0000000c     ti.targets.arm.rtsarm.aem4f : Error.oem4f (.text:xdc_runtime_Error_init__E)
                  00008240    0000000c                                 : Gate.oem4f (.text:xdc_runtime_Gate_enterSystem__E)
                  0000824c    0000000c                                 : Memory.oem4f (.text:xdc_runtime_Memory_calloc__E)
                  00008258    0000000c                                 : Memory.oem4f (.text:xdc_runtime_Memory_getMaxDefaultTypeAlign__E)
                  00008264    0000000a     tirtosport.aem4f : ClockP_tirtos.oem4f (.text:ClockP_stop)
                  0000826e    0000000a     Crystalfontz128x128_ST7735.obj (.text:Crystalfontz128x128_Flush)
                  00008278    0000000a     tirtosport.aem4f : SemaphoreP_tirtos.oem4f (.text:SemaphoreP_post)
                  00008282    0000000a     drivers_MSP432P401R.aem4f : UART.oem4f (.text:UART_read)
                  0000828c    0000000a     uartecho_pem4f.oem4f (.text:xdc_runtime_IHeap_alloc)
                  00008296    0000000a     uartecho_pem4f.oem4f (.text:xdc_runtime_IHeap_free)
                  000082a0    00000008     tirtosport.aem4f : ClockP_tirtos.oem4f (.text:ClockP_Params_init)
                  000082a8    00000008     msp432p4xx_driverlib.lib : spi.o (.text:EUSCI_B_SPI_getInterruptStatus)
                  000082b0    00000008     MSP_EXP432P401R.obj (.text:MSP_EXP432P401R_initGPIO)
                  000082b8    00000008     MSP_EXP432P401R.obj (.text:MSP_EXP432P401R_initGeneral)
                  000082c0    00000008     msp432p4xx_driverlib.lib : pcm.o (.text:PCM_setPowerMode)
                  000082c8    00000008                              : pcm.o (.text:PCM_setPowerState)
                  000082d0    00000008     tirtosport.aem4f : SemaphoreP_tirtos.oem4f (.text:SemaphoreP_Params_init)
                  000082d8    00000008     drivers_MSP432P401R.aem4f : UARTMSP432.oem4f (.text:readSemCallback)
                  000082e0    00000008     sysbios.aem4f : BIOS.obj (.text:ti_sysbios_family_arm_m3_Hwi_doSwiRestore__I)
                  000082e8    00000008                   : BIOS.obj (.text:ti_sysbios_family_arm_m3_Hwi_startup__E)
                  000082f0    00000008     drivers_MSP432P401R.aem4f : UARTMSP432.oem4f (.text:writeSemCallback)
                  000082f8    00000006     ti.targets.arm.rtsarm.aem4f : xdc_noinit.oem4f (.text:__xdc__init)
                  000082fe    00000006     rtsv7M4_T_le_v4SPD16_eabi.lib : copy_decompress_rle.obj (.text:decompress:rle24)
                  00008304    00000004     --HOLE-- [fill = 0]
                  00008308    00000006     sysbios.aem4f : BIOS.obj (.text:ti_sysbios_family_arm_m3_Hwi_doTaskRestore__I)
                  0000830e    00000002     --HOLE-- [fill = 0]
                  00008310    00000006                   : BIOS.obj (.text:ti_sysbios_family_arm_m3_Hwi_restoreFxn__E)
                  00008316    00000002     --HOLE-- [fill = 0]
                  00008318    00000006                   : BIOS.obj (.text:ti_sysbios_gates_GateHwi_leave__E)
                  0000831e    00000002     --HOLE-- [fill = 0]
                  00008320    00000006                   : BIOS.obj (.text:ti_sysbios_heaps_HeapMem_isBlocking__E)
                  00008326    00000002     --HOLE-- [fill = 0]
                  00008328    00000006                   : BIOS.obj (.text:ti_sysbios_knl_Clock_stop__E)
                  0000832e    00000002     --HOLE-- [fill = 0]
                  00008330    00000006                   : BIOS.obj (.text:ti_sysbios_knl_Queue_Instance_init__E)
                  00008336    00000002     --HOLE-- [fill = 0]
                  00008338    00000006                   : BIOS.obj (.text:ti_sysbios_knl_Swi_startup__E)
                  0000833e    00000006     ti.targets.arm.rtsarm.aem4f : System.oem4f (.text:xdc_runtime_System_Module_startup__E)
                  00008344    00000004     --HOLE-- [fill = 0]
                  00008348    00000004     sysbios.aem4f : BIOS.obj (.text:ti_sysbios_gates_GateHwi_query__E)
                  0000834c    00000004     --HOLE-- [fill = 0]
                  00008350    00000004                   : BIOS.obj (.text:ti_sysbios_gates_GateMutex_query__E)
                  00008354    00000004     --HOLE-- [fill = 0]
                  00008358    00000004                   : BIOS.obj (.text:ti_sysbios_knl_Clock_setTimeout__E)
                  0000835c    00000004     --HOLE-- [fill = 0]
                  00008360    00000004                   : BIOS.obj (.text:ti_sysbios_knl_Task_startup__E)
                  00008364    00000004     --HOLE-- [fill = 0]
                  00008368    00000002                   : BIOS.obj (.text:ti_sysbios_family_arm_m3_TimestampProvider_rolloverFunc__E)
                  0000836a    00000006     --HOLE-- [fill = 0]
                  00008370    00000002                   : BIOS.obj (.text:ti_sysbios_gates_GateHwi_Instance_init__E)
                  00008372    00000006     --HOLE-- [fill = 0]
                  00008378    00000002                   : BIOS.obj (.text:ti_sysbios_knl_Clock_logTick__E)

.const     0    0000837c    00002b7e     
                  0000837c    00001edd     uartecho_pem4f.oem4f (.const:xdc_runtime_Text_charTab__A)
                  0000a259    000002f8     fontfixed6x8.obj (.const:.string:g_pucFontFixed6x8Data)
                  0000a551    00000001     uartecho_pem4f.oem4f (.const:xdc_runtime_Error_policy__C)
                  0000a552    000000fc     uartecho_pem4f.oem4f (.const:xdc_runtime_Text_nodeTab__A)
                  0000a64e    00000002     uartecho_pem4f.oem4f (.const:ti_sysbios_family_arm_m3_Hwi_Module__id__C)
                  0000a650    000000c8     fontfixed6x8.obj (.const:g_sFontFixed6x8)
                  0000a718    00000080     msp432p4xx_driverlib.lib : adc14.o (.const:_ctlRegs)
                  0000a798    00000070     MSP_EXP432P401R.obj (.const:uartMSP432Baudrates)
                  0000a808    00000060     uartecho_pem4f.oem4f (.const:ti_uia_loggers_LoggerStopMode_Module__FXNS__C)
                  0000a868    00000048     uartecho_pem4f.oem4f (.const:.string)
                  0000a8b0    00000048     MSP_EXP432P401R.obj (.const:uartMSP432HWAttrs)
                  0000a8f8    0000003c     uartecho_pem4f.oem4f (.const:ti_sysbios_knl_Task_Object__PARAMS__C)
                  0000a934    00000030     uartecho_pem4f.oem4f (.const:ti_sysbios_family_arm_m3_Hwi_Object__PARAMS__C)
                  0000a964    0000002c     Crystalfontz128x128_ST7735.obj (.const:g_sCrystalfontz128x128)
                  0000a990    0000002c     uartecho_pem4f.oem4f (.const:xdc_runtime_Startup_sfxnTab__A)
                  0000a9bc    00000028     drivers_MSP432P401R.aem4f : UARTMSP432.oem4f (.const:UARTMSP432_fxnTable)
                  0000a9e4    00000028     uartecho_pem4f.oem4f (.const:ti_sysbios_heaps_HeapMem_Module__FXNS__C)
                  0000aa0c    00000028     uartecho_pem4f.oem4f (.const:ti_uia_loggers_LoggerStopMode_Object__PARAMS__C)
                  0000aa34    00000024     MSP_EXP432P401R.obj (.const:UART_config)
                  0000aa58    00000024     drivers_MSP432P401R.aem4f : UART.oem4f (.const:UART_defaultParams)
                  0000aa7c    00000024                               : UARTMSP432.oem4f (.const)
                  0000aaa0    00000024     uartecho_pem4f.oem4f (.const:ti_sysbios_gates_GateHwi_Module__FXNS__C)
                  0000aac4    00000024     uartecho_pem4f.oem4f (.const:ti_sysbios_gates_GateMutex_Module__FXNS__C)
                  0000aae8    00000024     uartecho_pem4f.oem4f (.const:ti_sysbios_heaps_HeapMem_Object__PARAMS__C)
                  0000ab0c    00000024     uartecho_pem4f.oem4f (.const:ti_sysbios_knl_Clock_Object__PARAMS__C)
                  0000ab30    00000024     uartecho_pem4f.oem4f (.const:ti_sysbios_knl_Semaphore_Object__PARAMS__C)
                  0000ab54    00000020     uartecho_pem4f.oem4f (.const:ti_sysbios_family_arm_m3_Hwi_Object__DESC__C)
                  0000ab74    00000020     uartecho_pem4f.oem4f (.const:ti_sysbios_gates_GateHwi_Object__DESC__C)
                  0000ab94    00000020     uartecho_pem4f.oem4f (.const:ti_sysbios_gates_GateMutex_Object__DESC__C)
                  0000abb4    00000020     uartecho_pem4f.oem4f (.const:ti_sysbios_heaps_HeapMem_Object__DESC__C)
                  0000abd4    00000020     uartecho_pem4f.oem4f (.const:ti_sysbios_knl_Clock_Object__DESC__C)
                  0000abf4    00000020     uartecho_pem4f.oem4f (.const:ti_sysbios_knl_Queue_Object__DESC__C)
                  0000ac14    00000020     uartecho_pem4f.oem4f (.const:ti_sysbios_knl_Semaphore_Object__DESC__C)
                  0000ac34    00000020     uartecho_pem4f.oem4f (.const:ti_sysbios_knl_Task_Object__DESC__C)
                  0000ac54    00000020     uartecho_pem4f.oem4f (.const:ti_uia_loggers_LoggerStopMode_Object__DESC__C)
                  0000ac74    0000001c     HAL_MSP_EXP432P401R_Crystalfontz128x128_ST7735.obj (.const)
                  0000ac90    00000018     main.obj (.const:.string)
                  0000aca8    00000018     uartecho_pem4f.oem4f (.const:ti_sysbios_gates_GateHwi_Object__PARAMS__C)
                  0000acc0    00000018     uartecho_pem4f.oem4f (.const:ti_sysbios_gates_GateMutex_Object__PARAMS__C)
                  0000acd8    00000018     uartecho_pem4f.oem4f (.const:ti_sysbios_knl_Queue_Object__PARAMS__C)
                  0000acf0    00000016     uartecho_pem4f.oem4f (.const:xdc_runtime_Startup_sfxnRts__A)
                  0000ad06    00000002     uartecho_pem4f.oem4f (.const:ti_sysbios_family_arm_m3_Timer_Module__id__C)
                  0000ad08    00000014     MSP_EXP432P401R.obj (.const:GPIOMSP432_config)
                  0000ad1c    00000010     MSP_EXP432P401R.obj (.const)
                  0000ad2c    0000000c     drivers_MSP432P401R.aem4f : GPIOMSP432.oem4f (.const:.string)
                  0000ad38    0000000c     uartecho_pem4f.oem4f (.const:ti_sysbios_knl_Idle_funcList__A)
                  0000ad44    0000000c     uartecho_pem4f.oem4f (.const:xdc_runtime_Startup_firstFxns__A)
                  0000ad50    00000008     Crystalfontz128x128_ST7735.obj (.const)
                  0000ad58    00000008     uartecho_pem4f.oem4f (.const:ti_sysbios_family_arm_m3_Hwi_excHookFuncs__A)
                  0000ad60    00000008     uartecho_pem4f.oem4f (.const:ti_sysbios_knl_Idle_funcList__C)
                  0000ad68    00000008     uartecho_pem4f.oem4f (.const)
                  0000ad70    00000008     uartecho_pem4f.oem4f (.const:xdc_runtime_Startup_firstFxns__C)
                  0000ad78    00000008     uartecho_pem4f.oem4f (.const:xdc_runtime_Startup_lastFxns__C)
                  0000ad80    00000005     drivers_MSP432P401R.aem4f : UARTMSP432.oem4f (.const:.string)
                  0000ad85    00000001     --HOLE-- [fill = 0]
                  0000ad86    00000002     uartecho_pem4f.oem4f (.const:ti_sysbios_family_arm_m3_TimestampProvider_configTimer__C)
                  0000ad88    00000004     uartecho_pem4f.oem4f (.const:ti_sysbios_family_arm_m3_Hwi_E_NMI__C)
                  0000ad8c    00000004     uartecho_pem4f.oem4f (.const:ti_sysbios_family_arm_m3_Hwi_E_alreadyDefined__C)
                  0000ad90    00000004     uartecho_pem4f.oem4f (.const:ti_sysbios_family_arm_m3_Hwi_E_busFault__C)
                  0000ad94    00000004     uartecho_pem4f.oem4f (.const:ti_sysbios_family_arm_m3_Hwi_E_debugMon__C)
                  0000ad98    00000004     uartecho_pem4f.oem4f (.const:ti_sysbios_family_arm_m3_Hwi_E_hardFault__C)
                  0000ad9c    00000004     uartecho_pem4f.oem4f (.const:ti_sysbios_family_arm_m3_Hwi_E_memFault__C)
                  0000ada0    00000004     uartecho_pem4f.oem4f (.const:ti_sysbios_family_arm_m3_Hwi_E_noIsr__C)
                  0000ada4    00000004     uartecho_pem4f.oem4f (.const:ti_sysbios_family_arm_m3_Hwi_E_reserved__C)
                  0000ada8    00000004     uartecho_pem4f.oem4f (.const:ti_sysbios_family_arm_m3_Hwi_E_svCall__C)
                  0000adac    00000004     uartecho_pem4f.oem4f (.const:ti_sysbios_family_arm_m3_Hwi_E_usageFault__C)
                  0000adb0    00000004     uartecho_pem4f.oem4f (.const:ti_sysbios_family_arm_m3_Hwi_NUM_INTERRUPTS__C)
                  0000adb4    00000004     uartecho_pem4f.oem4f (.const:ti_sysbios_family_arm_m3_Hwi_Object__count__C)
                  0000adb8    00000004     uartecho_pem4f.oem4f (.const:ti_sysbios_family_arm_m3_Hwi_ccr__C)
                  0000adbc    00000004     uartecho_pem4f.oem4f (.const:ti_sysbios_family_arm_m3_Hwi_excHandlerFunc__C)
                  0000adc0    00000004     uartecho_pem4f.oem4f (.const:ti_sysbios_family_arm_m3_Hwi_excHookFuncs__C)
                  0000adc4    00000004     uartecho_pem4f.oem4f (.const:ti_sysbios_family_arm_m3_Hwi_nullIsrFunc__C)
                  0000adc8    00000004     uartecho_pem4f.oem4f (.const:ti_sysbios_family_arm_m3_Hwi_priGroup__C)
                  0000adcc    00000004     uartecho_pem4f.oem4f (.const:ti_sysbios_family_arm_m3_TaskSupport_stackAlignment__C)
                  0000add0    00000004     uartecho_pem4f.oem4f (.const:ti_sysbios_family_arm_m3_Timer_E_cannotSupport__C)
                  0000add4    00000004     uartecho_pem4f.oem4f (.const:ti_sysbios_family_arm_m3_Timer_startupNeeded__C)
                  0000add8    00000004     uartecho_pem4f.oem4f (.const:ti_sysbios_family_arm_msp432_Timer_numTimerDevices__C)
                  0000addc    00000004     uartecho_pem4f.oem4f (.const:ti_sysbios_family_arm_msp432_Timer_startupNeeded__C)
                  0000ade0    00000004     uartecho_pem4f.oem4f (.const:ti_sysbios_gates_GateMutex_Instance_State_sem__O)
                  0000ade4    00000004     uartecho_pem4f.oem4f (.const:ti_sysbios_hal_Hwi_E_stackOverflow__C)
                  0000ade8    00000004     uartecho_pem4f.oem4f (.const:ti_sysbios_heaps_HeapMem_E_memory__C)
                  0000adec    00000004     uartecho_pem4f.oem4f (.const:ti_sysbios_heaps_HeapMem_Module__gateObj__C)
                  0000adf0    00000004     uartecho_pem4f.oem4f (.const:ti_sysbios_heaps_HeapMem_Object__count__C)
                  0000adf4    00000004     uartecho_pem4f.oem4f (.const:ti_sysbios_heaps_HeapMem_reqAlign__C)
                  0000adf8    00000004     uartecho_pem4f.oem4f (.const:ti_sysbios_knl_Clock_Module_State_clockQ__O)
                  0000adfc    00000004     uartecho_pem4f.oem4f (.const:ti_sysbios_knl_Semaphore_Instance_State_pendQ__O)
                  0000ae00    00000004     uartecho_pem4f.oem4f (.const:ti_sysbios_knl_Swi_Object__count__C)
                  0000ae04    00000004     uartecho_pem4f.oem4f (.const:ti_sysbios_knl_Task_E_spOutOfBounds__C)
                  0000ae08    00000004     uartecho_pem4f.oem4f (.const:ti_sysbios_knl_Task_E_stackOverflow__C)
                  0000ae0c    00000004     uartecho_pem4f.oem4f (.const:ti_sysbios_knl_Task_Module_State_inactiveQ__O)
                  0000ae10    00000004     uartecho_pem4f.oem4f (.const:ti_sysbios_knl_Task_Object__count__C)
                  0000ae14    00000004     uartecho_pem4f.oem4f (.const:ti_sysbios_knl_Task_allBlockedFunc__C)
                  0000ae18    00000004     uartecho_pem4f.oem4f (.const:ti_sysbios_knl_Task_defaultStackHeap__C)
                  0000ae1c    00000004     uartecho_pem4f.oem4f (.const:ti_sysbios_knl_Task_defaultStackSize__C)
                  0000ae20    00000004     uartecho_pem4f.oem4f (.const:ti_sysbios_knl_Task_numConstructedTasks__C)
                  0000ae24    00000004     uartecho_pem4f.oem4f (.const:ti_sysbios_utils_Load_postUpdate__C)
                  0000ae28    00000004     uartecho_pem4f.oem4f (.const:ti_sysbios_utils_Load_windowInMs__C)
                  0000ae2c    00000004     uartecho_pem4f.oem4f (.const:ti_uia_loggers_LoggerStopMode_Module__diagsEnabled__C)
                  0000ae30    00000004     uartecho_pem4f.oem4f (.const:ti_uia_loggers_LoggerStopMode_Module__diagsIncluded__C)
                  0000ae34    00000004     uartecho_pem4f.oem4f (.const:ti_uia_loggers_LoggerStopMode_Module__diagsMask__C)
                  0000ae38    00000004     uartecho_pem4f.oem4f (.const:ti_uia_loggers_LoggerStopMode_Object__count__C)
                  0000ae3c    00000004     uartecho_pem4f.oem4f (.const:ti_uia_runtime_ILoggerSnapshot_Interface__BASE__C)
                  0000ae40    00000004     uartecho_pem4f.oem4f (.const:ti_uia_runtime_IUIATransfer_Interface__BASE__C)
                  0000ae44    00000004     uartecho_pem4f.oem4f (.const:xdc_runtime_Assert_E_assertFailed__C)
                  0000ae48    00000004     uartecho_pem4f.oem4f (.const:xdc_runtime_Core_A_initializedParams__C)
                  0000ae4c    00000004     uartecho_pem4f.oem4f (.const:xdc_runtime_Core_Module__diagsEnabled__C)
                  0000ae50    00000004     uartecho_pem4f.oem4f (.const:xdc_runtime_Core_Module__diagsIncluded__C)
                  0000ae54    00000004     uartecho_pem4f.oem4f (.const:xdc_runtime_Core_Module__diagsMask__C)
                  0000ae58    00000004     uartecho_pem4f.oem4f (.const:xdc_runtime_Error_E_memory__C)
                  0000ae5c    00000004     uartecho_pem4f.oem4f (.const:xdc_runtime_Error_Module__diagsEnabled__C)
                  0000ae60    00000004     uartecho_pem4f.oem4f (.const:xdc_runtime_Error_Module__diagsIncluded__C)
                  0000ae64    00000004     uartecho_pem4f.oem4f (.const:xdc_runtime_Error_Module__diagsMask__C)
                  0000ae68    00000004     uartecho_pem4f.oem4f (.const:xdc_runtime_Error_Module__loggerFxn8__C)
                  0000ae6c    00000004     uartecho_pem4f.oem4f (.const:xdc_runtime_Error_Module__loggerObj__C)
                  0000ae70    00000004     uartecho_pem4f.oem4f (.const:xdc_runtime_Error_policyFxn__C)
                  0000ae74    00000004     uartecho_pem4f.oem4f (.const:xdc_runtime_Error_raiseHook__C)
                  0000ae78    00000004     uartecho_pem4f.oem4f (.const:xdc_runtime_IFilterLogger_Interface__BASE__C)
                  0000ae7c    00000004     uartecho_pem4f.oem4f (.const:xdc_runtime_IGateProvider_Interface__BASE__C)
                  0000ae80    00000004     uartecho_pem4f.oem4f (.const:xdc_runtime_IHeap_Interface__BASE__C)
                  0000ae84    00000004     uartecho_pem4f.oem4f (.const:xdc_runtime_ILogger_Interface__BASE__C)
                  0000ae88    00000004     uartecho_pem4f.oem4f (.const:xdc_runtime_IModule_Interface__BASE__C)
                  0000ae8c    00000004     uartecho_pem4f.oem4f (.const:xdc_runtime_Log_L_error__C)
                  0000ae90    00000004     uartecho_pem4f.oem4f (.const:xdc_runtime_Memory_defaultHeapInstance__C)
                  0000ae94    00000004     uartecho_pem4f.oem4f (.const:xdc_runtime_Startup_execImpl__C)
                  0000ae98    00000004     uartecho_pem4f.oem4f (.const:xdc_runtime_Startup_lastFxns__A)
                  0000ae9c    00000004     uartecho_pem4f.oem4f (.const:xdc_runtime_Startup_maxPasses__C)
                  0000aea0    00000004     uartecho_pem4f.oem4f (.const:xdc_runtime_Startup_sfxnRts__C)
                  0000aea4    00000004     uartecho_pem4f.oem4f (.const:xdc_runtime_Startup_sfxnTab__C)
                  0000aea8    00000004     uartecho_pem4f.oem4f (.const:xdc_runtime_SysMin_bufSize__C)
                  0000aeac    00000004     uartecho_pem4f.oem4f (.const:xdc_runtime_SysMin_outputFunc__C)
                  0000aeb0    00000004     uartecho_pem4f.oem4f (.const:xdc_runtime_System_Module__gateObj__C)
                  0000aeb4    00000004     uartecho_pem4f.oem4f (.const:xdc_runtime_System_abortFxn__C)
                  0000aeb8    00000004     uartecho_pem4f.oem4f (.const:xdc_runtime_System_exitFxn__C)
                  0000aebc    00000004     uartecho_pem4f.oem4f (.const:xdc_runtime_System_extendFxn__C)
                  0000aec0    00000004     uartecho_pem4f.oem4f (.const:xdc_runtime_System_maxAtexitHandlers__C)
                  0000aec4    00000004     uartecho_pem4f.oem4f (.const:xdc_runtime_Text_charTab__C)
                  0000aec8    00000004     uartecho_pem4f.oem4f (.const:xdc_runtime_Text_nameEmpty__C)
                  0000aecc    00000004     uartecho_pem4f.oem4f (.const:xdc_runtime_Text_nameStatic__C)
                  0000aed0    00000004     uartecho_pem4f.oem4f (.const:xdc_runtime_Text_nameUnknown__C)
                  0000aed4    00000004     uartecho_pem4f.oem4f (.const:xdc_runtime_Text_nodeTab__C)
                  0000aed8    00000004     uartecho_pem4f.oem4f (.const:xdc_runtime_Text_visitRopeFxn__C)
                  0000aedc    00000002     uartecho_pem4f.oem4f (.const:ti_sysbios_hal_Hwi_Module__id__C)
                  0000aede    00000002     uartecho_pem4f.oem4f (.const:ti_sysbios_heaps_HeapMem_Module__id__C)
                  0000aee0    00000002     uartecho_pem4f.oem4f (.const:ti_sysbios_knl_Task_Module__id__C)
                  0000aee2    00000002     uartecho_pem4f.oem4f (.const:ti_sysbios_utils_Load_updateInIdle__C)
                  0000aee4    00000002     uartecho_pem4f.oem4f (.const:ti_uia_loggers_LoggerStopMode_Module__id__C)
                  0000aee6    00000002     uartecho_pem4f.oem4f (.const:ti_uia_loggers_LoggerStopMode_isTimestampEnabled__C)
                  0000aee8    00000002     uartecho_pem4f.oem4f (.const:xdc_runtime_Core_Module__id__C)
                  0000aeea    00000002     uartecho_pem4f.oem4f (.const:xdc_runtime_Error_Module__loggerDefined__C)
                  0000aeec    00000002     uartecho_pem4f.oem4f (.const:xdc_runtime_Error_maxDepth__C)
                  0000aeee    00000002     uartecho_pem4f.oem4f (.const:xdc_runtime_Memory_Module__id__C)
                  0000aef0    00000002     uartecho_pem4f.oem4f (.const:xdc_runtime_SysMin_flushAtExit__C)
                  0000aef2    00000002     uartecho_pem4f.oem4f (.const:xdc_runtime_Text_charCnt__C)
                  0000aef4    00000002     uartecho_pem4f.oem4f (.const:xdc_runtime_Text_isLoaded__C)
                  0000aef6    00000002     uartecho_pem4f.oem4f (.const:xdc_runtime_Text_registryModsLastId__C)
                  0000aef8    00000002     uartecho_pem4f.oem4f (.const:xdc_runtime_Text_unnamedModsLastId__C)

.cinit     0    0000af00    00000558     
                  0000af00    0000051d     (.cinit..data.load) [load image, compression = rle]
                  0000b41d    00000003     --HOLE-- [fill = 0]
                  0000b420    0000000c     (__TI_handler_table)
                  0000b42c    00000004     --HOLE-- [fill = 0]
                  0000b430    00000008     (.cinit..bss.load) [load image, compression = zero_init]
                  0000b438    00000008     (.cinit..vecs.load) [load image, compression = zero_init]
                  0000b440    00000018     (__TI_cinit_table)

.resetVecs 
*          0    00000000    0000003c     
                  00000000    0000003c     uartecho_pem4f.oem4f (.resetVecs)

.bss       0    20000180    00001630     UNINITIALIZED
                  20000180    00000400     uartecho_pem4f.oem4f (.bss:ti_sysbios_heaps_HeapMem_Instance_State_0_buf__A)
                  20000580    00000400     uartecho_pem4f.oem4f (.bss:ti_uia_loggers_LoggerStopMode_Instance_State_2_packetArray__A)
                  20000980    00000300     main.obj (.bss:task0Stack)
                  20000c80    00000200     uartecho_pem4f.oem4f (.bss:taskStackSection)
                  20000e80    00000200     uartecho_pem4f.oem4f (.bss:ti_uia_loggers_LoggerStopMode_Instance_State_1_packetArray__A)
                  20001080    00000140     uartecho_pem4f.oem4f (.bss:ti_sysbios_family_arm_m3_Hwi_dispatchTable)
                  200011c0    00000120     rtsv7M4_T_le_v4SPD16_eabi.lib : trgmsg.obj (.bss:__CIOBUF_)
                  200012e0    0000001c     (.common:g_sContext)
                  200012fc    00000002     (.common:Lcd_ScreenHeigth)
                  200012fe    00000002     (.common:Lcd_ScreenWidth)
                  20001300    00000100     uartecho_pem4f.oem4f (.bss:ti_uia_loggers_LoggerStopMode_Instance_State_0_packetArray__A)
                  20001400    00000100     MSP_EXP432P401R.obj (.bss:uartMSP432Objects)
                  20001500    00000080     uartecho_pem4f.oem4f (.bss:xdc_runtime_SysMin_Module_State_0_outbuf__A)
                  20001580    00000050     main.obj (.bss:task0Struct)
                  200015d0    00000040     MSP_EXP432P401R.obj (.bss:uartMSP432RingBuffer)
                  20001610    00000030     drivers_MSP432P401R.aem4f : GPIOMSP432.oem4f (.bss:gpioCallbackInfo)
                  20001640    00000008     (.common:parmbuf)
                  20001648    00000008     (.common:resultsBuffer)
                  20001650    00000002     (.common:Lcd_TouchTrim)
                  20001652    00000001     (.common:Lcd_FlagRead)
                  20001653    00000001     (.common:Lcd_FontSolid)
                  20001654    00000001     (.common:Lcd_Orientation)
                  20001655    00000001     (.common:Lcd_PenSolid)
                  20001656    0000002a     --HOLE--
                  20001680    00000030     uartecho_pem4f.oem4f (.bss:ti_uia_loggers_LoggerStopMode_Instance_State_0_hdr__A)
                  200016b0    00000050     --HOLE--
                  20001700    00000030     uartecho_pem4f.oem4f (.bss:ti_uia_loggers_LoggerStopMode_Instance_State_1_hdr__A)
                  20001730    00000050     --HOLE--
                  20001780    00000030     uartecho_pem4f.oem4f (.bss:ti_uia_loggers_LoggerStopMode_Instance_State_2_hdr__A)

.data      0    200017b0    00000795     UNINITIALIZED
                  200017b0    00000194     uartecho_pem4f.oem4f (.data)
                  20001944    0000009c     drivers_MSP432P401R.aem4f : PowerMSP432.oem4f (.data:PowerMSP432_perfLevels)
                  200019e0    0000009c     uartecho_pem4f.oem4f (.data:ti_uia_loggers_LoggerStopMode_Object__table__V)
                  20001a7c    00000098     uartecho_pem4f.oem4f (.data:ti_sysbios_utils_Load_Module__state__V)
                  20001b14    00000080     uartecho_pem4f.oem4f (.data:ti_sysbios_knl_Swi_Module_State_0_readyQ__A)
                  20001b94    00000080     uartecho_pem4f.oem4f (.data:ti_sysbios_knl_Task_Module_State_0_readyQ__A)
                  20001c14    00000060     uartecho_pem4f.oem4f (.data:ti_sysbios_knl_Swi_Object__table__V)
                  20001c74    0000004c     uartecho_pem4f.oem4f (.data:ti_sysbios_family_arm_msp432_Timer_Object__table__V)
                  20001cc0    0000004c     uartecho_pem4f.oem4f (.data:ti_sysbios_knl_Task_Object__table__V)
[...]
000082e9  ti_sysbios_family_arm_m3_Hwi_startup__E                      
000082e9  ti_sysbios_hal_Hwi_HwiProxy_startup__E                       
000082f9  __xdc__init                                                  
000082ff  __TI_decompress_rle24                                        
00008309  ti_sysbios_family_arm_m3_Hwi_doTaskRestore__I                
00008311  HwiP_restore                                                 
00008311  ti_sysbios_family_arm_m3_Hwi_restoreFxn__E                   
00008311  ti_sysbios_hal_Hwi_HwiProxy_restore__E                       
00008319  ti_sysbios_gates_GateHwi_leave__E                            
00008321  ti_sysbios_heaps_HeapMem_isBlocking__E                       
00008329  ti_sysbios_knl_Clock_stop__E                                 
00008331  ti_sysbios_knl_Queue_Instance_init__E                        
00008339  ti_sysbios_knl_Swi_startup__E                                
0000833f  xdc_runtime_System_Module_startup__E                         
00008349  ti_sysbios_gates_GateHwi_query__E                            
00008349  xdc_runtime_Main_Module_GateProxy_query__E                   
00008349  xdc_runtime_System_Module_GateProxy_query__E                 
00008351  ti_sysbios_BIOS_RtsGateProxy_query__E                        
00008351  ti_sysbios_gates_GateMutex_query__E                          
00008351  ti_sysbios_heaps_HeapMem_Module_GateProxy_query__E           
00008359  ti_sysbios_knl_Clock_setTimeout__E                           
00008361  ti_sysbios_knl_Task_startup__E                               
00008369  ti_sysbios_family_arm_m3_TimestampProvider_rolloverFunc__E   
00008371  ti_sysbios_gates_GateHwi_Instance_init__E                    
00008379  ti_sysbios_knl_Clock_logTick__E                              
0000837c  xdc_runtime_Text_charTab__A                                  
0000a551  xdc_runtime_Error_policy__C                                  
0000a552  xdc_runtime_Text_nodeTab__A                                  
0000a64e  ti_sysbios_family_arm_m3_Hwi_Module__id__C                   
0000a650  g_sFontFixed6x8                                              
0000a798  uartMSP432Baudrates                                          
0000a808  ti_uia_loggers_LoggerStopMode_Module__FXNS__C                
0000a8b0  uartMSP432HWAttrs                                            
0000a8f8  ti_sysbios_knl_Task_Object__PARAMS__C                        
0000a934  ti_sysbios_family_arm_m3_Hwi_Object__PARAMS__C               
0000a964  g_sCrystalfontz128x128                                       
0000a990  xdc_runtime_Startup_sfxnTab__A                               
0000a9bc  UARTMSP432_fxnTable                                          
0000a9e4  ti_sysbios_heaps_HeapMem_Module__FXNS__C                     
0000aa0c  ti_uia_loggers_LoggerStopMode_Object__PARAMS__C              
0000aa34  UART_config                                                  
0000aa58  UART_defaultParams                                           
0000aaa0  ti_sysbios_gates_GateHwi_Module__FXNS__C                     
0000aac4  ti_sysbios_gates_GateMutex_Module__FXNS__C                   
0000aae8  ti_sysbios_heaps_HeapMem_Object__PARAMS__C                   
0000ab0c  ti_sysbios_knl_Clock_Object__PARAMS__C                       
0000ab30  ti_sysbios_knl_Semaphore_Object__PARAMS__C                   
0000ab54  ti_sysbios_family_arm_m3_Hwi_Object__DESC__C                 
0000ab74  ti_sysbios_gates_GateHwi_Object__DESC__C                     
0000ab94  ti_sysbios_gates_GateMutex_Object__DESC__C                   
0000abb4  ti_sysbios_heaps_HeapMem_Object__DESC__C                     
0000abd4  ti_sysbios_knl_Clock_Object__DESC__C                         
0000abf4  ti_sysbios_knl_Queue_Object__DESC__C                         
0000ac14  ti_sysbios_knl_Semaphore_Object__DESC__C                     
0000ac34  ti_sysbios_knl_Task_Object__DESC__C                          
0000ac54  ti_uia_loggers_LoggerStopMode_Object__DESC__C                
0000aca8  ti_sysbios_gates_GateHwi_Object__PARAMS__C                   
0000acc0  ti_sysbios_gates_GateMutex_Object__PARAMS__C                 
0000acd8  ti_sysbios_knl_Queue_Object__PARAMS__C                       
0000acf0  xdc_runtime_Startup_sfxnRts__A                               
0000ad06  ti_sysbios_family_arm_m3_Timer_Module__id__C                 
0000ad08  GPIOMSP432_config                                            
0000ad1c  PowerMSP432_config                                           
0000ad38  ti_sysbios_knl_Idle_funcList__A                              
0000ad44  xdc_runtime_Startup_firstFxns__A                             
0000ad58  ti_sysbios_family_arm_m3_Hwi_excHookFuncs__A                 
0000ad60  ti_sysbios_knl_Idle_funcList__C                              
0000ad68  m3Hwi0                                                       
0000ad6c  swi0                                                         
0000ad70  xdc_runtime_Startup_firstFxns__C                             
0000ad78  xdc_runtime_Startup_lastFxns__C                              
0000ad86  ti_sysbios_family_arm_m3_TimestampProvider_configTimer__C    
0000ad88  ti_sysbios_family_arm_m3_Hwi_E_NMI__C                        
0000ad8c  ti_sysbios_family_arm_m3_Hwi_E_alreadyDefined__C             
0000ad90  ti_sysbios_family_arm_m3_Hwi_E_busFault__C                   
0000ad94  ti_sysbios_family_arm_m3_Hwi_E_debugMon__C                   
0000ad98  ti_sysbios_family_arm_m3_Hwi_E_hardFault__C                  
0000ad9c  ti_sysbios_family_arm_m3_Hwi_E_memFault__C                   
0000ada0  ti_sysbios_family_arm_m3_Hwi_E_noIsr__C                      
0000ada4  ti_sysbios_family_arm_m3_Hwi_E_reserved__C                   
0000ada8  ti_sysbios_family_arm_m3_Hwi_E_svCall__C                     
0000adac  ti_sysbios_family_arm_m3_Hwi_E_usageFault__C                 
0000adb0  ti_sysbios_family_arm_m3_Hwi_NUM_INTERRUPTS__C               
0000adb4  ti_sysbios_family_arm_m3_Hwi_Object__count__C                
0000adb8  ti_sysbios_family_arm_m3_Hwi_ccr__C                          
0000adbc  ti_sysbios_family_arm_m3_Hwi_excHandlerFunc__C               
0000adc0  ti_sysbios_family_arm_m3_Hwi_excHookFuncs__C                 
0000adc4  ti_sysbios_family_arm_m3_Hwi_nullIsrFunc__C                  
0000adc8  ti_sysbios_family_arm_m3_Hwi_priGroup__C                     
0000adcc  ti_sysbios_family_arm_m3_TaskSupport_stackAlignment__C       
0000add0  ti_sysbios_family_arm_m3_Timer_E_cannotSupport__C            
0000add4  ti_sysbios_family_arm_m3_Timer_startupNeeded__C              
0000add8  ti_sysbios_family_arm_msp432_Timer_numTimerDevices__C        
0000addc  ti_sysbios_family_arm_msp432_Timer_startupNeeded__C          
0000ade0  ti_sysbios_gates_GateMutex_Instance_State_sem__O             
0000ade4  ti_sysbios_hal_Hwi_E_stackOverflow__C                        
0000ade8  ti_sysbios_heaps_HeapMem_E_memory__C                         
0000adec  ti_sysbios_heaps_HeapMem_Module__gateObj__C                  
0000adf0  ti_sysbios_heaps_HeapMem_Object__count__C                    
0000adf4  ti_sysbios_heaps_HeapMem_reqAlign__C                         
0000adf8  ti_sysbios_knl_Clock_Module_State_clockQ__O                  
0000adfc  ti_sysbios_knl_Semaphore_Instance_State_pendQ__O             
0000ae00  ti_sysbios_knl_Swi_Object__count__C                          
0000ae04  ti_sysbios_knl_Task_E_spOutOfBounds__C                       
0000ae08  ti_sysbios_knl_Task_E_stackOverflow__C                       
0000ae0c  ti_sysbios_knl_Task_Module_State_inactiveQ__O                
0000ae10  ti_sysbios_knl_Task_Object__count__C                         
0000ae14  ti_sysbios_knl_Task_allBlockedFunc__C                        
0000ae18  ti_sysbios_knl_Task_defaultStackHeap__C                      
0000ae1c  ti_sysbios_knl_Task_defaultStackSize__C                      
0000ae20  ti_sysbios_knl_Task_numConstructedTasks__C                   
0000ae24  ti_sysbios_utils_Load_postUpdate__C                          
0000ae28  ti_sysbios_utils_Load_windowInMs__C                          
0000ae2c  ti_uia_loggers_LoggerStopMode_Module__diagsEnabled__C        
0000ae30  ti_uia_loggers_LoggerStopMode_Module__diagsIncluded__C       
0000ae34  ti_uia_loggers_LoggerStopMode_Module__diagsMask__C           
0000ae38  ti_uia_loggers_LoggerStopMode_Object__count__C               
0000ae3c  ti_uia_runtime_ILoggerSnapshot_Interface__BASE__C            
0000ae40  ti_uia_runtime_IUIATransfer_Interface__BASE__C               
0000ae44  xdc_runtime_Assert_E_assertFailed__C                         
0000ae48  xdc_runtime_Core_A_initializedParams__C                      
0000ae4c  xdc_runtime_Core_Module__diagsEnabled__C                     
0000ae50  xdc_runtime_Core_Module__diagsIncluded__C                    
0000ae54  xdc_runtime_Core_Module__diagsMask__C                        
0000ae58  xdc_runtime_Error_E_memory__C                                
0000ae5c  xdc_runtime_Error_Module__diagsEnabled__C                    
0000ae60  xdc_runtime_Error_Module__diagsIncluded__C                   
0000ae64  xdc_runtime_Error_Module__diagsMask__C                       
0000ae68  xdc_runtime_Error_Module__loggerFxn8__C                      
0000ae6c  xdc_runtime_Error_Module__loggerObj__C                       
0000ae70  xdc_runtime_Error_policyFxn__C                               
0000ae74  xdc_runtime_Error_raiseHook__C                               
0000ae78  xdc_runtime_IFilterLogger_Interface__BASE__C                 
0000ae7c  xdc_runtime_IGateProvider_Interface__BASE__C                 
0000ae80  xdc_runtime_IHeap_Interface__BASE__C                         
0000ae84  xdc_runtime_ILogger_Interface__BASE__C                       
0000ae88  xdc_runtime_IModule_Interface__BASE__C                       
0000ae8c  xdc_runtime_Log_L_error__C                                   
0000ae90  xdc_runtime_Memory_defaultHeapInstance__C                    
0000ae94  xdc_runtime_Startup_execImpl__C                              
0000ae98  xdc_runtime_Startup_lastFxns__A                              
0000ae9c  xdc_runtime_Startup_maxPasses__C                             
0000aea0  xdc_runtime_Startup_sfxnRts__C                               
0000aea4  xdc_runtime_Startup_sfxnTab__C                               
0000aea8  xdc_runtime_SysMin_bufSize__C                                
0000aeac  xdc_runtime_SysMin_outputFunc__C                             
0000aeb0  xdc_runtime_System_Module__gateObj__C                        
0000aeb4  xdc_runtime_System_abortFxn__C                               
0000aeb8  xdc_runtime_System_exitFxn__C                                
0000aebc  xdc_runtime_System_extendFxn__C                              
0000aec0  xdc_runtime_System_maxAtexitHandlers__C                      
0000aec4  xdc_runtime_Text_charTab__C                                  
0000aec8  xdc_runtime_Text_nameEmpty__C                                
0000aecc  xdc_runtime_Text_nameStatic__C                               
0000aed0  xdc_runtime_Text_nameUnknown__C                              
0000aed4  xdc_runtime_Text_nodeTab__C                                  
0000aed8  xdc_runtime_Text_visitRopeFxn__C                             
0000aedc  ti_sysbios_hal_Hwi_Module__id__C                             
0000aede  ti_sysbios_heaps_HeapMem_Module__id__C                       
0000aee0  ti_sysbios_knl_Task_Module__id__C                            
0000aee2  ti_sysbios_utils_Load_updateInIdle__C                        
0000aee4  ti_uia_loggers_LoggerStopMode_Module__id__C                  
0000aee6  ti_uia_loggers_LoggerStopMode_isTimestampEnabled__C          
0000aee8  xdc_runtime_Core_Module__id__C                               
0000aeea  xdc_runtime_Error_Module__loggerDefined__C                   
0000aeec  xdc_runtime_Error_maxDepth__C                                
0000aeee  xdc_runtime_Memory_Module__id__C                             
0000aef0  xdc_runtime_SysMin_flushAtExit__C                            
0000aef2  xdc_runtime_Text_charCnt__C                                  
0000aef4  xdc_runtime_Text_isLoaded__C                                 
0000aef6  xdc_runtime_Text_registryModsLastId__C                       
0000aef8  xdc_runtime_Text_unnamedModsLastId__C                        
0000af00  __TI_static_base__                                           
0000b420  __TI_Handler_Table_Base                                      
0000b42c  __TI_Handler_Table_Limit                                     
0000b440  __TI_CINIT_Base                                              
0000b458  __TI_CINIT_Limit                                             
20000000  ti_sysbios_family_arm_m3_Hwi_ramVectors                      
20000180  ti_sysbios_heaps_HeapMem_Instance_State_0_buf__A             
20000580  ti_uia_loggers_LoggerStopMode_Instance_State_2_packetArray__A
20000980  task0Stack                                                   
20000c80  ti_sysbios_knl_Task_Instance_State_0_stack__A                
20000e80  ti_uia_loggers_LoggerStopMode_Instance_State_1_packetArray__A
20001080  ti_sysbios_family_arm_m3_Hwi_dispatchTable                   
200011c0  __CIOBUF_                                                    
200012e0  g_sContext                                                   
200012fc  Lcd_ScreenHeigth                                             
200012fe  Lcd_ScreenWidth                                              
20001300  ti_uia_loggers_LoggerStopMode_Instance_State_0_packetArray__A
20001400  uartMSP432Objects                                            
20001500  xdc_runtime_SysMin_Module_State_0_outbuf__A                  
20001580  task0Struct                                                  
200015d0  uartMSP432RingBuffer                                         
20001650  Lcd_TouchTrim                                                
20001652  Lcd_FlagRead                                                 
20001653  Lcd_FontSolid                                                
20001654  Lcd_Orientation                                              
20001655  Lcd_PenSolid                                                 
20001680  ti_uia_loggers_LoggerStopMode_Instance_State_0_hdr__A        
20001700  ti_uia_loggers_LoggerStopMode_Instance_State_1_hdr__A        
20001780  ti_uia_loggers_LoggerStopMode_Instance_State_2_hdr__A        
200017b0  xdc_runtime_Diags_dictElems                                  
200017d0  ti_sysbios_family_arm_m3_Hwi_Module__root__V                 
200017d8  ti_sysbios_family_arm_m3_Hwi_Module_State_0_excActive__A     
200017dc  ti_sysbios_family_arm_m3_Hwi_Module_State_0_excContext__A    
200017e0  ti_sysbios_family_arm_m3_Hwi_Module_State_0_excStack__A      
200017e4  ti_sysbios_family_arm_m3_Timer_Module__root__V               
200017ec  ti_sysbios_family_arm_m3_Timer_Module__state__V              
200017f8  ti_sysbios_family_arm_m3_TimestampProvider_Module__state__V  
200017fc  ti_sysbios_family_arm_msp432_ClockFreqs_Module__state__V     
20001808  ti_sysbios_family_arm_msp432_Timer_Module__root__V           
20001810  ti_sysbios_family_arm_msp432_Timer_Module_State_0_device__A  
20001830  ti_sysbios_family_arm_msp432_Timer_Module_State_0_handles__A 
20001840  ti_sysbios_family_arm_msp432_Timer_Module__state__V          
2000184c  ti_sysbios_gates_GateHwi_Module__root__V                     
20001854  ti_sysbios_gates_GateHwi_Object__table__V                    
20001858  ti_sysbios_gates_GateMutex_Module__root__V                   
20001860  ti_sysbios_hal_Hwi_Module__root__V                           
20001868  ti_sysbios_heaps_HeapMem_Module__root__V                     
20001870  ti_sysbios_heaps_HeapMem_Object__table__V                    
20001888  ti_sysbios_knl_Clock_Module__root__V                         
20001890  ti_sysbios_knl_Event_Module__root__V                         
2000189c  ti_sysbios_knl_Queue_Module__root__V                         
200018a4  ti_sysbios_knl_Semaphore_Module__root__V                     
200018ac  ti_sysbios_knl_Swi_Module__root__V                           
200018b4  ti_sysbios_knl_Swi_Module__state__V                          
200018d0  ti_sysbios_knl_Task_Module__root__V                          
200018dc  ti_sysbios_knl_Task_Module_State_0_idleTask__A               
200018e0  ti_sysbios_utils_Load_Module_State_0_taskStartTime__A        
200018e4  ti_sysbios_utils_Load_Module_State_0_runningTask__A          
200018e8  ti_uia_loggers_LoggerStopMode_Module__root__V                
200018f0  ti_uia_loggers_LoggerStopMode_Module__state__V               
200018f8  ti_uia_runtime_QueueDescriptor_Module__state__V              
20001904  xdc_runtime_Error_Module__state__V                           
20001906  xdc_runtime_Main_Module__root__V                             
20001908  xdc_runtime_Memory_Module__state__V                          
2000190c  xdc_runtime_Registry_Module__state__V                        
20001914  xdc_runtime_Startup_Module__state__V                         
2000191c  xdc_runtime_SysMin_Module__state__V                          
20001928  xdc_runtime_System_Module_State_0_atexitHandlers__A          
20001930  xdc_runtime_System_Module__state__V                          
20001938  xdc_runtime_Text_Module__state__V                            
20001940  __xdc__init__addr                                            
20001944  PowerMSP432_perfLevels                                       
200019e0  ti_uia_loggers_LoggerStopMode_Object__table__V               
20001a7c  ti_sysbios_utils_Load_Module__state__V                       
20001b14  ti_sysbios_knl_Swi_Module_State_0_readyQ__A                  
20001b94  ti_sysbios_knl_Task_Module_State_0_readyQ__A                 
20001c14  ti_sysbios_knl_Swi_Object__table__V                          
20001c74  ti_sysbios_family_arm_msp432_Timer_Object__table__V          
20001cc0  ti_sysbios_knl_Task_Object__table__V                         
20001d0c  ti_sysbios_family_arm_m3_Hwi_Object__table__V                
20001d54  ti_sysbios_knl_Task_Module__state__V                         
20001d98  ti_sysbios_gates_GateMutex_Object__table__V                  
20001dd0  ti_sysbios_family_arm_m3_Hwi_Module__state__V                
20001e64  ti_sysbios_family_arm_m3_Timer_Object__table__V              
20001e94  ti_sysbios_knl_Clock_Module__state__V                        
20001ec0  PowerMSP432_module                                           
20001ee4  ti_sysbios_BIOS_Module__state__V                             
20001f0c  gpioPinConfigs                                               
20001f1c  gpioCallbackFunctions                                        
20001f24  _lock                                                        
20001f28  _unlock                                                      
20001f2c  __TI_cleanup_ptr                                             
20001f30  __TI_dtors_ptr                                               
20001f34  ti_uia_runtime_QueueDescriptor_gPtrToFirstDescriptor         
20001f38  ti_uia_runtime_QueueDescriptor_gUpdateCount                  
20001f40  main_func_sp                                                 
2000fd00  __stack                                                      
20010000  __STACK_END                                                  
4000480c  WDTCTL_SYM                                                   
e000e000  ti_sysbios_family_arm_m3_Hwi_nvic                            
ffffffff  __binit__                                                    
ffffffff  __c_args__                                                   
ffffffff  binit                                                        
UNDEFED   SHT$$INIT_ARRAY$$Base                                        
UNDEFED   SHT$$INIT_ARRAY$$Limit                                       

[775 symbols]
