******************************************************************************
                  TI ARM Linker Unix v5.2.6                    
******************************************************************************
>> Linked Sun Apr  3 16:52:41 2016

OUTPUT FILE NAME:   <uartecho_MSP_EXP432P401R_TI_MSP432P401R.out>
ENTRY POINT SYMBOL: "_c_int00"  address: 000052e5


MEMORY CONFIGURATION

         name            origin    length      used     unused   attr    fill
----------------------  --------  ---------  --------  --------  ----  --------
  MAIN                  00000000   00040000  0000b09e  00034f62  R  X
  INFO                  00200000   00004000  00000000  00004000  R  X
  SRAM_CODE             01000000   00010000  00000000  00010000  RW X
  SRAM_DATA             20000000   00010000  000021bd  0000de43  RW  


SEGMENT ALLOCATION MAP

run origin  load origin   length   init length attrs members
----------  ----------- ---------- ----------- ----- -------
00000000    00000000    0000b0a8   0000b0a8    r-x
  00000000    00000000    0000003c   0000003c    r-- .resetVecs
  00000040    00000040    00008052   00008052    r-x .text
  00008094    00008094    00002ae8   00002ae8    r-- .const
  0000ab80    0000ab80    00000528   00000528    r-- .cinit
20000000    20000000    00000140   00000000    rw-
  20000000    20000000    00000140   00000000    rw- .vecs
20000180    20000180    00001d7d   00000000    rw-
  20000180    20000180    00001630   00000000    rw- .bss
  200017b0    200017b0    0000074d   00000000    rw- .data
2000fd00    2000fd00    00000300   00000000    rw-
  2000fd00    2000fd00    00000300   00000000    rw- .stack


SECTION ALLOCATION MAP

 output                                  attributes/
section   page    origin      length       input sections
--------  ----  ----------  ----------   ----------------
.text      0    00000040    00008052     
                  00000040    0000047e     string.obj (.text:Graphics_drawString)
                  000004be    00000002     power_tirtos_MSP432P401R.aem4f : PowerMSP432_tirtos.oem4f (.text:PowerMSP432_initPolicy)
                  000004c0    00000430     sysbios.aem4f : BIOS.obj (.text:ti_sysbios_family_arm_m3_Hwi_excDumpRegs__I)
                  000008f0    0000034c     ti.targets.arm.rtsarm.aem4f : System.oem4f (.text:xdc_runtime_System_doPrint__I)
                  00000c3c    000002d4     rtsv7M4_T_le_v4SPD16_eabi.lib : trgdrv.obj (.text)
                  00000f10    00000260     drivers_MSP432P401R.aem4f : UARTMSP432.oem4f (.text:UARTMSP432_open)
                  00001170    000001ce     Crystalfontz128x128_ST7735.obj (.text:Crystalfontz128x128_PixelDrawMultiple)
                  0000133e    000001a0     msp432p4xx_driverlib.lib : pcm.o (.text:__PCM_setPowerStateAdvanced)
                  000014de    00000002     rtsv7M4_T_le_v4SPD16_eabi.lib : i_div0.obj (.text)
                  000014e0    00000174     sysbios.aem4f : BIOS.obj (.text:ti_sysbios_family_arm_m3_Hwi_excBusFault__I)
                  00001654    00000004     msp432p4xx_driverlib.lib : cpu.o (.text:CPU_wfi)
                  00001658    00000164     sysbios.aem4f : BIOS.obj (.text:ti_sysbios_family_arm_m3_Hwi_excUsageFault__I)
                  000017bc    00000004     msp432p4xx_driverlib.lib : spi.o (.text:EUSCI_A_SPI_transmitData)
                  000017c0    00000148     sysbios.aem4f : BIOS.obj (.text:ti_sysbios_family_arm_m3_Hwi_excMemFault__I)
                  00001908    00000140     drivers_MSP432P401R.aem4f : GPIOMSP432.oem4f (.text:GPIO_setConfig)
                  00001a48    00000138     sysbios.aem4f : BIOS.obj (.text:ti_sysbios_knl_Semaphore_pend__E)
                  00001b80    00000138     uartecho_pem4f.oem4f (.text:ti_uia_loggers_LoggerStopMode_writeMemoryRange__E)
                  00001cb8    00000134     Crystalfontz128x128_ST7735.obj (.text:Crystalfontz128x128_SetDrawFrame)
                  00001dec    0000012c     Crystalfontz128x128_ST7735.obj (.text:Crystalfontz128x128_Init)
                  00001f18    0000011c     main.obj (.text:echoFxn)
                  00002034    00000118     ti.targets.arm.rtsarm.aem4f : Error.oem4f (.text:xdc_runtime_Error_policyDefault__E)
                  0000214c    00000004     msp432p4xx_driverlib.lib : spi.o (.text:EUSCI_B_SPI_transmitData)
                  00002150    0000010c     sysbios.aem4f : BIOS.obj (.text:ti_sysbios_family_arm_m3_Hwi_excFillContext__I)
                  0000225c    0000010c     uartecho_pem4f.oem4f (.text:ti_uia_loggers_LoggerStopMode_write8__E)
                  00002368    00000108     sysbios.aem4f : BIOS.obj (.text:ti_sysbios_family_arm_m3_Hwi_excHandlerMax__I)
                  00002470    00000100     ti.targets.arm.rtsarm.aem4f : Core-mem.oem4f (.text:xdc_runtime_Core_createObject__I)
                  00002570    000000fa     string.obj (.text:Graphics_getStringWidth)
                  0000266a    00000002     uartecho_pem4f.oem4f (.text:ti_sysbios_BIOS_nullFunc__I)
                  0000266c    000000f8     ti.targets.arm.rtsarm.aem4f : Startup.oem4f (.text:xdc_runtime_Startup_startMods__I)
                  00002764    000000f8     uartecho_pem4f.oem4f (.text:xdc_runtime_System_printfExtend__I)
                  0000285c    000000f4     drivers_MSP432P401R.aem4f : PowerMSP432.oem4f (.text:Power_sleep)
                  00002950    000000f4     sysbios.aem4f : m3_Hwi_asm.obj (.text:ti_sysbios_family_arm_m3_Hwi_dispatch__I)
                  00002a44    000000f4     uartecho_pem4f.oem4f (.text:ti_uia_loggers_LoggerStopMode_write4__E)
                  00002b38    000000f0     drivers_MSP432P401R.aem4f : PowerMSP432.oem4f (.text:initPerfControl)
                  00002c28    000000e8     uartecho_pem4f.oem4f (.text:ti_uia_loggers_LoggerStopMode_write2__E)
                  00002d10    000000e4     uartecho_pem4f.oem4f (.text:ti_uia_loggers_LoggerStopMode_write1__E)
                  00002df4    000000e0     msp432p4xx_driverlib.lib : cs.o (.text:CS_initClockSignal)
                  00002ed4    000000dc                              : pcm.o (.text:__PCM_setPowerModeAdvanced)
                  00002fb0    000000d8     uartecho_pem4f.oem4f (.text:ti_uia_loggers_LoggerStopMode_write0__E)
                  00003088    000000cc     sysbios.aem4f : BIOS.obj (.text:ti_sysbios_heaps_HeapMem_alloc__E)
                  00003154    00000004     tirtosport.aem4f : HwiP_tirtos.oem4f (.text:HwiP_disable)
                  00003158    000000cc     sysbios.aem4f : BIOS.obj (.text:ti_sysbios_knl_Task_Instance_init__E)
                  00003224    000000cc     ti.targets.arm.rtsarm.aem4f : Core-smem.oem4f (.text:xdc_runtime_Core_constructObject__I)
                  000032f0    000000bc     sysbios.aem4f : BIOS.obj (.text:ti_sysbios_family_arm_m3_Hwi_excDebugMon__I)
                  000033ac    00000004     drivers_MSP432P401R.aem4f : List.oem4f (.text:List_head)
                  000033b0    000000bc     sysbios.aem4f : BIOS.obj (.text:ti_sysbios_family_arm_m3_Hwi_excHardFault__I)
                  0000346c    00000004     drivers_MSP432P401R.aem4f : List.oem4f (.text:List_next)
                  00003470    000000bc     sysbios.aem4f : BIOS.obj (.text:ti_sysbios_knl_Task_Instance_finalize__E)
                  0000352c    00000004     drivers_MSP432P401R.aem4f : PowerMSP432.oem4f (.text:PowerMSP432_getNumPerfLevels)
                  00003530    000000b4     sysbios.aem4f : BIOS.obj (.text:ti_sysbios_knl_Task_checkStacks__E)
                  000035e4    000000b0     drivers_MSP432P401R.aem4f : UARTMSP432.oem4f (.text:UARTMSP432_readPolling)
                  00003694    000000b0     msp432p4xx_driverlib.lib : pcm.o (.text:__PCM_setCoreVoltageLevelAdvanced)
                  00003744    00000004     uartecho_pem4f.oem4f (.text:ti_sysbios_BIOS_RtsGateProxy_enter__E)
                  00003748    000000a8     sysbios.aem4f : BIOS.obj (.text:ti_sysbios_family_arm_msp432_Timer_periodicStub__E)
                  000037f0    000000a4     drivers_MSP432P401R.aem4f : UARTMSP432.oem4f (.text:UARTMSP432_control)
                  00003894    000000a0     auto_init.aem4f : auto_init.oem4f (.text)
                  00003934    000000a0     ti.targets.arm.rtsarm.aem4f : Text.oem4f (.text:xdc_runtime_Text_putMod__E)
                  000039d4    0000009c     Crystalfontz128x128_ST7735.obj (.text:Crystalfontz128x128_RectFill)
                  00003a70    0000009c     line.obj (.text:Graphics_drawLineH)
                  00003b0c    0000009c     drivers_MSP432P401R.aem4f : UARTMSP432.oem4f (.text:readTaskBlocking)
                  00003ba8    0000009c     rtsv7M4_T_le_v4SPD16_eabi.lib : memcpy_t2.obj (.text)
                  00003c44    0000009a     ti.targets.arm.rtsarm.aem4f : Text.oem4f (.text:xdc_runtime_Text_putSite__E)
                  00003cde    00000002     uartecho_pem4f.oem4f (.text:ti_uia_loggers_LoggerStopMode_setFilterLevel__E)
                  00003ce0    00000094     msp432p4xx_driverlib.lib : uart.o (.text:UART_initModule)
                  00003d74    00000004     uartecho_pem4f.oem4f (.text:ti_sysbios_BIOS_RtsGateProxy_leave__E)
                  00003d78    00000094     sysbios.aem4f : BIOS.obj (.text:ti_sysbios_family_arm_m3_Hwi_Instance_init__E)
                  00003e0c    00000004     uartecho_pem4f.oem4f (.text:ti_sysbios_family_arm_m3_Hwi_destruct)
                  00003e10    00000094     sysbios.aem4f : BIOS.obj (.text:ti_sysbios_family_arm_m3_Hwi_initNVIC__E)
                  00003ea4    00000090     ti.uia.loggers.aem4f : LoggerStopMode.oem4f (.text:ti_uia_loggers_LoggerStopMode_initQueueDescriptor__E)
                  00003f34    0000008c     sysbios.aem4f : m3_TaskSupport_asm.obj (.text:ti_sysbios_family_arm_m3_TaskSupport_buildTaskStack)
                  00003fc0    0000008c                   : BIOS.obj (.text:ti_sysbios_knl_Task_postInit__I)
                  0000404c    0000008a     drivers_MSP432P401R.aem4f : UARTMSP432.oem4f (.text:UARTMSP432_close)
                  000040d6    00000088     msp432p4xx_driverlib.lib : spi.o (.text:SPI_initMaster)
                  0000415e    00000002     ti.uia.loggers.aem4f : LoggerStopMode.oem4f (.text:ti_uia_loggers_LoggerStopMode_setPriority__E)
                  00004160    00000084     drivers_MSP432P401R.aem4f : UARTMSP432.oem4f (.text:initHw)
                  000041e4    00000004     uartecho_pem4f.oem4f (.text:ti_sysbios_family_arm_m3_TaskSupport_Module__startupDone__S)
                  000041e8    00000084     sysbios.aem4f : BIOS.obj (.text:ti_sysbios_family_arm_m3_Hwi_postInit__I)
                  0000426c    00000084     drivers_MSP432P401R.aem4f : UARTMSP432.oem4f (.text:writeData)
                  000042f0    00000082                               : UARTMSP432.oem4f (.text:readIsrTextCallback)
                  00004372    00000006     msp432p4xx_driverlib.lib : uart.o (.text:UART_getInterruptStatus)
                  00004378    00000080     sysbios.aem4f : BIOS.obj (.text:ti_sysbios_utils_Load_updateLoads__E)
                  000043f8    0000007c     msp432p4xx_driverlib.lib : pcm.o (.text:PCM_gotoLPM3)
                  00004474    00000004     uartecho_pem4f.oem4f (.text:ti_sysbios_heaps_HeapMem_Module_GateProxy_enter__E)
                  00004478    0000007c     sysbios.aem4f : BIOS.obj (.text:ti_sysbios_family_arm_m3_TimestampProvider_get64__E)
                  000044f4    00000004     uartecho_pem4f.oem4f (.text:ti_sysbios_heaps_HeapMem_Module_GateProxy_leave__E)
                  000044f8    0000007c     sysbios.aem4f : BIOS.obj (.text:ti_sysbios_heaps_HeapMem_free__E)
                  00004574    0000007a     drivers_MSP432P401R.aem4f : UARTMSP432.oem4f (.text:UARTMSP432_write)
                  000045ee    0000007a                               : UARTMSP432.oem4f (.text:readTaskCallback)
                  00004668    0000007a     rtsv7M4_T_le_v4SPD16_eabi.lib : memset_t2.obj (.text)
                  000046e2    00000074     drivers_MSP432P401R.aem4f : UARTMSP432.oem4f (.text:readIsrTextBlocking)
                  00004756    00000002     --HOLE-- [fill = 0]
                  00004758    00000074     ti.uia.runtime.aem4f : QueueDescriptor.oem4f (.text:ti_uia_runtime_QueueDescriptor_addToList__E)
                  000047cc    00000004     uartecho_pem4f.oem4f (.text:ti_sysbios_knl_Clock_TimerProxy_getMaxTicks__E)
                  000047d0    00000070     sysbios.aem4f : BIOS.obj (.text:ti_sysbios_knl_Semaphore_post__E)
                  00004840    0000006d     ti.targets.arm.rtsarm.aem4f : System.oem4f (.text:xdc_runtime_System_formatNum__I)
                  000048ad    00000003     --HOLE-- [fill = 0]
                  000048b0    0000006c     main.obj (.text:main)
                  0000491c    00000004     uartecho_pem4f.oem4f (.text:ti_sysbios_knl_Clock_destruct)
                  00004920    0000006c     sysbios.aem4f : BIOS.obj (.text:ti_sysbios_knl_Clock_workFunc__E)
                  0000498c    00000004     uartecho_pem4f.oem4f (.text:ti_sysbios_knl_Queue_destruct)
                  00004990    0000006c     sysbios.aem4f : BIOS.obj (.text:ti_sysbios_knl_Swi_restoreHwi__E)
                  000049fc    00000004     uartecho_pem4f.oem4f (.text:ti_sysbios_knl_Semaphore_destruct)
                  00004a00    0000006c     sysbios.aem4f : BIOS.obj (.text:ti_sysbios_knl_Task_exit__E)
                  00004a6c    0000006c     ti.targets.arm.rtsarm.aem4f : Error.oem4f (.text:xdc_runtime_Error_print__E)
                  00004ad8    0000006c                                 : Memory.oem4f (.text:xdc_runtime_Memory_alloc__E)
                  00004b44    0000006a     rtsv7M4_T_le_v4SPD16_eabi.lib : copy_decompress_rle.obj (.text)
                  00004bae    00000002     --HOLE-- [fill = 0]
                  00004bb0    00000068                                   : trgmsg.obj (.text)
                  00004c18    00000066     ti.uia.loggers.aem4f : LoggerStopMode.oem4f (.text:ti_uia_loggers_LoggerStopMode_flush__E)
                  00004c7e    00000066     ti.targets.arm.rtsarm.aem4f : Core-mem.oem4f (.text:xdc_runtime_Core_deleteObject__I)
                  00004ce4    00000064     drivers_MSP432P401R.aem4f : UARTMSP432.oem4f (.text:UARTMSP432_writePolling)
                  00004d48    00000064     sysbios.aem4f : BIOS.obj (.text:ti_sysbios_family_arm_m3_Hwi_dispatchC__I)
                  00004dac    00000004     ti.uia.loggers.aem4f : LoggerStopMode.oem4f (.text:ti_uia_loggers_LoggerStopMode_getContents__E)
                  00004db0    00000064     sysbios.aem4f : BIOS.obj (.text:ti_sysbios_utils_Load_idleFxn__E)
                  00004e14    00000062     tirtosport.aem4f : HwiP_tirtos.oem4f (.text:HwiP_create)
                  00004e76    00000060     Crystalfontz128x128_ST7735.obj (.text:Crystalfontz128x128_LineDrawH)
                  00004ed6    00000060     Crystalfontz128x128_ST7735.obj (.text:Crystalfontz128x128_LineDrawV)
                  00004f36    00000002     --HOLE-- [fill = 0]
                  00004f38    00000060     sysbios.aem4f : BIOS.obj (.text:ti_sysbios_family_arm_m3_TimestampProvider_get32__E)
                  00004f98    00000060                   : BIOS.obj (.text:ti_sysbios_knl_Task_schedule__I)
                  00004ff8    0000005c     drivers_MSP432P401R.aem4f : GPIOMSP432.oem4f (.text:GPIO_init)
                  00005054    00000004     uartecho_pem4f.oem4f (.text:ti_uia_loggers_LoggerStopMode_getFilterLevel__E)
                  00005058    0000005c     sysbios.aem4f : BIOS.obj (.text:ti_sysbios_knl_Swi_run__I)
                  000050b4    00000004     ti.uia.loggers.aem4f : LoggerStopMode.oem4f (.text:ti_uia_loggers_LoggerStopMode_getInstanceId__E)
                  000050b8    0000005c     sysbios.aem4f : BIOS.obj (.text:ti_sysbios_knl_Swi_schedule__I)
                  00005114    00000004     ti.uia.loggers.aem4f : LoggerStopMode.oem4f (.text:ti_uia_loggers_LoggerStopMode_getMaxLength__E)
                  00005118    0000005c     sysbios.aem4f : BIOS.obj (.text:ti_sysbios_knl_Task_Module_startup__E)
                  00005174    00000004     ti.uia.loggers.aem4f : LoggerStopMode.oem4f (.text:ti_uia_loggers_LoggerStopMode_getPriority__E)
                  00005178    0000005c     sysbios.aem4f : BIOS.obj (.text:ti_sysbios_knl_Task_startCore__E)
                  000051d4    0000005b     ti.targets.arm.rtsarm.aem4f : Text.oem4f (.text:xdc_runtime_Text_putLab__E)
                  0000522f    00000001     --HOLE-- [fill = 0]
                  00005230    0000005a     tirtosport.aem4f : ClockP_tirtos.oem4f (.text:ClockP_create)
                  0000528a    00000058                      : SemaphoreP_tirtos.oem4f (.text:SemaphoreP_create)
                  000052e2    00000002     --HOLE-- [fill = 0]
                  000052e4    00000058     boot.aem4f : boot.oem4f (.text)
                  0000533c    00000058     uartecho_pem4f.oem4f (.text:ti_sysbios_family_arm_m3_Hwi_construct)
                  00005394    00000058     sysbios.aem4f : m3_Hwi_asm_switch.obj (.text:ti_sysbios_family_arm_m3_Hwi_initStacks__E)
                  000053ec    00000054     Crystalfontz128x128_ST7735.obj (.text:Crystalfontz128x128_SetOrientation)
                  00005440    00000054     drivers_MSP432P401R.aem4f : GPIOMSP432.oem4f (.text:GPIO_hwiIntFxn)
                  00005494    00000054                               : GPIOMSP432.oem4f (.text:GPIO_setCallback)
                  000054e8    00000054     sysbios.aem4f : BIOS.obj (.text:ti_sysbios_family_arm_m3_Timer_start__E)
                  0000553c    00000004     ti.uia.loggers.aem4f : LoggerStopMode.oem4f (.text:ti_uia_loggers_LoggerStopMode_getTransferType__E)
                  00005540    00000054     sysbios.aem4f : BIOS.obj (.text:ti_sysbios_family_arm_msp432_Timer_initDevice__I)
                  00005594    00000004     ti.targets.arm.rtsarm.aem4f : Error.oem4f (.text:xdc_runtime_Error_getSite__E)
                  00005598    00000054     sysbios.aem4f : BIOS.obj (.text:ti_sysbios_family_arm_msp432_init_Boot_configureClocksHigh)
                  000055ec    00000054     uartecho_pem4f.oem4f (.text:ti_sysbios_knl_Task_construct)
                  00005640    00000054     ti.targets.arm.rtsarm.aem4f : Assert.oem4f (.text:xdc_runtime_Assert_raise__I)
                  00005694    00000052     drivers_MSP432P401R.aem4f : UARTMSP432.oem4f (.text:UARTMSP432_writeCancel)
                  000056e6    00000002     --HOLE-- [fill = 0]
                  000056e8    00000050                               : GPIOMSP432.oem4f (.text:GPIO_write)
                  00005738    00000050     msp432p4xx_driverlib.lib : pcm.o (.text:PCM_shutdownDevice)
                  00005788    00000050     power_tirtos_MSP432P401R.aem4f : PowerMSP432_tirtos.oem4f (.text:PowerMSP432_sleepPolicy)
                  000057d8    00000050     sysbios.aem4f : BIOS.obj (.text:ti_sysbios_family_arm_m3_Hwi_Module_startup__E)
                  00005828    00000050     ti.targets.arm.rtsarm.aem4f : Startup.oem4f (.text:xdc_runtime_Startup_exec__E)
                  00005878    00000050                                 : Text.oem4f (.text:xdc_runtime_Text_visitRope2__I)
                  000058c8    0000004c     msp432p4xx_driverlib.lib : gpio.o (.text:GPIO_setAsPeripheralModuleFunctionOutputPin)
                  00005914    0000004c     rtsv7M4_T_le_v4SPD16_eabi.lib : cpy_tbl.obj (.text)
                  00005960    0000004c     sysbios.aem4f : BIOS.obj (.text:ti_sysbios_family_arm_msp432_Timer_start__E)
                  000059ac    00000004     uartecho_pem4f.oem4f (.text:xdc_runtime_System_Module_GateProxy_enter__E)
                  000059b0    0000004c     sysbios.aem4f : BIOS.obj (.text:ti_sysbios_heaps_HeapMem_getStats__E)
                  000059fc    00000004     uartecho_pem4f.oem4f (.text:xdc_runtime_System_Module_GateProxy_leave__E)
                  00005a00    0000004c     sysbios.aem4f : BIOS.obj (.text:ti_sysbios_knl_Swi_runLoop__I)
                  00005a4c    00000004     ti.targets.arm.rtsarm.aem4f : System.oem4f (.text:xdc_runtime_System_aprintf_va__F)
                  00005a50    0000004c     sysbios.aem4f : BIOS.obj (.text:ti_sysbios_knl_Task_allBlockedFunction__I)
                  00005a9c    0000004c     ti.uia.loggers.aem4f : LoggerStopMode.oem4f (.text:ti_uia_loggers_LoggerStopMode_Module_startup__E)
                  00005ae8    0000004a     context.obj (.text:Graphics_initContext)
                  00005b32    00000002     --HOLE-- [fill = 0]
                  00005b34    00000048     msp432p4xx_driverlib.lib : gpio.o (.text:GPIO_setAsPeripheralModuleFunctionInputPin)
                  00005b7c    00000048     string.obj (.text:Graphics_drawStringCentered)
                  00005bc4    00000004     ti.targets.arm.rtsarm.aem4f : System.oem4f (.text:xdc_runtime_System_printf_va__F)
                  00005bc8    00000048     sysbios.aem4f : BIOS.obj (.text:ti_sysbios_family_arm_m3_Hwi_disableInterrupt__E)
                  00005c10    00000048                   : BIOS.obj (.text:ti_sysbios_family_arm_m3_Hwi_enableInterrupt__E)
                  00005c58    00000048                   : BIOS.obj (.text:ti_sysbios_family_arm_m3_Hwi_excReserved__I)
                  00005ca0    00000048                   : BIOS.obj (.text:ti_sysbios_family_arm_m3_Timer_initDevice__I)
                  00005ce8    00000048                   : BIOS.obj (.text:ti_sysbios_family_arm_m3_Timer_setPeriod__E)
                  00005d30    00000046     drivers_MSP432P401R.aem4f : RingBuf.oem4f (.text:RingBuf_put)
                  00005d76    00000046                               : UARTMSP432.oem4f (.text:readIsrBinaryBlocking)
                  00005dbc    00000046     ti.targets.arm.rtsarm.aem4f : Core-params.oem4f (.text:xdc_runtime_Core_assignParams__I)
                  00005e02    00000002     --HOLE-- [fill = 0]
                  00005e04    00000044     rtsv7M4_T_le_v4SPD16_eabi.lib : exit.obj (.text)
                  00005e48    00000044     sysbios.aem4f : BIOS.obj (.text:ti_sysbios_family_arm_m3_Hwi_getStackInfo__E)
                  00005e8c    00000004     --HOLE-- [fill = 0]
                  00005e90    00000044                   : BIOS.obj (.text:ti_sysbios_knl_Swi_post__E)
                  00005ed4    00000044     ti.uia.loggers.aem4f : LoggerStopMode.oem4f (.text:ti_uia_loggers_LoggerStopMode_initBuffer__I)
                  00005f18    00000044     ti.targets.arm.rtsarm.aem4f : Error.oem4f (.text:xdc_runtime_Error_setX__E)
                  00005f5c    00000044                                 : SysMin.oem4f (.text:xdc_runtime_SysMin_flush__E)
                  00005fa0    00000044                                 : Text.oem4f (.text:xdc_runtime_Text_xprintf__I)
                  00005fe4    00000042     drivers_MSP432P401R.aem4f : UARTMSP432.oem4f (.text:UARTMSP432_hwiIntFxn)
                  00006026    00000040     Crystalfontz128x128_ST7735.obj (.text:Crystalfontz128x128_PixelDraw)
                  00006066    00000002     --HOLE-- [fill = 0]
                  00006068    00000040     msp432p4xx_driverlib.lib : flash.o (.text:FlashCtl_disableReadBuffering)
                  000060a8    00000040     string.obj (.text:Graphics_getNumberOfLeadingZeros)
                  000060e8    00000040     HAL_MSP_EXP432P401R_Crystalfontz128x128_ST7735.obj (.text:HAL_LCD_SpiInit)
                  00006128    00000040     drivers_MSP432P401R.aem4f : RingBuf.oem4f (.text:RingBuf_get)
                  00006168    00000040                               : UARTMSP432.oem4f (.text:UARTMSP432_read)
                  000061a8    00000040                               : PowerMSP432.oem4f (.text:notify)
                  000061e8    00000040     rtsv7M4_T_le_v4SPD16_eabi.lib : u_divt2.obj (.text)
                  00006228    00000040     sysbios.aem4f : BIOS.obj (.text:ti_sysbios_family_arm_msp432_Timer_Module_startup__E)
                  00006268    00000040                   : BIOS.obj (.text:ti_sysbios_family_arm_msp432_Timer_startup__E)
                  000062a8    00000040                   : BIOS.obj (.text:ti_sysbios_heaps_HeapMem_Instance_init__E)
                  000062e8    0000003c     drivers_MSP432P401R.aem4f : PowerMSP432.oem4f (.text:Power_init)
                  00006324    00000004     --HOLE-- [fill = 0]
                  00006328    0000003c     sysbios.aem4f : BIOS.obj (.text:ti_sysbios_family_arm_m3_Hwi_excSvCall__I)
                  00006364    00000004     --HOLE-- [fill = 0]
                  00006368    0000003c                   : BIOS.obj (.text:ti_sysbios_heaps_HeapMem_init__I)
                  000063a4    00000004     --HOLE-- [fill = 0]
                  000063a8    0000003c                   : BIOS.obj (.text:ti_sysbios_knl_Clock_Instance_init__E)
                  000063e4    00000004     --HOLE-- [fill = 0]
                  000063e8    0000003c                   : BIOS.obj (.text:ti_sysbios_knl_Swi_restore__E)
                  00006424    0000003a     drivers_MSP432P401R.aem4f : UARTMSP432.oem4f (.text:readIsrBinaryCallback)
                  0000645e    00000002     --HOLE-- [fill = 0]
                  00006460    00000038                               : UART.oem4f (.text:UART_init)
                  00006498    00000038     sysbios.aem4f : BIOS.obj (.text:ti_sysbios_family_arm_m3_Hwi_excNoIsr__I)
                  000064d0    00000038     ti.targets.arm.rtsarm.aem4f : SysMin.oem4f (.text:xdc_runtime_SysMin_putch__E)
                  00006508    00000038                                 : System.oem4f (.text:xdc_runtime_System_atexit__E)
                  00006540    00000036     drivers_MSP432P401R.aem4f : UARTMSP432.oem4f (.text:UARTMSP432_readCancel)
                  00006576    00000036                               : UARTMSP432.oem4f (.text:perfChangeNotifyFxn)
                  000065ac    00000034     msp432p4xx_driverlib.lib : flash.o (.text:FlashCtl_enableReadBuffering)
                  000065e0    00000034     display.obj (.text:Graphics_drawHorizontalLineOnDisplay)
                  00006614    00000034     HAL_MSP_EXP432P401R_Crystalfontz128x128_ST7735.obj (.text:HAL_LCD_writeCommand)
                  00006648    00000034     main.obj (.text:init_clocks)
                  0000667c    00000004     --HOLE-- [fill = 0]
                  00006680    00000034     sysbios.aem4f : BIOS.obj (.text:ti_sysbios_family_arm_m3_Hwi_Instance_finalize__E)
                  000066b4    00000004     --HOLE-- [fill = 0]
                  000066b8    00000034                   : BIOS.obj (.text:ti_sysbios_family_arm_m3_Hwi_excNmi__I)
                  000066ec    00000004     --HOLE-- [fill = 0]
                  000066f0    00000034                   : BIOS.obj (.text:ti_sysbios_family_arm_m3_Timer_periodicStub__I)
                  00006724    00000004     --HOLE-- [fill = 0]
                  00006728    00000034                   : BIOS.obj (.text:ti_sysbios_hal_Hwi_checkStack)
                  0000675c    00000034     uartecho_pem4f.oem4f (.text:ti_sysbios_knl_Clock_construct)
                  00006790    00000034     ti.uia.loggers.aem4f : LoggerStopMode.oem4f (.text:ti_uia_loggers_LoggerStopMode_reset__E)
                  000067c4    00000034     ti.targets.arm.rtsarm.aem4f : Core-label.oem4f (.text:xdc_runtime_Core_assignLabel__I)
                  000067f8    00000033                                 : Text.oem4f (.text:xdc_runtime_Text_printVisFxn__I)
                  0000682b    00000005     --HOLE-- [fill = 0]
                  00006830    00000032     sysbios.aem4f : BIOS.obj (.text:ti_sysbios_hal_Hwi_initStack)
                  00006862    00000002     --HOLE-- [fill = 0]
                  00006864    00000030     drivers_MSP432P401R.aem4f : GPIOMSP432.oem4f (.text:GPIO_getEnabledInterruptStatus_WA)
                  00006894    00000030     msp432p4xx_driverlib.lib : gpio.o (.text:GPIO_setAsInputPinWithPullDownResistor)
                  000068c4    00000030                              : gpio.o (.text:GPIO_setAsInputPinWithPullUpResistor)
                  000068f4    00000030     HAL_MSP_EXP432P401R_Crystalfontz128x128_ST7735.obj (.text:HAL_LCD_PortInit)
                  00006924    00000030     drivers_MSP432P401R.aem4f : UART.oem4f (.text:UART_open)
                  00006954    00000030     msp432p4xx_driverlib.lib : spi.o (.text:is_A_Module)
                  00006984    00000030     uartecho_pem4f.oem4f (.text:ti_sysbios_BIOS_atExitFunc__I)
                  000069b4    00000004     --HOLE-- [fill = 0]
                  000069b8    00000030     sysbios.aem4f : BIOS.obj (.text:ti_sysbios_family_arm_m3_TaskSupport_start__E)
                  000069e8    00000030                   : BIOS.obj (.text:ti_sysbios_family_arm_msp432_Timer_setPeriod__E)
                  00006a18    00000030     uartecho_pem4f.oem4f (.text:ti_sysbios_gates_GateHwi_Object__create__S)
                  00006a48    00000030     uartecho_pem4f.oem4f (.text:ti_sysbios_gates_GateMutex_Object__create__S)
                  00006a78    00000030     sysbios.aem4f : BIOS.obj (.text:ti_sysbios_gates_GateMutex_enter__E)
                  00006aa8    00000030     uartecho_pem4f.oem4f (.text:ti_sysbios_heaps_HeapMem_Object__create__S)
                  00006ad8    00000030     uartecho_pem4f.oem4f (.text:ti_sysbios_knl_Semaphore_construct)
                  00006b08    00000030     sysbios.aem4f : BIOS.obj (.text:ti_sysbios_knl_Semaphore_pendTimeout__I)
                  00006b38    00000030                   : BIOS.obj (.text:ti_sysbios_knl_Task_processVitalTaskFlag__I)
                  00006b68    00000030                   : BIOS.obj (.text:ti_sysbios_knl_Task_unblockI__E)
                  00006b98    00000030                   : BIOS.obj (.text:ti_sysbios_utils_Load_updateCurrentThreadTime__E)
                  00006bc8    00000030     uartecho_pem4f.oem4f (.text:ti_uia_loggers_LoggerStopMode_Object__create__S)
                  00006bf8    00000030     ti.targets.arm.rtsarm.aem4f : SysMin.oem4f (.text:xdc_runtime_SysMin_abort__E)
                  00006c28    00000030                                 : System.oem4f (.text:xdc_runtime_System_processAtExit__E)
                  00006c58    0000002c     Crystalfontz128x128_ST7735.obj (.text:Crystalfontz128x128_ClearScreen)
                  00006c84    0000002c     msp432p4xx_driverlib.lib : gpio.o (.text:GPIO_setAsInputPin)
                  00006cb0    0000002c                              : pcm.o (.text:PCM_getCoreVoltageLevel)
                  00006cdc    0000002c     power_tirtos_MSP432P401R.aem4f : PowerMSP432_tirtos.oem4f (.text:PowerMSP432_updateFreqs)
                  00006d08    0000002c     drivers_MSP432P401R.aem4f : PowerMSP432.oem4f (.text:Power_releaseConstraint)
                  00006d34    0000002c                               : PowerMSP432.oem4f (.text:Power_setConstraint)
                  00006d60    0000002c     uartecho_pem4f.oem4f (.text:ti_sysbios_knl_Clock_doTick__I)
                  00006d8c    0000002c     uartecho_pem4f.oem4f (.text:ti_sysbios_knl_Queue_construct)
                  00006db8    0000002c     sysbios.aem4f : BIOS.obj (.text:ti_sysbios_knl_Task_restore__E)
                  00006de4    0000002c     ti.targets.arm.rtsarm.aem4f : Text.oem4f (.text:xdc_runtime_Text_cordText__E)
                  00006e10    0000002a     display.obj (.text:Graphics_drawPixelOnDisplay)
                  00006e3a    0000002a     msp432p4xx_driverlib.lib : pcm.o (.text:PCM_getPowerMode)
                  00006e64    0000002a     drivers_MSP432P401R.aem4f : UARTMSP432.oem4f (.text:findBaudDividerIndex)
                  00006e8e    0000002a     ti.targets.arm.rtsarm.aem4f : System.oem4f (.text:xdc_runtime_System_putchar__I)
                  00006eb8    00000028     Crystalfontz128x128_ST7735.obj (.text:Crystalfontz128x128_ColorTranslate)
                  00006ee0    00000028     msp432p4xx_driverlib.lib : flash.o (.text:FlashCtl_setWaitState)
                  00006f08    00000028                              : pcm.o (.text:PCM_gotoLPM0)
                  00006f30    00000028     uartecho_pem4f.oem4f (.text:ti_sysbios_BIOS_startFunc__I)
                  00006f58    00000028     sysbios.aem4f : BIOS.obj (.text:ti_sysbios_knl_Clock_addI__E)
                  00006f80    00000028                   : BIOS.obj (.text:ti_sysbios_knl_Swi_Module_startup__E)
                  00006fa8    00000026     drivers_MSP432P401R.aem4f : List.oem4f (.text:List_put)
                  00006fce    00000026     sysbios.aem4f : m3_Hwi_asm.obj (.text:ti_sysbios_family_arm_m3_Hwi_pendSV__I)
                  00006ff4    00000026     ti.targets.arm.rtsarm.aem4f : System.oem4f (.text:xdc_runtime_System_avprintf__E)
                  0000701a    00000002     --HOLE-- [fill = 0]
                  0000701c    00000024     msp432p4xx_driverlib.lib : cs.o (.text:CS_setDCOCenteredFrequency)
                  00007040    00000024                              : gpio.o (.text:GPIO_setAsOutputPin)
                  00007064    00000024     HAL_MSP_EXP432P401R_Crystalfontz128x128_ST7735.obj (.text:HAL_LCD_writeData)
                  00007088    00000024     msp432p4xx_driverlib.lib : rtc_c.o (.text:RTC_C_holdClock)
                  000070ac    00000024                              : rtc_c.o (.text:RTC_C_startClock)
                  000070d0    00000024                              : uart.o (.text:UART_disableInterrupt)
                  000070f4    00000024                              : uart.o (.text:UART_receiveData)
                  00007118    00000024                              : uart.o (.text:UART_transmitData)
                  0000713c    00000024     uartecho_pem4f.oem4f (.text:ti_sysbios_BIOS_errorRaiseHook__I)
                  00007160    00000024     uartecho_pem4f.oem4f (.text:ti_sysbios_BIOS_registerRTSLock__I)
                  00007184    00000024     uartecho_pem4f.oem4f (.text:ti_sysbios_BIOS_removeRTSLock__I)
                  000071a8    00000024     sysbios.aem4f : BIOS.obj (.text:ti_sysbios_family_arm_m3_Timer_Module_startup__E)
                  000071cc    00000004     --HOLE-- [fill = 0]
                  000071d0    00000024                   : BIOS.obj (.text:ti_sysbios_family_arm_m3_Timer_postInit__I)
                  000071f4    00000004     --HOLE-- [fill = 0]
                  000071f8    00000024                   : BIOS.obj (.text:ti_sysbios_family_arm_m3_Timer_startup__E)
                  0000721c    00000004     --HOLE-- [fill = 0]
                  00007220    00000024                   : BIOS.obj (.text:ti_sysbios_family_arm_msp432_ClockFreqs_setFrequency__E)
                  00007244    00000004     --HOLE-- [fill = 0]
                  00007248    00000024                   : BIOS.obj (.text:ti_sysbios_family_arm_msp432_Timer_postInit__I)
                  0000726c    00000024     uartecho_pem4f.oem4f (.text:ti_sysbios_gates_GateMutex_Object__delete__S)
                  00007290    00000024     sysbios.aem4f : BIOS.obj (.text:ti_sysbios_knl_Clock_Module_startup__E)
                  000072b4    00000004     --HOLE-- [fill = 0]
                  000072b8    00000024                   : BIOS.obj (.text:ti_sysbios_knl_Clock_start__E)
                  000072dc    00000004     --HOLE-- [fill = 0]
                  000072e0    00000024                   : BIOS.obj (.text:ti_sysbios_knl_Semaphore_Instance_init__E)
                  00007304    00000004     --HOLE-- [fill = 0]
                  00007308    00000024                   : BIOS.obj (.text:ti_sysbios_knl_Task_restoreHwi__E)
                  0000732c    00000004     --HOLE-- [fill = 0]
                  00007330    00000024                   : BIOS.obj (.text:ti_sysbios_utils_Load_updateThreadContexts__E)
                  00007354    00000024     ti.targets.arm.rtsarm.aem4f : System.oem4f (.text:xdc_runtime_System_vprintf__E)
                  00007378    00000022     uartecho_pem4f.oem4f (.text:xdc_runtime_SysMin_output__I)
                  0000739a    00000002     --HOLE-- [fill = 0]
                  0000739c    00000020     msp432p4xx_driverlib.lib : gpio.o (.text:GPIO_interruptEdgeSelect)
                  000073bc    00000020     drivers_MSP432P401R.aem4f : PowerMSP432.oem4f (.text:PowerMSP432_getFreqs)
                  000073dc    00000020                               : PowerMSP432.oem4f (.text:Power_idleFunc)
                  000073fc    00000020                               : PowerMSP432.oem4f (.text:Power_unregisterNotify)
                  0000741c    00000020     msp432p4xx_driverlib.lib : spi.o (.text:SPI_transmitData)
                  0000743c    00000020     uartecho_pem4f.oem4f (.text:ti_sysbios_BIOS_rtsLock__I)
                  0000745c    00000020     sysbios.aem4f : m3_Hwi_asm.obj (.text:ti_sysbios_family_arm_m3_Hwi_excHandlerAsm__I)
                  0000747c    00000004     --HOLE-- [fill = 0]
                  00007480    00000020                   : BIOS.obj (.text:ti_sysbios_family_arm_m3_Hwi_excHandler__I)
                  000074a0    00000020                   : BIOS.obj (.text:ti_sysbios_family_arm_m3_TimestampProvider_Module_startup__E)
                  000074c0    00000020     uartecho_pem4f.oem4f (.text:ti_sysbios_gates_GateHwi_Object__delete__S)
                  000074e0    00000020     uartecho_pem4f.oem4f (.text:ti_sysbios_heaps_HeapMem_Object__delete__S)
                  00007500    00000020     uartecho_pem4f.oem4f (.text:ti_sysbios_knl_Clock_Object__destruct__S)
                  00007520    00000020     sysbios.aem4f : BIOS.obj (.text:ti_sysbios_knl_Idle_run__E)
                  00007540    00000020     uartecho_pem4f.oem4f (.text:ti_sysbios_knl_Semaphore_Object__destruct__S)
                  00007560    00000020     uartecho_pem4f.oem4f (.text:ti_uia_loggers_LoggerStopMode_Object__delete__S)
                  00007580    00000020     ti.targets.arm.rtsarm.aem4f : Registry.oem4f (.text:xdc_runtime_Registry_findById__E)
                  000075a0    00000020                                 : SysMin.oem4f (.text:xdc_runtime_SysMin_Module_startup__E)
                  000075c0    0000001e     sysbios.aem4f : m3_Hwi_asm_switch.obj (.text:ti_sysbios_family_xxx_Hwi_switchAndRunFunc)
                  000075de    0000001c     MSP_EXP432P401R.obj (.text:MSP_EXP432P401R_initUART)
                  000075fa    00000002     --HOLE-- [fill = 0]
                  000075fc    0000001c     drivers_MSP432P401R.aem4f : PowerMSP432.oem4f (.text:Power_registerNotify)
                  00007618    0000001c     uartecho_pem4f.oem4f (.text:ti_sysbios_family_arm_m3_Hwi_Object__destruct__S)
                  00007634    00000004     --HOLE-- [fill = 0]
                  00007638    0000001c     sysbios.aem4f : BIOS.obj (.text:ti_sysbios_family_arm_m3_Timer_stop__E)
                  00007654    00000004     --HOLE-- [fill = 0]
                  00007658    0000001c                   : BIOS.obj (.text:ti_sysbios_gates_GateMutex_Instance_init__E)
                  00007674    00000004     --HOLE-- [fill = 0]
                  00007678    0000001c                   : BIOS.obj (.text:ti_sysbios_knl_Clock_Instance_finalize__E)
                  00007694    0000001c     uartecho_pem4f.oem4f (.text:ti_sysbios_knl_Queue_Object__destruct__S)
                  000076b0    0000001c     sysbios.aem4f : BIOS.obj (.text:ti_sysbios_knl_Queue_put__E)
                  000076cc    00000004     --HOLE-- [fill = 0]
                  000076d0    0000001c                   : BIOS.obj (.text:ti_sysbios_knl_Task_enter__I)
                  000076ec    0000001c     ti.uia.loggers.aem4f : LoggerStopMode.oem4f (.text:ti_uia_loggers_LoggerStopMode_Instance_init__E)
                  00007708    0000001c     ti.targets.arm.rtsarm.aem4f : Error.oem4f (.text:xdc_runtime_Error_raiseX__E)
                  00007724    0000001c                                 : Memory.oem4f (.text:xdc_runtime_Memory_valloc__E)
                  00007740    0000001c                                 : SysMin.oem4f (.text:xdc_runtime_SysMin_exit__E)
                  0000775c    0000001c                                 : System.oem4f (.text:xdc_runtime_System_abort__E)
                  00007778    0000001a     context.obj (.text:Graphics_setBackgroundColor)
                  00007792    0000001a     context.obj (.text:Graphics_setFont)
                  000077ac    0000001a     drivers_MSP432P401R.aem4f : List.oem4f (.text:List_remove)
                  000077c6    0000001a     msp432p4xx_driverlib.lib : spi.o (.text:SPI_enableModule)
                  000077e0    0000001a     uartecho_pem4f.oem4f (.text:ti_sysbios_family_arm_m3_Hwi_Handle__label__S)
                  000077fa    0000001a     uartecho_pem4f.oem4f (.text:ti_sysbios_gates_GateHwi_Handle__label__S)
                  00007814    0000001a     uartecho_pem4f.oem4f (.text:ti_sysbios_gates_GateMutex_Handle__label__S)
                  0000782e    0000001a     uartecho_pem4f.oem4f (.text:ti_sysbios_heaps_HeapMem_Handle__label__S)
                  00007848    0000001a     uartecho_pem4f.oem4f (.text:ti_sysbios_knl_Swi_Handle__label__S)
                  00007862    0000001a     uartecho_pem4f.oem4f (.text:ti_sysbios_knl_Task_Handle__label__S)
                  0000787c    0000001a     uartecho_pem4f.oem4f (.text:ti_uia_loggers_LoggerStopMode_Handle__label__S)
                  00007896    0000001a     uartecho_pem4f.oem4f (.text:xdc_runtime_System_aprintf__E)
                  000078b0    0000001a     uartecho_pem4f.oem4f (.text:xdc_runtime_System_printf__E)
                  000078ca    00000002     --HOLE-- [fill = 0]
                  000078cc    00000018     msp432p4xx_driverlib.lib : gpio.o (.text:GPIO_clearInterruptFlag)
                  000078e4    00000018                              : gpio.o (.text:GPIO_setDriveStrengthLow)
                  000078fc    00000018                              : gpio.o (.text:GPIO_setOutputLowOnPin)
                  00007914    00000018     display.obj (.text:Graphics_clearDisplayOnDisplay)
                  0000792c    00000018     drivers_MSP432P401R.aem4f : UART.oem4f (.text:UART_Params_init)
                  00007944    00000018     msp432p4xx_driverlib.lib : wdt_a.o (.text:WDT_A_holdTimer)
                  0000795c    00000018     rtsv7M4_T_le_v4SPD16_eabi.lib : args_main.obj (.text)
                  00007974    00000018     uartecho_pem4f.oem4f (.text:ti_sysbios_BIOS_rtsUnlock__I)
                  0000798c    00000018     uartecho_pem4f.oem4f (.text:ti_sysbios_family_arm_m3_Hwi_Module__startupDone__F)
                  000079a4    00000018     sysbios.aem4f : m3_TaskSupport_asm.obj (.text:ti_sysbios_family_arm_m3_TaskSupport_swap__E)
                  000079bc    00000018     uartecho_pem4f.oem4f (.text:ti_sysbios_family_arm_msp432_Timer_Module__startupDone__F)
                  000079d4    00000004     --HOLE-- [fill = 0]
                  000079d8    00000018     sysbios.aem4f : BIOS.obj (.text:ti_sysbios_gates_GateMutex_leave__E)
                  000079f0    00000018     ti.targets.arm.rtsarm.aem4f : Error.oem4f (.text:xdc_runtime_Error_check__E)
                  00007a08    00000018                                 : System.oem4f (.text:xdc_runtime_System_exit__E)
                  00007a20    00000018                                 : Text.oem4f (.text:xdc_runtime_Text_ropeText__E)
                  00007a38    00000016     tirtosport.aem4f : ClockP_tirtos.oem4f (.text:ClockP_delete)
                  00007a4e    00000016     context.obj (.text:Graphics_setForegroundColor)
                  00007a64    00000016     display.obj (.text:Graphics_translateColorOnDisplay)
                  00007a7a    00000016     tirtosport.aem4f : HwiP_tirtos.oem4f (.text:HwiP_delete)
                  00007a90    00000016                      : SemaphoreP_tirtos.oem4f (.text:SemaphoreP_delete)
                  00007aa6    00000016     msp432p4xx_driverlib.lib : uart.o (.text:UART_enableInterrupt)
                  00007abc    00000016     uartecho_pem4f.oem4f (.text:ti_sysbios_BIOS_exitFunc__I)
                  00007ad2    00000016     main.obj (.text:ti_sysbios_knl_Task_Params_init)
                  00007ae8    00000016     sysbios.aem4f : BIOS.obj (.text:ti_sysbios_knl_Task_unblock__E)
                  00007afe    00000016     ti.uia.loggers.aem4f : LoggerStopMode.oem4f (.text:ti_uia_loggers_LoggerStopMode_disable__E)
                  00007b14    00000016                          : LoggerStopMode.oem4f (.text:ti_uia_loggers_LoggerStopMode_enable__E)
                  00007b2a    00000002     --HOLE-- [fill = 0]
                  00007b2c    00000014     msp432p4xx_driverlib.lib : gpio.o (.text:GPIO_setDriveStrengthHigh)
                  00007b40    00000014                              : gpio.o (.text:GPIO_setOutputHighOnPin)
                  00007b54    00000014                              : wdt_a.o (.text:WDT_A_startTimer)
                  00007b68    00000014     rtsv7M4_T_le_v4SPD16_eabi.lib : _lock.obj (.text)
                  00007b7c    00000014                                   : strcpy.obj (.text)
                  00007b90    00000014                                   : strlen.obj (.text)
                  00007ba4    00000014     uartecho_pem4f.oem4f (.text:ti_sysbios_family_arm_m3_Hwi_Object__get__S)
                  00007bb8    00000014     sysbios.aem4f : BIOS.obj (.text:ti_sysbios_family_arm_m3_Hwi_switchFromBootStack__E)
                  00007bcc    00000014     uartecho_pem4f.oem4f (.text:ti_sysbios_heaps_HeapMem_Object__get__S)
                  00007be0    00000014     uartecho_pem4f.oem4f (.text:ti_sysbios_knl_Swi_Object__get__S)
                  00007bf4    00000012     tirtosport.aem4f : ClockP_tirtos.oem4f (.text:ClockP_start)
                  00007c06    00000012     context.obj (.text:Graphics_clearDisplay)
                  00007c18    00000012     drivers_MSP432P401R.aem4f : RingBuf.oem4f (.text:RingBuf_construct)
                  00007c2a    00000012     tirtosport.aem4f : SemaphoreP_tirtos.oem4f (.text:SemaphoreP_pend)
                  00007c3c    00000004     --HOLE-- [fill = 0]
                  00007c40    00000012     sysbios.aem4f : BIOS.obj (.text:ti_sysbios_hal_Hwi_Module_startup__E)
                  00007c52    00000012     uartecho_pem4f.oem4f (.text:xdc_runtime_Startup_exec__I)
                  00007c64    00000010     msp432p4xx_driverlib.lib : gpio.o (.text:GPIO_getInterruptStatus)
                  00007c74    00000010                              : pcm.o (.text:PCM_gotoLPM4)
                  00007c84    00000010     drivers_MSP432P401R.aem4f : UARTMSP432.oem4f (.text:readBlockingTimeout)
                  00007c94    00000004     --HOLE-- [fill = 0]
                  00007c98    00000010     sysbios.aem4f : BIOS.obj (.text:ti_sysbios_BIOS_exit__E)
                  00007ca8    00000010                   : BIOS.obj (.text:ti_sysbios_BIOS_getCpuFreq__E)
                  00007cb8    00000010                   : BIOS.obj (.text:ti_sysbios_BIOS_setCpuFreq__E)
                  00007cc8    00000010                   : BIOS.obj (.text:ti_sysbios_BIOS_setThreadType__E)
                  00007cd8    00000010                   : BIOS.obj (.text:ti_sysbios_BIOS_start__E)
                  00007ce8    00000010                   : m3_TaskSupport_asm.obj (.text:ti_sysbios_family_arm_m3_TaskSupport_glue)
                  00007cf8    00000010                   : BIOS.obj (.text:ti_sysbios_family_arm_msp432_init_Boot_disableWatchdog)
                  00007d08    00000010                   : BIOS.obj (.text:ti_sysbios_gates_GateMutex_Instance_finalize__E)
                  00007d18    00000010                   : BIOS.obj (.text:ti_sysbios_knl_Semaphore_Instance_finalize__E)
                  00007d28    00000010                   : BIOS.obj (.text:ti_sysbios_knl_Swi_disable__E)
                  00007d38    00000010     uartecho_pem4f.oem4f (.text:ti_sysbios_knl_Task_Object__get__S)
                  00007d48    00000010     sysbios.aem4f : BIOS.obj (.text:ti_sysbios_knl_Task_disable__E)
                  00007d58    00000010     uartecho_pem4f.oem4f (.text:ti_uia_loggers_LoggerStopMode_Object__get__S)
                  00007d68    00000010     ti.uia.loggers.aem4f : LoggerStopMode.oem4f (.text:ti_uia_loggers_LoggerStopMode_isEmpty__E)
                  00007d78    00000010     ti.targets.arm.rtsarm.aem4f : Gate.oem4f (.text:xdc_runtime_Gate_leaveSystem__E)
                  00007d88    00000010                                 : Memory.oem4f (.text:xdc_runtime_Memory_free__E)
                  00007d98    00000010                                 : SysMin.oem4f (.text:xdc_runtime_SysMin_ready__E)
                  00007da8    00000010                                 : System.oem4f (.text:xdc_runtime_System_vsnprintf__E)
                  00007db8    00000010     uartecho_pem4f.oem4f (.text:xdc_runtime_Text_visitRope__I)
                  00007dc8    0000000e     tirtosport.aem4f : HwiP_tirtos.oem4f (.text:HwiP_Params_init)
                  00007dd6    0000000e     msp432p4xx_driverlib.lib : uart.o (.text:UART_clearInterruptFlag)
                  00007de4    0000000e     rtsv7M4_T_le_v4SPD16_eabi.lib : copy_decompress_none.obj (.text:decompress:none)
                  00007df2    00000006     msp432p4xx_driverlib.lib : uart.o (.text:UART_queryStatusFlags)
                  00007df8    0000000e     sysbios.aem4f : BIOS.obj (.text:ti_sysbios_knl_Idle_loop__E)
                  00007e06    00000002     --HOLE-- [fill = 0]
                  00007e08    0000000e                   : BIOS.obj (.text:ti_sysbios_knl_Queue_empty__E)
                  00007e16    0000000c     uartecho_pem4f.oem4f (.text:.bootCodeSection:ti_sysbios_family_arm_msp432_init_Boot_init__I)
                  00007e22    0000000c     msp432p4xx_driverlib.lib : cpu.o (.text:CPU_cpsid)
                  00007e2e    0000000c                              : cpu.o (.text:CPU_cpsie)
                  00007e3a    0000000c                              : spi.o (.text:EUSCI_A_SPI_enable)
                  00007e46    0000000c                              : spi.o (.text:EUSCI_B_SPI_enable)
                  00007e52    00000002     --HOLE-- [fill = 0]
                  00007e54    0000000c                              : pcm.o (.text:PCM_getPowerState)
                  00007e60    0000000c     drivers_MSP432P401R.aem4f : PowerMSP432.oem4f (.text:Power_getConstraintMask)
                  00007e6c    0000000c                               : PowerMSP432.oem4f (.text:Power_getPerformanceLevel)
                  00007e78    0000000c                               : RingBuf.oem4f (.text:RingBuf_peek)
                  00007e84    0000000c                               : UARTMSP432.oem4f (.text:UARTMSP432_init)
                  00007e90    0000000c     msp432p4xx_driverlib.lib : uart.o (.text:UART_disableModule)
                  00007e9c    0000000c                              : uart.o (.text:UART_enableModule)
                  00007ea8    0000000c     rtsv7M4_T_le_v4SPD16_eabi.lib : copy_zero_init.obj (.text:decompress:ZI)
                  00007eb4    0000000c     uartecho_pem4f.oem4f (.text:ti_sysbios_family_arm_m3_Hwi_Params__init__S)
                  00007ec0    0000000c     sysbios.aem4f : BIOS.obj (.text:ti_sysbios_family_arm_m3_Hwi_disableFxn__E)
                  00007ecc    00000004     --HOLE-- [fill = 0]
                  00007ed0    0000000c                   : BIOS.obj (.text:ti_sysbios_family_arm_m3_TaskSupport_checkStack__E)
                  00007edc    00000004     --HOLE-- [fill = 0]
                  00007ee0    0000000c                   : BIOS.obj (.text:ti_sysbios_family_arm_m3_TaskSupport_getStackAlignment__E)
                  00007eec    00000004     --HOLE-- [fill = 0]
                  00007ef0    0000000c                   : BIOS.obj (.text:ti_sysbios_family_arm_m3_TimestampProvider_startTimer__E)
                  00007efc    00000004     --HOLE-- [fill = 0]
                  00007f00    0000000c                   : BIOS.obj (.text:ti_sysbios_family_arm_msp432_Timer_getMaxTicks__E)
                  00007f0c    00000004     --HOLE-- [fill = 0]
                  00007f10    0000000c                   : BIOS.obj (.text:ti_sysbios_gates_GateHwi_enter__E)
                  00007f1c    0000000c     uartecho_pem4f.oem4f (.text:ti_sysbios_knl_Clock_Params__init__S)
                  00007f28    0000000c     uartecho_pem4f.oem4f (.text:ti_sysbios_knl_Queue_Object__get__S)
                  00007f34    0000000c     uartecho_pem4f.oem4f (.text:ti_sysbios_knl_Semaphore_Params__init__S)
                  00007f40    0000000c     uartecho_pem4f.oem4f (.text:ti_sysbios_knl_Task_Params__init__S)
                  00007f4c    0000000c     ti.targets.arm.rtsarm.aem4f : Error.oem4f (.text:xdc_runtime_Error_init__E)
                  00007f58    0000000c                                 : Gate.oem4f (.text:xdc_runtime_Gate_enterSystem__E)
                  00007f64    0000000c                                 : Memory.oem4f (.text:xdc_runtime_Memory_calloc__E)
                  00007f70    0000000c                                 : Memory.oem4f (.text:xdc_runtime_Memory_getMaxDefaultTypeAlign__E)
                  00007f7c    0000000a     tirtosport.aem4f : ClockP_tirtos.oem4f (.text:ClockP_stop)
                  00007f86    0000000a     Crystalfontz128x128_ST7735.obj (.text:Crystalfontz128x128_Flush)
                  00007f90    0000000a     tirtosport.aem4f : SemaphoreP_tirtos.oem4f (.text:SemaphoreP_post)
                  00007f9a    0000000a     drivers_MSP432P401R.aem4f : UART.oem4f (.text:UART_read)
                  00007fa4    0000000a     uartecho_pem4f.oem4f (.text:xdc_runtime_IHeap_alloc)
                  00007fae    0000000a     uartecho_pem4f.oem4f (.text:xdc_runtime_IHeap_free)
                  00007fb8    00000008     tirtosport.aem4f : ClockP_tirtos.oem4f (.text:ClockP_Params_init)
                  00007fc0    00000008     msp432p4xx_driverlib.lib : spi.o (.text:EUSCI_B_SPI_getInterruptStatus)
                  00007fc8    00000008     MSP_EXP432P401R.obj (.text:MSP_EXP432P401R_initGPIO)
                  00007fd0    00000008     MSP_EXP432P401R.obj (.text:MSP_EXP432P401R_initGeneral)
                  00007fd8    00000008     msp432p4xx_driverlib.lib : pcm.o (.text:PCM_setPowerMode)
                  00007fe0    00000008                              : pcm.o (.text:PCM_setPowerState)
                  00007fe8    00000008     tirtosport.aem4f : SemaphoreP_tirtos.oem4f (.text:SemaphoreP_Params_init)
                  00007ff0    00000008     drivers_MSP432P401R.aem4f : UARTMSP432.oem4f (.text:readSemCallback)
                  00007ff8    00000008     sysbios.aem4f : BIOS.obj (.text:ti_sysbios_family_arm_m3_Hwi_doSwiRestore__I)
                  00008000    00000008                   : BIOS.obj (.text:ti_sysbios_family_arm_m3_Hwi_startup__E)
                  00008008    00000008     drivers_MSP432P401R.aem4f : UARTMSP432.oem4f (.text:writeSemCallback)
                  00008010    00000006     ti.targets.arm.rtsarm.aem4f : xdc_noinit.oem4f (.text:__xdc__init)
                  00008016    00000006     rtsv7M4_T_le_v4SPD16_eabi.lib : copy_decompress_rle.obj (.text:decompress:rle24)
                  0000801c    00000004     --HOLE-- [fill = 0]
                  00008020    00000006     sysbios.aem4f : BIOS.obj (.text:ti_sysbios_family_arm_m3_Hwi_doTaskRestore__I)
                  00008026    00000002     --HOLE-- [fill = 0]
                  00008028    00000006                   : BIOS.obj (.text:ti_sysbios_family_arm_m3_Hwi_restoreFxn__E)
                  0000802e    00000002     --HOLE-- [fill = 0]
                  00008030    00000006                   : BIOS.obj (.text:ti_sysbios_gates_GateHwi_leave__E)
                  00008036    00000002     --HOLE-- [fill = 0]
                  00008038    00000006                   : BIOS.obj (.text:ti_sysbios_heaps_HeapMem_isBlocking__E)
                  0000803e    00000002     --HOLE-- [fill = 0]
                  00008040    00000006                   : BIOS.obj (.text:ti_sysbios_knl_Clock_stop__E)
                  00008046    00000002     --HOLE-- [fill = 0]
                  00008048    00000006                   : BIOS.obj (.text:ti_sysbios_knl_Queue_Instance_init__E)
                  0000804e    00000002     --HOLE-- [fill = 0]
                  00008050    00000006                   : BIOS.obj (.text:ti_sysbios_knl_Swi_startup__E)
                  00008056    00000006     ti.targets.arm.rtsarm.aem4f : System.oem4f (.text:xdc_runtime_System_Module_startup__E)
                  0000805c    00000004     --HOLE-- [fill = 0]
                  00008060    00000004     sysbios.aem4f : BIOS.obj (.text:ti_sysbios_gates_GateHwi_query__E)
                  00008064    00000004     --HOLE-- [fill = 0]
                  00008068    00000004                   : BIOS.obj (.text:ti_sysbios_gates_GateMutex_query__E)
                  0000806c    00000004     --HOLE-- [fill = 0]
                  00008070    00000004                   : BIOS.obj (.text:ti_sysbios_knl_Clock_setTimeout__E)
                  00008074    00000004     --HOLE-- [fill = 0]
                  00008078    00000004                   : BIOS.obj (.text:ti_sysbios_knl_Task_startup__E)
                  0000807c    00000004     --HOLE-- [fill = 0]
                  00008080    00000002                   : BIOS.obj (.text:ti_sysbios_family_arm_m3_TimestampProvider_rolloverFunc__E)
                  00008082    00000006     --HOLE-- [fill = 0]
                  00008088    00000002                   : BIOS.obj (.text:ti_sysbios_gates_GateHwi_Instance_init__E)
                  0000808a    00000006     --HOLE-- [fill = 0]
                  00008090    00000002                   : BIOS.obj (.text:ti_sysbios_knl_Clock_logTick__E)

.const     0    00008094    00002ae8     
                  00008094    00001ed1     uartecho_pem4f.oem4f (.const:xdc_runtime_Text_charTab__A)
                  00009f65    000002f8     fontfixed6x8.obj (.const:.string:g_pucFontFixed6x8Data)
                  0000a25d    00000001     uartecho_pem4f.oem4f (.const:xdc_runtime_Error_policy__C)
                  0000a25e    000000fc     uartecho_pem4f.oem4f (.const:xdc_runtime_Text_nodeTab__A)
                  0000a35a    00000002     uartecho_pem4f.oem4f (.const:ti_sysbios_family_arm_m3_Hwi_Module__id__C)
                  0000a35c    000000c8     fontfixed6x8.obj (.const:g_sFontFixed6x8)
                  0000a424    00000070     MSP_EXP432P401R.obj (.const:uartMSP432Baudrates)
                  0000a494    00000060     uartecho_pem4f.oem4f (.const:ti_uia_loggers_LoggerStopMode_Module__FXNS__C)
                  0000a4f4    00000048     uartecho_pem4f.oem4f (.const:.string)
                  0000a53c    00000048     MSP_EXP432P401R.obj (.const:uartMSP432HWAttrs)
                  0000a584    0000003c     uartecho_pem4f.oem4f (.const:ti_sysbios_knl_Task_Object__PARAMS__C)
                  0000a5c0    00000030     uartecho_pem4f.oem4f (.const:ti_sysbios_family_arm_m3_Hwi_Object__PARAMS__C)
                  0000a5f0    0000002c     Crystalfontz128x128_ST7735.obj (.const:g_sCrystalfontz128x128)
                  0000a61c    0000002c     uartecho_pem4f.oem4f (.const:xdc_runtime_Startup_sfxnTab__A)
                  0000a648    00000028     drivers_MSP432P401R.aem4f : UARTMSP432.oem4f (.const:UARTMSP432_fxnTable)
                  0000a670    00000028     uartecho_pem4f.oem4f (.const:ti_sysbios_heaps_HeapMem_Module__FXNS__C)
                  0000a698    00000028     uartecho_pem4f.oem4f (.const:ti_uia_loggers_LoggerStopMode_Object__PARAMS__C)
                  0000a6c0    00000024     MSP_EXP432P401R.obj (.const:UART_config)
                  0000a6e4    00000024     drivers_MSP432P401R.aem4f : UART.oem4f (.const:UART_defaultParams)
                  0000a708    00000024                               : UARTMSP432.oem4f (.const)
                  0000a72c    00000024     uartecho_pem4f.oem4f (.const:ti_sysbios_gates_GateHwi_Module__FXNS__C)
                  0000a750    00000024     uartecho_pem4f.oem4f (.const:ti_sysbios_gates_GateMutex_Module__FXNS__C)
                  0000a774    00000024     uartecho_pem4f.oem4f (.const:ti_sysbios_heaps_HeapMem_Object__PARAMS__C)
                  0000a798    00000024     uartecho_pem4f.oem4f (.const:ti_sysbios_knl_Clock_Object__PARAMS__C)
                  0000a7bc    00000024     uartecho_pem4f.oem4f (.const:ti_sysbios_knl_Semaphore_Object__PARAMS__C)
                  0000a7e0    00000020     uartecho_pem4f.oem4f (.const:ti_sysbios_family_arm_m3_Hwi_Object__DESC__C)
                  0000a800    00000020     uartecho_pem4f.oem4f (.const:ti_sysbios_gates_GateHwi_Object__DESC__C)
                  0000a820    00000020     uartecho_pem4f.oem4f (.const:ti_sysbios_gates_GateMutex_Object__DESC__C)
                  0000a840    00000020     uartecho_pem4f.oem4f (.const:ti_sysbios_heaps_HeapMem_Object__DESC__C)
                  0000a860    00000020     uartecho_pem4f.oem4f (.const:ti_sysbios_knl_Clock_Object__DESC__C)
                  0000a880    00000020     uartecho_pem4f.oem4f (.const:ti_sysbios_knl_Queue_Object__DESC__C)
                  0000a8a0    00000020     uartecho_pem4f.oem4f (.const:ti_sysbios_knl_Semaphore_Object__DESC__C)
                  0000a8c0    00000020     uartecho_pem4f.oem4f (.const:ti_sysbios_knl_Task_Object__DESC__C)
                  0000a8e0    00000020     uartecho_pem4f.oem4f (.const:ti_uia_loggers_LoggerStopMode_Object__DESC__C)
                  0000a900    0000001c     HAL_MSP_EXP432P401R_Crystalfontz128x128_ST7735.obj (.const)
                  0000a91c    00000018     uartecho_pem4f.oem4f (.const:ti_sysbios_gates_GateHwi_Object__PARAMS__C)
                  0000a934    00000018     uartecho_pem4f.oem4f (.const:ti_sysbios_gates_GateMutex_Object__PARAMS__C)
                  0000a94c    00000018     uartecho_pem4f.oem4f (.const:ti_sysbios_knl_Queue_Object__PARAMS__C)
                  0000a964    00000016     uartecho_pem4f.oem4f (.const:xdc_runtime_Startup_sfxnRts__A)
                  0000a97a    00000015     main.obj (.const:.string)
                  0000a98f    00000001     --HOLE-- [fill = 0]
                  0000a990    00000014     MSP_EXP432P401R.obj (.const:GPIOMSP432_config)
                  0000a9a4    00000010     MSP_EXP432P401R.obj (.const)
                  0000a9b4    0000000c     drivers_MSP432P401R.aem4f : GPIOMSP432.oem4f (.const:.string)
                  0000a9c0    0000000c     uartecho_pem4f.oem4f (.const:ti_sysbios_knl_Idle_funcList__A)
                  0000a9cc    0000000c     uartecho_pem4f.oem4f (.const:xdc_runtime_Startup_firstFxns__A)
                  0000a9d8    00000008     Crystalfontz128x128_ST7735.obj (.const)
                  0000a9e0    00000008     uartecho_pem4f.oem4f (.const:ti_sysbios_family_arm_m3_Hwi_excHookFuncs__A)
                  0000a9e8    00000008     uartecho_pem4f.oem4f (.const:ti_sysbios_knl_Idle_funcList__C)
                  0000a9f0    00000008     uartecho_pem4f.oem4f (.const:xdc_runtime_Startup_firstFxns__C)
                  0000a9f8    00000008     uartecho_pem4f.oem4f (.const:xdc_runtime_Startup_lastFxns__C)
                  0000aa00    00000005     drivers_MSP432P401R.aem4f : UARTMSP432.oem4f (.const:.string)
                  0000aa05    00000001     --HOLE-- [fill = 0]
                  0000aa06    00000002     uartecho_pem4f.oem4f (.const:ti_sysbios_family_arm_m3_Timer_Module__id__C)
                  0000aa08    00000004     uartecho_pem4f.oem4f (.const:ti_sysbios_family_arm_m3_Hwi_E_NMI__C)
                  0000aa0c    00000004     uartecho_pem4f.oem4f (.const:ti_sysbios_family_arm_m3_Hwi_E_alreadyDefined__C)
                  0000aa10    00000004     uartecho_pem4f.oem4f (.const:ti_sysbios_family_arm_m3_Hwi_E_busFault__C)
                  0000aa14    00000004     uartecho_pem4f.oem4f (.const:ti_sysbios_family_arm_m3_Hwi_E_debugMon__C)
                  0000aa18    00000004     uartecho_pem4f.oem4f (.const:ti_sysbios_family_arm_m3_Hwi_E_hardFault__C)
                  0000aa1c    00000004     uartecho_pem4f.oem4f (.const:ti_sysbios_family_arm_m3_Hwi_E_memFault__C)
                  0000aa20    00000004     uartecho_pem4f.oem4f (.const:ti_sysbios_family_arm_m3_Hwi_E_noIsr__C)
                  0000aa24    00000004     uartecho_pem4f.oem4f (.const:ti_sysbios_family_arm_m3_Hwi_E_reserved__C)
                  0000aa28    00000004     uartecho_pem4f.oem4f (.const:ti_sysbios_family_arm_m3_Hwi_E_svCall__C)
                  0000aa2c    00000004     uartecho_pem4f.oem4f (.const:ti_sysbios_family_arm_m3_Hwi_E_usageFault__C)
                  0000aa30    00000004     uartecho_pem4f.oem4f (.const:ti_sysbios_family_arm_m3_Hwi_NUM_INTERRUPTS__C)
                  0000aa34    00000004     uartecho_pem4f.oem4f (.const:ti_sysbios_family_arm_m3_Hwi_Object__count__C)
                  0000aa38    00000004     uartecho_pem4f.oem4f (.const:ti_sysbios_family_arm_m3_Hwi_ccr__C)
                  0000aa3c    00000004     uartecho_pem4f.oem4f (.const:ti_sysbios_family_arm_m3_Hwi_excHandlerFunc__C)
                  0000aa40    00000004     uartecho_pem4f.oem4f (.const:ti_sysbios_family_arm_m3_Hwi_excHookFuncs__C)
                  0000aa44    00000004     uartecho_pem4f.oem4f (.const:ti_sysbios_family_arm_m3_Hwi_nullIsrFunc__C)
                  0000aa48    00000004     uartecho_pem4f.oem4f (.const:ti_sysbios_family_arm_m3_Hwi_priGroup__C)
                  0000aa4c    00000004     uartecho_pem4f.oem4f (.const:ti_sysbios_family_arm_m3_TaskSupport_stackAlignment__C)
                  0000aa50    00000004     uartecho_pem4f.oem4f (.const:ti_sysbios_family_arm_m3_Timer_E_cannotSupport__C)
                  0000aa54    00000004     uartecho_pem4f.oem4f (.const:ti_sysbios_family_arm_m3_Timer_startupNeeded__C)
                  0000aa58    00000004     uartecho_pem4f.oem4f (.const:ti_sysbios_family_arm_msp432_Timer_numTimerDevices__C)
                  0000aa5c    00000004     uartecho_pem4f.oem4f (.const:ti_sysbios_family_arm_msp432_Timer_startupNeeded__C)
                  0000aa60    00000004     uartecho_pem4f.oem4f (.const:ti_sysbios_gates_GateMutex_Instance_State_sem__O)
                  0000aa64    00000004     uartecho_pem4f.oem4f (.const:ti_sysbios_hal_Hwi_E_stackOverflow__C)
                  0000aa68    00000004     uartecho_pem4f.oem4f (.const:ti_sysbios_heaps_HeapMem_E_memory__C)
                  0000aa6c    00000004     uartecho_pem4f.oem4f (.const:ti_sysbios_heaps_HeapMem_Module__gateObj__C)
                  0000aa70    00000004     uartecho_pem4f.oem4f (.const:ti_sysbios_heaps_HeapMem_Object__count__C)
                  0000aa74    00000004     uartecho_pem4f.oem4f (.const:ti_sysbios_heaps_HeapMem_reqAlign__C)
                  0000aa78    00000004     uartecho_pem4f.oem4f (.const:ti_sysbios_knl_Clock_Module_State_clockQ__O)
                  0000aa7c    00000004     uartecho_pem4f.oem4f (.const:ti_sysbios_knl_Semaphore_Instance_State_pendQ__O)
                  0000aa80    00000004     uartecho_pem4f.oem4f (.const:ti_sysbios_knl_Swi_Object__count__C)
                  0000aa84    00000004     uartecho_pem4f.oem4f (.const:ti_sysbios_knl_Task_E_spOutOfBounds__C)
                  0000aa88    00000004     uartecho_pem4f.oem4f (.const:ti_sysbios_knl_Task_E_stackOverflow__C)
                  0000aa8c    00000004     uartecho_pem4f.oem4f (.const:ti_sysbios_knl_Task_Module_State_inactiveQ__O)
                  0000aa90    00000004     uartecho_pem4f.oem4f (.const:ti_sysbios_knl_Task_Object__count__C)
                  0000aa94    00000004     uartecho_pem4f.oem4f (.const:ti_sysbios_knl_Task_allBlockedFunc__C)
                  0000aa98    00000004     uartecho_pem4f.oem4f (.const:ti_sysbios_knl_Task_defaultStackHeap__C)
                  0000aa9c    00000004     uartecho_pem4f.oem4f (.const:ti_sysbios_knl_Task_defaultStackSize__C)
                  0000aaa0    00000004     uartecho_pem4f.oem4f (.const:ti_sysbios_knl_Task_numConstructedTasks__C)
                  0000aaa4    00000004     uartecho_pem4f.oem4f (.const:ti_sysbios_utils_Load_postUpdate__C)
                  0000aaa8    00000004     uartecho_pem4f.oem4f (.const:ti_sysbios_utils_Load_windowInMs__C)
                  0000aaac    00000004     uartecho_pem4f.oem4f (.const:ti_uia_loggers_LoggerStopMode_Module__diagsEnabled__C)
                  0000aab0    00000004     uartecho_pem4f.oem4f (.const:ti_uia_loggers_LoggerStopMode_Module__diagsIncluded__C)
                  0000aab4    00000004     uartecho_pem4f.oem4f (.const:ti_uia_loggers_LoggerStopMode_Module__diagsMask__C)
                  0000aab8    00000004     uartecho_pem4f.oem4f (.const:ti_uia_loggers_LoggerStopMode_Object__count__C)
                  0000aabc    00000004     uartecho_pem4f.oem4f (.const:ti_uia_runtime_ILoggerSnapshot_Interface__BASE__C)
                  0000aac0    00000004     uartecho_pem4f.oem4f (.const:ti_uia_runtime_IUIATransfer_Interface__BASE__C)
                  0000aac4    00000004     uartecho_pem4f.oem4f (.const:xdc_runtime_Assert_E_assertFailed__C)
                  0000aac8    00000004     uartecho_pem4f.oem4f (.const:xdc_runtime_Core_A_initializedParams__C)
                  0000aacc    00000004     uartecho_pem4f.oem4f (.const:xdc_runtime_Core_Module__diagsEnabled__C)
                  0000aad0    00000004     uartecho_pem4f.oem4f (.const:xdc_runtime_Core_Module__diagsIncluded__C)
                  0000aad4    00000004     uartecho_pem4f.oem4f (.const:xdc_runtime_Core_Module__diagsMask__C)
                  0000aad8    00000004     uartecho_pem4f.oem4f (.const:xdc_runtime_Error_E_memory__C)
                  0000aadc    00000004     uartecho_pem4f.oem4f (.const:xdc_runtime_Error_Module__diagsEnabled__C)
                  0000aae0    00000004     uartecho_pem4f.oem4f (.const:xdc_runtime_Error_Module__diagsIncluded__C)
                  0000aae4    00000004     uartecho_pem4f.oem4f (.const:xdc_runtime_Error_Module__diagsMask__C)
                  0000aae8    00000004     uartecho_pem4f.oem4f (.const:xdc_runtime_Error_Module__loggerFxn8__C)
                  0000aaec    00000004     uartecho_pem4f.oem4f (.const:xdc_runtime_Error_Module__loggerObj__C)
                  0000aaf0    00000004     uartecho_pem4f.oem4f (.const:xdc_runtime_Error_policyFxn__C)
                  0000aaf4    00000004     uartecho_pem4f.oem4f (.const:xdc_runtime_Error_raiseHook__C)
                  0000aaf8    00000004     uartecho_pem4f.oem4f (.const:xdc_runtime_IFilterLogger_Interface__BASE__C)
                  0000aafc    00000004     uartecho_pem4f.oem4f (.const:xdc_runtime_IGateProvider_Interface__BASE__C)
                  0000ab00    00000004     uartecho_pem4f.oem4f (.const:xdc_runtime_IHeap_Interface__BASE__C)
                  0000ab04    00000004     uartecho_pem4f.oem4f (.const:xdc_runtime_ILogger_Interface__BASE__C)
                  0000ab08    00000004     uartecho_pem4f.oem4f (.const:xdc_runtime_IModule_Interface__BASE__C)
                  0000ab0c    00000004     uartecho_pem4f.oem4f (.const:xdc_runtime_Log_L_error__C)
                  0000ab10    00000004     uartecho_pem4f.oem4f (.const:xdc_runtime_Memory_defaultHeapInstance__C)
                  0000ab14    00000004     uartecho_pem4f.oem4f (.const:xdc_runtime_Startup_execImpl__C)
                  0000ab18    00000004     uartecho_pem4f.oem4f (.const:xdc_runtime_Startup_lastFxns__A)
                  0000ab1c    00000004     uartecho_pem4f.oem4f (.const:xdc_runtime_Startup_maxPasses__C)
                  0000ab20    00000004     uartecho_pem4f.oem4f (.const:xdc_runtime_Startup_sfxnRts__C)
                  0000ab24    00000004     uartecho_pem4f.oem4f (.const:xdc_runtime_Startup_sfxnTab__C)
                  0000ab28    00000004     uartecho_pem4f.oem4f (.const:xdc_runtime_SysMin_bufSize__C)
                  0000ab2c    00000004     uartecho_pem4f.oem4f (.const:xdc_runtime_SysMin_outputFunc__C)
                  0000ab30    00000004     uartecho_pem4f.oem4f (.const:xdc_runtime_System_Module__gateObj__C)
                  0000ab34    00000004     uartecho_pem4f.oem4f (.const:xdc_runtime_System_abortFxn__C)
                  0000ab38    00000004     uartecho_pem4f.oem4f (.const:xdc_runtime_System_exitFxn__C)
                  0000ab3c    00000004     uartecho_pem4f.oem4f (.const:xdc_runtime_System_extendFxn__C)
                  0000ab40    00000004     uartecho_pem4f.oem4f (.const:xdc_runtime_System_maxAtexitHandlers__C)
                  0000ab44    00000004     uartecho_pem4f.oem4f (.const:xdc_runtime_Text_charTab__C)
                  0000ab48    00000004     uartecho_pem4f.oem4f (.const:xdc_runtime_Text_nameEmpty__C)
                  0000ab4c    00000004     uartecho_pem4f.oem4f (.const:xdc_runtime_Text_nameStatic__C)
                  0000ab50    00000004     uartecho_pem4f.oem4f (.const:xdc_runtime_Text_nameUnknown__C)
                  0000ab54    00000004     uartecho_pem4f.oem4f (.const:xdc_runtime_Text_nodeTab__C)
                  0000ab58    00000004     uartecho_pem4f.oem4f (.const:xdc_runtime_Text_visitRopeFxn__C)
                  0000ab5c    00000002     uartecho_pem4f.oem4f (.const:ti_sysbios_family_arm_m3_TimestampProvider_configTimer__C)
                  0000ab5e    00000002     uartecho_pem4f.oem4f (.const:ti_sysbios_hal_Hwi_Module__id__C)
                  0000ab60    00000002     uartecho_pem4f.oem4f (.const:ti_sysbios_heaps_HeapMem_Module__id__C)
                  0000ab62    00000002     uartecho_pem4f.oem4f (.const:ti_sysbios_knl_Task_Module__id__C)
                  0000ab64    00000002     uartecho_pem4f.oem4f (.const:ti_sysbios_utils_Load_updateInIdle__C)
                  0000ab66    00000002     uartecho_pem4f.oem4f (.const:ti_uia_loggers_LoggerStopMode_Module__id__C)
                  0000ab68    00000002     uartecho_pem4f.oem4f (.const:ti_uia_loggers_LoggerStopMode_isTimestampEnabled__C)
                  0000ab6a    00000002     uartecho_pem4f.oem4f (.const:xdc_runtime_Core_Module__id__C)
                  0000ab6c    00000002     uartecho_pem4f.oem4f (.const:xdc_runtime_Error_Module__loggerDefined__C)
                  0000ab6e    00000002     uartecho_pem4f.oem4f (.const:xdc_runtime_Error_maxDepth__C)
                  0000ab70    00000002     uartecho_pem4f.oem4f (.const:xdc_runtime_Memory_Module__id__C)
                  0000ab72    00000002     uartecho_pem4f.oem4f (.const:xdc_runtime_SysMin_flushAtExit__C)
                  0000ab74    00000002     uartecho_pem4f.oem4f (.const:xdc_runtime_Text_charCnt__C)
                  0000ab76    00000002     uartecho_pem4f.oem4f (.const:xdc_runtime_Text_isLoaded__C)
                  0000ab78    00000002     uartecho_pem4f.oem4f (.const:xdc_runtime_Text_registryModsLastId__C)
                  0000ab7a    00000002     uartecho_pem4f.oem4f (.const:xdc_runtime_Text_unnamedModsLastId__C)

.cinit     0    0000ab80    00000528     
                  0000ab80    000004f3     (.cinit..data.load) [load image, compression = rle]
                  0000b073    00000001     --HOLE-- [fill = 0]
                  0000b074    0000000c     (__TI_handler_table)
                  0000b080    00000008     (.cinit..bss.load) [load image, compression = zero_init]
                  0000b088    00000008     (.cinit..vecs.load) [load image, compression = zero_init]
                  0000b090    00000018     (__TI_cinit_table)

.resetVecs 
*          0    00000000    0000003c     
                  00000000    0000003c     uartecho_pem4f.oem4f (.resetVecs)

.bss       0    20000180    00001630     UNINITIALIZED
                  20000180    00000400     uartecho_pem4f.oem4f (.bss:ti_sysbios_heaps_HeapMem_Instance_State_0_buf__A)
                  20000580    00000400     uartecho_pem4f.oem4f (.bss:ti_uia_loggers_LoggerStopMode_Instance_State_2_packetArray__A)
                  20000980    00000300     main.obj (.bss:task0Stack)
                  20000c80    00000200     uartecho_pem4f.oem4f (.bss:taskStackSection)
                  20000e80    00000200     uartecho_pem4f.oem4f (.bss:ti_uia_loggers_LoggerStopMode_Instance_State_1_packetArray__A)
                  20001080    00000140     uartecho_pem4f.oem4f (.bss:ti_sysbios_family_arm_m3_Hwi_dispatchTable)
                  200011c0    00000120     rtsv7M4_T_le_v4SPD16_eabi.lib : trgmsg.obj (.bss:__CIOBUF_)
                  200012e0    0000001c     (.common:g_sContext)
                  200012fc    00000002     (.common:Lcd_ScreenHeigth)
                  200012fe    00000002     (.common:Lcd_ScreenWidth)
                  20001300    00000100     uartecho_pem4f.oem4f (.bss:ti_uia_loggers_LoggerStopMode_Instance_State_0_packetArray__A)
                  20001400    00000100     MSP_EXP432P401R.obj (.bss:uartMSP432Objects)
                  20001500    00000080     uartecho_pem4f.oem4f (.bss:xdc_runtime_SysMin_Module_State_0_outbuf__A)
                  20001580    00000050     main.obj (.bss:task0Struct)
                  200015d0    00000040     MSP_EXP432P401R.obj (.bss:uartMSP432RingBuffer)
                  20001610    00000030     drivers_MSP432P401R.aem4f : GPIOMSP432.oem4f (.bss:gpioCallbackInfo)
                  20001640    00000008     (.common:parmbuf)
                  20001648    00000002     (.common:Lcd_TouchTrim)
                  2000164a    00000001     (.common:Lcd_FlagRead)
                  2000164b    00000001     (.common:Lcd_FontSolid)
                  2000164c    00000001     (.common:Lcd_Orientation)
                  2000164d    00000001     (.common:Lcd_PenSolid)
                  2000164e    00000032     --HOLE--
                  20001680    00000030     uartecho_pem4f.oem4f (.bss:ti_uia_loggers_LoggerStopMode_Instance_State_0_hdr__A)
                  200016b0    00000050     --HOLE--
                  20001700    00000030     uartecho_pem4f.oem4f (.bss:ti_uia_loggers_LoggerStopMode_Instance_State_1_hdr__A)
                  20001730    00000050     --HOLE--
                  20001780    00000030     uartecho_pem4f.oem4f (.bss:ti_uia_loggers_LoggerStopMode_Instance_State_2_hdr__A)

.data      0    200017b0    0000074d     UNINITIALIZED
                  200017b0    00000194     uartecho_pem4f.oem4f (.data)
                  20001944    0000009c     drivers_MSP432P401R.aem4f : PowerMSP432.oem4f (.data:PowerMSP432_perfLevels)
                  200019e0    0000009c     uartecho_pem4f.oem4f (.data:ti_uia_loggers_LoggerStopMode_Object__table__V)
                  20001a7c    00000098     uartecho_pem4f.oem4f (.data:ti_sysbios_utils_Load_Module__state__V)
                  20001b14    00000080     uartecho_pem4f.oem4f (.data:ti_sysbios_knl_Swi_Module_State_0_readyQ__A)
                  20001b94    00000080     uartecho_pem4f.oem4f (.data:ti_sysbios_knl_Task_Module_State_0_readyQ__A)
                  20001c14    0000004c     uartecho_pem4f.oem4f (.data:ti_sysbios_family_arm_msp432_Timer_Object__table__V)
                  20001c60    0000004c     uartecho_pem4f.oem4f (.data:ti_sysbios_knl_Task_Object__table__V)
                  20001cac    00000044     uartecho_pem4f.oem4f (.data:ti_sysbios_knl_Task_Module__state__V)
                  20001cf0    00000038     uartecho_pem4f.oem4f (.data:ti_sysbios_gates_GateMutex_Object__table__V)
                  20001d28    00000034     uartecho_pem4f.oem4f (.data:ti_sysbios_family_arm_m3_Hwi_Module__state__V)
                  20001d5c    00000030     drivers_MSP432P401R.aem4f : GPIOMSP432.oem4f (.data:GPIO_PORT_TO_BASE)
                  20001d8c    00000030     msp432p4xx_driverlib.lib : gpio.o (.data:GPIO_PORT_TO_BASE)
                  20001dbc    00000030     uartecho_pem4f.oem4f (.data:ti_sysbios_family_arm_m3_Hwi_Object__table__V)
[...]
00007fe9  SemaphoreP_Params_init                                       
00007ff9  ti_sysbios_family_arm_m3_Hwi_doSwiRestore__I                 
00008001  ti_sysbios_family_arm_m3_Hwi_startup__E                      
00008001  ti_sysbios_hal_Hwi_HwiProxy_startup__E                       
00008011  __xdc__init                                                  
00008017  __TI_decompress_rle24                                        
00008021  ti_sysbios_family_arm_m3_Hwi_doTaskRestore__I                
00008029  HwiP_restore                                                 
00008029  ti_sysbios_family_arm_m3_Hwi_restoreFxn__E                   
00008029  ti_sysbios_hal_Hwi_HwiProxy_restore__E                       
00008031  ti_sysbios_gates_GateHwi_leave__E                            
00008039  ti_sysbios_heaps_HeapMem_isBlocking__E                       
00008041  ti_sysbios_knl_Clock_stop__E                                 
00008049  ti_sysbios_knl_Queue_Instance_init__E                        
00008051  ti_sysbios_knl_Swi_startup__E                                
00008057  xdc_runtime_System_Module_startup__E                         
00008061  ti_sysbios_gates_GateHwi_query__E                            
00008061  xdc_runtime_Main_Module_GateProxy_query__E                   
00008061  xdc_runtime_System_Module_GateProxy_query__E                 
00008069  ti_sysbios_BIOS_RtsGateProxy_query__E                        
00008069  ti_sysbios_gates_GateMutex_query__E                          
00008069  ti_sysbios_heaps_HeapMem_Module_GateProxy_query__E           
00008071  ti_sysbios_knl_Clock_setTimeout__E                           
00008079  ti_sysbios_knl_Task_startup__E                               
00008081  ti_sysbios_family_arm_m3_TimestampProvider_rolloverFunc__E   
00008089  ti_sysbios_gates_GateHwi_Instance_init__E                    
00008091  ti_sysbios_knl_Clock_logTick__E                              
00008094  xdc_runtime_Text_charTab__A                                  
0000a25d  xdc_runtime_Error_policy__C                                  
0000a25e  xdc_runtime_Text_nodeTab__A                                  
0000a35a  ti_sysbios_family_arm_m3_Hwi_Module__id__C                   
0000a35c  g_sFontFixed6x8                                              
0000a424  uartMSP432Baudrates                                          
0000a494  ti_uia_loggers_LoggerStopMode_Module__FXNS__C                
0000a53c  uartMSP432HWAttrs                                            
0000a584  ti_sysbios_knl_Task_Object__PARAMS__C                        
0000a5c0  ti_sysbios_family_arm_m3_Hwi_Object__PARAMS__C               
0000a5f0  g_sCrystalfontz128x128                                       
0000a61c  xdc_runtime_Startup_sfxnTab__A                               
0000a648  UARTMSP432_fxnTable                                          
0000a670  ti_sysbios_heaps_HeapMem_Module__FXNS__C                     
0000a698  ti_uia_loggers_LoggerStopMode_Object__PARAMS__C              
0000a6c0  UART_config                                                  
0000a6e4  UART_defaultParams                                           
0000a72c  ti_sysbios_gates_GateHwi_Module__FXNS__C                     
0000a750  ti_sysbios_gates_GateMutex_Module__FXNS__C                   
0000a774  ti_sysbios_heaps_HeapMem_Object__PARAMS__C                   
0000a798  ti_sysbios_knl_Clock_Object__PARAMS__C                       
0000a7bc  ti_sysbios_knl_Semaphore_Object__PARAMS__C                   
0000a7e0  ti_sysbios_family_arm_m3_Hwi_Object__DESC__C                 
0000a800  ti_sysbios_gates_GateHwi_Object__DESC__C                     
0000a820  ti_sysbios_gates_GateMutex_Object__DESC__C                   
0000a840  ti_sysbios_heaps_HeapMem_Object__DESC__C                     
0000a860  ti_sysbios_knl_Clock_Object__DESC__C                         
0000a880  ti_sysbios_knl_Queue_Object__DESC__C                         
0000a8a0  ti_sysbios_knl_Semaphore_Object__DESC__C                     
0000a8c0  ti_sysbios_knl_Task_Object__DESC__C                          
0000a8e0  ti_uia_loggers_LoggerStopMode_Object__DESC__C                
0000a91c  ti_sysbios_gates_GateHwi_Object__PARAMS__C                   
0000a934  ti_sysbios_gates_GateMutex_Object__PARAMS__C                 
0000a94c  ti_sysbios_knl_Queue_Object__PARAMS__C                       
0000a964  xdc_runtime_Startup_sfxnRts__A                               
0000a990  GPIOMSP432_config                                            
0000a9a4  PowerMSP432_config                                           
0000a9c0  ti_sysbios_knl_Idle_funcList__A                              
0000a9cc  xdc_runtime_Startup_firstFxns__A                             
0000a9e0  ti_sysbios_family_arm_m3_Hwi_excHookFuncs__A                 
0000a9e8  ti_sysbios_knl_Idle_funcList__C                              
0000a9f0  xdc_runtime_Startup_firstFxns__C                             
0000a9f8  xdc_runtime_Startup_lastFxns__C                              
0000aa06  ti_sysbios_family_arm_m3_Timer_Module__id__C                 
0000aa08  ti_sysbios_family_arm_m3_Hwi_E_NMI__C                        
0000aa0c  ti_sysbios_family_arm_m3_Hwi_E_alreadyDefined__C             
0000aa10  ti_sysbios_family_arm_m3_Hwi_E_busFault__C                   
0000aa14  ti_sysbios_family_arm_m3_Hwi_E_debugMon__C                   
0000aa18  ti_sysbios_family_arm_m3_Hwi_E_hardFault__C                  
0000aa1c  ti_sysbios_family_arm_m3_Hwi_E_memFault__C                   
0000aa20  ti_sysbios_family_arm_m3_Hwi_E_noIsr__C                      
0000aa24  ti_sysbios_family_arm_m3_Hwi_E_reserved__C                   
0000aa28  ti_sysbios_family_arm_m3_Hwi_E_svCall__C                     
0000aa2c  ti_sysbios_family_arm_m3_Hwi_E_usageFault__C                 
0000aa30  ti_sysbios_family_arm_m3_Hwi_NUM_INTERRUPTS__C               
0000aa34  ti_sysbios_family_arm_m3_Hwi_Object__count__C                
0000aa38  ti_sysbios_family_arm_m3_Hwi_ccr__C                          
0000aa3c  ti_sysbios_family_arm_m3_Hwi_excHandlerFunc__C               
0000aa40  ti_sysbios_family_arm_m3_Hwi_excHookFuncs__C                 
0000aa44  ti_sysbios_family_arm_m3_Hwi_nullIsrFunc__C                  
0000aa48  ti_sysbios_family_arm_m3_Hwi_priGroup__C                     
0000aa4c  ti_sysbios_family_arm_m3_TaskSupport_stackAlignment__C       
0000aa50  ti_sysbios_family_arm_m3_Timer_E_cannotSupport__C            
0000aa54  ti_sysbios_family_arm_m3_Timer_startupNeeded__C              
0000aa58  ti_sysbios_family_arm_msp432_Timer_numTimerDevices__C        
0000aa5c  ti_sysbios_family_arm_msp432_Timer_startupNeeded__C          
0000aa60  ti_sysbios_gates_GateMutex_Instance_State_sem__O             
0000aa64  ti_sysbios_hal_Hwi_E_stackOverflow__C                        
0000aa68  ti_sysbios_heaps_HeapMem_E_memory__C                         
0000aa6c  ti_sysbios_heaps_HeapMem_Module__gateObj__C                  
0000aa70  ti_sysbios_heaps_HeapMem_Object__count__C                    
0000aa74  ti_sysbios_heaps_HeapMem_reqAlign__C                         
0000aa78  ti_sysbios_knl_Clock_Module_State_clockQ__O                  
0000aa7c  ti_sysbios_knl_Semaphore_Instance_State_pendQ__O             
0000aa80  ti_sysbios_knl_Swi_Object__count__C                          
0000aa84  ti_sysbios_knl_Task_E_spOutOfBounds__C                       
0000aa88  ti_sysbios_knl_Task_E_stackOverflow__C                       
0000aa8c  ti_sysbios_knl_Task_Module_State_inactiveQ__O                
0000aa90  ti_sysbios_knl_Task_Object__count__C                         
0000aa94  ti_sysbios_knl_Task_allBlockedFunc__C                        
0000aa98  ti_sysbios_knl_Task_defaultStackHeap__C                      
0000aa9c  ti_sysbios_knl_Task_defaultStackSize__C                      
0000aaa0  ti_sysbios_knl_Task_numConstructedTasks__C                   
0000aaa4  ti_sysbios_utils_Load_postUpdate__C                          
0000aaa8  ti_sysbios_utils_Load_windowInMs__C                          
0000aaac  ti_uia_loggers_LoggerStopMode_Module__diagsEnabled__C        
0000aab0  ti_uia_loggers_LoggerStopMode_Module__diagsIncluded__C       
0000aab4  ti_uia_loggers_LoggerStopMode_Module__diagsMask__C           
0000aab8  ti_uia_loggers_LoggerStopMode_Object__count__C               
0000aabc  ti_uia_runtime_ILoggerSnapshot_Interface__BASE__C            
0000aac0  ti_uia_runtime_IUIATransfer_Interface__BASE__C               
0000aac4  xdc_runtime_Assert_E_assertFailed__C                         
0000aac8  xdc_runtime_Core_A_initializedParams__C                      
0000aacc  xdc_runtime_Core_Module__diagsEnabled__C                     
0000aad0  xdc_runtime_Core_Module__diagsIncluded__C                    
0000aad4  xdc_runtime_Core_Module__diagsMask__C                        
0000aad8  xdc_runtime_Error_E_memory__C                                
0000aadc  xdc_runtime_Error_Module__diagsEnabled__C                    
0000aae0  xdc_runtime_Error_Module__diagsIncluded__C                   
0000aae4  xdc_runtime_Error_Module__diagsMask__C                       
0000aae8  xdc_runtime_Error_Module__loggerFxn8__C                      
0000aaec  xdc_runtime_Error_Module__loggerObj__C                       
0000aaf0  xdc_runtime_Error_policyFxn__C                               
0000aaf4  xdc_runtime_Error_raiseHook__C                               
0000aaf8  xdc_runtime_IFilterLogger_Interface__BASE__C                 
0000aafc  xdc_runtime_IGateProvider_Interface__BASE__C                 
0000ab00  xdc_runtime_IHeap_Interface__BASE__C                         
0000ab04  xdc_runtime_ILogger_Interface__BASE__C                       
0000ab08  xdc_runtime_IModule_Interface__BASE__C                       
0000ab0c  xdc_runtime_Log_L_error__C                                   
0000ab10  xdc_runtime_Memory_defaultHeapInstance__C                    
0000ab14  xdc_runtime_Startup_execImpl__C                              
0000ab18  xdc_runtime_Startup_lastFxns__A                              
0000ab1c  xdc_runtime_Startup_maxPasses__C                             
0000ab20  xdc_runtime_Startup_sfxnRts__C                               
0000ab24  xdc_runtime_Startup_sfxnTab__C                               
0000ab28  xdc_runtime_SysMin_bufSize__C                                
0000ab2c  xdc_runtime_SysMin_outputFunc__C                             
0000ab30  xdc_runtime_System_Module__gateObj__C                        
0000ab34  xdc_runtime_System_abortFxn__C                               
0000ab38  xdc_runtime_System_exitFxn__C                                
0000ab3c  xdc_runtime_System_extendFxn__C                              
0000ab40  xdc_runtime_System_maxAtexitHandlers__C                      
0000ab44  xdc_runtime_Text_charTab__C                                  
0000ab48  xdc_runtime_Text_nameEmpty__C                                
0000ab4c  xdc_runtime_Text_nameStatic__C                               
0000ab50  xdc_runtime_Text_nameUnknown__C                              
0000ab54  xdc_runtime_Text_nodeTab__C                                  
0000ab58  xdc_runtime_Text_visitRopeFxn__C                             
0000ab5c  ti_sysbios_family_arm_m3_TimestampProvider_configTimer__C    
0000ab5e  ti_sysbios_hal_Hwi_Module__id__C                             
0000ab60  ti_sysbios_heaps_HeapMem_Module__id__C                       
0000ab62  ti_sysbios_knl_Task_Module__id__C                            
0000ab64  ti_sysbios_utils_Load_updateInIdle__C                        
0000ab66  ti_uia_loggers_LoggerStopMode_Module__id__C                  
0000ab68  ti_uia_loggers_LoggerStopMode_isTimestampEnabled__C          
0000ab6a  xdc_runtime_Core_Module__id__C                               
0000ab6c  xdc_runtime_Error_Module__loggerDefined__C                   
0000ab6e  xdc_runtime_Error_maxDepth__C                                
0000ab70  xdc_runtime_Memory_Module__id__C                             
0000ab72  xdc_runtime_SysMin_flushAtExit__C                            
0000ab74  xdc_runtime_Text_charCnt__C                                  
0000ab76  xdc_runtime_Text_isLoaded__C                                 
0000ab78  xdc_runtime_Text_registryModsLastId__C                       
0000ab7a  xdc_runtime_Text_unnamedModsLastId__C                        
0000ab80  __TI_static_base__                                           
0000b074  __TI_Handler_Table_Base                                      
0000b080  __TI_Handler_Table_Limit                                     
0000b090  __TI_CINIT_Base                                              
0000b0a8  __TI_CINIT_Limit                                             
20000000  ti_sysbios_family_arm_m3_Hwi_ramVectors                      
20000180  ti_sysbios_heaps_HeapMem_Instance_State_0_buf__A             
20000580  ti_uia_loggers_LoggerStopMode_Instance_State_2_packetArray__A
20000980  task0Stack                                                   
20000c80  ti_sysbios_knl_Task_Instance_State_0_stack__A                
20000e80  ti_uia_loggers_LoggerStopMode_Instance_State_1_packetArray__A
20001080  ti_sysbios_family_arm_m3_Hwi_dispatchTable                   
200011c0  __CIOBUF_                                                    
200012e0  g_sContext                                                   
200012fc  Lcd_ScreenHeigth                                             
200012fe  Lcd_ScreenWidth                                              
20001300  ti_uia_loggers_LoggerStopMode_Instance_State_0_packetArray__A
20001400  uartMSP432Objects                                            
20001500  xdc_runtime_SysMin_Module_State_0_outbuf__A                  
20001580  task0Struct                                                  
200015d0  uartMSP432RingBuffer                                         
20001648  Lcd_TouchTrim                                                
2000164a  Lcd_FlagRead                                                 
2000164b  Lcd_FontSolid                                                
2000164c  Lcd_Orientation                                              
2000164d  Lcd_PenSolid                                                 
20001680  ti_uia_loggers_LoggerStopMode_Instance_State_0_hdr__A        
20001700  ti_uia_loggers_LoggerStopMode_Instance_State_1_hdr__A        
20001780  ti_uia_loggers_LoggerStopMode_Instance_State_2_hdr__A        
200017b0  xdc_runtime_Diags_dictElems                                  
200017d0  ti_sysbios_family_arm_m3_Hwi_Module__root__V                 
200017d8  ti_sysbios_family_arm_m3_Hwi_Module_State_0_excActive__A     
200017dc  ti_sysbios_family_arm_m3_Hwi_Module_State_0_excContext__A    
200017e0  ti_sysbios_family_arm_m3_Hwi_Module_State_0_excStack__A      
200017e4  ti_sysbios_family_arm_m3_Timer_Module__root__V               
200017ec  ti_sysbios_family_arm_m3_Timer_Module__state__V              
200017f8  ti_sysbios_family_arm_m3_TimestampProvider_Module__state__V  
200017fc  ti_sysbios_family_arm_msp432_ClockFreqs_Module__state__V     
20001808  ti_sysbios_family_arm_msp432_Timer_Module__root__V           
20001810  ti_sysbios_family_arm_msp432_Timer_Module_State_0_device__A  
20001830  ti_sysbios_family_arm_msp432_Timer_Module_State_0_handles__A 
20001840  ti_sysbios_family_arm_msp432_Timer_Module__state__V          
2000184c  ti_sysbios_gates_GateHwi_Module__root__V                     
20001854  ti_sysbios_gates_GateHwi_Object__table__V                    
20001858  ti_sysbios_gates_GateMutex_Module__root__V                   
20001860  ti_sysbios_hal_Hwi_Module__root__V                           
20001868  ti_sysbios_heaps_HeapMem_Module__root__V                     
20001870  ti_sysbios_heaps_HeapMem_Object__table__V                    
20001888  ti_sysbios_knl_Clock_Module__root__V                         
20001890  ti_sysbios_knl_Event_Module__root__V                         
2000189c  ti_sysbios_knl_Queue_Module__root__V                         
200018a4  ti_sysbios_knl_Semaphore_Module__root__V                     
200018ac  ti_sysbios_knl_Swi_Module__root__V                           
200018b4  ti_sysbios_knl_Swi_Module__state__V                          
200018d0  ti_sysbios_knl_Task_Module__root__V                          
200018dc  ti_sysbios_knl_Task_Module_State_0_idleTask__A               
200018e0  ti_sysbios_utils_Load_Module_State_0_taskStartTime__A        
200018e4  ti_sysbios_utils_Load_Module_State_0_runningTask__A          
200018e8  ti_uia_loggers_LoggerStopMode_Module__root__V                
200018f0  ti_uia_loggers_LoggerStopMode_Module__state__V               
200018f8  ti_uia_runtime_QueueDescriptor_Module__state__V              
20001904  xdc_runtime_Error_Module__state__V                           
20001906  xdc_runtime_Main_Module__root__V                             
20001908  xdc_runtime_Memory_Module__state__V                          
2000190c  xdc_runtime_Registry_Module__state__V                        
20001914  xdc_runtime_Startup_Module__state__V                         
2000191c  xdc_runtime_SysMin_Module__state__V                          
20001928  xdc_runtime_System_Module_State_0_atexitHandlers__A          
20001930  xdc_runtime_System_Module__state__V                          
20001938  xdc_runtime_Text_Module__state__V                            
20001940  __xdc__init__addr                                            
20001944  PowerMSP432_perfLevels                                       
200019e0  ti_uia_loggers_LoggerStopMode_Object__table__V               
20001a7c  ti_sysbios_utils_Load_Module__state__V                       
20001b14  ti_sysbios_knl_Swi_Module_State_0_readyQ__A                  
20001b94  ti_sysbios_knl_Task_Module_State_0_readyQ__A                 
20001c14  ti_sysbios_family_arm_msp432_Timer_Object__table__V          
20001c60  ti_sysbios_knl_Task_Object__table__V                         
20001cac  ti_sysbios_knl_Task_Module__state__V                         
20001cf0  ti_sysbios_gates_GateMutex_Object__table__V                  
20001d28  ti_sysbios_family_arm_m3_Hwi_Module__state__V                
20001dbc  ti_sysbios_family_arm_m3_Hwi_Object__table__V                
20001dec  ti_sysbios_family_arm_m3_Timer_Object__table__V              
20001e1c  ti_sysbios_knl_Swi_Object__table__V                          
20001e4c  ti_sysbios_knl_Clock_Module__state__V                        
20001e78  PowerMSP432_module                                           
20001e9c  ti_sysbios_BIOS_Module__state__V                             
20001ec4  gpioPinConfigs                                               
20001ed4  gpioCallbackFunctions                                        
20001edc  _lock                                                        
20001ee0  _unlock                                                      
20001ee4  __TI_cleanup_ptr                                             
20001ee8  __TI_dtors_ptr                                               
20001eec  ti_uia_runtime_QueueDescriptor_gPtrToFirstDescriptor         
20001ef0  ti_uia_runtime_QueueDescriptor_gUpdateCount                  
20001ef8  main_func_sp                                                 
2000fd00  __stack                                                      
20010000  __STACK_END                                                  
4000480c  WDTCTL_SYM                                                   
e000e000  ti_sysbios_family_arm_m3_Hwi_nvic                            
ffffffff  __binit__                                                    
ffffffff  __c_args__                                                   
ffffffff  binit                                                        
UNDEFED   SHT$$INIT_ARRAY$$Base                                        
UNDEFED   SHT$$INIT_ARRAY$$Limit                                       

[768 symbols]
